******************************************************************************
                  TI ARM Linker PC v20.2.4                     
******************************************************************************
>> Linked Thu Dec 12 17:22:41 2024

OUTPUT FILE NAME:   <enet_httpget_tirtos.out>
ENTRY POINT SYMBOL: "_c_int00"  address: 00016f39


MEMORY CONFIGURATION

         name            origin    length      used     unused   attr    fill
----------------------  --------  ---------  --------  --------  ----  --------
  FLASH                 00000000   00100000  0001f130  000e0ed0  R  X
  SRAM                  20000000   00040000  00010484  0002fb7c  RW X


SEGMENT ALLOCATION MAP

run origin  load origin   length   init length attrs members
----------  ----------- ---------- ----------- ----- -------
00000000    00000000    0001f138   0001f138    r-x
  00000000    00000000    0000003c   0000003c    r-- .resetVecs
  00000040    00000040    0001c3c2   0001c3c2    r-x .text
  0001c404    0001c404    0000284a   0000284a    r-- .const
  0001ec50    0001ec50    000004e8   000004e8    r-- .cinit
20000000    20000000    00000360   00000000    rw-
  20000000    20000000    00000360   00000000    rw- .vecs
20000380    20000380    00010128   00000000    rw-
  20000380    20000380    0000eef0   00000000    rw- .bss
  2000f270    2000f270    00000a34   00000000    rw- .data
  2000fca8    2000fca8    00000800   00000000    rw- .stack


SECTION ALLOCATION MAP

 output                                  attributes/
section   page    origin      length       input sections
--------  ----  ----------  ----------   ----------------
.text      0    00000040    0001c3c2     
                  00000040    00000cb8     stk6.aem4f : tcp6in.oem4f (.text:TCP6Input)
                  00000cf8    00000c68                : tcpin.oem4f (.text:TcpInput)
                  00001960    000008b8                : tcpout.oem4f (.text:TcpOutput)
                  00002218    00000898                : tcp6out.oem4f (.text:TCP6Output)
                  00002ab0    00000430     sysbios.aem4f : BIOS.obj (.text:ti_sysbios_family_arm_m3_Hwi_excDumpRegs__I)
                  00002ee0    00000408     stk6.aem4f : ipout.oem4f (.text:IPTxPacket)
                  000032e8    000003e4                : bind6.oem4f (.text:Bind6New)
                  000036cc    000003dc     nettool.aem4f : inetaddr.oem4f (.text:getaddrinfo)
                  00003aa8    000003bc     stk6.aem4f : icmpv6_ndisc.oem4f (.text:ICMPv6RecvRA)
                  00003e64    00000384                : ipin.oem4f (.text:IPRxPacket)
                  000041e8    00000372     nettool.aem4f : dnscomn.oem4f (.text:DNSResolveByName)
                  0000455a    00000002     hal_userled_stub.aem4f : llled.oem4f (.text:LED_TOGGLE)
                  0000455c    0000034c     ti.targets.arm.rtsarm.aem4f : System.oem4f (.text:xdc_runtime_System_doPrint__I)
                  000048a8    00000328     stk6.aem4f : route6.oem4f (.text:Rt6Create)
                  00004bd0    000002fe     nettool.aem4f : dnscomn.oem4f (.text:DNSResolveByAddr)
                  00004ece    00000002     stk6.aem4f : nat.oem4f (.text:NatMsg)
                  00004ed0    000002da     nettool.aem4f : dnscomn.oem4f (.text:DNSResolveByNS)
                  000051aa    00000002     os.aem4f : task.oem4f (.text:_TaskInit)
                  000051ac    000002ac     stk6.aem4f : sock6.oem4f (.text:Sock6Connect)
                  00005458    00000284                : sock.oem4f (.text:SockSet)
                  000056dc    00000270     nettool.aem4f : dnsclnt.oem4f (.text:DNSResolve)
                  0000594c    0000026c     httpget.obj (.text:httpTask)
                  00005bb8    00000254     stk6.aem4f : lli6.oem4f (.text:LLI6TimerCheck)
                  00005e0c    0000024c                : ipfrag.oem4f (.text:IPReasm)
                  00006058    00000240                : icmpv6_ndisc.oem4f (.text:ICMPv6RecvRedirect)
                  00006298    0000023c                : icmpin.oem4f (.text:ICMPInput)
                  000064d4    00000238                : sock6.oem4f (.text:Sock6Set)
                  0000670c    00000238                : udp.oem4f (.text:UdpInput)
                  00006944    00000218                : icmpv6_ndisc.oem4f (.text:ICMPv6RecvNS)
                  00006b5c    00000204     Boot.aem4f : Boot_sysctl.oem4f (.text:ti_catalog_arm_cortexm4_tiva_ce_Boot_sysCtlClockFreqSetI__I)
                  00006d60    000001f6     stk6.aem4f : sock6.oem4f (.text:Sock6Recv)
                  00006f56    000001f4                : sock.oem4f (.text:SockRecv)
                  0000714a    00000006                : bind6.oem4f (.text:Bind6SetLifetime)
                  00007150    000001f4     sysbios.aem4f : BIOS.obj (.text:ti_sysbios_family_arm_m3_Hwi_excHandlerMax__I)
                  00007344    000001e1     stk6.aem4f : icmpv6out.oem4f (.text:ICMPv6SendParameterProblem)
                  00007525    00000001     --HOLE-- [fill = 0]
                  00007526    00000002     os.aem4f : task.oem4f (.text:_TaskShutdown)
                  00007528    000001d8     stk6.aem4f : icmpv6out.oem4f (.text:ICMPv6SendDstUnreachable)
                  00007700    000001d8                : ipv6_frag.oem4f (.text:IPv6TxFragPacket)
                  000078d8    000001d1                : icmpv6out.oem4f (.text:ICMPv6SendTimeExceeded)
                  00007aa9    00000001     --HOLE-- [fill = 0]
                  00007aaa    00000002     hal_ser_stub.aem4f : llserstb.oem4f (.text:_llSerialServiceCheck)
                  00007aac    000001c8     stk6.aem4f : ipv6out.oem4f (.text:IPv6TxPacket)
                  00007c74    000001bc                : icmpv6in.oem4f (.text:ICMPv6RxPacket)
                  00007e30    000001bc                : ipv6.oem4f (.text:IPv6IPAddressToString)
                  00007fec    000001b8     drivers_tivaware.aem4f : EMACSnow.oem4f (.text:EMACSnow_NIMUInit)
                  000081a4    000001b0     stk6.aem4f : lliout.oem4f (.text:LLITxIpPacket)
                  00008354    000001ac                : lliin.oem4f (.text:LLIRxPacket)
                  00008500    000001a8                : sock6pcb.oem4f (.text:Sock6PcbBind)
                  000086a8    0000019c     os.aem4f : mem.oem4f (.text:mmAlloc)
                  00008844    00000198     stk6.aem4f : igmp.oem4f (.text:IGMPInput)
                  000089dc    00000198     nettool.aem4f : ipaddr.oem4f (.text:NtGetPublicHost)
                  00008b74    00000194     stk6.aem4f : udp6.oem4f (.text:Udp6Input)
                  00008d08    00000190                : sock.oem4f (.text:SockNew)
                  00008e98    00000178                : bind6.oem4f (.text:Bind6RunDAD)
                  00009010    00000178     netctrl_min.aem4f : netctrl.oem4f (.text:NC_NetStart)
                  00009188    00000174     sysbios.aem4f : BIOS.obj (.text:ti_sysbios_family_arm_m3_Hwi_excBusFault__I)
                  000092fc    00000170     stk6.aem4f : rtc.oem4f (.text:RTCReport)
                  0000946c    0000016c     nettool.aem4f : dnscomn.oem4f (.text:DNSResolveExternal)
                  000095d8    0000016a     stk6.aem4f : sb.oem4f (.text:SBRead)
                  00009742    00000002     hal_ser_stub.aem4f : llserstb.oem4f (.text:_llSerialShutdown)
                  00009744    00000168     stk6.aem4f : sock6.oem4f (.text:Sock6New)
                  000098ac    00000168                : sock6pcb.oem4f (.text:Sock6PcbFind)
                  00009a14    00000166                : icmpv6_ndisc.oem4f (.text:ICMPv6RecvNA)
                  00009b7a    00000006     driverlib.lib : emac.obj (.text:EMACRxDMADescriptorListSet)
                  00009b80    00000164     sysbios.aem4f : BIOS.obj (.text:ti_sysbios_family_arm_m3_Hwi_excUsageFault__I)
                  00009ce4    00000160     stk6.aem4f : sock.oem4f (.text:SockConnect)
                  00009e44    00000158     nettool.aem4f : dhcpmain.oem4f (.text:DHCPOpen)
                  00009f9c    00000154     stk6.aem4f : route6.oem4f (.text:Rt6Find)
                  0000a0f0    00000154                : route6.oem4f (.text:Rt6Free)
                  0000a244    00000154                : sock6pcb.oem4f (.text:Sock6PcbResolve)
                  0000a398    00000150     drivers_tivaware.aem4f : GPIOTiva.oem4f (.text:GPIO_setConfig)
                  0000a4e8    00000150     sysbios.aem4f : BIOS.obj (.text:ti_sysbios_knl_Task_Instance_finalize__E)
                  0000a638    00000148                   : BIOS.obj (.text:ti_sysbios_family_arm_m3_Hwi_excMemFault__I)
                  0000a780    00000144     stk6.aem4f : bind.oem4f (.text:BindNew)
                  0000a8c4    00000144                : icmpv6_ndisc.oem4f (.text:ICMPv6SendNS)
                  0000aa08    00000140                : sock6.oem4f (.text:Sock6Send)
                  0000ab48    00000140                : tcp6.oem4f (.text:TCP6TimeoutCheck)
                  0000ac88    00000140                : tcp.oem4f (.text:TcpTimeoutCheck)
                  0000adc8    0000013c     nettool.aem4f : config.oem4f (.text:CfgAddEntry)
                  0000af04    0000013c     stk6.aem4f : sock6int.oem4f (.text:Sock6Notify)
                  0000b040    0000013c                : sockint.oem4f (.text:SockNotify)
                  0000b17c    0000013c                : sock.oem4f (.text:SockSend)
                  0000b2b8    00000138                : bind6.oem4f (.text:Bind6Free)
                  0000b3f0    00000138     nettool.aem4f : dnspkt.oem4f (.text:DNSReadRecord)
                  0000b528    00000138     stk6.aem4f : tcp6out.oem4f (.text:TCP6GenPacket)
                  0000b660    00000138     sysbios.aem4f : BIOS.obj (.text:ti_sysbios_knl_Semaphore_pend__E)
                  0000b798    00000136     nettool.aem4f : dnspkt.oem4f (.text:DNSGetReply)
                  0000b8ce    00000002     hal_userled_stub.aem4f : llled.oem4f (.text:_llUserLedInit)
                  0000b8d0    00000134     stk6.aem4f : icmp.oem4f (.text:ICMPGenPacket)
                  0000ba04    00000134                : ipv6_frag.oem4f (.text:IPv6FragReasm)
                  0000bb38    00000130     driverlib.lib : gpio.obj (.text:GPIOPadConfigSet)
                  0000bc68    00000130     stk6.aem4f : icmpv6in.oem4f (.text:ICMPv6RecvEchoRequest)
                  0000bd98    00000130     rtsv7M4_T_le_v4SPD16_eabi.lib : strtol.c.obj (.text:strtol)
                  0000bec8    00000128     http_ndk.aem4f : httpcli.oem4f (.text:contentHandler)
                  0000bff0    00000124     stk6.aem4f : sockpcb.oem4f (.text:SockPcbResolve)
                  0000c114    00000124                : udp.oem4f (.text:UdpOutput)
                  0000c238    00000123                : lli6.oem4f (.text:LLI6TxIPPacket)
                  0000c35b    00000001     --HOLE-- [fill = 0]
                  0000c35c    00000122                : sb6.oem4f (.text:SB6Read)
                  0000c47e    00000002     hal_userled_stub.aem4f : llled.oem4f (.text:_llUserLedShutdown)
                  0000c480    00000120     httpget_pem4f.oem4f (.text:ti_ndk_config_Global_stackThread)
                  0000c5a0    00000118     http_ndk.aem4f : httpcli.oem4f (.text:HTTPCli_connect)
                  0000c6b8    00000118     stk6.aem4f : tcpout.oem4f (.text:TcpGenPacket)
                  0000c7d0    00000118     ti.targets.arm.rtsarm.aem4f : Error.oem4f (.text:xdc_runtime_Error_policyDefault__E)
                  0000c8e8    00000114     stk6.aem4f : icmpv6_ndisc.oem4f (.text:ICMPv6SendNA)
                  0000c9fc    00000114                : nimu.oem4f (.text:NIMUIoctl)
                  0000cb10    00000114                : route6.oem4f (.text:Rt6Modify)
                  0000cc24    00000114                : udp6.oem4f (.text:Udp6Output)
                  0000cd38    00000110                : node.oem4f (.text:NodeTreeFree)
                  0000ce48    00000110                : raw.oem4f (.text:RawInput)
                  0000cf58    00000110     rtsv7M4_T_le_v4SPD16_eabi.lib : strtoul.c.obj (.text:strtoul)
                  0000d068    0000010c     stk6.aem4f : rtable.oem4f (.text:RtFind)
                  0000d174    0000010a                : route.oem4f (.text:RtCreate)
                  0000d27e    00000002     rtsv7M4_T_le_v4SPD16_eabi.lib : _lock.c.obj (.text:_nop)
                  0000d280    00000108     drivers_tivaware.aem4f : EMACSnow.oem4f (.text:EMACSnow_emacStart)
                  0000d388    00000108     sysbios.aem4f : BIOS.obj (.text:ti_sysbios_family_arm_lm4_Timer_start__E)
                  0000d490    00000106     http_ndk.aem4f : httpcli.oem4f (.text:HTTPCli_getResponseField)
                  0000d596    00000002     hal_ser_stub.aem4f : llserstb.oem4f (.text:llSerialService)
                  0000d598    00000104     os.aem4f : task.oem4f (.text:llEnter)
                  0000d69c    00000102     nettool.aem4f : dhcppkt.oem4f (.text:dhcpPacketProcess)
                  0000d79e    00000102                   : inetaddr.oem4f (.text:inet_aton)
                  0000d8a0    00000100     stk6.aem4f : igmp.oem4f (.text:IGMPSendReply)
                  0000d9a0    00000100     ti.targets.arm.rtsarm.aem4f : Core-mem.oem4f (.text:xdc_runtime_Core_createObject__I)
                  0000daa0    000000fc     EK_TM4C1294XL.obj (.text:EK_TM4C1294XL_initEMAC)
                  0000db9c    000000fc     stk6.aem4f : mld.oem4f (.text:MLDJoinGroup)
                  0000dc98    000000fc     netctrl_min.aem4f : netctrl.oem4f (.text:NetScheduler)
                  0000dd94    000000fc     stk6.aem4f : raw6.oem4f (.text:Raw6Input)
                  0000de90    000000f8                : pipe.oem4f (.text:PipeRecv)
                  0000df88    000000f8                : raw6.oem4f (.text:Raw6Output)
                  0000e080    000000f8                : sock6pcb.oem4f (.text:Sock6PcbFindRaw)
                  0000e178    000000f8                : udp6.oem4f (.text:processMulticast)
                  0000e270    000000f8     ti.targets.arm.rtsarm.aem4f : Startup.oem4f (.text:xdc_runtime_Startup_startMods__I)
                  0000e368    000000f8     httpget_pem4f.oem4f (.text:xdc_runtime_System_printfExtend__I)
                  0000e460    000000f4     stk6.aem4f : ipv6in.oem4f (.text:IPv6RxPacket)
                  0000e554    000000f4     os.aem4f : task.oem4f (.text:TaskGetEnv)
                  0000e648    000000f4     sysbios.aem4f : m3_Hwi_asm.obj (.text:ti_sysbios_family_arm_m3_Hwi_dispatch__I)
                  0000e73c    00000004     stk6.aem4f : bind.oem4f (.text:BindGetIF)
                  0000e740    000000f4     sysbios.aem4f : BIOS.obj (.text:ti_sysbios_knl_Task_Instance_init__E)
                  0000e834    000000f2     nettool.aem4f : dnspkt.oem4f (.text:DNSWriteRecord)
                  0000e926    000000f2     http_ndk.aem4f : httpcli.oem4f (.text:bufferedRecv)
                  0000ea18    000000f1     nettool.aem4f : inetaddr.oem4f (.text:createAddrInfo)
                  0000eb09    00000001     --HOLE-- [fill = 0]
                  0000eb0a    000000f0     stk6.aem4f : ipv6_frag.oem4f (.text:IPv6FragQEnqueueFrag)
                  0000ebfa    00000002     rtsv7M4_T_le_v4SPD16_eabi.lib : div0.asm.obj (.text)
                  0000ebfc    000000f0     stk6.aem4f : ipv6_frag.oem4f (.text:IPv6ParseFragHdr)
                  0000ecec    000000f0                : lli6.oem4f (.text:LLI6New)
                  0000eddc    000000f0                : lliout.oem4f (.text:LLIGenArpPacket)
                  0000eecc    000000f0                : sock.oem4f (.text:SockClose)
                  0000efbc    000000ec                : lli6.oem4f (.text:LLI6NeighUnreachStateMachine)
                  0000f0a8    000000ec     http_ndk.aem4f : httpcli.oem4f (.text:redirect)
                  0000f194    00000004     stk6.aem4f : bind.oem4f (.text:BindGetNext)
                  0000f198    000000ec     sysbios.aem4f : BIOS.obj (.text:ti_sysbios_knl_Task_postInit__I)
                  0000f284    000000e8     os.aem4f : task.oem4f (.text:TaskSetEnv)
                  0000f36c    000000e6     nettool.aem4f : dnspkt.oem4f (.text:DNSWriteName)
                  0000f452    00000002     httpget_pem4f.oem4f (.text:ti_ndk_config_Global_NetworkClose)
                  0000f454    000000e6     http_ndk.aem4f : httpcli.oem4f (.text:HTTPCli_initSockAddr)
                  0000f53a    000000e4     stk6.aem4f : sock6.oem4f (.text:Sock6Close)
                  0000f61e    00000002     httpget_pem4f.oem4f (.text:ti_ndk_config_Global_NetworkOpen)
                  0000f620    000000e1     stk6.aem4f : nimu.oem4f (.text:NIMUReceivePacket)
                  0000f701    00000001     --HOLE-- [fill = 0]
                  0000f702    00000002     httpget_pem4f.oem4f (.text:ti_sysbios_BIOS_nullFunc__I)
                  0000f704    000000e0     stk6.aem4f : ipv6.oem4f (.text:IPv6DisplayIPAddress)
                  0000f7e4    000000e0                : tcptime.oem4f (.text:TcpTimeoutRexmt)
                  0000f8c4    000000dc                : sb6.oem4f (.text:SB6Write)
                  0000f9a0    000000dc                : sb.oem4f (.text:SBWrite)
                  0000fa7c    000000dc     nettool.aem4f : dhcpsock.oem4f (.text:dhcpSocketOpen)
                  0000fb58    000000dc                   : dhcpsm.oem4f (.text:dhcpState)
                  0000fc34    000000d8     stk6.aem4f : node.oem4f (.text:NodeAdd)
                  0000fd0c    000000d8                : tcp6prot.oem4f (.text:TCP6PrSetOption)
                  0000fde4    000000d8                : tcp6time.oem4f (.text:TCP6TimeoutRexmt)
                  0000febc    000000d8                : tcpprot.oem4f (.text:TcpPrSetOption)
                  0000ff94    000000d4     drivers_tivaware.aem4f : EMACSnow.oem4f (.text:EMACSnow_handleRx)
                  00010068    000000d4     stk6.aem4f : ipv6_exthdrs.oem4f (.text:IPv6ParseHopOptions)
                  0001013c    000000d4                : sockpcb.oem4f (.text:SockPcbBind)
                  00010210    000000d4     sysbios.aem4f : BIOS.obj (.text:ti_sysbios_heaps_HeapMem_alloc__E)
                  000102e4    000000d0     stk6.aem4f : bind6.oem4f (.text:Bind6DADCheck)
                  000103b4    000000d0                : bind6.oem4f (.text:Bind6GetGlobalAddress)
                  00010484    000000cc                : exec.oem4f (.text:ExecOpen)
                  00010550    000000cc                : icmp.oem4f (.text:ICMPSendRtAdv)
                  0001061c    000000cc     nettool.aem4f : dhcpbild.oem4f (.text:dhcpBuildHeader)
                  000106e8    000000cc                   : dhcpsm.oem4f (.text:dhcpIPAdd)
                  000107b4    000000cc                   : dhcppkt.oem4f (.text:dhcpVerifyMessage)
                  00010880    000000cc     ti.targets.arm.rtsarm.aem4f : Core-smem.oem4f (.text:xdc_runtime_Core_constructObject__I)
                  0001094c    000000c8     stk6.aem4f : rawethsock.oem4f (.text:RawEthSockNew)
                  00010a14    000000c8     netctrl_min.aem4f : netsrv.oem4f (.text:SPIpNet)
                  00010adc    000000c8     stk6.aem4f : tcp6time.oem4f (.text:TCP6TimeoutKeep)
                  00010ba4    00000004     http_ndk.aem4f : httpcli.oem4f (.text:HTTPCli_construct)
                  00010ba8    000000c8     sysbios.aem4f : BIOS.obj (.text:ti_sysbios_knl_Task_sleep__E)
                  00010c70    000000c4     drivers_tivaware.aem4f : EMACSnow.oem4f (.text:EMACSnow_InitDMADescriptors)
                  00010d34    000000c4     stk6.aem4f : igmp.oem4f (.text:IGMPJoinHostGroup)
                  00010df8    000000c4     nettool.aem4f : dhcpsm.oem4f (.text:StateBound)
                  00010ebc    000000c4     http_ndk.aem4f : httpcli.oem4f (.text:getChunkedData)
                  00010f80    000000c2     nettool.aem4f : dnspkt.oem4f (.text:DNSReadName)
                  00011042    00000002     httpget_pem4f.oem4f (.text:xdc_runtime_Startup_reset__I)
                  00011044    000000c0     stk6.aem4f : ipv6_exthdrs.oem4f (.text:IPv6ParseExtnHeaders)
                  00011104    000000c0                : sock6.oem4f (.text:joinGroup)
                  000111c4    000000be     nettool.aem4f : dnsclnt.oem4f (.text:DNSGetHostByName)
                  00011282    000000bc     stk6.aem4f : sockpcb.oem4f (.text:SockPcbFind)
                  0001133e    00000002     --HOLE-- [fill = 0]
                  00011340    000000bc                : vlan.oem4f (.text:VLANDeinit)
                  000113fc    00000004     os.aem4f : ossys.oem4f (.text:NDK_vsprintf)
                  00011400    000000bc     sysbios.aem4f : BIOS.obj (.text:ti_sysbios_family_arm_m3_Hwi_excDebugMon__I)
                  000114bc    00000004     stk6.aem4f : node.oem4f (.text:NodeSetRt)
                  000114c0    000000bc     sysbios.aem4f : BIOS.obj (.text:ti_sysbios_family_arm_m3_Hwi_excHardFault__I)
                  0001157c    00000004     stk6.aem4f : rawethsock_prot.oem4f (.text:RawEthSockPrAttach)
                  00011580    000000bc     sysbios.aem4f : BIOS.obj (.text:ti_sysbios_knl_Task_exit__E)
                  0001163c    000000b8     stk6.aem4f : icmpin.oem4f (.text:ICMPRevSrcRoute)
                  000116f4    000000b8                : socket.oem4f (.text:NDK_sendto)
                  000117ac    000000b8                : sock6pcb.oem4f (.text:Sock6PcbConnect)
                  00011864    000000b8                : lli.oem4f (.text:_LLITimeoutCheck)
                  0001191c    000000b4                : sock6int.oem4f (.text:Sock6CreatePacket)
                  000119d0    000000b4                : tcptime.oem4f (.text:TcpTimeoutKeep)
                  00011a84    000000b4     http_ndk.aem4f : httpcli.oem4f (.text:getStatus)
                  00011b38    000000b4     sysbios.aem4f : BIOS.obj (.text:ti_sysbios_knl_Task_checkStacks__E)
                  00011bec    000000b0     stk6.aem4f : ipv6_exthdrs.oem4f (.text:IPv6ParseRoutingHdr)
                  00011c9c    000000b0                : ipv6.oem4f (.text:IPv6StringToIPAddress)
                  00011d4c    000000b0                : rawethsock.oem4f (.text:RawEthSockSet)
                  00011dfc    000000b0                : route6.oem4f (.text:Route6LifetimeMgmt)
                  00011eac    000000ac                : rtable.oem4f (.text:RtTimeoutCheck)
                  00011f58    000000ac     http_ndk.aem4f : httpcli.oem4f (.text:httpProxyTunnel)
                  00012004    00000004     stk6.aem4f : rawethsock_prot.oem4f (.text:RawEthSockPrDetach)
                  00012008    000000ac     sysbios.aem4f : BIOS.obj (.text:ti_sysbios_family_arm_lm4_Timer_enableTiva__I)
                  000120b4    000000aa     stk6.aem4f : icmpv6in.oem4f (.text:ICMPv6SocketErrorInterface)
                  0001215e    000000aa     network_ndk.aem4f : ssock.oem4f (.text:Ssock_send)
                  00012208    000000a8     stk6.aem4f : sockint.oem4f (.text:SockCreatePacket)
                  000122b0    000000a4     sysbios.aem4f : BIOS.obj (.text:ti_sysbios_knl_Task_setPri__E)
                  00012354    000000a0     stk6.aem4f : ip.oem4f (.text:IPGetRoute)
                  000123f4    000000a0                : socket.oem4f (.text:NDK_setsockopt)
                  00012494    000000a0     auto_init.aem4f : auto_init.oem4f (.text)
                  00012534    000000a0     ti.targets.arm.rtsarm.aem4f : Text.oem4f (.text:xdc_runtime_Text_putMod__E)
                  000125d4    0000009e     stk6.aem4f : nimu.oem4f (.text:NIMUAddEthernetHeader)
                  00012672    0000009e     nettool.aem4f : dhcpbild.oem4f (.text:dhcpBuildRequest)
                  00012710    0000009d     httpget.obj (.text:main)
                  000127ad    00000001     --HOLE-- [fill = 0]
                  000127ae    0000009c     rtsv7M4_T_le_v4SPD16_eabi.lib : memcpy_t2.asm.obj (.text)
                  0001284a    00000002     --HOLE-- [fill = 0]
                  0001284c    0000009a     ti.targets.arm.rtsarm.aem4f : Text.oem4f (.text:xdc_runtime_Text_putSite__E)
                  000128e6    00000002     --HOLE-- [fill = 0]
                  000128e8    00000098     EK_TM4C1294XL.obj (.text:EK_TM4C1294XL_initGeneral)
                  00012980    00000098     netctrl_min.aem4f : netctrl.oem4f (.text:NC_SystemOpen)
                  00012a18    00000098                       : netsrv.oem4f (.text:ServiceScan)
                  00012ab0    00000098     Boot.aem4f : Boot.oem4f (.text:ti_catalog_arm_cortexm4_tiva_ce_Boot_sysCtlClockFreqSet__E)
                  00012b48    00000098     sysbios.aem4f : BIOS.obj (.text:ti_sysbios_knl_Task_schedule__I)
                  00012be0    00000094     nettool.aem4f : config.oem4f (.text:CfgRemoveEntry)
                  00012c74    00000094     stk6.aem4f : ipv6.oem4f (.text:IPv6Init)
                  00012d08    00000094     sysbios.aem4f : BIOS.obj (.text:ti_sysbios_family_arm_m3_Hwi_Instance_init__E)
                  00012d9c    00000004     os.aem4f : semaphore.oem4f (.text:SemPend)
                  00012da0    00000094     sysbios.aem4f : BIOS.obj (.text:ti_sysbios_family_arm_m3_Hwi_initNVIC__E)
                  00012e34    00000090     nettool.aem4f : config.oem4f (.text:CfgExecute)
                  00012ec4    00000090     stk6.aem4f : igmp.oem4f (.text:IGMPMsg)
                  00012f54    00000090     os.aem4f : mem.oem4f (.text:mmBulkAlloc)
                  00012fe4    00000090     http_ndk.aem4f : httpcli.oem4f (.text:readLine)
                  00013074    00000004     os.aem4f : semaphore.oem4f (.text:SemPost)
                  00013078    00000090     sysbios.aem4f : BIOS.obj (.text:ti_sysbios_knl_Task_Module_startup__E)
                  00013108    00000090                   : BIOS.obj (.text:ti_sysbios_knl_Task_startCore__E)
                  00013198    0000008e     stk6.aem4f : fileuser.oem4f (.text:fdClose)
                  00013226    0000008c     nettool.aem4f : dnscomn.oem4f (.text:DNSResolveQuery)
                  000132b2    00000002     --HOLE-- [fill = 0]
                  000132b4    0000008c     drivers_tivaware.aem4f : GPIOTiva.oem4f (.text:GPIO_init)
                  00013340    0000008c     stk6.aem4f : ip.oem4f (.text:IPMsg)
                  000133cc    0000008c                : ipv6_frag.oem4f (.text:IPv6FindFragQ)
                  00013458    0000008c     os.aem4f : mem.oem4f (.text:_mmInit)
                  000134e4    0000008c     nettool.aem4f : inetaddr.oem4f (.text:inet_pton)
                  00013570    0000008c     os.aem4f : mem.oem4f (.text:mmInitPage)
                  000135fc    0000008c     sysbios.aem4f : m3_TaskSupport_asm.obj (.text:ti_sysbios_family_arm_m3_TaskSupport_buildTaskStack)
                  00013688    0000008a     netctrl_min.aem4f : netsrv.oem4f (.text:SPRoute)
                  00013712    00000002     --HOLE-- [fill = 0]
                  00013714    00000088     stk6.aem4f : pbm.oem4f (.text:PBM_free)
                  0001379c    00000088     netctrl_min.aem4f : netsrv.oem4f (.text:ServiceSpawn)
                  00013824    00000088     stk6.aem4f : sock6pcb.oem4f (.text:Sock6PcbResolveChain)
                  000138ac    00000088                : sockpcb.oem4f (.text:SockPcbCtlError)
                  00013934    00000087     httpget_pem4f.oem4f (.text:ti_ndk_config_Global_NetworkIPAddr)
                  000139bb    00000001     --HOLE-- [fill = 0]
                  000139bc    00000086     nettool.aem4f : dhcpsm.oem4f (.text:StateRequesting)
                  00013a42    00000002     --HOLE-- [fill = 0]
                  00013a44    00000084                   : config.oem4f (.text:CfgGetEntry)
                  00013ac8    00000084     drivers_tivaware.aem4f : EMACSnow.oem4f (.text:EMACSnow_processPhyInterrupt)
                  00013b4c    00000084     stk6.aem4f : tcp6prot.oem4f (.text:TCP6PrAttach)
                  00013bd0    00000084                : tcpprot.oem4f (.text:TcpPrAttach)
                  00013c54    00000084     os.aem4f : mem.oem4f (.text:mmBulkFree)
                  00013cd8    00000084              : mem.oem4f (.text:mmFree)
                  00013d5c    00000004              : semaphore.oem4f (.text:SemReset)
                  00013d60    00000084     sysbios.aem4f : BIOS.obj (.text:ti_sysbios_family_arm_m3_Hwi_postInit__I)
                  00013de4    00000082     stk6.aem4f : socket.oem4f (.text:NDK_recv)
                  00013e66    00000082                : socket.oem4f (.text:NDK_socket)
                  00013ee8    00000082     nettool.aem4f : dhcpsm.oem4f (.text:StateRenewRebind)
                  00013f6a    00000080                   : dnsclnt.oem4f (.text:DNSGetHostByName2)
                  00013fea    00000002     --HOLE-- [fill = 0]
                  00013fec    00000080     drivers_tivaware.aem4f : EMACSnow.oem4f (.text:EMACSnow_emacStop)
                  0001406c    00000080                            : EMACSnow.oem4f (.text:EMACSnow_processPendingTx)
                  000140ec    00000080     stk6.aem4f : lli.oem4f (.text:LLINew)
                  0001416c    00000080                : socket.oem4f (.text:NDK_send)
                  000141ec    00000080     netctrl_min.aem4f : netsrv.oem4f (.text:NS_BootTask)
                  0001426c    00000080     stk6.aem4f : pbm.oem4f (.text:PBM_alloc)
                  000142ec    00000080                : raw.oem4f (.text:RawOutput)
                  0001436c    0000007c     nettool.aem4f : config.oem4f (.text:CfgGetNextEntry)
                  000143e8    0000007c     drivers_tivaware.aem4f : EMACSnow.oem4f (.text:EMACSnow_hwiIntFxn)
                  00014464    0000007c     stk6.aem4f : igmp.oem4f (.text:IGMPDoMCast)
                  000144e0    0000007c                : igmp.oem4f (.text:IGMPJoin)
                  0001455c    0000007c                : nimu.oem4f (.text:NIMURegister)
                  000145d8    0000007c     httpget.obj (.text:netIPAddrHook)
                  00014654    00000004     network_ndk.aem4f : ssock.oem4f (.text:Ssock_getSocket)
                  00014658    0000007c     sysbios.aem4f : BIOS.obj (.text:ti_sysbios_heaps_HeapMem_free__E)
                  000146d4    0000007a     rtsv7M4_T_le_v4SPD16_eabi.lib : memset_t2.asm.obj (.text)
                  0001474e    00000002     --HOLE-- [fill = 0]
                  00014750    00000078     stk6.aem4f : bind6.oem4f (.text:Bind6LifetimeMgmt)
                  000147c8    00000078     driverlib.lib : emac.obj (.text:EMACInit)
                  00014840    00000078     stk6.aem4f : socket.oem4f (.text:NDK_bind)
                  000148b8    00000078                : socket.oem4f (.text:NDK_connect)
                  00014930    00000078                : sb6.oem4f (.text:SB6New)
                  000149a8    00000078                : tcp6time.oem4f (.text:TCP6XmitTimer)
                  00014a20    00000078                : tcptime.oem4f (.text:TcpXmitTimer)
                  00014a98    00000078                : fileuser.oem4f (.text:fdOpenSession)
                  00014b10    00000078     os.aem4f : task.oem4f (.text:llExit)
                  00014b88    00000076     stk6.aem4f : pipe.oem4f (.text:PipeSend)
                  00014bfe    00000002     --HOLE-- [fill = 0]
                  00014c00    00000076                : tcp6time.oem4f (.text:TCP6TimeoutSackRexmt)
                  00014c76    00000002     --HOLE-- [fill = 0]
                  00014c78    00000075                : tcptime.oem4f (.text:TcpTimeoutSackRexmt)
                  00014ced    00000003     --HOLE-- [fill = 0]
                  00014cf0    00000074                : bind6.oem4f (.text:Bind6Msg)
                  00014d64    00000074                : igmp.oem4f (.text:IGMPLeaveHostGroup)
                  00014dd8    00000074                : nimu.oem4f (.text:NIMUShutdown)
                  00014e4c    00000074                : raweth.oem4f (.text:RawEthRxPacket)
                  00014ec0    00000074                : sock6pcb.oem4f (.text:Sock6CleanPcb)
                  00014f34    00000074                : sockpcb.oem4f (.text:SockPcbConnect)
                  00014fa8    00000074     nettool.aem4f : inetaddr.oem4f (.text:setAddrInfo)
                  0001501c    00000072     os.aem4f : semaphore.oem4f (.text:SemCreateBinary)
                  0001508e    00000002     --HOLE-- [fill = 0]
                  00015090    00000070     stk6.aem4f : exec.oem4f (.text:ExecClose)
                  00015100    00000070     http_ndk.aem4f : httpcli.oem4f (.text:HTTPCli_sendRequest)
                  00015170    00000070     stk6.aem4f : rtable.oem4f (.text:RtFlush)
                  000151e0    00000070     netctrl_min.aem4f : netsrv.oem4f (.text:SPConfig)
                  00015250    00000070     stk6.aem4f : sock6.oem4f (.text:Sock6Shutdown)
                  000152c0    00000070                : sock.oem4f (.text:SockShutdown)
                  00015330    00000070     nettool.aem4f : dhcptags.oem4f (.text:dhcpDecodeType)
                  000153a0    00000070     sysbios.aem4f : BIOS.obj (.text:ti_sysbios_knl_Clock_workFunc__E)
                  00015410    0000006e     nettool.aem4f : dnsclnt.oem4f (.text:IPv6PTRStringToIPAddress)
                  0001547e    00000002     --HOLE-- [fill = 0]
                  00015480    0000006e     stk6.aem4f : rtable.oem4f (.text:RtWalkNext)
                  000154ee    0000006e                : sockpcb.oem4f (.text:SockPcbFindRaw)
                  0001555c    0000006d                : node.oem4f (.text:NodeNew)
                  000155c9    00000003     --HOLE-- [fill = 0]
                  000155cc    0000006d     ti.targets.arm.rtsarm.aem4f : System.oem4f (.text:xdc_runtime_System_formatNum__I)
                  00015639    00000003     --HOLE-- [fill = 0]
                  0001563c    0000006c     os.aem4f : ossys.oem4f (.text:DbgPrintf)
                  000156a8    0000006c     stk6.aem4f : node.oem4f (.text:NodeTreeNew)
                  00015714    0000006c                : raweth.oem4f (.text:RawEthTxPacket)
                  00015780    0000006c                : udp.oem4f (.text:UdpChecksum)
                  000157ec    0000006c     http_ndk.aem4f : httpcli.oem4f (.text:checkContentField)
                  00015858    0000006c     httpget_pem4f.oem4f (.text:ti_ndk_config_ip_init)
                  000158c4    00000004     os.aem4f : task.oem4f (.text:TaskSelf)
                  000158c8    0000006c     sysbios.aem4f : BIOS.obj (.text:ti_sysbios_knl_Swi_restoreHwi__E)
                  00015934    0000006c     ti.targets.arm.rtsarm.aem4f : Error.oem4f (.text:xdc_runtime_Error_print__E)
                  000159a0    0000006c                                 : Memory.oem4f (.text:xdc_runtime_Memory_alloc__E)
                  00015a0c    0000006a     stk6.aem4f : tcp6prot.oem4f (.text:TCP6PrInherit)
                  00015a76    0000006a                : tcpprot.oem4f (.text:TcpPrInherit)
                  00015ae0    00000068                : ipv6_frag.oem4f (.text:IPv6CreateFragQ)
                  00015b48    00000068                : pbm.oem4f (.text:PBM_open)
                  00015bb0    00000068                : sock6int.oem4f (.text:Sock6ValidateRoute)
                  00015c18    00000068                : rtable.oem4f (.text:_RtNodeInsert)
                  00015c80    00000068     rtsv7M4_T_le_v4SPD16_eabi.lib : copy_decompress_lzss.c.obj (.text:decompress:lzss:__TI_decompress_lzss)
                  00015ce8    00000066     stk6.aem4f : sock6.oem4f (.text:leaveGroup)
                  00015d4e    00000066     ti.targets.arm.rtsarm.aem4f : Core-mem.oem4f (.text:xdc_runtime_Core_deleteObject__I)
                  00015db4    00000064     nettool.aem4f : config.oem4f (.text:CfgFree)
                  00015e18    00000064     drivers_tivaware.aem4f : GPIOTiva.oem4f (.text:GPIO_hwiIntFxn)
                  00015e7c    00000064     stk6.aem4f : ipv6_frag.oem4f (.text:IPv6FragMsg)
                  00015ee0    00000064                : pbm.oem4f (.text:PBMQ_enq)
                  00015f44    00000064                : sock6int.oem4f (.text:Sock6SpawnAbort)
                  00015fa8    00000064                : sockint.oem4f (.text:SockSpawnAbort)
                  0001600c    00000064     hal_timer_bios.aem4f : lltimer.oem4f (.text:llTimerTick)
                  00016070    00000064     sysbios.aem4f : BIOS.obj (.text:ti_sysbios_family_arm_lm4_Timer_Module_startup__E)
                  000160d4    00000064     httpget_pem4f.oem4f (.text:ti_sysbios_family_arm_m3_Hwi_create)
                  00016138    00000064     sysbios.aem4f : BIOS.obj (.text:ti_sysbios_family_arm_m3_Hwi_dispatchC__I)
                  0001619c    00000004     os.aem4f : task.oem4f (.text:TaskSetPri)
                  000161a0    00000064     sysbios.aem4f : BIOS.obj (.text:ti_sysbios_knl_Semaphore_post__E)
                  00016204    00000064     stk6.aem4f : lliin.oem4f (.text:updateRtTable)
                  00016268    00000062                : ipin.oem4f (.text:IPRouteIP)
                  000162ca    00000062                : mld.oem4f (.text:MLDLeaveGroup)
                  0001632c    00000062                : sb.oem4f (.text:SBNew)
                  0001638e    00000002     --HOLE-- [fill = 0]
                  00016390    00000060     nettool.aem4f : config.oem4f (.text:CfgGetEntryCnt)
                  000163f0    00000060     stk6.aem4f : file.oem4f (.text:FdWaitEvent)
                  00016450    00000060                : icmpv6_ndisc.oem4f (.text:ICMPv6RecvRS)
                  000164b0    00000060                : nimu.oem4f (.text:NIMUUnregister)
                  00016510    00000060                : node.oem4f (.text:NodeFind)
                  00016570    00000060                : rtc.oem4f (.text:RTCMsg)
                  000165d0    00000060                : route6.oem4f (.text:Rt6FindDefaultRouter)
                  00016630    00000060                : sock6.oem4f (.text:Sock6Disconnect)
                  00016690    00000060                : tcp.oem4f (.text:TcpChecksum)
                  000166f0    00000060     nettool.aem4f : dhcptags.oem4f (.text:dhcpBuildOptions)
                  00016750    00000060     httpget_pem4f.oem4f (.text:ti_ndk_config_Global_serviceReport)
                  000167b0    0000005e     stk6.aem4f : route.oem4f (.text:RtRemove)
                  0001680e    0000005e     nettool.aem4f : dhcpsm.oem4f (.text:StateSelecting)
                  0001686c    0000005e     stk6.aem4f : vlan.oem4f (.text:VLANReceivePacket)
                  000168ca    00000002     --HOLE-- [fill = 0]
                  000168cc    0000005c     nettool.aem4f : config.oem4f (.text:CfgSetExecuteOrder)
                  00016928    0000005c     stk6.aem4f : nimu.oem4f (.text:NIMUIoctlSpecialCmd)
                  00016984    0000005c     netctrl_min.aem4f : netsrv.oem4f (.text:SPService)
                  000169e0    0000005c     httpget_pem4f.oem4f (.text:ti_sysbios_knl_Swi_create)
                  00016a3c    00000004     hal_ser_stub.aem4f : llserstb.oem4f (.text:_llSerialInit)
                  00016a40    0000005c     sysbios.aem4f : BIOS.obj (.text:ti_sysbios_knl_Swi_run__I)
                  00016a9c    00000004     rtsv7M4_T_le_v4SPD16_eabi.lib : exit.c.obj (.text:abort:abort)
                  00016aa0    0000005c     sysbios.aem4f : BIOS.obj (.text:ti_sysbios_knl_Swi_schedule__I)
                  00016afc    0000005c     httpget_pem4f.oem4f (.text:ti_sysbios_knl_Task_create)
                  00016b58    0000005c     sysbios.aem4f : BIOS.obj (.text:ti_sysbios_knl_Task_unblockI__E)
                  00016bb4    0000005b     ti.targets.arm.rtsarm.aem4f : Text.oem4f (.text:xdc_runtime_Text_putLab__E)
                  00016c0f    00000001     --HOLE-- [fill = 0]
                  00016c10    0000005a     stk6.aem4f : ipv6.oem4f (.text:IPv6GetSubnetMaskFromBits)
                  00016c6a    0000005a                : lli6.oem4f (.text:LLI6Update)
                  00016cc4    0000005a                : route.oem4f (.text:RtRedirect)
                  00016d1e    0000005a                : tcpprot.oem4f (.text:TcpValidateMetrics)
                  00016d78    0000005a     nettool.aem4f : dhcpbild.oem4f (.text:dhcpBuildDecline)
                  00016dd2    0000005a     os.aem4f : mem.oem4f (.text:mmCopy)
                  00016e2c    0000005a     httpget_pem4f.oem4f (.text:ti_ndk_config_tcp_init)
                  00016e86    00000002     --HOLE-- [fill = 0]
                  00016e88    00000058     stk6.aem4f : bind6.oem4f (.text:Bind6GetLinkLocalAddress)
                  00016ee0    00000058                : bind.oem4f (.text:BindFree)
                  00016f38    00000058     boot.aem4f : boot.oem4f (.text)
                  00016f90    00000058     driverlib.lib : emac.obj (.text:EMACPHYConfigSet)
                  00016fe8    00000058     rtsv7M4_T_le_v4SPD16_eabi.lib : hostwrite.c.obj (.text:HOSTwrite)
                  00017040    00000058     stk6.aem4f : igmp.oem4f (.text:IGMPTimer)
                  00017098    00000058                : lli6.oem4f (.text:LLI6Find)
                  000170f0    00000058     os.aem4f : semaphore.oem4f (.text:SemCreate)
                  00017148    00000058     sysbios.aem4f : m3_Hwi_asm_switch.obj (.text:ti_sysbios_family_arm_m3_Hwi_initStacks__E)
                  000171a0    00000056     driverlib.lib : gpio.obj (.text:GPIOIntTypeSet)
                  000171f6    00000056     stk6.aem4f : ipv6.oem4f (.text:IPv6Layer4ComputeChecksum)
                  0001724c    00000056     http_ndk.aem4f : httpcli.oem4f (.text:sprsend)
                  000172a2    00000002     --HOLE-- [fill = 0]
                  000172a4    00000054     nettool.aem4f : config.oem4f (.text:CfgEntryDeRef)
                  000172f8    00000054     http_ndk.aem4f : httpcli.oem4f (.text:HTTPCli_sendField)
                  0001734c    00000054     stk6.aem4f : igmp.oem4f (.text:IGMPLeave)
                  000173a0    00000054                : rawethsock_pcb.oem4f (.text:RawEthSockPcbAttach)
                  000173f4    00000054                : sockpcb.oem4f (.text:SockCleanPcb)
                  00017448    00000054                : tcp6time.oem4f (.text:TCP6TimeoutPersist)
                  0001749c    00000054                : tcptime.oem4f (.text:TcpTimeoutPersist)
                  000174f0    00000054                : bind6.oem4f (.text:_Bind6FindByHostInList)
                  00017544    00000054                : bind6.oem4f (.text:_Bind6FindByNetInList)
                  00017598    00000054     http_ndk.aem4f : httpcli.oem4f (.text:asyncThread)
                  000175ec    00000004     stk6.aem4f : listlib.oem4f (.text:list_get_head)
                  000175f0    00000054     sysbios.aem4f : BIOS.obj (.text:ti_sysbios_family_arm_lm4_Timer_initDevice__I)
                  00017644    00000004     stk6.aem4f : listlib.oem4f (.text:list_get_next)
                  00017648    00000054     sysbios.aem4f : BIOS.obj (.text:ti_sysbios_knl_Swi_Instance_init__E)
                  0001769c    00000054     ti.targets.arm.rtsarm.aem4f : Assert.oem4f (.text:xdc_runtime_Assert_raise__I)
                  000176f0    00000052     nettool.aem4f : dnscomn.oem4f (.text:DNSReplyFree)
                  00017742    00000052     stk6.aem4f : tcp6prot.oem4f (.text:TCP6PrDetach)
                  00017794    00000052                : tcpprot.oem4f (.text:TcpPrDetach)
                  000177e6    00000002     --HOLE-- [fill = 0]
                  000177e8    00000050     drivers_tivaware.aem4f : GPIOTiva.oem4f (.text:GPIO_setCallback)
                  00017838    00000050                            : GPIOTiva.oem4f (.text:GPIO_write)
                  00017888    00000050     stk6.aem4f : icmpv6out.oem4f (.text:IsICMPv6ErrorPkt)
                  000178d8    00000050                : route.oem4f (.text:RtNew)
                  00017928    00000050     driverlib.lib : sysctl.obj (.text:SysCtlPeripheralReset)
                  00017978    00000050     Boot.aem4f : Boot_sysctl.oem4f (.text:_SysCtlFrequencyGet)
                  000179c8    00000050     sysbios.aem4f : BIOS.obj (.text:ti_sysbios_family_arm_m3_Hwi_Module_startup__E)
                  00017a18    00000050                   : BIOS.obj (.text:ti_sysbios_knl_Clock_Instance_init__E)
                  00017a68    00000050     ti.targets.arm.rtsarm.aem4f : Startup.oem4f (.text:xdc_runtime_Startup_exec__E)
                  00017ab8    00000050                                 : Text.oem4f (.text:xdc_runtime_Text_visitRope2__I)
                  00017b08    0000004e     stk6.aem4f : node.oem4f (.text:NodeDeRef)
                  00017b56    0000004e     nettool.aem4f : config.oem4f (.text:_CfgEntryScan)
                  00017ba4    0000004c     stk6.aem4f : mld.oem4f (.text:MLDFindMulticastNode)
                  00017bf0    0000004c     nettool.aem4f : ipaddr.oem4f (.text:NtAddNetwork)
                  00017c3c    0000004c     stk6.aem4f : sockint.oem4f (.text:SockValidateRoute)
                  00017c88    0000004c     rtsv7M4_T_le_v4SPD16_eabi.lib : atoi.c.obj (.text:atoi)
                  00017cd4    0000004c                                   : cpy_tbl.c.obj (.text:copy_in)
                  00017d20    0000004c     stk6.aem4f : file.oem4f (.text:fdint_lockfd)
                  00017d6c    00000004     http_ndk.aem4f : httpcli.oem4f (.text:threadExit)
                  00017d70    0000004c     sysbios.aem4f : BIOS.obj (.text:ti_sysbios_heaps_HeapMem_getStats__E)
                  00017dbc    00000004     httpget_pem4f.oem4f (.text:ti_sysbios_BIOS_RtsGateProxy_enter__E)
                  00017dc0    0000004c     sysbios.aem4f : BIOS.obj (.text:ti_sysbios_knl_Swi_runLoop__I)
                  00017e0c    00000004     httpget_pem4f.oem4f (.text:ti_sysbios_BIOS_RtsGateProxy_leave__E)
                  00017e10    0000004c     sysbios.aem4f : BIOS.obj (.text:ti_sysbios_knl_Task_allBlockedFunction__I)
                  00017e5c    0000004a     netctrl_min.aem4f : netsrv.oem4f (.text:ServiceKill)
                  00017ea6    0000004a     stk6.aem4f : sock.oem4f (.text:SockDisconnect)
                  00017ef0    0000004a                : tcp6prot.oem4f (.text:TCP6ValidateMetrics)
                  00017f3a    00000002     --HOLE-- [fill = 0]
                  00017f3c    0000004a                : timer.oem4f (.text:TimerNew)
                  00017f86    00000048     nettool.aem4f : config.oem4f (.text:CfgNew)
                  00017fce    00000002     --HOLE-- [fill = 0]
                  00017fd0    00000048     driverlib.lib : gpio.obj (.text:GPIOPinConfigure)
                  00018018    00000048     stk6.aem4f : lli.oem4f (.text:LLIMsg)
                  00018060    00000048                : mld.oem4f (.text:MLDCreateMulticastNode)
                  000180a8    00000048                : node.oem4f (.text:NodeWalk)
                  000180f0    00000048                : pbm.oem4f (.text:PBM_copy)
                  00018138    00000048                : rawethsock_pcb.oem4f (.text:RawEthSockPcbDetach)
                  00018180    00000048                : sockpcb.oem4f (.text:SockPcbResolveChain)
                  000181c8    00000048                : tcp6prot.oem4f (.text:TCP6Drop)
                  00018210    00000048                : tcpprot.oem4f (.text:TcpDrop)
                  00018258    00000048                : lli.oem4f (.text:_LLIExpListInsert)
                  000182a0    00000048                : rtable.oem4f (.text:_RtExpListInsert)
                  000182e8    00000048                : file.oem4f (.text:fdint_unlockfd)
                  00018330    00000048     sysbios.aem4f : BIOS.obj (.text:ti_sysbios_family_arm_lm4_Timer_enableTimers__I)
                  00018378    00000048                   : BIOS.obj (.text:ti_sysbios_family_arm_m3_Hwi_disableInterrupt__E)
                  000183c0    00000048                   : BIOS.obj (.text:ti_sysbios_family_arm_m3_Hwi_enableInterrupt__E)
                  00018408    00000048                   : BIOS.obj (.text:ti_sysbios_family_arm_m3_Hwi_excReserved__I)
                  00018450    00000048                   : BIOS.obj (.text:ti_sysbios_knl_Task_deleteTerminatedTasksFunc__I)
                  00018498    00000046     nettool.aem4f : ipaddr.oem4f (.text:NtIfIdx2Ip)
                  000184de    00000046     stk6.aem4f : rawethsock.oem4f (.text:RawEthSockSend)
                  00018524    00000046                : sock6.oem4f (.text:Sock6Bind)
                  0001856a    00000046                : tcp6prot.oem4f (.text:TCP6PrCtlError)
                  000185b0    00000046                : tcpprot.oem4f (.text:TcpPrCtlError)
                  000185f6    00000046     os.aem4f : mem.oem4f (.text:mmZeroInit)
                  0001863c    00000046     ti.targets.arm.rtsarm.aem4f : Core-params.oem4f (.text:xdc_runtime_Core_assignParams__I)
                  00018682    00000002     --HOLE-- [fill = 0]
                  00018684    00000044     drivers_tivaware.aem4f : EMACSnow.oem4f (.text:EMACSnow_processTransmitted)
                  000186c8    00000044     stk6.aem4f : icmp.oem4f (.text:ICMPChecksum)
                  0001870c    00000044                : ipfrag.oem4f (.text:IPReasmFree)
                  00018750    00000044                : lli.oem4f (.text:LLIGetValidTime)
                  00018794    00000044                : rtable.oem4f (.text:RouteMsg)
                  000187d8    00000044                : rtable.oem4f (.text:RtWalkEnd)
                  0001881c    00000044                : sockpcb.oem4f (.text:SockPcbDetach)
                  00018860    00000044                : timer.oem4f (.text:TimerListInsert)
                  000188a4    00000044     hal_timer_bios.aem4f : lltimer.oem4f (.text:llTimerGetTime)
                  000188e8    00000044     sysbios.aem4f : BIOS.obj (.text:ti_sysbios_family_arm_lm4_Timer_isrStub__E)
                  0001892c    00000004                   : BIOS.obj (.text:ti_sysbios_family_arm_lm4_Timer_masterEnable__I)
                  00018930    00000044                   : BIOS.obj (.text:ti_sysbios_family_arm_m3_Hwi_getStackInfo__E)
                  00018974    00000004     httpget_pem4f.oem4f (.text:ti_sysbios_family_arm_m3_Hwi_delete)
                  00018978    00000044     sysbios.aem4f : BIOS.obj (.text:ti_sysbios_knl_Swi_post__E)
                  000189bc    00000044     ti.targets.arm.rtsarm.aem4f : Error.oem4f (.text:xdc_runtime_Error_setX__E)
                  00018a00    00000044                                 : SysMin.oem4f (.text:xdc_runtime_SysMin_flush__E)
                  00018a44    00000044                                 : Text.oem4f (.text:xdc_runtime_Text_xprintf__I)
                  00018a88    00000042     stk6.aem4f : tcp6prot.oem4f (.text:TCP6PrSendOOB)
                  00018aca    00000042                : tcpprot.oem4f (.text:TcpPrSendOOB)
                  00018b0c    00000042                : fileuser.oem4f (.text:fdCloseSession)
                  00018b4e    00000040     nettool.aem4f : dnspkt.oem4f (.text:DNSBuildRequest)
                  00018b8e    00000040     http_ndk.aem4f : httpcli.oem4f (.text:HTTPCli_readResponseBody)
                  00018bce    00000002     --HOLE-- [fill = 0]
                  00018bd0    00000040     stk6.aem4f : ipv6_frag.oem4f (.text:IPv6ReasmTimeout)
                  00018c10    00000040                : lli6.oem4f (.text:LLI6Msg)
                  00018c50    00000040                : lliin.oem4f (.text:LLIValidateRoute)
                  00018c90    00000040                : route6.oem4f (.text:Route6Msg)
                  00018cd0    00000040                : sockpcb.oem4f (.text:SockPcbRtChange)
                  00018d10    00000040                : tcp6prot.oem4f (.text:TCP6PrSend)
                  00018d50    00000040                : tcpprot.oem4f (.text:TcpPrSend)
                  00018d90    00000040     rtsv7M4_T_le_v4SPD16_eabi.lib : u_divt2.asm.obj (.text)
                  00018dd0    00000040                                   : strtok.c.obj (.text:strtok)
                  00018e10    00000040     http_ndk.aem4f : httpcli.oem4f (.text:threadCreate)
                  00018e50    00000040     sysbios.aem4f : BIOS.obj (.text:ti_sysbios_family_arm_lm4_Timer_startup__E)
                  00018e90    00000040                   : BIOS.obj (.text:ti_sysbios_heaps_HeapMem_Instance_init__E)
                  00018ed0    0000003e     nettool.aem4f : dhcpmain.oem4f (.text:DHCPClose)
                  00018f0e    00000002     --HOLE-- [fill = 0]
                  00018f10    0000003e     stk6.aem4f : nimu.oem4f (.text:NIMUAllocateName)
                  00018f4e    0000003e                : tcp6prot.oem4f (.text:TCP6PrDisconnect)
                  00018f8c    0000003e     os.aem4f : task.oem4f (.text:TaskCreate)
                  00018fca    0000003e     stk6.aem4f : tcpprot.oem4f (.text:TcpPrDisconnect)
                  00019008    0000003c     nettool.aem4f : config.oem4f (.text:CfgEntryGetData)
                  00019044    0000003c     driverlib.lib : emac.obj (.text:EMACIntDisable)
                  00019080    0000003c     stk6.aem4f : icmpv6in.oem4f (.text:ICMPv6RecvDstUnreachable)
                  000190bc    0000003c                : node.oem4f (.text:NodeUpdatePL)
                  000190f8    0000003c                : rtable.oem4f (.text:RtWalkBegin)
                  00019134    0000003c                : tcp6prot.oem4f (.text:TCP6PrConnect)
                  00019170    0000003c                : tcp6time.oem4f (.text:TCP6SetPersist)
                  000191ac    0000003c                : tcpprot.oem4f (.text:TcpPrConnect)
                  000191e8    0000003c                : tcptime.oem4f (.text:TcpSetPersist)
                  00019224    0000003c                : rtc.oem4f (.text:_RTCSendRtAdv)
                  00019260    0000003c                : rtable.oem4f (.text:_RtNodeRemove)
                  0001929c    0000003c     hal_timer_bios.aem4f : lltimer.oem4f (.text:_llTimerInit)
                  000192d8    0000003c     rtsv7M4_T_le_v4SPD16_eabi.lib : strncasecmp.c.obj (.text:strncasecmp)
                  00019314    00000004     httpget_pem4f.oem4f (.text:ti_sysbios_family_arm_m3_TaskSupport_Module__startupDone__S)
                  00019318    0000003c     sysbios.aem4f : BIOS.obj (.text:ti_sysbios_family_arm_m3_Hwi_excSvCall__I)
                  00019354    00000004     httpget_pem4f.oem4f (.text:ti_sysbios_heaps_HeapMem_Module_GateProxy_enter__E)
                  00019358    0000003c     sysbios.aem4f : BIOS.obj (.text:ti_sysbios_heaps_HeapMem_init__I)
                  00019394    00000004     httpget_pem4f.oem4f (.text:ti_sysbios_heaps_HeapMem_Module_GateProxy_leave__E)
                  00019398    0000003c     sysbios.aem4f : BIOS.obj (.text:ti_sysbios_knl_Swi_restore__E)
                  000193d4    0000003a     driverlib.lib : emac.obj (.text:EMACIntEnable)
                  0001940e    00000002     --HOLE-- [fill = 0]
                  00019410    00000038                   : emac.obj (.text:EMACConfigGet)
                  00019448    00000038     stk6.aem4f : ipfrag.oem4f (.text:IPReasmTimeout)
                  00019480    00000038                : node.oem4f (.text:NodeGetRt)
                  000194b8    00000038                : sock6pcb.oem4f (.text:Sock6PcbRtChange)
                  000194f0    00000038     driverlib.lib : sysctl.obj (.text:SysCtlPeripheralReady)
                  00019528    00000038     stk6.aem4f : tcp6prot.oem4f (.text:TCP6Close)
                  00019560    00000038                : tcpprot.oem4f (.text:TcpClose)
                  00019598    00000038                : timer.oem4f (.text:TimerHSTick)
                  000195d0    00000038     rtsv7M4_T_le_v4SPD16_eabi.lib : trgmsg.c.obj (.text:__TI_writemsg)
                  00019608    00000038     nettool.aem4f : dhcpbild.oem4f (.text:dhcpBuildDiscover)
                  00019640    00000038                   : dhcptags.oem4f (.text:dhcpOptionsClear)
                  00019678    00000038     stk6.aem4f : file.oem4f (.text:fdint_waitevent)
                  000196b0    00000038     sysbios.aem4f : BIOS.obj (.text:ti_sysbios_family_arm_m3_Hwi_excNoIsr__I)
                  000196e8    00000038     httpget_pem4f.oem4f (.text:ti_sysbios_knl_Clock_create)
                  00019720    00000038     sysbios.aem4f : BIOS.obj (.text:ti_sysbios_knl_Task_processVitalTaskFlag__I)
                  00019758    00000038     ti.targets.arm.rtsarm.aem4f : SysMin.oem4f (.text:xdc_runtime_SysMin_putch__E)
                  00019790    00000038                                 : System.oem4f (.text:xdc_runtime_System_atexit__E)
                  000197c8    00000036     stk6.aem4f : ip.oem4f (.text:IPChecksum)
                  000197fe    00000036                : sock6.oem4f (.text:Sock6IntAbort)
                  00019834    00000036     network_ndk.aem4f : ssock.oem4f (.text:Ssock_recv)
                  0001986a    00000036     rtsv7M4_T_le_v4SPD16_eabi.lib : strncpy.c.obj (.text:strncpy)
                  000198a0    00000034     nettool.aem4f : config.oem4f (.text:CfgSetService)
                  000198d4    00000034     driverlib.lib : emac.obj (.text:EMACConfigSet)
                  00019908    00000034                   : emac.obj (.text:EMACIntClear)
                  0001993c    00000034     drivers_tivaware.aem4f : EMACSnow.oem4f (.text:EMACSnow_emacPoll)
                  00019970    00000034                            : EMACSnow.oem4f (.text:EMACSnow_isLinkUp)
                  000199a4    00000034                            : EMAC.oem4f (.text:EMAC_init)
                  000199d8    00000034     stk6.aem4f : ipv6out.oem4f (.text:IPv6GetRoute)
                  00019a0c    00000034                : nimu.oem4f (.text:NIMUFindByName)
                  00019a40    00000034                : nimu.oem4f (.text:NIMUInit)
                  00019a74    00000034                : rawethsock.oem4f (.text:RawEthSockNotify)
                  00019aa8    00000034                : sockprot.oem4f (.text:SockPrCtlError)
                  00019adc    00000034     driverlib.lib : sysctl.obj (.text:SysCtlPeripheralEnable)
                  00019b10    00000034     rtsv7M4_T_le_v4SPD16_eabi.lib : trgmsg.c.obj (.text:__TI_readmsg)
                  00019b44    00000034     os.aem4f : mem.oem4f (.text:mmUnInitPage)
                  00019b78    00000034              : ossys.oem4f (.text:stricmp)
                  00019bac    00000004     httpget_pem4f.oem4f (.text:ti_sysbios_knl_Clock_TimerProxy_getMaxTicks__E)
                  00019bb0    00000034     sysbios.aem4f : BIOS.obj (.text:ti_sysbios_family_arm_m3_Hwi_Instance_finalize__E)
                  00019be4    00000004     httpget_pem4f.oem4f (.text:ti_sysbios_knl_Queue_destruct)
                  00019be8    00000034     sysbios.aem4f : BIOS.obj (.text:ti_sysbios_family_arm_m3_Hwi_excNmi__I)
                  00019c1c    00000004     httpget_pem4f.oem4f (.text:ti_sysbios_knl_Semaphore_delete)
                  00019c20    00000034     sysbios.aem4f : BIOS.obj (.text:ti_sysbios_hal_Hwi_checkStack)
                  00019c54    00000034     httpget_pem4f.oem4f (.text:ti_sysbios_knl_Semaphore_create)
                  00019c88    00000034     ti.targets.arm.rtsarm.aem4f : Core-label.oem4f (.text:xdc_runtime_Core_assignLabel__I)
                  00019cbc    00000033                                 : Text.oem4f (.text:xdc_runtime_Text_printVisFxn__I)
                  00019cef    00000001     --HOLE-- [fill = 0]
                  00019cf0    00000032     nettool.aem4f : config.oem4f (.text:CfgGetImmediate)
                  00019d22    00000032     stk6.aem4f : route.oem4f (.text:RtDeRef)
                  00019d54    00000032                : route.oem4f (.text:RtSetFailure)
                  00019d86    00000032                : sb6.oem4f (.text:SB6Flush)
                  00019db8    00000032                : sb6.oem4f (.text:SB6SetMax)
                  00019dea    00000032                : sb.oem4f (.text:SBFlush)
                  00019e1c    00000032                : sb.oem4f (.text:SBSetMax)
                  00019e4e    00000032                : sock.oem4f (.text:SockIntAbort)
                  00019e80    00000032     nettool.aem4f : config.oem4f (.text:_CfgAcquire)
                  00019eb2    00000032                   : dhcpsm.oem4f (.text:dhcpIPRemove)
                  00019ee4    00000004     httpget_pem4f.oem4f (.text:ti_sysbios_knl_Semaphore_destruct)
                  00019ee8    00000032     sysbios.aem4f : BIOS.obj (.text:ti_sysbios_hal_Hwi_initStack)
                  00019f1a    00000006     driverlib.lib : emac.obj (.text:EMACTxDMADescriptorListSet)
                  00019f20    00000032     sysbios.aem4f : BIOS.obj (.text:ti_sysbios_knl_Semaphore_pendTimeout__I)
                  00019f52    00000002     --HOLE-- [fill = 0]
                  00019f54    00000031     httpget.obj (.text:printError)
                  00019f85    00000003     --HOLE-- [fill = 0]
                  00019f88    00000030     stk6.aem4f : bind6.oem4f (.text:Bind6FindByHost)
                  00019fb8    00000030                : bind6.oem4f (.text:Bind6FindByNet)
                  00019fe8    00000030     driverlib.lib : emac.obj (.text:EMACAddrSet)
                  0001a018    00000030     drivers_tivaware.aem4f : EMACSnow.oem4f (.text:EMACSnow_handlePackets)
                  0001a048    00000030     netctrl_min.aem4f : netsrv.oem4f (.text:NS_PreBoot)
                  0001a078    00000030     stk6.aem4f : sock6pcb.oem4f (.text:Sock6PcbDetach)
                  0001a0a8    00000030                : sock.oem4f (.text:SockBind)
                  0001a0d8    00000030     nettool.aem4f : dhcpsock.oem4f (.text:dhcpPacketSend)
                  0001a108    00000030     stk6.aem4f : listlib.oem4f (.text:list_remove_node)
                  0001a138    00000030     http_ndk.aem4f : httpcli.oem4f (.text:skipLine)
                  0001a168    00000030     httpget_pem4f.oem4f (.text:ti_sysbios_BIOS_atExitFunc__I)
                  0001a198    00000030     sysbios.aem4f : BIOS.obj (.text:ti_sysbios_family_arm_lm4_Timer_stop__E)
                  0001a1c8    00000030                   : BIOS.obj (.text:ti_sysbios_family_arm_m3_TaskSupport_start__E)
                  0001a1f8    00000030     httpget_pem4f.oem4f (.text:ti_sysbios_gates_GateHwi_Object__create__S)
                  0001a228    00000030     httpget_pem4f.oem4f (.text:ti_sysbios_gates_GateMutex_Object__create__S)
                  0001a258    00000030     sysbios.aem4f : BIOS.obj (.text:ti_sysbios_gates_GateMutex_enter__E)
                  0001a288    00000030     httpget_pem4f.oem4f (.text:ti_sysbios_heaps_HeapMem_Object__create__S)
                  0001a2b8    00000030     httpget_pem4f.oem4f (.text:ti_sysbios_knl_Semaphore_construct)
                  0001a2e8    00000030     ti.targets.arm.rtsarm.aem4f : SysMin.oem4f (.text:xdc_runtime_SysMin_abort__E)
                  0001a318    00000030                                 : System.oem4f (.text:xdc_runtime_System_processAtExit__E)
                  0001a348    0000002e     stk6.aem4f : icmpv6in.oem4f (.text:ICMPv6RecvParamProblem)
                  0001a376    0000002e                : sb.oem4f (.text:SBFree)
                  0001a3a4    0000002e     httpget_pem4f.oem4f (.text:malloc)
                  0001a3d2    0000002e     rtsv7M4_T_le_v4SPD16_eabi.lib : strcasecmp.c.obj (.text:strcasecmp)
                  0001a400    0000002c     driverlib.lib : emac.obj (.text:EMACIntStatus)
                  0001a42c    0000002c     stk6.aem4f : file.oem4f (.text:FdSignalEvent)
                  0001a458    0000002c                : igmp.oem4f (.text:IGMPTestGroup)
                  0001a484    0000002c                : lli6.oem4f (.text:LLI6Free)
                  0001a4b0    0000002c     os.aem4f : task.oem4f (.text:NDK_hookCreate)
                  0001a4dc    0000002c     stk6.aem4f : nimu.oem4f (.text:NIMUAllocateIndex)
                  0001a508    0000002c                : nimu.oem4f (.text:NIMUPacketServiceCheck)
                  0001a534    0000002c                : pipe.oem4f (.text:PipeClose)
                  0001a560    0000002c                : sockpcb.oem4f (.text:SockPcbAttach)
                  0001a58c    0000002c                : lli.oem4f (.text:_LLIExpListRemove)
                  0001a5b8    0000002c                : lli.oem4f (.text:_LLITimeoutFlush)
                  0001a5e4    0000002c                : rtable.oem4f (.text:_RtExpListRemove)
                  0001a610    0000002c     http_ndk.aem4f : httpcli.oem4f (.text:lookUpResponseFields)
                  0001a63c    0000002c     rtsv7M4_T_le_v4SPD16_eabi.lib : strncmp.c.obj (.text:strncmp)
                  0001a668    0000002c     httpget_pem4f.oem4f (.text:ti_sysbios_knl_Clock_doTick__I)
                  0001a694    0000002c     httpget_pem4f.oem4f (.text:ti_sysbios_knl_Queue_construct)
                  0001a6c0    0000002c     sysbios.aem4f : BIOS.obj (.text:ti_sysbios_knl_Task_restore__E)
                  0001a6ec    0000002c     ti.targets.arm.rtsarm.aem4f : Text.oem4f (.text:xdc_runtime_Text_cordText__E)
                  0001a718    0000002a     driverlib.lib : gpio.obj (.text:GPIODirModeSet)
                  0001a742    0000002a     stk6.aem4f : ipv6.oem4f (.text:GetHexValue)
                  0001a76c    0000002a                : icmpv6in.oem4f (.text:ICMPv6RecvTimeExceeded)
                  0001a796    0000002a                : ipv6.oem4f (.text:IPv6CompareAddress)
                  0001a7c0    0000002a                : lli6.oem4f (.text:LLI6IsRouterStatMachine)
                  0001a7ea    0000002a                : mld.oem4f (.text:MLDTestGroup)
                  0001a814    0000002a                : pbm.oem4f (.text:PBMQ_deq)
                  0001a83e    0000002a                : route6.oem4f (.text:Rt6Update)
                  0001a868    0000002a                : sb6.oem4f (.text:SB6Free)
                  0001a892    0000002a     netctrl_min.aem4f : netsrv.oem4f (.text:ServiceCallback)
                  0001a8bc    0000002a     nettool.aem4f : config.oem4f (.text:_CfgRelease)
                  0001a8e6    0000002a                   : inetaddr.oem4f (.text:mergeLists)
                  0001a910    0000002a     rtsv7M4_T_le_v4SPD16_eabi.lib : strspn.c.obj (.text:strspn)
                  0001a93a    0000002a     ti.targets.arm.rtsarm.aem4f : System.oem4f (.text:xdc_runtime_System_putchar__I)
                  0001a964    00000028     stk6.aem4f : bind6.oem4f (.text:Bind6FindByIF)
                  0001a98c    00000028                : bind.oem4f (.text:BindFindByNet)
                  0001a9b4    00000028                : exec.oem4f (.text:ExecTimer)
                  0001a9dc    00000028                : ipv6_frag.oem4f (.text:IPv6FragQFree)
                  0001aa04    00000028                : lli.oem4f (.text:LLIFree)
                  0001aa2c    00000028     netctrl_min.aem4f : netctrl.oem4f (.text:NC_SystemClose)
                  0001aa54    00000028     stk6.aem4f : nimu.oem4f (.text:NIMUCreatePacket)
                  0001aa7c    00000028                : nimu.oem4f (.text:NIMUPacketService)
                  0001aaa4    00000028                : sock6prot.oem4f (.text:Sock6PrCtlError)
                  0001aacc    00000028                : tcp6in.oem4f (.text:TCP6EnterTimeWait)
                  0001aaf4    00000028                : tcpin.oem4f (.text:TcpEnterTimeWait)
                  0001ab1c    00000028                : timer.oem4f (.text:TimerListRemove)
                  0001ab44    00000028                : vlan.oem4f (.text:VLANFindSourceInterface)
                  0001ab6c    00000028                : vlan.oem4f (.text:VLANInit)
                  0001ab94    00000028     nettool.aem4f : dhcpsock.oem4f (.text:dhcpPacketReceive)
                  0001abbc    00000028     drivers_tivaware.aem4f : EMACSnow.oem4f (.text:signalLinkChange)
                  0001abe4    00000004     httpget_pem4f.oem4f (.text:ti_sysbios_knl_Swi_delete)
                  0001abe8    00000028     sysbios.aem4f : BIOS.obj (.text:ti_sysbios_knl_Clock_addI__E)
                  0001ac10    00000028                   : BIOS.obj (.text:ti_sysbios_knl_Swi_Module_startup__E)
                  0001ac38    00000026     nettool.aem4f : config.oem4f (.text:CfgEntryInfo)
                  0001ac5e    00000026     driverlib.lib : emac.obj (.text:EMACPHYRead)
                  0001ac84    00000026                   : emac.obj (.text:EMACPHYWrite)
                  0001acaa    00000026     stk6.aem4f : rawethsock.oem4f (.text:RawEthSockClose)
                  0001acd0    00000026     sysbios.aem4f : m3_Hwi_asm.obj (.text:ti_sysbios_family_arm_m3_Hwi_pendSV__I)
                  0001acf6    00000026     ti.targets.arm.rtsarm.aem4f : System.oem4f (.text:xdc_runtime_System_avprintf__E)
                  0001ad1c    00000024     stk6.aem4f : bind.oem4f (.text:BindFindByHost)
                  0001ad40    00000024                : bind.oem4f (.text:BindGetIFByDBCast)
                  0001ad64    00000024     drivers_tivaware.aem4f : EMACSnow.oem4f (.text:EMACSnow_pkt_service)
                  0001ad88    00000024                            : EMACSnow.oem4f (.text:EMACSnow_primeRx)
                  0001adac    00000024     http_ndk.aem4f : httpcli.oem4f (.text:HTTPCli_disconnect)
                  0001add0    00000024     stk6.aem4f : nimu.oem4f (.text:NIMUFindByIndex)
                  0001adf4    00000024                : rtc.oem4f (.text:RTCAddHook)
                  0001ae18    00000024                : rawethsock_pcb.oem4f (.text:RawEthSockPcbFind)
                  0001ae3c    00000024                : route.oem4f (.text:RtFree)
                  0001ae60    00000024                : route.oem4f (.text:RtSetTimeout)
                  0001ae84    00000024                : sock6pcb.oem4f (.text:Sock6PcbAttach)
                  0001aea8    00000024                : sock6pcb.oem4f (.text:Sock6PcbCleanup)
                  0001aecc    00000024                : sockpcb.oem4f (.text:SockPcbCleanup)
                  0001aef0    00000024                : tcptime.oem4f (.text:TcpTimeoutWait2)
                  0001af14    00000024     nettool.aem4f : config.oem4f (.text:_CfgEntryProcess)
                  0001af38    00000024     http_ndk.aem4f : httpcli.oem4f (.text:getRequestFieldValue)
                  0001af5c    00000024     rtsv7M4_T_le_v4SPD16_eabi.lib : strcspn.c.obj (.text:strcspn)
                  0001af80    00000024     httpget_pem4f.oem4f (.text:ti_sysbios_BIOS_errorRaiseHook__I)
                  0001afa4    00000024     httpget_pem4f.oem4f (.text:ti_sysbios_BIOS_registerRTSLock__I)
                  0001afc8    00000024     httpget_pem4f.oem4f (.text:ti_sysbios_BIOS_removeRTSLock__I)
                  0001afec    00000024     httpget_pem4f.oem4f (.text:ti_sysbios_BIOS_startFunc__I)
                  0001b010    00000024     httpget_pem4f.oem4f (.text:ti_sysbios_gates_GateMutex_Object__delete__S)
                  0001b034    00000004     httpget_pem4f.oem4f (.text:ti_sysbios_knl_Task_delete)
                  0001b038    00000024     sysbios.aem4f : BIOS.obj (.text:ti_sysbios_knl_Clock_Module_startup__E)
                  0001b05c    00000004     ti.targets.arm.rtsarm.aem4f : Error.oem4f (.text:xdc_runtime_Error_getMsg__E)
                  0001b060    00000024     sysbios.aem4f : BIOS.obj (.text:ti_sysbios_knl_Semaphore_Instance_init__E)
                  0001b084    00000024     httpget_pem4f.oem4f (.text:ti_sysbios_knl_Semaphore_Object__delete__S)
                  0001b0a8    00000024     sysbios.aem4f : BIOS.obj (.text:ti_sysbios_knl_Task_restoreHwi__E)
                  0001b0cc    00000024     ti.targets.arm.rtsarm.aem4f : System.oem4f (.text:xdc_runtime_System_vprintf__E)
                  0001b0f0    00000022     nettool.aem4f : config.oem4f (.text:CfgEntryRef)
                  0001b112    00000022     stk6.aem4f : route6.oem4f (.text:Rt6GetNetworkAddr)
                  0001b134    00000022                : vlan.oem4f (.text:VLANFindNode)
                  0001b156    00000002     --HOLE-- [fill = 0]
                  0001b158    00000022     sysbios.aem4f : BIOS.obj (.text:ti_sysbios_family_arm_lm4_Timer_write__I)
                  0001b17a    00000022     httpget_pem4f.oem4f (.text:xdc_runtime_SysMin_output__I)
                  0001b19c    00000020     stk6.aem4f : bind6.oem4f (.text:Bind6IF2IPHost)
                  0001b1bc    00000020     netctrl_min.aem4f : netctrl.oem4f (.text:NC_BootComplete)
                  0001b1dc    00000020     stk6.aem4f : nimu.oem4f (.text:NIMUGetNumOfObject)
                  0001b1fc    00000020                : rtc.oem4f (.text:RTCRemoveHook)
                  0001b21c    00000020                : route6.oem4f (.text:Rt6IsDefaultRoute)
                  0001b23c    00000020                : tcp6.oem4f (.text:TCP6TimeoutRemove)
                  0001b25c    00000020                : tcp6time.oem4f (.text:TCP6TimeoutWait2)
                  0001b27c    00000020                : tcp.oem4f (.text:TcpTimeoutRemove)
                  0001b29c    00000020     Boot.aem4f : Boot_sysctl.oem4f (.text:_SysCtlMemTimingGet)
                  0001b2bc    00000020     stk6.aem4f : ipv6.oem4f (.text:isValidHexDigit)
                  0001b2dc    00000020                : listlib.oem4f (.text:list_cat)
                  0001b2fc    00000020     httpget_pem4f.oem4f (.text:ti_sysbios_BIOS_rtsLock__I)
                  0001b31c    00000020     httpget_pem4f.oem4f (.text:ti_sysbios_family_arm_m3_Hwi_Object__delete__S)
                  0001b33c    00000020     sysbios.aem4f : m3_Hwi_asm.obj (.text:ti_sysbios_family_arm_m3_Hwi_excHandlerAsm__I)
                  0001b35c    00000004     ti.targets.arm.rtsarm.aem4f : Error.oem4f (.text:xdc_runtime_Error_getSite__E)
                  0001b360    00000020     sysbios.aem4f : BIOS.obj (.text:ti_sysbios_family_arm_m3_Hwi_excHandler__I)
                  0001b380    00000020     httpget_pem4f.oem4f (.text:ti_sysbios_gates_GateHwi_Object__delete__S)
                  0001b3a0    00000020     httpget_pem4f.oem4f (.text:ti_sysbios_heaps_HeapMem_Object__delete__S)
                  0001b3c0    00000020     sysbios.aem4f : BIOS.obj (.text:ti_sysbios_knl_Idle_run__E)
                  0001b3e0    00000020     httpget_pem4f.oem4f (.text:ti_sysbios_knl_Semaphore_Object__destruct__S)
                  0001b400    00000020     httpget_pem4f.oem4f (.text:ti_sysbios_knl_Swi_Object__delete__S)
                  0001b420    00000020     httpget_pem4f.oem4f (.text:ti_sysbios_knl_Task_Object__delete__S)
                  0001b440    00000020     ti.targets.arm.rtsarm.aem4f : Registry.oem4f (.text:xdc_runtime_Registry_findById__E)
                  0001b460    00000020                                 : SysMin.oem4f (.text:xdc_runtime_SysMin_Module_startup__E)
                  0001b480    0000001e     stk6.aem4f : fileuser.oem4f (.text:fdError)
                  0001b49e    0000001e                : listlib.oem4f (.text:list_remove)
                  0001b4bc    0000001e     rtsv7M4_T_le_v4SPD16_eabi.lib : strcat.c.obj (.text:strcat)
                  0001b4da    0000001e     sysbios.aem4f : m3_Hwi_asm_switch.obj (.text:ti_sysbios_family_xxx_Hwi_switchAndRunFunc)
                  0001b4f8    0000001c     stk6.aem4f : bind.oem4f (.text:BindFindByIF)
                  0001b514    0000001c                : exec.oem4f (.text:ExecBroadcast)
                  0001b530    0000001c                : icmpv6in.oem4f (.text:ICMPv6RecvPktTooBig)
                  0001b54c    0000001c                : ipv6.oem4f (.text:IPv6IsLinkLocal)
                  0001b568    0000001c     os.aem4f : ossys.oem4f (.text:NDK_sprintf)
                  0001b584    0000001c     stk6.aem4f : nimu.oem4f (.text:NIMUAddHeader)
                  0001b5a0    0000001c                : sock6prot.oem4f (.text:Sock6PrDetach)
                  0001b5bc    0000001c                : sockprot.oem4f (.text:SockPrDetach)
                  0001b5d8    0000001c     network_ndk.aem4f : ssock.oem4f (.text:Ssock_destruct)
                  0001b5f4    0000001c     os.aem4f : task.oem4f (.text:TaskDestroy)
                  0001b610    0000001c     drivers_tivaware.aem4f : GPIOTiva.oem4f (.text:getGpioIntIndex)
                  0001b62c    0000001c     httpget_pem4f.oem4f (.text:ti_ndk_config_global_taskCreateHook)
                  0001b648    0000001c     sysbios.aem4f : BIOS.obj (.text:ti_sysbios_gates_GateMutex_Instance_init__E)
                  0001b664    0000001c     httpget_pem4f.oem4f (.text:ti_sysbios_knl_Queue_Object__destruct__S)
                  0001b680    0000001c     sysbios.aem4f : BIOS.obj (.text:ti_sysbios_knl_Queue_put__E)
                  0001b69c    00000004     httpget_pem4f.oem4f (.text:xdc_runtime_System_Module_GateProxy_enter__E)
                  0001b6a0    0000001c     sysbios.aem4f : BIOS.obj (.text:ti_sysbios_knl_Task_enter__I)
                  0001b6bc    0000001c     ti.targets.arm.rtsarm.aem4f : Error.oem4f (.text:xdc_runtime_Error_raiseX__E)
                  0001b6d8    0000001c                                 : Memory.oem4f (.text:xdc_runtime_Memory_valloc__E)
                  0001b6f4    0000001c                                 : SysMin.oem4f (.text:xdc_runtime_SysMin_exit__E)
                  0001b710    0000001c                                 : System.oem4f (.text:xdc_runtime_System_abort__E)
                  0001b72c    0000001a     stk6.aem4f : bind.oem4f (.text:BindGetIP)
                  0001b746    0000001a                : sock6int.oem4f (.text:Sock6SetOOBMark)
                  0001b760    0000001a                : sockint.oem4f (.text:SockSetOOBMark)
                  0001b77a    0000001a                : file.oem4f (.text:fdint_getfdt)
                  0001b794    0000001a     httpget_pem4f.oem4f (.text:free)
                  0001b7ae    0000001a     httpget_pem4f.oem4f (.text:ti_sysbios_family_arm_m3_Hwi_Handle__label__S)
                  0001b7c8    0000001a     httpget_pem4f.oem4f (.text:ti_sysbios_gates_GateHwi_Handle__label__S)
                  0001b7e2    0000001a     httpget_pem4f.oem4f (.text:ti_sysbios_gates_GateMutex_Handle__label__S)
                  0001b7fc    0000001a     httpget_pem4f.oem4f (.text:ti_sysbios_heaps_HeapMem_Handle__label__S)
                  0001b816    0000001a     httpget_pem4f.oem4f (.text:ti_sysbios_knl_Swi_Handle__label__S)
                  0001b830    0000001a     httpget_pem4f.oem4f (.text:ti_sysbios_knl_Task_Handle__label__S)
                  0001b84a    00000006     driverlib.lib : gpio.obj (.text:GPIOIntClear)
                  0001b850    0000001a     sysbios.aem4f : BIOS.obj (.text:ti_sysbios_knl_Task_sleepTimeout__I)
                  0001b86a    0000001a     httpget_pem4f.oem4f (.text:xdc_runtime_System_aprintf__E)
                  0001b884    0000001a     httpget_pem4f.oem4f (.text:xdc_runtime_System_printf__E)
                  0001b89e    00000002     --HOLE-- [fill = 0]
                  0001b8a0    00000018     drivers_tivaware.aem4f : EMACSnow.oem4f (.text:EMACSnow_emacSend)
                  0001b8b8    00000018     stk6.aem4f : ip.oem4f (.text:IPRtChange)
                  0001b8d0    00000018                : ipv6.oem4f (.text:IPv6IsMulticast)
[...]
0001ebbc  xdc_runtime_Core_Module__diagsMask__C                                
0001ebc0  xdc_runtime_Error_E_memory__C                                        
0001ebc4  xdc_runtime_Error_Module__diagsEnabled__C                            
0001ebc8  xdc_runtime_Error_Module__diagsIncluded__C                           
0001ebcc  xdc_runtime_Error_Module__diagsMask__C                               
0001ebd0  xdc_runtime_Error_Module__loggerFxn8__C                              
0001ebd4  xdc_runtime_Error_Module__loggerObj__C                               
0001ebd8  xdc_runtime_Error_policyFxn__C                                       
0001ebdc  xdc_runtime_Error_raiseHook__C                                       
0001ebe0  xdc_runtime_IGateProvider_Interface__BASE__C                         
0001ebe4  xdc_runtime_IHeap_Interface__BASE__C                                 
0001ebe8  xdc_runtime_IModule_Interface__BASE__C                               
0001ebec  xdc_runtime_Log_L_error__C                                           
0001ebf0  xdc_runtime_Memory_defaultHeapInstance__C                            
0001ebf4  xdc_runtime_Startup_execImpl__C                                      
0001ebf8  xdc_runtime_Startup_maxPasses__C                                     
0001ebfc  xdc_runtime_Startup_sfxnRts__C                                       
0001ec00  xdc_runtime_Startup_sfxnTab__C                                       
0001ec04  xdc_runtime_SysMin_bufSize__C                                        
0001ec08  xdc_runtime_SysMin_outputFunc__C                                     
0001ec0c  xdc_runtime_System_Module__gateObj__C                                
0001ec10  xdc_runtime_System_abortFxn__C                                       
0001ec14  xdc_runtime_System_exitFxn__C                                        
0001ec18  xdc_runtime_System_extendFxn__C                                      
0001ec1c  xdc_runtime_System_maxAtexitHandlers__C                              
0001ec20  xdc_runtime_Text_charTab__C                                          
0001ec24  xdc_runtime_Text_nameEmpty__C                                        
0001ec28  xdc_runtime_Text_nameStatic__C                                       
0001ec2c  xdc_runtime_Text_nameUnknown__C                                      
0001ec30  xdc_runtime_Text_nodeTab__C                                          
0001ec34  xdc_runtime_Text_visitRopeFxn__C                                     
0001ec38  ti_sysbios_heaps_HeapMem_Module__id__C                               
0001ec3a  ti_sysbios_knl_Task_Module__id__C                                    
0001ec3c  xdc_runtime_Core_Module__id__C                                       
0001ec3e  xdc_runtime_Error_Module__loggerDefined__C                           
0001ec40  xdc_runtime_Error_maxDepth__C                                        
0001ec42  xdc_runtime_Memory_Module__id__C                                     
0001ec44  xdc_runtime_SysMin_flushAtExit__C                                    
0001ec46  xdc_runtime_Text_charCnt__C                                          
0001ec48  xdc_runtime_Text_isLoaded__C                                         
0001ec4a  xdc_runtime_Text_registryModsLastId__C                               
0001ec4c  xdc_runtime_Text_unnamedModsLastId__C                                
0001ec50  __TI_static_base__                                                   
0001f100  __TI_Handler_Table_Base                                              
0001f10c  __TI_Handler_Table_Limit                                             
0001f120  __TI_CINIT_Base                                                      
0001f138  __TI_CINIT_Limit                                                     
20000000  __start___llvm_prf_cnts                                              
20000000  __stop___llvm_prf_cnts                                               
20000000  ti_sysbios_family_arm_m3_Hwi_ramVectors                              
20000380  ti_sysbios_heaps_HeapMem_Instance_State_0_buf__A                     
20005380  ti_ndk_config_Global_pit                                             
20005428  ti_ndk_config_Global_pitBuffer                                       
20009c28  ipv6mcb                                                              
20009c80  ti_ndk_config_Global_pBufMem                                         
2000d880  ti_ndk_config_Global_pHdrMem                                         
2000dc68  ti_sysbios_knl_Task_Instance_State_0_stack__A                        
2000e268  ti_sysbios_knl_Task_Instance_State_1_stack__A                        
2000e468  ti_sysbios_family_arm_m3_Hwi_dispatchTable                           
2000e7c8  __CIOBUF_                                                            
2000e9e8  tcp6_stats                                                           
2000eaa0  tcps                                                                 
2000edbc  xdc_runtime_SysMin_Module_State_0_outbuf__A                          
2000ee3c  ips                                                                  
2000eea4  nimu_mcb                                                             
2000ef08  _ICMPIn                                                              
2000ef54  _ICMPOut                                                             
2000efe0  vlan_mcb                                                             
2000f02c  udp6_stats                                                           
2000f050  udps                                                                 
2000f074  BlockCount                                                           
2000f090  BlockMax                                                             
2000f0ac  PageCount                                                            
2000f0c8  PageMax                                                              
2000f0e4  icmp6stats                                                           
2000f0fc  stkEvent                                                             
2000f128  IPV6_ALL_NODES_ADDRESS                                               
2000f138  IPV6_ALL_ROUTER_ADDRESS                                              
2000f148  IPV6_HOST_MASK                                                       
2000f158  IPV6_LINKLOCALMASK                                                   
2000f168  IPV6_LOOPBACK_ADDRESS                                                
2000f178  IPV6_MULTICASTMASK                                                   
2000f188  IPV6_UNSPECIFIED_ADDRESS                                             
2000f1a8  raw6_stats                                                           
2000f1b8  raweths                                                              
2000f1c8  raws                                                                 
2000f1d8  PBMQ_free                                                            
2000f1e4  tpseudo                                                              
2000f1f0  upseudo                                                              
2000f1fc  emacObjects                                                          
2000f204  parmbuf                                                              
2000f234  _IGMPInDiscard                                                       
2000f238  _IGMPInQuery                                                         
2000f23c  _IGMPInQueryGroup                                                    
2000f240  _IGMPInResponse                                                      
2000f244  _IGMPOutResponse                                                     
2000f248  g_ulStatus                                                           
2000f264  raweth_pcb                                                           
2000f268  ti_sysbios_knl_Task_Instance_State_0_hookEnv__A                      
2000f26c  ti_sysbios_knl_Task_Instance_State_1_hookEnv__A                      
2000f270  HTTPStd_VER                                                          
2000f274  HTTPStd_GET                                                          
2000f278  HTTPStd_POST                                                         
2000f27c  HTTPStd_HEAD                                                         
2000f280  HTTPStd_OPTIONS                                                      
2000f284  HTTPStd_PUT                                                          
2000f288  HTTPStd_DELETE                                                       
2000f28c  HTTPStd_CONNECT                                                      
2000f290  HTTPStd_PATCH                                                        
2000f294  HTTPStd_CONTENT_TYPE_APPLET                                          
2000f298  HTTPStd_CONTENT_TYPE_AU                                              
2000f29c  HTTPStd_CONTENT_TYPE_CSS                                             
2000f2a0  HTTPStd_CONTENT_TYPE_DOC                                             
2000f2a4  HTTPStd_CONTENT_TYPE_GIF                                             
2000f2a8  HTTPStd_CONTENT_TYPE_HTML                                            
2000f2ac  HTTPStd_CONTENT_TYPE_JPG                                             
2000f2b0  HTTPStd_CONTENT_TYPE_MPEG                                            
2000f2b4  HTTPStd_CONTENT_TYPE_PDF                                             
2000f2b8  HTTPStd_CONTENT_TYPE_WAV                                             
2000f2bc  HTTPStd_CONTENT_TYPE_ZIP                                             
2000f2c0  HTTPStd_CONTENT_TYPE_PLAIN                                           
2000f2c4  HTTPStd_FIELD_NAME_ACCEPT                                            
2000f2c8  HTTPStd_FIELD_NAME_ACCEPT_CHARSET                                    
2000f2cc  HTTPStd_FIELD_NAME_ACCEPT_ENCODING                                   
2000f2d0  HTTPStd_FIELD_NAME_ACCEPT_LANGUAGE                                   
2000f2d4  HTTPStd_FIELD_NAME_ACCEPT_RANGES                                     
2000f2d8  HTTPStd_FIELD_NAME_AGE                                               
2000f2dc  HTTPStd_FIELD_NAME_ALLOW                                             
2000f2e0  HTTPStd_FIELD_NAME_AUTHORIZATION                                     
2000f2e4  HTTPStd_FIELD_NAME_CACHE_CONTROL                                     
2000f2e8  HTTPStd_FIELD_NAME_CONNECTION                                        
2000f2ec  HTTPStd_FIELD_NAME_CONTENT_ENCODING                                  
2000f2f0  HTTPStd_FIELD_NAME_CONTENT_LANGUAGE                                  
2000f2f4  HTTPStd_FIELD_NAME_CONTENT_LENGTH                                    
2000f2f8  HTTPStd_FIELD_NAME_CONTENT_LOCATION                                  
2000f2fc  HTTPStd_FIELD_NAME_CONTENT_MD5                                       
2000f300  HTTPStd_FIELD_NAME_CONTENT_RANGE                                     
2000f304  HTTPStd_FIELD_NAME_CONTENT_TYPE                                      
2000f308  HTTPStd_FIELD_NAME_COOKIE                                            
2000f30c  HTTPStd_FIELD_NAME_DATE                                              
2000f310  HTTPStd_FIELD_NAME_ETAG                                              
2000f314  HTTPStd_FIELD_NAME_EXPECT                                            
2000f318  HTTPStd_FIELD_NAME_EXPIRES                                           
2000f31c  HTTPStd_FIELD_NAME_FROM                                              
2000f320  HTTPStd_FIELD_NAME_HOST                                              
2000f324  HTTPStd_FIELD_NAME_IF_MATCH                                          
2000f328  HTTPStd_FIELD_NAME_IF_MODIFIED_SINCE                                 
2000f32c  HTTPStd_FIELD_NAME_IF_NONE_MATCH                                     
2000f330  HTTPStd_FIELD_NAME_IF_RANGE                                          
2000f334  HTTPStd_FIELD_NAME_IF_UNMODIFIED_SINCE                               
2000f338  HTTPStd_FIELD_NAME_LAST_MODIFIED                                     
2000f33c  HTTPStd_FIELD_NAME_LOCATION                                          
2000f340  HTTPStd_FIELD_NAME_MAX_FORWARDS                                      
2000f344  HTTPStd_FIELD_NAME_ORIGIN                                            
2000f348  HTTPStd_FIELD_NAME_PRAGMA                                            
2000f34c  HTTPStd_FIELD_NAME_PROXY_AUTHENTICATE                                
2000f350  HTTPStd_FIELD_NAME_PROXY_AUTHORIZATION                               
2000f354  HTTPStd_FIELD_NAME_RANGE                                             
2000f358  HTTPStd_FIELD_NAME_REFERER                                           
2000f35c  HTTPStd_FIELD_NAME_RETRY_AFTER                                       
2000f360  HTTPStd_FIELD_NAME_SERVER                                            
2000f364  HTTPStd_FIELD_NAME_TE                                                
2000f368  HTTPStd_FIELD_NAME_TRAILER                                           
2000f36c  HTTPStd_FIELD_NAME_TRANSFER_ENCODING                                 
2000f370  HTTPStd_FIELD_NAME_UPGRADE                                           
2000f374  HTTPStd_FIELD_NAME_USER_AGENT                                        
2000f378  HTTPStd_FIELD_NAME_VARY                                              
2000f37c  HTTPStd_FIELD_NAME_VIA                                               
2000f380  HTTPStd_FIELD_NAME_WWW_AUTHENTICATE                                  
2000f384  HTTPStd_FIELD_NAME_WARNING                                           
2000f388  HTTPStd_FIELD_NAME_X_FORWARDED_FOR                                   
2000f38c  _ipcfg                                                               
2000f440  ti_sysbios_knl_Task_Object__table__V                                 
2000f4d8  ti_sysbios_knl_Swi_Module_State_0_readyQ__A                          
2000f558  ti_sysbios_knl_Task_Module_State_0_readyQ__A                         
2000f678  ti_sysbios_knl_Task_Module__state__V                                 
2000f73c  ti_sysbios_family_arm_lm4_Timer_Module_State_0_device__A             
2000f77c  ti_sysbios_family_arm_lm4_Timer_Object__table__V                     
2000f7bc  ti_sysbios_gates_GateMutex_Object__table__V                          
2000f85c  ti_sysbios_family_arm_m3_Hwi_Module__state__V                        
2000f890  enablePrefetch                                                       
2000f894  phyCounter                                                           
2000f8c2  ti_sysbios_family_arm_m3_Hwi_Module_State_0_excActive__A             
2000f8c4  ti_sysbios_knl_Swi_Object__table__V                                  
2000f8f4  ti_sysbios_knl_Clock_Module__state__V                                
2000f920  pstrMsgName                                                          
2000f948  _oscfg                                                               
2000f96c  PITCount                                                             
2000f970  PITUsed                                                              
2000f974  PITHigh                                                              
2000f990  ti_sysbios_BIOS_Module__state__V                                     
2000f9b4  ti_sysbios_family_arm_lm4_Timer_Module_State_0_handles__A            
2000f9f0  ti_ndk_config_Global_Id2Size                                         
2000fa0c  ti_sysbios_knl_Swi_Module__state__V                                  
2000fa88  ti_sysbios_family_arm_m3_Hwi_Object__table__V                        
2000faa0  ti_sysbios_heaps_HeapMem_Object__table__V                            
2000faf4  gpioPinConfigs                                                       
2000fb2c  _IGMPForceVersion1                                                   
2000fb40  ti_sysbios_family_arm_lm4_Timer_Module__state__V                     
2000fb4c  xdc_runtime_SysMin_Module__state__V                                  
2000fb6e  xdc_runtime_Error_Module__state__V                                   
2000fb70  _lock                                                                
2000fb74  _unlock                                                              
2000fb78  NIMUDeviceTable                                                      
2000fb80  gpioCallbackFunctions                                                
2000fb88  ti_ndk_config_Global_HostName                                        
2000fb8c  __xdc__init__addr                                                    
2000fba0  _ICMPInErrors                                                        
2000fba4  _ICMPOutErrors                                                       
2000fba8  _IPExecuting                                                         
2000fbb8  gFragQList                                                           
2000fbc8  tcp_iss                                                              
2000fbcc  ptTimeFirst                                                          
2000fbd0  pt6TimeFirst                                                         
2000fbd4  tcp6_iss                                                             
2000fbe0  ti_sysbios_family_arm_m3_Hwi_Module__root__V                         
2000fbe8  ti_sysbios_gates_GateHwi_Module__root__V                             
2000fbf0  ti_sysbios_gates_GateMutex_Module__root__V                           
2000fbf8  ti_sysbios_heaps_HeapMem_Module__root__V                             
2000fc00  ti_sysbios_knl_Clock_Module__root__V                                 
2000fc08  ti_sysbios_knl_Queue_Module__root__V                                 
2000fc10  ti_sysbios_knl_Semaphore_Module__root__V                             
2000fc18  ti_sysbios_knl_Swi_Module__root__V                                   
2000fc20  ti_sysbios_knl_Task_Module__root__V                                  
2000fc28  xdc_runtime_Registry_Module__state__V                                
2000fc30  xdc_runtime_Startup_Module__state__V                                 
2000fc38  xdc_runtime_System_Module_State_0_atexitHandlers__A                  
2000fc40  xdc_runtime_System_Module__state__V                                  
2000fc48  macAddress                                                           
2000fc68  errno                                                                
2000fc6c  main_func_sp                                                         
2000fc78  _IPReasmPtr                                                          
2000fc84  gMLDNodeList                                                         
2000fc90  ti_sysbios_family_arm_m3_Hwi_Module_State_0_excContext__A            
2000fc94  ti_sysbios_family_arm_m3_Hwi_Module_State_0_excStack__A              
2000fc98  ti_sysbios_gates_GateHwi_Object__table__V                            
2000fc9c  ti_sysbios_knl_Task_Module_State_0_idleTask__A                       
2000fca0  xdc_runtime_Memory_Module__state__V                                  
2000fca8  __stack                                                              
200104a8  __STACK_END                                                          
e000e000  ti_sysbios_family_arm_m3_Hwi_nvic                                    
ffffffff  __TI_pprof_out_hndl                                                  
ffffffff  __TI_prof_data_size                                                  
ffffffff  __TI_prof_data_start                                                 
ffffffff  __binit__                                                            
ffffffff  __c_args__                                                           
ffffffff  binit                                                                
UNDEFED   SHT$$INIT_ARRAY$$Base                                                
UNDEFED   SHT$$INIT_ARRAY$$Limit                                               

[1254 symbols]
