******************************************************************************
                  TI ARM Linker PC v20.2.4                     
******************************************************************************
>> Linked Wed Jan 29 16:02:21 2025

OUTPUT FILE NAME:   <freertos_tcp_V4.out>
ENTRY POINT SYMBOL: "_c_int00_noargs"  address: 0000606d


MEMORY CONFIGURATION

         name            origin    length      used     unused   attr    fill
----------------------  --------  ---------  --------  --------  ----  --------
  FLASH                 00000000   00100000  000066a4  000f995c  R  X
  SRAM                  20000000   00040000  0000c95c  000336a4  RW X


SEGMENT ALLOCATION MAP

run origin  load origin   length   init length attrs members
----------  ----------- ---------- ----------- ----- -------
00000000    00000000    000066a8   000066a8    r-x
  00000000    00000000    00000208   00000208    r-- .intvecs
  00000208    00000208    00005ecc   00005ecc    r-x .text
  000060d4    000060d4    00000590   00000590    r-- .const
  00006668    00006668    00000040   00000040    r-- .cinit
20000000    20000000    0000c960   00000000    rw-
  20000000    20000000    0000026c   00000000    rw- .vtable
  2000026c    2000026c    0000c498   00000000    rw- .bss
  2000c708    2000c708    00000200   00000000    rw- .stack
  2000c908    2000c908    00000058   00000000    rw- .data


SECTION ALLOCATION MAP

 output                                  attributes/
section   page    origin      length       input sections
--------  ----  ----------  ----------   ----------------
.intvecs   0    00000000    00000208     
                  00000000    00000208     tm4c1294ncpdt_startup_ccs.obj (.intvecs)

.text      0    00000208    00005ecc     
                  00000208    00002148     tasks.obj (.text)
                  00002350    00000f80     sysctl.obj (.text)
                  000032d0    00000de4     queue.obj (.text)
                  000040b4    00000c14     gpio.obj (.text)
                  00004cc8    00000634     timers.obj (.text)
                  000052fc    000003d8     heap_4.obj (.text)
                  000056d4    000003c0     interrupt.obj (.text)
                  00005a94    0000013c     port.obj (.text)
                  00005bd0    0000012a     list.obj (.text)
                  00005cfa    00000002     --HOLE-- [fill = 0]
                  00005cfc    000000da     portasm.obj (.text)
                  00005dd6    0000009c     rtsv7M4_T_le_v4SPD16_eabi.lib : memcpy_t2.asm.obj (.text)
                  00005e72    00000002     --HOLE-- [fill = 0]
                  00005e74    00000090     main.obj (.text)
                  00005f04    0000007a     rtsv7M4_T_le_v4SPD16_eabi.lib : memset_t2.asm.obj (.text)
                  00005f7e    00000068                                   : copy_decompress_lzss.c.obj (.text:decompress:lzss:__TI_decompress_lzss)
                  00005fe6    00000002     --HOLE-- [fill = 0]
                  00005fe8    00000044                                   : autoinit.c.obj (.text:__TI_auto_init_nobinit_nopinit:__TI_auto_init_nobinit_nopinit)
                  0000602c    0000003e     cpu.obj (.text)
                  0000606a    00000002     --HOLE-- [fill = 0]
                  0000606c    00000034     rtsv7M4_T_le_v4SPD16_eabi.lib : boot_cortex_m.c.obj (.text:_c_int00_noargs:_c_int00_noargs)
                  000060a0    0000000e                                   : copy_decompress_none.c.obj (.text:decompress:none:__TI_decompress_none)
                  000060ae    0000000c                                   : copy_zero_init.c.obj (.text:decompress:ZI:__TI_zero_init)
                  000060ba    0000000c     tm4c1294ncpdt_startup_ccs.obj (.text)
                  000060c6    00000006     sysctl.obj (.text:SysCtlDelay)
                  000060cc    00000004     rtsv7M4_T_le_v4SPD16_eabi.lib : pre_init.c.obj (.text:_system_pre_init)
                  000060d0    00000004                                   : exit.c.obj (.text:abort:abort)

.const     0    000060d4    00000590     
                  000060d4    000001b0     sysctl.obj (.const:g_pppui32XTALtoVCO)
                  00006284    000000d8     gpio.obj (.const:g_ppui32GPIOIntMapSnowflake)
                  0000635c    000000c0     gpio.obj (.const:g_ppui32GPIOIntMapBlizzard)
                  0000641c    0000009c     interrupt.obj (.const:g_pui32Regs)
                  000064b8    00000090     gpio.obj (.const:g_pui32GPIOBaseAddrs)
                  00006548    0000006c     sysctl.obj (.const:g_pui32Xtals)
                  000065b4    00000030     sysctl.obj (.const:g_sXTALtoMEMTIM)
                  000065e4    00000020     interrupt.obj (.const:g_pui32Priority)
                  00006604    00000014     interrupt.obj (.const:g_pui32Dii16Regs)
                  00006618    00000014     interrupt.obj (.const:g_pui32EnRegs)
                  0000662c    00000014     interrupt.obj (.const:g_pui32PendRegs)
                  00006640    00000014     interrupt.obj (.const:g_pui32UnpendRegs)
                  00006654    00000008     sysctl.obj (.const:g_pui32VCOFrequencies)
                  0000665c    00000004     port.obj (.const)
                  00006660    00000004     tasks.obj (.const)

.cinit     0    00006668    00000040     
                  00006668    0000000c     (__TI_handler_table)
                  00006674    0000000b     (.cinit..data.load) [load image, compression = lzss]
                  0000667f    00000001     --HOLE-- [fill = 0]
                  00006680    00000008     (.cinit..bss.load) [load image, compression = zero_init]
                  00006688    00000008     (.cinit..vtable.load) [load image, compression = zero_init]
                  00006690    00000018     (__TI_cinit_table)

.init_array 
*          0    00000000    00000000     UNINITIALIZED

.vtable    0    20000000    0000026c     UNINITIALIZED
                  20000000    0000026c     interrupt.obj (.vtable)

.bss       0    2000026c    0000c498     UNINITIALIZED
                  2000026c    0000c350     heap_4.obj (.bss:ucHeap)
                  2000c5bc    00000064     tasks.obj (.bss:pxReadyTasksLists)
                  2000c620    00000040     (.common:xQueueRegistry)
                  2000c660    00000014     timers.obj (.bss:xActiveTimerList1)
                  2000c674    00000014     timers.obj (.bss:xActiveTimerList2)
                  2000c688    00000014     tasks.obj (.bss:xDelayedTaskList1)
                  2000c69c    00000014     tasks.obj (.bss:xDelayedTaskList2)
                  2000c6b0    00000014     tasks.obj (.bss:xPendingReadyList)
                  2000c6c4    00000014     tasks.obj (.bss:xSuspendedTaskList)
                  2000c6d8    00000014     tasks.obj (.bss:xTasksWaitingTermination)
                  2000c6ec    00000008     tasks.obj (.bss)
                  2000c6f4    00000008     timers.obj (.bss)
                  2000c6fc    00000008     heap_4.obj (.bss:xStart)

.data      0    2000c908    00000058     UNINITIALIZED
                  2000c908    00000034     tasks.obj (.data)
                  2000c93c    00000014     heap_4.obj (.data)
                  2000c950    0000000c     timers.obj (.data)
                  2000c95c    00000004     port.obj (.data)

.stack     0    2000c708    00000200     UNINITIALIZED
                  2000c708    00000004     rtsv7M4_T_le_v4SPD16_eabi.lib : boot_cortex_m.c.obj (.stack)
                  2000c70c    000001fc     --HOLE--

__llvm_prf_cnts 
*          0    20000000    00000000     UNINITIALIZED

MODULE SUMMARY

       Module                          code    ro data   rw data
       ------                          ----    -------   -------
    .\
       tm4c1294ncpdt_startup_ccs.obj   12      520       0      
       main.obj                        144     0         0      
    +--+-------------------------------+-------+---------+---------+
       Total:                          156     520       0      
                                                                
    .\FREERTOS_2022\
       tasks.obj                       8520    4         260    
       queue.obj                       3556    0         64     
       timers.obj                      1588    0         60     
       list.obj                        298     0         0      
    +--+-------------------------------+-------+---------+---------+
       Total:                          13962   4         384    
                                                                
    .\FREERTOS_2022\CCS\ARM_CM4F\
       port.obj                        316     4         4      
       portasm.obj                     218     0         0      
    +--+-------------------------------+-------+---------+---------+
       Total:                          534     4         4      
                                                                
    .\FREERTOS_2022\MemMang\
       heap_4.obj                      984     0         50028  
    +--+-------------------------------+-------+---------+---------+
       Total:                          984     0         50028  
                                                                
    .\driverlib\
       sysctl.obj                      3974    596       0      
       gpio.obj                        3092    552       0      
       interrupt.obj                   960     268       620    
       cpu.obj                         62      0         0      
    +--+-------------------------------+-------+---------+---------+
       Total:                          8088    1416      620    
                                                                
    C:\ti\ccs1031\ccs\tools\compiler\ti-cgt-arm_20.2.4.LTS\lib\rtsv7M4_T_le_v4SPD16_eabi.lib
       memcpy_t2.asm.obj               156     0         0      
       memset_t2.asm.obj               122     0         0      
       copy_decompress_lzss.c.obj      104     0         0      
       autoinit.c.obj                  68      0         0      
       boot_cortex_m.c.obj             52      0         0      
       copy_decompress_none.c.obj      14      0         0      
       copy_zero_init.c.obj            12      0         0      
       exit.c.obj                      4       0         0      
       pre_init.c.obj                  4       0         0      
    +--+-------------------------------+-------+---------+---------+
       Total:                          536     0         0      
                                                                
       Stack:                          0       0         512    
       Linker Generated:               0       63        0      
    +--+-------------------------------+-------+---------+---------+
       Grand Total:                    24260   2007      51548  


LINKER GENERATED COPY TABLES

__TI_cinit_table @ 00006690 records: 3, size/record: 8, table size: 24
	.data: load addr=00006674, load size=0000000b bytes, run addr=2000c908, run size=00000058 bytes, compression=lzss
	.bss: load addr=00006680, load size=00000008 bytes, run addr=2000026c, run size=0000c498 bytes, compression=zero_init
	.vtable: load addr=00006688, load size=00000008 bytes, run addr=20000000, run size=0000026c bytes, compression=zero_init


LINKER GENERATED HANDLER TABLE

__TI_handler_table @ 00006668 records: 3, size/record: 4, table size: 12
	index: 0, handler: __TI_zero_init
	index: 1, handler: __TI_decompress_lzss
	index: 2, handler: __TI_decompress_none


GLOBAL SYMBOLS: SORTED ALPHABETICALLY BY Name 

address   name                               
-------   ----                               
000060d1  C$$EXIT                            
00006061  CPUbasepriGet                      
00006053  CPUbasepriSet                      
0000602d  CPUcpsid                           
00006043  CPUcpsie                           
00006039  CPUprimask                         
0000604f  CPUwfi                             
00004c79  GPIOADCTriggerDisable              
00004c5b  GPIOADCTriggerEnable               
00004c3d  GPIODMATriggerDisable              
00004c1f  GPIODMATriggerEnable               
0000416f  GPIODirModeGet                     
00004113  GPIODirModeSet                     
00004729  GPIOIntClear                       
000046ed  GPIOIntDisable                     
000046c9  GPIOIntEnable                      
0000473d  GPIOIntRegister                    
00004775  GPIOIntRegisterPin                 
00004707  GPIOIntStatus                      
0000425f  GPIOIntTypeGet                     
000041bb  GPIOIntTypeSet                     
0000475b  GPIOIntUnregister                  
000047a3  GPIOIntUnregisterPin               
00004557  GPIOPadConfigGet                   
000042e9  GPIOPadConfigSet                   
00004bc1  GPIOPinConfigure                   
000047c7  GPIOPinRead                        
000047ff  GPIOPinTypeADC                     
00004823  GPIOPinTypeCAN                     
00004847  GPIOPinTypeComparator              
0000486b  GPIOPinTypeComparatorOutput        
0000488f  GPIOPinTypeDIVSCLK                 
000048b3  GPIOPinTypeEPI                     
000048d7  GPIOPinTypeEthernetLED             
000048fb  GPIOPinTypeEthernetMII             
0000491f  GPIOPinTypeGPIOInput               
00004943  GPIOPinTypeGPIOOutput              
0000496d  GPIOPinTypeGPIOOutputOD            
00004991  GPIOPinTypeHibernateRTCCLK         
000049b5  GPIOPinTypeI2C                     
000049d9  GPIOPinTypeI2CSCL                  
000049fd  GPIOPinTypeLCD                     
00004a21  GPIOPinTypeOneWire                 
00004a45  GPIOPinTypePWM                     
00004a69  GPIOPinTypeQEI                     
00004a8d  GPIOPinTypeSSI                     
00004ab1  GPIOPinTypeTimer                   
00004ad5  GPIOPinTypeTrace                   
00004af9  GPIOPinTypeUART                    
00004b1d  GPIOPinTypeUSBAnalog               
00004b41  GPIOPinTypeUSBDigital              
00004b65  GPIOPinTypeWakeHigh                
00004b8b  GPIOPinTypeWakeLow                 
00004bb1  GPIOPinWakeStatus                  
000047df  GPIOPinWrite                       
00004c97  GPIOUnlockPin                      
00005895  IntDisable                         
00005823  IntEnable                          
00005907  IntIsEnabled                       
000056e7  IntMasterDisable                   
000056d7  IntMasterEnable                    
000059fd  IntPendClear                       
0000598d  IntPendSet                         
000057ff  IntPriorityGet                     
00005777  IntPriorityGroupingGet             
0000575d  IntPriorityGroupingSet             
00005a57  IntPriorityMaskGet                 
00005a4b  IntPriorityMaskSet                 
000057af  IntPrioritySet                     
000056f7  IntRegister                        
00005a5f  IntTrigger                         
00005749  IntUnregister                      
00005e75  Led_Init                           
000060bb  ResetISR                           
0000328d  SysCtlAltClkConfig                 
000029b5  SysCtlClockFreqSet                 
00002e7d  SysCtlClockGet                     
00003271  SysCtlClockOutConfig               
00002cad  SysCtlClockSet                     
000028b9  SysCtlDeepSleep                    
00003041  SysCtlDeepSleepClockConfigSet      
00003023  SysCtlDeepSleepClockSet            
00002899  SysCtlDeepSleepPowerSet            
000060c7  SysCtlDelay                        
00002447  SysCtlFlashSectorSizeGet           
0000241b  SysCtlFlashSizeGet                 
00003117  SysCtlGPIOAHBDisable               
000030fb  SysCtlGPIOAHBEnable                
0000282d  SysCtlIntClear                     
00002815  SysCtlIntDisable                   
00002801  SysCtlIntEnable                    
000027d9  SysCtlIntRegister                  
0000283d  SysCtlIntStatus                    
000027f1  SysCtlIntUnregister                
0000287f  SysCtlLDODeepSleepGet              
0000286f  SysCtlLDODeepSleepSet              
00002869  SysCtlLDOSleepGet                  
00002859  SysCtlLDOSleepSet                  
000028ef  SysCtlMOSCConfigSet                
00003255  SysCtlNMIClear                     
00003241  SysCtlNMIStatus                    
00002905  SysCtlPIOSCCalibrate               
000030e5  SysCtlPWMClockGet                  
000030cb  SysCtlPWMClockSet                  
00002785  SysCtlPeripheralClockGating        
0000273d  SysCtlPeripheralDeepSleepDisable   
000026ed  SysCtlPeripheralDeepSleepEnable    
00002629  SysCtlPeripheralDisable            
000025ed  SysCtlPeripheralEnable             
00002529  SysCtlPeripheralPowerOff           
000024ed  SysCtlPeripheralPowerOn            
0000246d  SysCtlPeripheralPresent            
000024ad  SysCtlPeripheralReady              
00002565  SysCtlPeripheralReset              
000026b1  SysCtlPeripheralSleepDisable       
0000266d  SysCtlPeripheralSleepEnable        
000028a9  SysCtlReset                        
00002965  SysCtlResetBehaviorGet             
00002955  SysCtlResetBehaviorSet             
000028db  SysCtlResetCauseClear              
000028d5  SysCtlResetCauseGet                
00002411  SysCtlSRAMSizeGet                  
000028b1  SysCtlSleep                        
00002885  SysCtlSleepPowerSet                
0000313f  SysCtlUSBPLLDisable                
00003133  SysCtlUSBPLLEnable                 
00003185  SysCtlVCOGet                       
0000316d  SysCtlVoltageEventClear            
00003151  SysCtlVoltageEventConfig           
00003161  SysCtlVoltageEventStatus           
2000c908  __STACK_END                        
00000200  __STACK_SIZE                       
2000c908  __STACK_TOP                        
00006690  __TI_CINIT_Base                    
000066a8  __TI_CINIT_Limit                   
00006668  __TI_Handler_Table_Base            
00006674  __TI_Handler_Table_Limit           
00005fe9  __TI_auto_init_nobinit_nopinit     
00005f7f  __TI_decompress_lzss               
000060a1  __TI_decompress_none               
ffffffff  __TI_pprof_out_hndl                
ffffffff  __TI_prof_data_size                
ffffffff  __TI_prof_data_start               
00000000  __TI_static_base__                 
000060af  __TI_zero_init                     
00005f05  __aeabi_memclr                     
00005f05  __aeabi_memclr4                    
00005f05  __aeabi_memclr8                    
00005dd7  __aeabi_memcpy                     
00005dd7  __aeabi_memcpy4                    
00005dd7  __aeabi_memcpy8                    
00005f07  __aeabi_memset                     
00005f07  __aeabi_memset4                    
00005f07  __aeabi_memset8                    
ffffffff  __binit__                          
ffffffff  __c_args__                         
00005edd  __error__                          
UNDEFED   __mpu_init                         
2000c708  __stack                            
20000000  __start___llvm_prf_cnts            
20000000  __stop___llvm_prf_cnts             
0000606d  _c_int00_noargs                    
UNDEFED   _system_post_cinit                 
000060cd  _system_pre_init                   
000060d1  abort                              
ffffffff  binit                              
00005eb3  demoLEDTask                        
000005cd  eTaskGetState                      
20000000  g_pfnRAMVectors                    
00000000  g_pfnVectors                       
00005e87  main                               
00005dd7  memcpy                             
00005f0d  memset                             
00003fcb  pcQueueGetName                     
00000d81  pcTaskGetName                      
00004e7d  pcTimerGetName                     
0000547d  pvPortCalloc                       
000052fd  pvPortMalloc                       
00001b81  pvTaskIncrementMutexHeldCount      
00005285  pvTimerGetTimerID                  
2000c908  pxCurrentTCB                       
00005a95  pxPortInitialiseStack              
00003cf7  ucQueueGetQueueType                
0000665c  ulMaxSyscallInterruptPriority      
00005d0d  ulPortGetIPSR                      
00001b9d  ulTaskGenericNotifyTake            
0000220d  ulTaskGenericNotifyValueClear      
00005cb3  uxListRemove                       
00003cd7  uxQueueGetQueueNumber              
00003c75  uxQueueMessagesWaiting             
00003cab  uxQueueMessagesWaitingFromISR      
00003c8b  uxQueueSpacesAvailable             
00000d75  uxTaskGetNumberOfTasks             
00000dbd  uxTaskGetSystemState               
00001529  uxTaskGetTaskNumber                
0000068f  uxTaskPriorityGet                  
000006b9  uxTaskPriorityGetFromISR           
00001b59  uxTaskResetEventItemValue          
00004e5b  uxTimerGetReloadMode               
000052bf  uxTimerGetTimerNumber              
00006660  uxTopUsedPriority                  
00005bd1  vListInitialise                    
00005c01  vListInitialiseItem                
00005c4d  vListInsert                        
00005c11  vListInsertEnd                     
00005dc9  vPortEnableVFP                     
00005b35  vPortEndScheduler                  
00005b37  vPortEnterCritical                 
00005b57  vPortExitCritical                  
00005415  vPortFree                          
0000560d  vPortGetHeapStats                  
0000547b  vPortInitialiseBlocks              
00005d85  vPortSVCHandler                    
00005b93  vPortSetupTimerInterrupt           
00005da5  vPortStartFirstTask                
00003f5d  vQueueAddToRegistry                
00003cc1  vQueueDelete                       
00003ce5  vQueueSetQueueNumber               
0000400b  vQueueUnregisterQueue              
0000404f  vQueueWaitForMessageRestricted     
0000057f  vTaskDelay                         
00000437  vTaskDelete                        
00000b87  vTaskEndScheduler                  
00002065  vTaskGenericNotifyGiveFromISR      
00001635  vTaskGetInfo                       
0000147d  vTaskInternalSetTimeOutState       
00001521  vTaskMissedYield                   
000010f9  vTaskPlaceOnEventList              
0000118d  vTaskPlaceOnEventListRestricted    
00001119  vTaskPlaceOnUnorderedEventList     
00001a55  vTaskPriorityDisinheritAfterTimeout
00000701  vTaskPrioritySet                   
00001355  vTaskRemoveFromUnorderedEventList  
0000098f  vTaskResume                        
00001549  vTaskSetTaskNumber                 
0000145f  vTaskSetTimeOutState               
00000b31  vTaskStartScheduler                
0000085d  vTaskSuspend                       
00000ba3  vTaskSuspendAll                    
0000108d  vTaskSwitchContext                 
00004dfd  vTimerSetReloadMode                
000052a5  vTimerSetTimerID                   
000052cd  vTimerSetTimerNumber               
0000546f  xPortGetFreeHeapSize               
00005475  xPortGetMinimumEverFreeHeapSize    
00005d25  xPortPendSVHandler                 
00005aff  xPortStartScheduler                
00005b6d  xPortSysTickHandler                
00003529  xQueueCreateCountingSemaphore      
0000347d  xQueueCreateMutex                  
000033a3  xQueueGenericCreate                
000032d1  xQueueGenericReset                 
00003559  xQueueGenericSend                  
00003689  xQueueGenericSendFromISR           
0000373b  xQueueGiveFromISR                  
000034a9  xQueueGiveMutexRecursive           
00003ef1  xQueueIsQueueEmptyFromISR          
00003f37  xQueueIsQueueFullFromISR           
00003a57  xQueuePeek                         
00003c23  xQueuePeekFromISR                  
000037df  xQueueReceive                      
00003b79  xQueueReceiveFromISR               
2000c620  xQueueRegistry                     
000038fd  xQueueSemaphoreTake                
000034e5  xQueueTakeMutexRecursive           
00000e99  xTaskCatchUpTicks                  
0000149d  xTaskCheckForTimeOut               
00000209  xTaskCreate                        
000004ef  xTaskDelayUntil                    
00001d07  xTaskGenericNotify                 
00001e8d  xTaskGenericNotifyFromISR          
000021bd  xTaskGenericNotifyStateClear       
00001c45  xTaskGenericNotifyWait             
000017fd  xTaskGetCurrentTaskHandle          
00001811  xTaskGetSchedulerState             
00000d49  xTaskGetTickCount                  
00000d5d  xTaskGetTickCountFromISR           
00000ecd  xTaskIncrementTick                 
00001977  xTaskPriorityDisinherit            
00001861  xTaskPriorityInherit               
000011f9  xTaskRemoveFromEventList           
00000bb9  xTaskResumeAll                     
00000a59  xTaskResumeFromISR                 
00004cf5  xTimerCreate                       
00004cc9  xTimerCreateTimerTask              
00004d79  xTimerGenericCommand               
00004e67  xTimerGetExpiryTime                
00004deb  xTimerGetPeriod                    
00004e33  xTimerGetReloadMode                
00004de5  xTimerGetTimerDaemonTaskHandle     
0000525d  xTimerIsTimerActive                


GLOBAL SYMBOLS: SORTED BY Symbol Address 

address   name                               
-------   ----                               
00000000  __TI_static_base__                 
00000000  g_pfnVectors                       
00000200  __STACK_SIZE                       
00000209  xTaskCreate                        
00000437  vTaskDelete                        
000004ef  xTaskDelayUntil                    
0000057f  vTaskDelay                         
000005cd  eTaskGetState                      
0000068f  uxTaskPriorityGet                  
000006b9  uxTaskPriorityGetFromISR           
00000701  vTaskPrioritySet                   
0000085d  vTaskSuspend                       
0000098f  vTaskResume                        
00000a59  xTaskResumeFromISR                 
00000b31  vTaskStartScheduler                
00000b87  vTaskEndScheduler                  
00000ba3  vTaskSuspendAll                    
00000bb9  xTaskResumeAll                     
00000d49  xTaskGetTickCount                  
00000d5d  xTaskGetTickCountFromISR           
00000d75  uxTaskGetNumberOfTasks             
00000d81  pcTaskGetName                      
00000dbd  uxTaskGetSystemState               
00000e99  xTaskCatchUpTicks                  
00000ecd  xTaskIncrementTick                 
0000108d  vTaskSwitchContext                 
000010f9  vTaskPlaceOnEventList              
00001119  vTaskPlaceOnUnorderedEventList     
0000118d  vTaskPlaceOnEventListRestricted    
000011f9  xTaskRemoveFromEventList           
00001355  vTaskRemoveFromUnorderedEventList  
0000145f  vTaskSetTimeOutState               
0000147d  vTaskInternalSetTimeOutState       
0000149d  xTaskCheckForTimeOut               
00001521  vTaskMissedYield                   
00001529  uxTaskGetTaskNumber                
00001549  vTaskSetTaskNumber                 
00001635  vTaskGetInfo                       
000017fd  xTaskGetCurrentTaskHandle          
00001811  xTaskGetSchedulerState             
00001861  xTaskPriorityInherit               
00001977  xTaskPriorityDisinherit            
00001a55  vTaskPriorityDisinheritAfterTimeout
00001b59  uxTaskResetEventItemValue          
00001b81  pvTaskIncrementMutexHeldCount      
00001b9d  ulTaskGenericNotifyTake            
00001c45  xTaskGenericNotifyWait             
00001d07  xTaskGenericNotify                 
00001e8d  xTaskGenericNotifyFromISR          
00002065  vTaskGenericNotifyGiveFromISR      
000021bd  xTaskGenericNotifyStateClear       
0000220d  ulTaskGenericNotifyValueClear      
00002411  SysCtlSRAMSizeGet                  
0000241b  SysCtlFlashSizeGet                 
00002447  SysCtlFlashSectorSizeGet           
0000246d  SysCtlPeripheralPresent            
000024ad  SysCtlPeripheralReady              
000024ed  SysCtlPeripheralPowerOn            
00002529  SysCtlPeripheralPowerOff           
00002565  SysCtlPeripheralReset              
000025ed  SysCtlPeripheralEnable             
00002629  SysCtlPeripheralDisable            
0000266d  SysCtlPeripheralSleepEnable        
000026b1  SysCtlPeripheralSleepDisable       
000026ed  SysCtlPeripheralDeepSleepEnable    
0000273d  SysCtlPeripheralDeepSleepDisable   
00002785  SysCtlPeripheralClockGating        
000027d9  SysCtlIntRegister                  
000027f1  SysCtlIntUnregister                
00002801  SysCtlIntEnable                    
00002815  SysCtlIntDisable                   
0000282d  SysCtlIntClear                     
0000283d  SysCtlIntStatus                    
00002859  SysCtlLDOSleepSet                  
00002869  SysCtlLDOSleepGet                  
0000286f  SysCtlLDODeepSleepSet              
0000287f  SysCtlLDODeepSleepGet              
00002885  SysCtlSleepPowerSet                
00002899  SysCtlDeepSleepPowerSet            
000028a9  SysCtlReset                        
000028b1  SysCtlSleep                        
000028b9  SysCtlDeepSleep                    
000028d5  SysCtlResetCauseGet                
000028db  SysCtlResetCauseClear              
000028ef  SysCtlMOSCConfigSet                
00002905  SysCtlPIOSCCalibrate               
00002955  SysCtlResetBehaviorSet             
00002965  SysCtlResetBehaviorGet             
000029b5  SysCtlClockFreqSet                 
00002cad  SysCtlClockSet                     
00002e7d  SysCtlClockGet                     
00003023  SysCtlDeepSleepClockSet            
00003041  SysCtlDeepSleepClockConfigSet      
000030cb  SysCtlPWMClockSet                  
000030e5  SysCtlPWMClockGet                  
000030fb  SysCtlGPIOAHBEnable                
00003117  SysCtlGPIOAHBDisable               
00003133  SysCtlUSBPLLEnable                 
0000313f  SysCtlUSBPLLDisable                
00003151  SysCtlVoltageEventConfig           
00003161  SysCtlVoltageEventStatus           
0000316d  SysCtlVoltageEventClear            
00003185  SysCtlVCOGet                       
00003241  SysCtlNMIStatus                    
00003255  SysCtlNMIClear                     
00003271  SysCtlClockOutConfig               
0000328d  SysCtlAltClkConfig                 
000032d1  xQueueGenericReset                 
000033a3  xQueueGenericCreate                
0000347d  xQueueCreateMutex                  
000034a9  xQueueGiveMutexRecursive           
000034e5  xQueueTakeMutexRecursive           
00003529  xQueueCreateCountingSemaphore      
00003559  xQueueGenericSend                  
00003689  xQueueGenericSendFromISR           
0000373b  xQueueGiveFromISR                  
000037df  xQueueReceive                      
000038fd  xQueueSemaphoreTake                
00003a57  xQueuePeek                         
00003b79  xQueueReceiveFromISR               
00003c23  xQueuePeekFromISR                  
00003c75  uxQueueMessagesWaiting             
00003c8b  uxQueueSpacesAvailable             
00003cab  uxQueueMessagesWaitingFromISR      
00003cc1  vQueueDelete                       
00003cd7  uxQueueGetQueueNumber              
00003ce5  vQueueSetQueueNumber               
00003cf7  ucQueueGetQueueType                
00003ef1  xQueueIsQueueEmptyFromISR          
00003f37  xQueueIsQueueFullFromISR           
00003f5d  vQueueAddToRegistry                
00003fcb  pcQueueGetName                     
0000400b  vQueueUnregisterQueue              
0000404f  vQueueWaitForMessageRestricted     
00004113  GPIODirModeSet                     
0000416f  GPIODirModeGet                     
000041bb  GPIOIntTypeSet                     
0000425f  GPIOIntTypeGet                     
000042e9  GPIOPadConfigSet                   
00004557  GPIOPadConfigGet                   
000046c9  GPIOIntEnable                      
000046ed  GPIOIntDisable                     
00004707  GPIOIntStatus                      
00004729  GPIOIntClear                       
0000473d  GPIOIntRegister                    
0000475b  GPIOIntUnregister                  
00004775  GPIOIntRegisterPin                 
000047a3  GPIOIntUnregisterPin               
000047c7  GPIOPinRead                        
000047df  GPIOPinWrite                       
000047ff  GPIOPinTypeADC                     
00004823  GPIOPinTypeCAN                     
00004847  GPIOPinTypeComparator              
0000486b  GPIOPinTypeComparatorOutput        
0000488f  GPIOPinTypeDIVSCLK                 
000048b3  GPIOPinTypeEPI                     
000048d7  GPIOPinTypeEthernetLED             
000048fb  GPIOPinTypeEthernetMII             
0000491f  GPIOPinTypeGPIOInput               
00004943  GPIOPinTypeGPIOOutput              
0000496d  GPIOPinTypeGPIOOutputOD            
00004991  GPIOPinTypeHibernateRTCCLK         
000049b5  GPIOPinTypeI2C                     
000049d9  GPIOPinTypeI2CSCL                  
000049fd  GPIOPinTypeLCD                     
00004a21  GPIOPinTypeOneWire                 
00004a45  GPIOPinTypePWM                     
00004a69  GPIOPinTypeQEI                     
00004a8d  GPIOPinTypeSSI                     
00004ab1  GPIOPinTypeTimer                   
00004ad5  GPIOPinTypeTrace                   
00004af9  GPIOPinTypeUART                    
00004b1d  GPIOPinTypeUSBAnalog               
00004b41  GPIOPinTypeUSBDigital              
00004b65  GPIOPinTypeWakeHigh                
00004b8b  GPIOPinTypeWakeLow                 
00004bb1  GPIOPinWakeStatus                  
00004bc1  GPIOPinConfigure                   
00004c1f  GPIODMATriggerEnable               
00004c3d  GPIODMATriggerDisable              
00004c5b  GPIOADCTriggerEnable               
00004c79  GPIOADCTriggerDisable              
00004c97  GPIOUnlockPin                      
00004cc9  xTimerCreateTimerTask              
00004cf5  xTimerCreate                       
00004d79  xTimerGenericCommand               
00004de5  xTimerGetTimerDaemonTaskHandle     
00004deb  xTimerGetPeriod                    
00004dfd  vTimerSetReloadMode                
00004e33  xTimerGetReloadMode                
00004e5b  uxTimerGetReloadMode               
00004e67  xTimerGetExpiryTime                
00004e7d  pcTimerGetName                     
0000525d  xTimerIsTimerActive                
00005285  pvTimerGetTimerID                  
000052a5  vTimerSetTimerID                   
000052bf  uxTimerGetTimerNumber              
000052cd  vTimerSetTimerNumber               
000052fd  pvPortMalloc                       
00005415  vPortFree                          
0000546f  xPortGetFreeHeapSize               
00005475  xPortGetMinimumEverFreeHeapSize    
0000547b  vPortInitialiseBlocks              
0000547d  pvPortCalloc                       
0000560d  vPortGetHeapStats                  
000056d7  IntMasterEnable                    
000056e7  IntMasterDisable                   
000056f7  IntRegister                        
00005749  IntUnregister                      
0000575d  IntPriorityGroupingSet             
00005777  IntPriorityGroupingGet             
000057af  IntPrioritySet                     
000057ff  IntPriorityGet                     
00005823  IntEnable                          
00005895  IntDisable                         
00005907  IntIsEnabled                       
0000598d  IntPendSet                         
000059fd  IntPendClear                       
00005a4b  IntPriorityMaskSet                 
00005a57  IntPriorityMaskGet                 
00005a5f  IntTrigger                         
00005a95  pxPortInitialiseStack              
00005aff  xPortStartScheduler                
00005b35  vPortEndScheduler                  
00005b37  vPortEnterCritical                 
00005b57  vPortExitCritical                  
00005b6d  xPortSysTickHandler                
00005b93  vPortSetupTimerInterrupt           
00005bd1  vListInitialise                    
00005c01  vListInitialiseItem                
00005c11  vListInsertEnd                     
00005c4d  vListInsert                        
00005cb3  uxListRemove                       
00005d0d  ulPortGetIPSR                      
00005d25  xPortPendSVHandler                 
00005d85  vPortSVCHandler                    
00005da5  vPortStartFirstTask                
00005dc9  vPortEnableVFP                     
00005dd7  __aeabi_memcpy                     
00005dd7  __aeabi_memcpy4                    
00005dd7  __aeabi_memcpy8                    
00005dd7  memcpy                             
00005e75  Led_Init                           
00005e87  main                               
00005eb3  demoLEDTask                        
00005edd  __error__                          
00005f05  __aeabi_memclr                     
00005f05  __aeabi_memclr4                    
00005f05  __aeabi_memclr8                    
00005f07  __aeabi_memset                     
00005f07  __aeabi_memset4                    
00005f07  __aeabi_memset8                    
00005f0d  memset                             
00005f7f  __TI_decompress_lzss               
00005fe9  __TI_auto_init_nobinit_nopinit     
0000602d  CPUcpsid                           
00006039  CPUprimask                         
00006043  CPUcpsie                           
0000604f  CPUwfi                             
00006053  CPUbasepriSet                      
00006061  CPUbasepriGet                      
0000606d  _c_int00_noargs                    
000060a1  __TI_decompress_none               
000060af  __TI_zero_init                     
000060bb  ResetISR                           
000060c7  SysCtlDelay                        
000060cd  _system_pre_init                   
000060d1  C$$EXIT                            
000060d1  abort                              
0000665c  ulMaxSyscallInterruptPriority      
00006660  uxTopUsedPriority                  
00006668  __TI_Handler_Table_Base            
00006674  __TI_Handler_Table_Limit           
00006690  __TI_CINIT_Base                    
000066a8  __TI_CINIT_Limit                   
20000000  __start___llvm_prf_cnts            
20000000  __stop___llvm_prf_cnts             
20000000  g_pfnRAMVectors                    
2000c620  xQueueRegistry                     
2000c708  __stack                            
2000c908  __STACK_END                        
2000c908  __STACK_TOP                        
2000c908  pxCurrentTCB                       
ffffffff  __TI_pprof_out_hndl                
ffffffff  __TI_prof_data_size                
ffffffff  __TI_prof_data_start               
ffffffff  __binit__                          
ffffffff  __c_args__                         
ffffffff  binit                              
UNDEFED   __mpu_init                         
UNDEFED   _system_post_cinit                 

[291 symbols]
