<?xml version="1.0" encoding="ISO-8859-1" ?>
<link_info>
   <banner>TI ARM Linker PC v20.2.4.LTS</banner>
   <copyright>Copyright (c) 1996-2018 Texas Instruments Incorporated</copyright>
   <link_time>0x679a1b54</link_time>
   <link_errors>0x0</link_errors>
   <output_file>freertos_tcp.out</output_file>
   <entry_point>
      <name>_c_int00_noargs</name>
      <address>0x606d</address>
   </entry_point>
   <input_file_list>
      <input_file id="fl-2">
         <path>.\</path>
         <kind>object</kind>
         <file>led_simple.obj</file>
         <name>led_simple.obj</name>
      </input_file>
      <input_file id="fl-3">
         <path>.\</path>
         <kind>object</kind>
         <file>tm4c1294ncpdt_startup_ccs.obj</file>
         <name>tm4c1294ncpdt_startup_ccs.obj</name>
      </input_file>
      <input_file id="fl-4">
         <path>.\FREERTOS_2022\CCS\ARM_CM4F\</path>
         <kind>object</kind>
         <file>port.obj</file>
         <name>port.obj</name>
      </input_file>
      <input_file id="fl-5">
         <path>.\FREERTOS_2022\CCS\ARM_CM4F\</path>
         <kind>object</kind>
         <file>portasm.obj</file>
         <name>portasm.obj</name>
      </input_file>
      <input_file id="fl-6">
         <path>.\FREERTOS_2022\MemMang\</path>
         <kind>object</kind>
         <file>heap_4.obj</file>
         <name>heap_4.obj</name>
      </input_file>
      <input_file id="fl-7">
         <path>.\FREERTOS_2022\</path>
         <kind>object</kind>
         <file>croutine.obj</file>
         <name>croutine.obj</name>
      </input_file>
      <input_file id="fl-8">
         <path>.\FREERTOS_2022\</path>
         <kind>object</kind>
         <file>event_groups.obj</file>
         <name>event_groups.obj</name>
      </input_file>
      <input_file id="fl-9">
         <path>.\FREERTOS_2022\</path>
         <kind>object</kind>
         <file>list.obj</file>
         <name>list.obj</name>
      </input_file>
      <input_file id="fl-a">
         <path>.\FREERTOS_2022\</path>
         <kind>object</kind>
         <file>queue.obj</file>
         <name>queue.obj</name>
      </input_file>
      <input_file id="fl-b">
         <path>.\FREERTOS_2022\</path>
         <kind>object</kind>
         <file>stream_buffer.obj</file>
         <name>stream_buffer.obj</name>
      </input_file>
      <input_file id="fl-c">
         <path>.\FREERTOS_2022\</path>
         <kind>object</kind>
         <file>tasks.obj</file>
         <name>tasks.obj</name>
      </input_file>
      <input_file id="fl-d">
         <path>.\FREERTOS_2022\</path>
         <kind>object</kind>
         <file>timers.obj</file>
         <name>timers.obj</name>
      </input_file>
      <input_file id="fl-e">
         <path>.\FREERTOS_TCP_SOURCE\</path>
         <kind>object</kind>
         <file>FreeRTOS_ARP.obj</file>
         <name>FreeRTOS_ARP.obj</name>
      </input_file>
      <input_file id="fl-f">
         <path>.\FREERTOS_TCP_SOURCE\</path>
         <kind>object</kind>
         <file>FreeRTOS_DHCP.obj</file>
         <name>FreeRTOS_DHCP.obj</name>
      </input_file>
      <input_file id="fl-10">
         <path>.\FREERTOS_TCP_SOURCE\</path>
         <kind>object</kind>
         <file>FreeRTOS_DNS.obj</file>
         <name>FreeRTOS_DNS.obj</name>
      </input_file>
      <input_file id="fl-11">
         <path>.\FREERTOS_TCP_SOURCE\</path>
         <kind>object</kind>
         <file>FreeRTOS_DNS_Cache.obj</file>
         <name>FreeRTOS_DNS_Cache.obj</name>
      </input_file>
      <input_file id="fl-12">
         <path>.\FREERTOS_TCP_SOURCE\</path>
         <kind>object</kind>
         <file>FreeRTOS_DNS_Callback.obj</file>
         <name>FreeRTOS_DNS_Callback.obj</name>
      </input_file>
      <input_file id="fl-13">
         <path>.\FREERTOS_TCP_SOURCE\</path>
         <kind>object</kind>
         <file>FreeRTOS_DNS_Networking.obj</file>
         <name>FreeRTOS_DNS_Networking.obj</name>
      </input_file>
      <input_file id="fl-14">
         <path>.\FREERTOS_TCP_SOURCE\</path>
         <kind>object</kind>
         <file>FreeRTOS_DNS_Parser.obj</file>
         <name>FreeRTOS_DNS_Parser.obj</name>
      </input_file>
      <input_file id="fl-15">
         <path>.\FREERTOS_TCP_SOURCE\</path>
         <kind>object</kind>
         <file>FreeRTOS_ICMP.obj</file>
         <name>FreeRTOS_ICMP.obj</name>
      </input_file>
      <input_file id="fl-16">
         <path>.\FREERTOS_TCP_SOURCE\</path>
         <kind>object</kind>
         <file>FreeRTOS_IP.obj</file>
         <name>FreeRTOS_IP.obj</name>
      </input_file>
      <input_file id="fl-17">
         <path>.\FREERTOS_TCP_SOURCE\</path>
         <kind>object</kind>
         <file>FreeRTOS_IP_Timers.obj</file>
         <name>FreeRTOS_IP_Timers.obj</name>
      </input_file>
      <input_file id="fl-18">
         <path>.\FREERTOS_TCP_SOURCE\</path>
         <kind>object</kind>
         <file>FreeRTOS_IP_Utils.obj</file>
         <name>FreeRTOS_IP_Utils.obj</name>
      </input_file>
      <input_file id="fl-19">
         <path>.\FREERTOS_TCP_SOURCE\</path>
         <kind>object</kind>
         <file>FreeRTOS_Sockets.obj</file>
         <name>FreeRTOS_Sockets.obj</name>
      </input_file>
      <input_file id="fl-1a">
         <path>.\FREERTOS_TCP_SOURCE\</path>
         <kind>object</kind>
         <file>FreeRTOS_Stream_Buffer.obj</file>
         <name>FreeRTOS_Stream_Buffer.obj</name>
      </input_file>
      <input_file id="fl-1b">
         <path>.\FREERTOS_TCP_SOURCE\</path>
         <kind>object</kind>
         <file>FreeRTOS_TCP_IP.obj</file>
         <name>FreeRTOS_TCP_IP.obj</name>
      </input_file>
      <input_file id="fl-1c">
         <path>.\FREERTOS_TCP_SOURCE\</path>
         <kind>object</kind>
         <file>FreeRTOS_TCP_Reception.obj</file>
         <name>FreeRTOS_TCP_Reception.obj</name>
      </input_file>
      <input_file id="fl-1d">
         <path>.\FREERTOS_TCP_SOURCE\</path>
         <kind>object</kind>
         <file>FreeRTOS_TCP_State_Handling.obj</file>
         <name>FreeRTOS_TCP_State_Handling.obj</name>
      </input_file>
      <input_file id="fl-1e">
         <path>.\FREERTOS_TCP_SOURCE\</path>
         <kind>object</kind>
         <file>FreeRTOS_TCP_Transmission.obj</file>
         <name>FreeRTOS_TCP_Transmission.obj</name>
      </input_file>
      <input_file id="fl-1f">
         <path>.\FREERTOS_TCP_SOURCE\</path>
         <kind>object</kind>
         <file>FreeRTOS_TCP_Utils.obj</file>
         <name>FreeRTOS_TCP_Utils.obj</name>
      </input_file>
      <input_file id="fl-20">
         <path>.\FREERTOS_TCP_SOURCE\</path>
         <kind>object</kind>
         <file>FreeRTOS_TCP_WIN.obj</file>
         <name>FreeRTOS_TCP_WIN.obj</name>
      </input_file>
      <input_file id="fl-21">
         <path>.\FREERTOS_TCP_SOURCE\</path>
         <kind>object</kind>
         <file>FreeRTOS_Tiny_TCP.obj</file>
         <name>FreeRTOS_Tiny_TCP.obj</name>
      </input_file>
      <input_file id="fl-22">
         <path>.\FREERTOS_TCP_SOURCE\</path>
         <kind>object</kind>
         <file>FreeRTOS_UDP_IP.obj</file>
         <name>FreeRTOS_UDP_IP.obj</name>
      </input_file>
      <input_file id="fl-23">
         <path>.\FREERTOS_TCP_SOURCE\portable\BufferManagement\</path>
         <kind>object</kind>
         <file>BufferAllocation_2.obj</file>
         <name>BufferAllocation_2.obj</name>
      </input_file>
      <input_file id="fl-24">
         <path>.\FREERTOS_TCP_SOURCE\portable\NetworkInterface\Common\</path>
         <kind>object</kind>
         <file>phyHandling.obj</file>
         <name>phyHandling.obj</name>
      </input_file>
      <input_file id="fl-25">
         <path>.\FREERTOS_TCP_SOURCE\portable\NetworkInterface\TM4C\</path>
         <kind>object</kind>
         <file>NetworkInterface.obj</file>
         <name>NetworkInterface.obj</name>
      </input_file>
      <input_file id="fl-26">
         <path>.\driverlib\</path>
         <kind>object</kind>
         <file>cpu.obj</file>
         <name>cpu.obj</name>
      </input_file>
      <input_file id="fl-27">
         <path>.\driverlib\</path>
         <kind>object</kind>
         <file>gpio.obj</file>
         <name>gpio.obj</name>
      </input_file>
      <input_file id="fl-28">
         <path>.\driverlib\</path>
         <kind>object</kind>
         <file>interrupt.obj</file>
         <name>interrupt.obj</name>
      </input_file>
      <input_file id="fl-29">
         <path>.\driverlib\</path>
         <kind>object</kind>
         <file>sysctl.obj</file>
         <name>sysctl.obj</name>
      </input_file>
      <input_file id="fl-2d">
         <kind>object</kind>
         <file>&lt;internal&gt;</file>
         <name>&lt;internal&gt;</name>
      </input_file>
      <input_file id="fl-e3">
         <path>C:\ti\ccs1031\ccs\tools\compiler\ti-cgt-arm_20.2.4.LTS\lib\</path>
         <kind>archive</kind>
         <file>rtsv7M4_T_le_v4SPD16_eabi.lib</file>
         <name>snprintf.c.obj</name>
      </input_file>
      <input_file id="fl-e4">
         <path>C:\ti\ccs1031\ccs\tools\compiler\ti-cgt-arm_20.2.4.LTS\lib\</path>
         <kind>archive</kind>
         <file>rtsv7M4_T_le_v4SPD16_eabi.lib</file>
         <name>memset_t2.asm.obj</name>
      </input_file>
      <input_file id="fl-e5">
         <path>C:\ti\ccs1031\ccs\tools\compiler\ti-cgt-arm_20.2.4.LTS\lib\</path>
         <kind>archive</kind>
         <file>rtsv7M4_T_le_v4SPD16_eabi.lib</file>
         <name>memcpy_t2.asm.obj</name>
      </input_file>
      <input_file id="fl-e6">
         <path>C:\ti\ccs1031\ccs\tools\compiler\ti-cgt-arm_20.2.4.LTS\lib\</path>
         <kind>archive</kind>
         <file>rtsv7M4_T_le_v4SPD16_eabi.lib</file>
         <name>copy_zero_init.c.obj</name>
      </input_file>
      <input_file id="fl-e7">
         <path>C:\ti\ccs1031\ccs\tools\compiler\ti-cgt-arm_20.2.4.LTS\lib\</path>
         <kind>archive</kind>
         <file>rtsv7M4_T_le_v4SPD16_eabi.lib</file>
         <name>copy_decompress_none.c.obj</name>
      </input_file>
      <input_file id="fl-e8">
         <path>C:\ti\ccs1031\ccs\tools\compiler\ti-cgt-arm_20.2.4.LTS\lib\</path>
         <kind>archive</kind>
         <file>rtsv7M4_T_le_v4SPD16_eabi.lib</file>
         <name>copy_decompress_lzss.c.obj</name>
      </input_file>
      <input_file id="fl-e9">
         <path>C:\ti\ccs1031\ccs\tools\compiler\ti-cgt-arm_20.2.4.LTS\lib\</path>
         <kind>archive</kind>
         <file>rtsv7M4_T_le_v4SPD16_eabi.lib</file>
         <name>memcmp.c.obj</name>
      </input_file>
      <input_file id="fl-ea">
         <path>C:\ti\ccs1031\ccs\tools\compiler\ti-cgt-arm_20.2.4.LTS\lib\</path>
         <kind>archive</kind>
         <file>rtsv7M4_T_le_v4SPD16_eabi.lib</file>
         <name>memmov.c.obj</name>
      </input_file>
      <input_file id="fl-eb">
         <path>C:\ti\ccs1031\ccs\tools\compiler\ti-cgt-arm_20.2.4.LTS\lib\</path>
         <kind>archive</kind>
         <file>rtsv7M4_T_le_v4SPD16_eabi.lib</file>
         <name>strcmp.c.obj</name>
      </input_file>
      <input_file id="fl-ec">
         <path>C:\ti\ccs1031\ccs\tools\compiler\ti-cgt-arm_20.2.4.LTS\lib\</path>
         <kind>archive</kind>
         <file>rtsv7M4_T_le_v4SPD16_eabi.lib</file>
         <name>strcpy.c.obj</name>
      </input_file>
      <input_file id="fl-ed">
         <path>C:\ti\ccs1031\ccs\tools\compiler\ti-cgt-arm_20.2.4.LTS\lib\</path>
         <kind>archive</kind>
         <file>rtsv7M4_T_le_v4SPD16_eabi.lib</file>
         <name>strlen.c.obj</name>
      </input_file>
      <input_file id="fl-ee">
         <path>C:\ti\ccs1031\ccs\tools\compiler\ti-cgt-arm_20.2.4.LTS\lib\</path>
         <kind>archive</kind>
         <file>rtsv7M4_T_le_v4SPD16_eabi.lib</file>
         <name>boot_cortex_m.c.obj</name>
      </input_file>
      <input_file id="fl-ef">
         <path>C:\ti\ccs1031\ccs\tools\compiler\ti-cgt-arm_20.2.4.LTS\lib\</path>
         <kind>archive</kind>
         <file>rtsv7M4_T_le_v4SPD16_eabi.lib</file>
         <name>_printfi.c.obj</name>
      </input_file>
      <input_file id="fl-f0">
         <path>C:\ti\ccs1031\ccs\tools\compiler\ti-cgt-arm_20.2.4.LTS\lib\</path>
         <kind>archive</kind>
         <file>rtsv7M4_T_le_v4SPD16_eabi.lib</file>
         <name>s_frexp.c.obj</name>
      </input_file>
      <input_file id="fl-f1">
         <path>C:\ti\ccs1031\ccs\tools\compiler\ti-cgt-arm_20.2.4.LTS\lib\</path>
         <kind>archive</kind>
         <file>rtsv7M4_T_le_v4SPD16_eabi.lib</file>
         <name>s_scalbn.c.obj</name>
      </input_file>
      <input_file id="fl-f2">
         <path>C:\ti\ccs1031\ccs\tools\compiler\ti-cgt-arm_20.2.4.LTS\lib\</path>
         <kind>archive</kind>
         <file>rtsv7M4_T_le_v4SPD16_eabi.lib</file>
         <name>s_copysign.c.obj</name>
      </input_file>
      <input_file id="fl-f3">
         <path>C:\ti\ccs1031\ccs\tools\compiler\ti-cgt-arm_20.2.4.LTS\lib\</path>
         <kind>archive</kind>
         <file>rtsv7M4_T_le_v4SPD16_eabi.lib</file>
         <name>ull_div_t2.asm.obj</name>
      </input_file>
      <input_file id="fl-f4">
         <path>C:\ti\ccs1031\ccs\tools\compiler\ti-cgt-arm_20.2.4.LTS\lib\</path>
         <kind>archive</kind>
         <file>rtsv7M4_T_le_v4SPD16_eabi.lib</file>
         <name>fd_add_t2.asm.obj</name>
      </input_file>
      <input_file id="fl-f5">
         <path>C:\ti\ccs1031\ccs\tools\compiler\ti-cgt-arm_20.2.4.LTS\lib\</path>
         <kind>archive</kind>
         <file>rtsv7M4_T_le_v4SPD16_eabi.lib</file>
         <name>fd_cmp_t2.asm.obj</name>
      </input_file>
      <input_file id="fl-f6">
         <path>C:\ti\ccs1031\ccs\tools\compiler\ti-cgt-arm_20.2.4.LTS\lib\</path>
         <kind>archive</kind>
         <file>rtsv7M4_T_le_v4SPD16_eabi.lib</file>
         <name>fd_div_t2.asm.obj</name>
      </input_file>
      <input_file id="fl-f7">
         <path>C:\ti\ccs1031\ccs\tools\compiler\ti-cgt-arm_20.2.4.LTS\lib\</path>
         <kind>archive</kind>
         <file>rtsv7M4_T_le_v4SPD16_eabi.lib</file>
         <name>fd_mul_t2.asm.obj</name>
      </input_file>
      <input_file id="fl-f8">
         <path>C:\ti\ccs1031\ccs\tools\compiler\ti-cgt-arm_20.2.4.LTS\lib\</path>
         <kind>archive</kind>
         <file>rtsv7M4_T_le_v4SPD16_eabi.lib</file>
         <name>fd_toi_t2.asm.obj</name>
      </input_file>
      <input_file id="fl-f9">
         <path>C:\ti\ccs1031\ccs\tools\compiler\ti-cgt-arm_20.2.4.LTS\lib\</path>
         <kind>archive</kind>
         <file>rtsv7M4_T_le_v4SPD16_eabi.lib</file>
         <name>i_tofd_t2.asm.obj</name>
      </input_file>
      <input_file id="fl-fa">
         <path>C:\ti\ccs1031\ccs\tools\compiler\ti-cgt-arm_20.2.4.LTS\lib\</path>
         <kind>archive</kind>
         <file>rtsv7M4_T_le_v4SPD16_eabi.lib</file>
         <name>autoinit.c.obj</name>
      </input_file>
      <input_file id="fl-fb">
         <path>C:\ti\ccs1031\ccs\tools\compiler\ti-cgt-arm_20.2.4.LTS\lib\</path>
         <kind>archive</kind>
         <file>rtsv7M4_T_le_v4SPD16_eabi.lib</file>
         <name>pre_init.c.obj</name>
      </input_file>
      <input_file id="fl-fc">
         <path>C:\ti\ccs1031\ccs\tools\compiler\ti-cgt-arm_20.2.4.LTS\lib\</path>
         <kind>archive</kind>
         <file>rtsv7M4_T_le_v4SPD16_eabi.lib</file>
         <name>cpy_tbl.c.obj</name>
      </input_file>
      <input_file id="fl-fd">
         <path>C:\ti\ccs1031\ccs\tools\compiler\ti-cgt-arm_20.2.4.LTS\lib\</path>
         <kind>archive</kind>
         <file>rtsv7M4_T_le_v4SPD16_eabi.lib</file>
         <name>exit.c.obj</name>
      </input_file>
      <input_file id="fl-fe">
         <path>C:\ti\ccs1031\ccs\tools\compiler\ti-cgt-arm_20.2.4.LTS\lib\</path>
         <kind>archive</kind>
         <file>rtsv7M4_T_le_v4SPD16_eabi.lib</file>
         <name>_lock.c.obj</name>
      </input_file>
      <input_file id="fl-ff">
         <path>C:\ti\ccs1031\ccs\tools\compiler\ti-cgt-arm_20.2.4.LTS\lib\</path>
         <kind>archive</kind>
         <file>rtsv7M4_T_le_v4SPD16_eabi.lib</file>
         <name>_ltoa.c.obj</name>
      </input_file>
      <input_file id="fl-100">
         <path>C:\ti\ccs1031\ccs\tools\compiler\ti-cgt-arm_20.2.4.LTS\lib\</path>
         <kind>archive</kind>
         <file>rtsv7M4_T_le_v4SPD16_eabi.lib</file>
         <name>args_main.c.obj</name>
      </input_file>
      <input_file id="fl-101">
         <path>C:\ti\ccs1031\ccs\tools\compiler\ti-cgt-arm_20.2.4.LTS\lib\</path>
         <kind>archive</kind>
         <file>rtsv7M4_T_le_v4SPD16_eabi.lib</file>
         <name>atoi.c.obj</name>
      </input_file>
      <input_file id="fl-102">
         <path>C:\ti\ccs1031\ccs\tools\compiler\ti-cgt-arm_20.2.4.LTS\lib\</path>
         <kind>archive</kind>
         <file>rtsv7M4_T_le_v4SPD16_eabi.lib</file>
         <name>ctype.c.obj</name>
      </input_file>
      <input_file id="fl-103">
         <path>C:\ti\ccs1031\ccs\tools\compiler\ti-cgt-arm_20.2.4.LTS\lib\</path>
         <kind>archive</kind>
         <file>rtsv7M4_T_le_v4SPD16_eabi.lib</file>
         <name>memccpy.c.obj</name>
      </input_file>
      <input_file id="fl-104">
         <path>C:\ti\ccs1031\ccs\tools\compiler\ti-cgt-arm_20.2.4.LTS\lib\</path>
         <kind>archive</kind>
         <file>rtsv7M4_T_le_v4SPD16_eabi.lib</file>
         <name>strchr.c.obj</name>
      </input_file>
      <input_file id="fl-105">
         <path>C:\ti\ccs1031\ccs\tools\compiler\ti-cgt-arm_20.2.4.LTS\lib\</path>
         <kind>archive</kind>
         <file>rtsv7M4_T_le_v4SPD16_eabi.lib</file>
         <name>errno.c.obj</name>
      </input_file>
      <input_file id="fl-106">
         <path>C:\ti\ccs1031\ccs\tools\compiler\ti-cgt-arm_20.2.4.LTS\lib\</path>
         <kind>archive</kind>
         <file>rtsv7M4_T_le_v4SPD16_eabi.lib</file>
         <name>wcslen.c.obj</name>
      </input_file>
      <input_file id="fl-107">
         <path>C:\ti\ccs1031\ccs\tools\compiler\ti-cgt-arm_20.2.4.LTS\lib\</path>
         <kind>archive</kind>
         <file>rtsv7M4_T_le_v4SPD16_eabi.lib</file>
         <name>div0.asm.obj</name>
      </input_file>
   </input_file_list>
   <object_component_list>
      <object_component id="oc-12">
         <name>.intvecs</name>
         <load_address>0x0</load_address>
         <run_address>0x0</run_address>
         <size>0x208</size>
         <input_file_ref idref="fl-3"/>
      </object_component>
      <object_component id="oc-7f">
         <name>.text</name>
         <load_address>0x208</load_address>
         <run_address>0x208</run_address>
         <size>0x2148</size>
         <input_file_ref idref="fl-c"/>
      </object_component>
      <object_component id="oc-137">
         <name>.text</name>
         <load_address>0x2350</load_address>
         <run_address>0x2350</run_address>
         <size>0xf80</size>
         <input_file_ref idref="fl-29"/>
      </object_component>
      <object_component id="oc-1ad">
         <name>.text</name>
         <load_address>0x32d0</load_address>
         <run_address>0x32d0</run_address>
         <size>0xde4</size>
         <input_file_ref idref="fl-a"/>
      </object_component>
      <object_component id="oc-13d">
         <name>.text</name>
         <load_address>0x40b4</load_address>
         <run_address>0x40b4</run_address>
         <size>0xc14</size>
         <input_file_ref idref="fl-27"/>
      </object_component>
      <object_component id="oc-100">
         <name>.text</name>
         <load_address>0x4cc8</load_address>
         <run_address>0x4cc8</run_address>
         <size>0x634</size>
         <input_file_ref idref="fl-d"/>
      </object_component>
      <object_component id="oc-e8">
         <name>.text</name>
         <load_address>0x52fc</load_address>
         <run_address>0x52fc</run_address>
         <size>0x3d8</size>
         <input_file_ref idref="fl-6"/>
      </object_component>
      <object_component id="oc-1dd">
         <name>.text</name>
         <load_address>0x56d4</load_address>
         <run_address>0x56d4</run_address>
         <size>0x3c0</size>
         <input_file_ref idref="fl-28"/>
      </object_component>
      <object_component id="oc-32">
         <name>.text</name>
         <load_address>0x5a94</load_address>
         <run_address>0x5a94</run_address>
         <size>0x13c</size>
         <input_file_ref idref="fl-4"/>
      </object_component>
      <object_component id="oc-ee">
         <name>.text</name>
         <load_address>0x5bd0</load_address>
         <run_address>0x5bd0</run_address>
         <size>0x12a</size>
         <input_file_ref idref="fl-9"/>
      </object_component>
      <object_component id="oc-2d">
         <name>.text</name>
         <load_address>0x5cfc</load_address>
         <run_address>0x5cfc</run_address>
         <size>0xda</size>
         <input_file_ref idref="fl-5"/>
      </object_component>
      <object_component id="oc-46">
         <name>.text</name>
         <load_address>0x5dd6</load_address>
         <run_address>0x5dd6</run_address>
         <size>0x9c</size>
         <input_file_ref idref="fl-e5"/>
      </object_component>
      <object_component id="oc-cc">
         <name>.text</name>
         <load_address>0x5e74</load_address>
         <run_address>0x5e74</run_address>
         <size>0x90</size>
         <input_file_ref idref="fl-2"/>
      </object_component>
      <object_component id="oc-c0">
         <name>.text</name>
         <load_address>0x5f04</load_address>
         <run_address>0x5f04</run_address>
         <size>0x7a</size>
         <input_file_ref idref="fl-e4"/>
      </object_component>
      <object_component id="oc-15">
         <name>.text:decompress:lzss:__TI_decompress_lzss</name>
         <load_address>0x5f7e</load_address>
         <run_address>0x5f7e</run_address>
         <size>0x68</size>
         <input_file_ref idref="fl-e8"/>
      </object_component>
      <object_component id="oc-150">
         <name>.text:__TI_auto_init_nobinit_nopinit:__TI_auto_init_nobinit_nopinit</name>
         <load_address>0x5fe8</load_address>
         <run_address>0x5fe8</run_address>
         <size>0x44</size>
         <input_file_ref idref="fl-fa"/>
      </object_component>
      <object_component id="oc-1e3">
         <name>.text</name>
         <load_address>0x602c</load_address>
         <run_address>0x602c</run_address>
         <size>0x3e</size>
         <input_file_ref idref="fl-26"/>
      </object_component>
      <object_component id="oc-64">
         <name>.text:_c_int00_noargs:_c_int00_noargs</name>
         <load_address>0x606c</load_address>
         <run_address>0x606c</run_address>
         <size>0x34</size>
         <input_file_ref idref="fl-ee"/>
      </object_component>
      <object_component id="oc-1b">
         <name>.text:decompress:none:__TI_decompress_none</name>
         <load_address>0x60a0</load_address>
         <run_address>0x60a0</run_address>
         <size>0xe</size>
         <input_file_ref idref="fl-e7"/>
      </object_component>
      <object_component id="oc-58">
         <name>.text:decompress:ZI:__TI_zero_init</name>
         <load_address>0x60ae</load_address>
         <run_address>0x60ae</run_address>
         <size>0xc</size>
         <input_file_ref idref="fl-e6"/>
      </object_component>
      <object_component id="oc-27">
         <name>.text</name>
         <load_address>0x60ba</load_address>
         <run_address>0x60ba</run_address>
         <size>0xc</size>
         <input_file_ref idref="fl-3"/>
      </object_component>
      <object_component id="oc-1f2">
         <name>.text:SysCtlDelay</name>
         <load_address>0x60c6</load_address>
         <run_address>0x60c6</run_address>
         <size>0x6</size>
         <input_file_ref idref="fl-29"/>
      </object_component>
      <object_component id="oc-c6">
         <name>.text:_system_pre_init</name>
         <load_address>0x60cc</load_address>
         <run_address>0x60cc</run_address>
         <size>0x4</size>
         <input_file_ref idref="fl-fb"/>
      </object_component>
      <object_component id="oc-144">
         <name>.text:abort:abort</name>
         <load_address>0x60d0</load_address>
         <run_address>0x60d0</run_address>
         <size>0x4</size>
         <input_file_ref idref="fl-fd"/>
      </object_component>
      <object_component id="oc-1ef">
         <name>.const:g_pppui32XTALtoVCO</name>
         <load_address>0x60d4</load_address>
         <run_address>0x60d4</run_address>
         <size>0x1b0</size>
         <input_file_ref idref="fl-29"/>
      </object_component>
      <object_component id="oc-202">
         <name>.const:g_ppui32GPIOIntMapSnowflake</name>
         <load_address>0x6284</load_address>
         <run_address>0x6284</run_address>
         <size>0xd8</size>
         <input_file_ref idref="fl-27"/>
      </object_component>
      <object_component id="oc-1ff">
         <name>.const:g_ppui32GPIOIntMapBlizzard</name>
         <load_address>0x635c</load_address>
         <run_address>0x635c</run_address>
         <size>0xc0</size>
         <input_file_ref idref="fl-27"/>
      </object_component>
      <object_component id="oc-25a">
         <name>.const:g_pui32Regs</name>
         <load_address>0x641c</load_address>
         <run_address>0x641c</run_address>
         <size>0x9c</size>
         <input_file_ref idref="fl-28"/>
      </object_component>
      <object_component id="oc-205">
         <name>.const:g_pui32GPIOBaseAddrs</name>
         <load_address>0x64b8</load_address>
         <run_address>0x64b8</run_address>
         <size>0x90</size>
         <input_file_ref idref="fl-27"/>
      </object_component>
      <object_component id="oc-1e9">
         <name>.const:g_pui32Xtals</name>
         <load_address>0x6548</load_address>
         <run_address>0x6548</run_address>
         <size>0x6c</size>
         <input_file_ref idref="fl-29"/>
      </object_component>
      <object_component id="oc-1da">
         <name>.const:g_sXTALtoMEMTIM</name>
         <load_address>0x65b4</load_address>
         <run_address>0x65b4</run_address>
         <size>0x30</size>
         <input_file_ref idref="fl-29"/>
      </object_component>
      <object_component id="oc-257">
         <name>.const:g_pui32Priority</name>
         <load_address>0x65e4</load_address>
         <run_address>0x65e4</run_address>
         <size>0x20</size>
         <input_file_ref idref="fl-28"/>
      </object_component>
      <object_component id="oc-260">
         <name>.const:g_pui32Dii16Regs</name>
         <load_address>0x6604</load_address>
         <run_address>0x6604</run_address>
         <size>0x14</size>
         <input_file_ref idref="fl-28"/>
      </object_component>
      <object_component id="oc-25d">
         <name>.const:g_pui32EnRegs</name>
         <load_address>0x6618</load_address>
         <run_address>0x6618</run_address>
         <size>0x14</size>
         <input_file_ref idref="fl-28"/>
      </object_component>
      <object_component id="oc-263">
         <name>.const:g_pui32PendRegs</name>
         <load_address>0x662c</load_address>
         <run_address>0x662c</run_address>
         <size>0x14</size>
         <input_file_ref idref="fl-28"/>
      </object_component>
      <object_component id="oc-266">
         <name>.const:g_pui32UnpendRegs</name>
         <load_address>0x6640</load_address>
         <run_address>0x6640</run_address>
         <size>0x14</size>
         <input_file_ref idref="fl-28"/>
      </object_component>
      <object_component id="oc-1ec">
         <name>.const:g_pui32VCOFrequencies</name>
         <load_address>0x6654</load_address>
         <run_address>0x6654</run_address>
         <size>0x8</size>
         <input_file_ref idref="fl-29"/>
      </object_component>
      <object_component id="oc-7c">
         <name>.const</name>
         <load_address>0x665c</load_address>
         <run_address>0x665c</run_address>
         <size>0x4</size>
         <input_file_ref idref="fl-4"/>
      </object_component>
      <object_component id="oc-109">
         <name>.const</name>
         <load_address>0x6660</load_address>
         <run_address>0x6660</run_address>
         <size>0x4</size>
         <input_file_ref idref="fl-c"/>
      </object_component>
      <object_component id="oc-2fc">
         <name>__TI_handler_table</name>
         <load_address>0x6668</load_address>
         <run_address>0x6668</run_address>
         <size>0xc</size>
      </object_component>
      <object_component id="oc-2ff">
         <name>.cinit..data.load</name>
         <load_address>0x6674</load_address>
         <run_address>0x6674</run_address>
         <size>0xb</size>
      </object_component>
      <object_component id="oc-300">
         <name>.cinit..bss.load</name>
         <load_address>0x6680</load_address>
         <run_address>0x6680</run_address>
         <size>0x8</size>
      </object_component>
      <object_component id="oc-2fe">
         <name>.cinit..vtable.load</name>
         <load_address>0x6688</load_address>
         <run_address>0x6688</run_address>
         <size>0x8</size>
      </object_component>
      <object_component id="oc-2fd">
         <name>__TI_cinit_table</name>
         <load_address>0x6690</load_address>
         <run_address>0x6690</run_address>
         <size>0x18</size>
      </object_component>
      <object_component id="oc-254">
         <name>.vtable</name>
         <uninitialized>true</uninitialized>
         <run_address>0x20000000</run_address>
         <size>0x26c</size>
         <input_file_ref idref="fl-28"/>
      </object_component>
      <object_component id="oc-86">
         <name>.data</name>
         <load_address>0x2000c95c</load_address>
         <run_address>0x2000c95c</run_address>
         <size>0x4</size>
         <input_file_ref idref="fl-4"/>
      </object_component>
      <object_component id="oc-198">
         <name>.data</name>
         <load_address>0x2000c93c</load_address>
         <run_address>0x2000c93c</run_address>
         <size>0x14</size>
         <input_file_ref idref="fl-6"/>
      </object_component>
      <object_component id="oc-79">
         <name>.data</name>
         <load_address>0x2000c908</load_address>
         <run_address>0x2000c908</run_address>
         <size>0x34</size>
         <input_file_ref idref="fl-c"/>
      </object_component>
      <object_component id="oc-1b3">
         <name>.data</name>
         <load_address>0x2000c950</load_address>
         <run_address>0x2000c950</run_address>
         <size>0xc</size>
         <input_file_ref idref="fl-d"/>
      </object_component>
      <object_component id="oc-19e">
         <name>.bss:ucHeap</name>
         <uninitialized>true</uninitialized>
         <run_address>0x2000026c</run_address>
         <size>0xc350</size>
         <input_file_ref idref="fl-6"/>
      </object_component>
      <object_component id="oc-19b">
         <name>.bss:xStart</name>
         <uninitialized>true</uninitialized>
         <run_address>0x2000c6fc</run_address>
         <size>0x8</size>
         <input_file_ref idref="fl-6"/>
      </object_component>
      <object_component id="oc-f4">
         <name>.bss:pxReadyTasksLists</name>
         <uninitialized>true</uninitialized>
         <run_address>0x2000c5bc</run_address>
         <size>0x64</size>
         <input_file_ref idref="fl-c"/>
      </object_component>
      <object_component id="oc-10c">
         <name>.bss:xDelayedTaskList1</name>
         <uninitialized>true</uninitialized>
         <run_address>0x2000c688</run_address>
         <size>0x14</size>
         <input_file_ref idref="fl-c"/>
      </object_component>
      <object_component id="oc-10f">
         <name>.bss:xDelayedTaskList2</name>
         <uninitialized>true</uninitialized>
         <run_address>0x2000c69c</run_address>
         <size>0x14</size>
         <input_file_ref idref="fl-c"/>
      </object_component>
      <object_component id="oc-fa">
         <name>.bss</name>
         <uninitialized>true</uninitialized>
         <run_address>0x2000c6ec</run_address>
         <size>0x8</size>
         <input_file_ref idref="fl-c"/>
      </object_component>
      <object_component id="oc-106">
         <name>.bss:xPendingReadyList</name>
         <uninitialized>true</uninitialized>
         <run_address>0x2000c6b0</run_address>
         <size>0x14</size>
         <input_file_ref idref="fl-c"/>
      </object_component>
      <object_component id="oc-f7">
         <name>.bss:xTasksWaitingTermination</name>
         <uninitialized>true</uninitialized>
         <run_address>0x2000c6d8</run_address>
         <size>0x14</size>
         <input_file_ref idref="fl-c"/>
      </object_component>
      <object_component id="oc-fd">
         <name>.bss:xSuspendedTaskList</name>
         <uninitialized>true</uninitialized>
         <run_address>0x2000c6c4</run_address>
         <size>0x14</size>
         <input_file_ref idref="fl-c"/>
      </object_component>
      <object_component id="oc-1b9">
         <name>.bss:xActiveTimerList1</name>
         <uninitialized>true</uninitialized>
         <run_address>0x2000c660</run_address>
         <size>0x14</size>
         <input_file_ref idref="fl-d"/>
      </object_component>
      <object_component id="oc-1bc">
         <name>.bss:xActiveTimerList2</name>
         <uninitialized>true</uninitialized>
         <run_address>0x2000c674</run_address>
         <size>0x14</size>
         <input_file_ref idref="fl-d"/>
      </object_component>
      <object_component id="oc-1b6">
         <name>.bss</name>
         <uninitialized>true</uninitialized>
         <run_address>0x2000c6f4</run_address>
         <size>0x8</size>
         <input_file_ref idref="fl-d"/>
      </object_component>
      <object_component id="oc-23f">
         <name>.common:xQueueRegistry</name>
         <uninitialized>true</uninitialized>
         <run_address>0x2000c620</run_address>
         <size>0x40</size>
      </object_component>
      <object_component id="oc-24">
         <name>.stack</name>
         <uninitialized>true</uninitialized>
         <run_address>0x2000c708</run_address>
         <size>0x4</size>
         <input_file_ref idref="fl-ee"/>
      </object_component>
      <object_component id="oc-302">
         <name>.stack</name>
         <uninitialized>true</uninitialized>
         <run_address>0x2000c708</run_address>
         <size>0x0</size>
      </object_component>
      <object_component id="oc-121">
         <name>.debug_info</name>
         <load_address>0x0</load_address>
         <run_address>0x0</run_address>
         <size>0x52f</size>
         <input_file_ref idref="fl-2"/>
      </object_component>
      <object_component id="oc-cd">
         <name>.debug_info</name>
         <load_address>0x52f</load_address>
         <run_address>0x52f</run_address>
         <size>0x3aa</size>
         <input_file_ref idref="fl-2"/>
      </object_component>
      <object_component id="oc-117">
         <name>.debug_info</name>
         <load_address>0x8d9</load_address>
         <run_address>0x8d9</run_address>
         <size>0x315</size>
         <input_file_ref idref="fl-2"/>
      </object_component>
      <object_component id="oc-a1">
         <name>.debug_info</name>
         <load_address>0xbee</load_address>
         <run_address>0xbee</run_address>
         <size>0x26b</size>
         <input_file_ref idref="fl-2"/>
      </object_component>
      <object_component id="oc-a6">
         <name>.debug_info</name>
         <load_address>0xe59</load_address>
         <run_address>0xe59</run_address>
         <size>0x461</size>
         <input_file_ref idref="fl-2"/>
      </object_component>
      <object_component id="oc-1d5">
         <name>.debug_info</name>
         <load_address>0x12ba</load_address>
         <run_address>0x12ba</run_address>
         <size>0x4f</size>
         <input_file_ref idref="fl-2"/>
      </object_component>
      <object_component id="oc-41">
         <name>.debug_info</name>
         <load_address>0x1309</load_address>
         <run_address>0x1309</run_address>
         <size>0x84</size>
         <input_file_ref idref="fl-2"/>
      </object_component>
      <object_component id="oc-8b">
         <name>.debug_info</name>
         <load_address>0x138d</load_address>
         <run_address>0x138d</run_address>
         <size>0x2c</size>
         <input_file_ref idref="fl-2"/>
      </object_component>
      <object_component id="oc-122">
         <name>.debug_info</name>
         <load_address>0x13b9</load_address>
         <run_address>0x13b9</run_address>
         <size>0x2a4</size>
         <input_file_ref idref="fl-2"/>
      </object_component>
      <object_component id="oc-1f4">
         <name>.debug_info</name>
         <load_address>0x165d</load_address>
         <run_address>0x165d</run_address>
         <size>0xef</size>
         <input_file_ref idref="fl-2"/>
      </object_component>
      <object_component id="oc-97">
         <name>.debug_info</name>
         <load_address>0x174c</load_address>
         <run_address>0x174c</run_address>
         <size>0xbb</size>
         <input_file_ref idref="fl-2"/>
      </object_component>
      <object_component id="oc-9c">
         <name>.debug_info</name>
         <load_address>0x1807</load_address>
         <run_address>0x1807</run_address>
         <size>0x53</size>
         <input_file_ref idref="fl-2"/>
      </object_component>
      <object_component id="oc-90">
         <name>.debug_info</name>
         <load_address>0x185a</load_address>
         <run_address>0x185a</run_address>
         <size>0x53</size>
         <input_file_ref idref="fl-2"/>
      </object_component>
      <object_component id="oc-11c">
         <name>.debug_info</name>
         <load_address>0x18ad</load_address>
         <run_address>0x18ad</run_address>
         <size>0x14c</size>
         <input_file_ref idref="fl-2"/>
      </object_component>
      <object_component id="oc-3a">
         <name>.debug_info</name>
         <load_address>0x19f9</load_address>
         <run_address>0x19f9</run_address>
         <size>0x3ef</size>
         <input_file_ref idref="fl-3"/>
      </object_component>
      <object_component id="oc-13">
         <name>.debug_info</name>
         <load_address>0x1de8</load_address>
         <run_address>0x1de8</run_address>
         <size>0xee</size>
         <input_file_ref idref="fl-3"/>
      </object_component>
      <object_component id="oc-28">
         <name>.debug_info</name>
         <load_address>0x1ed6</load_address>
         <run_address>0x1ed6</run_address>
         <size>0x26d</size>
         <input_file_ref idref="fl-3"/>
      </object_component>
      <object_component id="oc-8a">
         <name>.debug_info</name>
         <load_address>0x2143</load_address>
         <run_address>0x2143</run_address>
         <size>0x411</size>
         <input_file_ref idref="fl-4"/>
      </object_component>
      <object_component id="oc-7d">
         <name>.debug_info</name>
         <load_address>0x2554</load_address>
         <run_address>0x2554</run_address>
         <size>0x116</size>
         <input_file_ref idref="fl-4"/>
      </object_component>
      <object_component id="oc-87">
         <name>.debug_info</name>
         <load_address>0x266a</load_address>
         <run_address>0x266a</run_address>
         <size>0xfd</size>
         <input_file_ref idref="fl-4"/>
      </object_component>
      <object_component id="oc-34">
         <name>.debug_info</name>
         <load_address>0x2767</load_address>
         <run_address>0x2767</run_address>
         <size>0x66d</size>
         <input_file_ref idref="fl-4"/>
      </object_component>
      <object_component id="oc-30">
         <name>.debug_info</name>
         <load_address>0x2dd4</load_address>
         <run_address>0x2dd4</run_address>
         <size>0x24b</size>
         <input_file_ref idref="fl-5"/>
      </object_component>
      <object_component id="oc-1a2">
         <name>.debug_info</name>
         <load_address>0x301f</load_address>
         <run_address>0x301f</run_address>
         <size>0x4a8</size>
         <input_file_ref idref="fl-6"/>
      </object_component>
      <object_component id="oc-19f">
         <name>.debug_info</name>
         <load_address>0x34c7</load_address>
         <run_address>0x34c7</run_address>
         <size>0xe4</size>
         <input_file_ref idref="fl-6"/>
      </object_component>
      <object_component id="oc-19c">
         <name>.debug_info</name>
         <load_address>0x35ab</load_address>
         <run_address>0x35ab</run_address>
         <size>0xe4</size>
         <input_file_ref idref="fl-6"/>
      </object_component>
      <object_component id="oc-199">
         <name>.debug_info</name>
         <load_address>0x368f</load_address>
         <run_address>0x368f</run_address>
         <size>0x1f0</size>
         <input_file_ref idref="fl-6"/>
      </object_component>
      <object_component id="oc-e9">
         <name>.debug_info</name>
         <load_address>0x387f</load_address>
         <run_address>0x387f</run_address>
         <size>0xa18</size>
         <input_file_ref idref="fl-6"/>
      </object_component>
      <object_component id="oc-189">
         <name>.debug_info</name>
         <load_address>0x4297</load_address>
         <run_address>0x4297</run_address>
         <size>0x110</size>
         <input_file_ref idref="fl-6"/>
      </object_component>
      <object_component id="oc-193">
         <name>.debug_info</name>
         <load_address>0x43a7</load_address>
         <run_address>0x43a7</run_address>
         <size>0x461</size>
         <input_file_ref idref="fl-6"/>
      </object_component>
      <object_component id="oc-22f">
         <name>.debug_info</name>
         <load_address>0x4808</load_address>
         <run_address>0x4808</run_address>
         <size>0x62</size>
         <input_file_ref idref="fl-6"/>
      </object_component>
      <object_component id="oc-238">
         <name>.debug_info</name>
         <load_address>0x486a</load_address>
         <run_address>0x486a</run_address>
         <size>0x109</size>
         <input_file_ref idref="fl-6"/>
      </object_component>
      <object_component id="oc-22a">
         <name>.debug_info</name>
         <load_address>0x4973</load_address>
         <run_address>0x4973</run_address>
         <size>0x64d</size>
         <input_file_ref idref="fl-8"/>
      </object_component>
      <object_component id="oc-2a3">
         <name>.debug_info</name>
         <load_address>0x4fc0</load_address>
         <run_address>0x4fc0</run_address>
         <size>0x76</size>
         <input_file_ref idref="fl-8"/>
      </object_component>
      <object_component id="oc-2a8">
         <name>.debug_info</name>
         <load_address>0x5036</load_address>
         <run_address>0x5036</run_address>
         <size>0x39</size>
         <input_file_ref idref="fl-8"/>
      </object_component>
      <object_component id="oc-184">
         <name>.debug_info</name>
         <load_address>0x506f</load_address>
         <run_address>0x506f</run_address>
         <size>0x4f</size>
         <input_file_ref idref="fl-8"/>
      </object_component>
      <object_component id="oc-1a4">
         <name>.debug_info</name>
         <load_address>0x50be</load_address>
         <run_address>0x50be</run_address>
         <size>0x384</size>
         <input_file_ref idref="fl-9"/>
      </object_component>
      <object_component id="oc-f2">
         <name>.debug_info</name>
         <load_address>0x5442</load_address>
         <run_address>0x5442</run_address>
         <size>0x4e0</size>
         <input_file_ref idref="fl-9"/>
      </object_component>
      <object_component id="oc-240">
         <name>.debug_info</name>
         <load_address>0x5922</load_address>
         <run_address>0x5922</run_address>
         <size>0x8e7</size>
         <input_file_ref idref="fl-a"/>
      </object_component>
      <object_component id="oc-1ae">
         <name>.debug_info</name>
         <load_address>0x6209</load_address>
         <run_address>0x6209</run_address>
         <size>0x393b</size>
         <input_file_ref idref="fl-a"/>
      </object_component>
      <object_component id="oc-2af">
         <name>.debug_info</name>
         <load_address>0x9b44</load_address>
         <run_address>0x9b44</run_address>
         <size>0x23f</size>
         <input_file_ref idref="fl-a"/>
      </object_component>
      <object_component id="oc-243">
         <name>.debug_info</name>
         <load_address>0x9d83</load_address>
         <run_address>0x9d83</run_address>
         <size>0x46</size>
         <input_file_ref idref="fl-a"/>
      </object_component>
      <object_component id="oc-12e">
         <name>.debug_info</name>
         <load_address>0x9dc9</load_address>
         <run_address>0x9dc9</run_address>
         <size>0x2c</size>
         <input_file_ref idref="fl-b"/>
      </object_component>
      <object_component id="oc-e0">
         <name>.debug_info</name>
         <load_address>0x9df5</load_address>
         <run_address>0x9df5</run_address>
         <size>0x7b2</size>
         <input_file_ref idref="fl-c"/>
      </object_component>
      <object_component id="oc-7a">
         <name>.debug_info</name>
         <load_address>0xa5a7</load_address>
         <run_address>0xa5a7</run_address>
         <size>0x349</size>
         <input_file_ref idref="fl-c"/>
      </object_component>
      <object_component id="oc-f5">
         <name>.debug_info</name>
         <load_address>0xa8f0</load_address>
         <run_address>0xa8f0</run_address>
         <size>0xf2</size>
         <input_file_ref idref="fl-c"/>
      </object_component>
      <object_component id="oc-10d">
         <name>.debug_info</name>
         <load_address>0xa9e2</load_address>
         <run_address>0xa9e2</run_address>
         <size>0xf2</size>
         <input_file_ref idref="fl-c"/>
      </object_component>
      <object_component id="oc-110">
         <name>.debug_info</name>
         <load_address>0xaad4</load_address>
         <run_address>0xaad4</run_address>
         <size>0xf2</size>
         <input_file_ref idref="fl-c"/>
      </object_component>
      <object_component id="oc-fb">
         <name>.debug_info</name>
         <load_address>0xabc6</load_address>
         <run_address>0xabc6</run_address>
         <size>0x135</size>
         <input_file_ref idref="fl-c"/>
      </object_component>
      <object_component id="oc-107">
         <name>.debug_info</name>
         <load_address>0xacfb</load_address>
         <run_address>0xacfb</run_address>
         <size>0xf2</size>
         <input_file_ref idref="fl-c"/>
      </object_component>
      <object_component id="oc-f8">
         <name>.debug_info</name>
         <load_address>0xaded</load_address>
         <run_address>0xaded</run_address>
         <size>0x100</size>
         <input_file_ref idref="fl-c"/>
      </object_component>
      <object_component id="oc-fe">
         <name>.debug_info</name>
         <load_address>0xaeed</load_address>
         <run_address>0xaeed</run_address>
         <size>0xf4</size>
         <input_file_ref idref="fl-c"/>
      </object_component>
      <object_component id="oc-10a">
         <name>.debug_info</name>
         <load_address>0xafe1</load_address>
         <run_address>0xafe1</run_address>
         <size>0xf3</size>
         <input_file_ref idref="fl-c"/>
      </object_component>
      <object_component id="oc-81">
         <name>.debug_info</name>
         <load_address>0xb0d4</load_address>
         <run_address>0xb0d4</run_address>
         <size>0x54e6</size>
         <input_file_ref idref="fl-c"/>
      </object_component>
      <object_component id="oc-e1">
         <name>.debug_info</name>
         <load_address>0x105ba</load_address>
         <run_address>0x105ba</run_address>
         <size>0x30c</size>
         <input_file_ref idref="fl-c"/>
      </object_component>
      <object_component id="oc-18e">
         <name>.debug_info</name>
         <load_address>0x108c6</load_address>
         <run_address>0x108c6</run_address>
         <size>0x145</size>
         <input_file_ref idref="fl-c"/>
      </object_component>
      <object_component id="oc-1c5">
         <name>.debug_info</name>
         <load_address>0x10a0b</load_address>
         <run_address>0x10a0b</run_address>
         <size>0x863</size>
         <input_file_ref idref="fl-d"/>
      </object_component>
      <object_component id="oc-1ba">
         <name>.debug_info</name>
         <load_address>0x1126e</load_address>
         <run_address>0x1126e</run_address>
         <size>0xf2</size>
         <input_file_ref idref="fl-d"/>
      </object_component>
      <object_component id="oc-1bd">
         <name>.debug_info</name>
         <load_address>0x11360</load_address>
         <run_address>0x11360</run_address>
         <size>0xf2</size>
         <input_file_ref idref="fl-d"/>
      </object_component>
      <object_component id="oc-1b7">
         <name>.debug_info</name>
         <load_address>0x11452</load_address>
         <run_address>0x11452</run_address>
         <size>0x12a</size>
         <input_file_ref idref="fl-d"/>
      </object_component>
      <object_component id="oc-1b4">
         <name>.debug_info</name>
         <load_address>0x1157c</load_address>
         <run_address>0x1157c</run_address>
         <size>0x116</size>
         <input_file_ref idref="fl-d"/>
      </object_component>
      <object_component id="oc-102">
         <name>.debug_info</name>
         <load_address>0x11692</load_address>
         <run_address>0x11692</run_address>
         <size>0x2096</size>
         <input_file_ref idref="fl-d"/>
      </object_component>
      <object_component id="oc-1c6">
         <name>.debug_info</name>
         <load_address>0x13728</load_address>
         <run_address>0x13728</run_address>
         <size>0x1ce</size>
         <input_file_ref idref="fl-d"/>
      </object_component>
      <object_component id="oc-1c0">
         <name>.debug_info</name>
         <load_address>0x138f6</load_address>
         <run_address>0x138f6</run_address>
         <size>0x46</size>
         <input_file_ref idref="fl-d"/>
      </object_component>
      <object_component id="oc-1f9">
         <name>.debug_info</name>
         <load_address>0x1393c</load_address>
         <run_address>0x1393c</run_address>
         <size>0x8b</size>
         <input_file_ref idref="fl-25"/>
      </object_component>
      <object_component id="oc-1e4">
         <name>.debug_info</name>
         <load_address>0x139c7</load_address>
         <run_address>0x139c7</run_address>
         <size>0x33a</size>
         <input_file_ref idref="fl-26"/>
      </object_component>
      <object_component id="oc-209">
         <name>.debug_info</name>
         <load_address>0x13d01</load_address>
         <run_address>0x13d01</run_address>
         <size>0x35e</size>
         <input_file_ref idref="fl-27"/>
      </object_component>
      <object_component id="oc-200">
         <name>.debug_info</name>
         <load_address>0x1405f</load_address>
         <run_address>0x1405f</run_address>
         <size>0xfe</size>
         <input_file_ref idref="fl-27"/>
      </object_component>
      <object_component id="oc-203">
         <name>.debug_info</name>
         <load_address>0x1415d</load_address>
         <run_address>0x1415d</run_address>
         <size>0x100</size>
         <input_file_ref idref="fl-27"/>
      </object_component>
      <object_component id="oc-206">
         <name>.debug_info</name>
         <load_address>0x1425d</load_address>
         <run_address>0x1425d</run_address>
         <size>0xf2</size>
         <input_file_ref idref="fl-27"/>
      </object_component>
      <object_component id="oc-13e">
         <name>.debug_info</name>
         <load_address>0x1434f</load_address>
         <run_address>0x1434f</run_address>
         <size>0x31e7</size>
         <input_file_ref idref="fl-27"/>
      </object_component>
      <object_component id="oc-26a">
         <name>.debug_info</name>
         <load_address>0x17536</load_address>
         <run_address>0x17536</run_address>
         <size>0x33b</size>
         <input_file_ref idref="fl-28"/>
      </object_component>
      <object_component id="oc-258">
         <name>.debug_info</name>
         <load_address>0x17871</load_address>
         <run_address>0x17871</run_address>
         <size>0xed</size>
         <input_file_ref idref="fl-28"/>
      </object_component>
      <object_component id="oc-25b">
         <name>.debug_info</name>
         <load_address>0x1795e</load_address>
         <run_address>0x1795e</run_address>
         <size>0xe5</size>
         <input_file_ref idref="fl-28"/>
      </object_component>
      <object_component id="oc-25e">
         <name>.debug_info</name>
         <load_address>0x17a43</load_address>
         <run_address>0x17a43</run_address>
         <size>0xe9</size>
         <input_file_ref idref="fl-28"/>
      </object_component>
      <object_component id="oc-261">
         <name>.debug_info</name>
         <load_address>0x17b2c</load_address>
         <run_address>0x17b2c</run_address>
         <size>0xef</size>
         <input_file_ref idref="fl-28"/>
      </object_component>
      <object_component id="oc-264">
         <name>.debug_info</name>
         <load_address>0x17c1b</load_address>
         <run_address>0x17c1b</run_address>
         <size>0xed</size>
         <input_file_ref idref="fl-28"/>
      </object_component>
      <object_component id="oc-267">
         <name>.debug_info</name>
         <load_address>0x17d08</load_address>
         <run_address>0x17d08</run_address>
         <size>0xf1</size>
         <input_file_ref idref="fl-28"/>
      </object_component>
      <object_component id="oc-255">
         <name>.debug_info</name>
         <load_address>0x17df9</load_address>
         <run_address>0x17df9</run_address>
         <size>0xee</size>
         <input_file_ref idref="fl-28"/>
      </object_component>
      <object_component id="oc-1e0">
         <name>.debug_info</name>
         <load_address>0x17ee7</load_address>
         <run_address>0x17ee7</run_address>
         <size>0xcee</size>
         <input_file_ref idref="fl-28"/>
      </object_component>
      <object_component id="oc-1fe">
         <name>.debug_info</name>
         <load_address>0x18bd5</load_address>
         <run_address>0x18bd5</run_address>
         <size>0x3c0</size>
         <input_file_ref idref="fl-29"/>
      </object_component>
      <object_component id="oc-1ea">
         <name>.debug_info</name>
         <load_address>0x18f95</load_address>
         <run_address>0x18f95</run_address>
         <size>0xe4</size>
         <input_file_ref idref="fl-29"/>
      </object_component>
      <object_component id="oc-1f0">
         <name>.debug_info</name>
         <load_address>0x19079</load_address>
         <run_address>0x19079</run_address>
         <size>0xf0</size>
         <input_file_ref idref="fl-29"/>
      </object_component>
      <object_component id="oc-1db">
         <name>.debug_info</name>
         <load_address>0x19169</load_address>
         <run_address>0x19169</run_address>
         <size>0xea</size>
         <input_file_ref idref="fl-29"/>
      </object_component>
      <object_component id="oc-1ed">
         <name>.debug_info</name>
         <load_address>0x19253</load_address>
         <run_address>0x19253</run_address>
         <size>0xf7</size>
         <input_file_ref idref="fl-29"/>
      </object_component>
      <object_component id="oc-13a">
         <name>.debug_info</name>
         <load_address>0x1934a</load_address>
         <run_address>0x1934a</run_address>
         <size>0x2b34</size>
         <input_file_ref idref="fl-29"/>
      </object_component>
      <object_component id="oc-274">
         <name>.debug_info</name>
         <load_address>0x1be7e</load_address>
         <run_address>0x1be7e</run_address>
         <size>0x51</size>
         <input_file_ref idref="fl-29"/>
      </object_component>
      <object_component id="oc-c1">
         <name>.debug_info</name>
         <load_address>0x1becf</load_address>
         <run_address>0x1becf</run_address>
         <size>0x147</size>
         <input_file_ref idref="fl-e4"/>
      </object_component>
      <object_component id="oc-48">
         <name>.debug_info</name>
         <load_address>0x1c016</load_address>
         <run_address>0x1c016</run_address>
         <size>0x119</size>
         <input_file_ref idref="fl-e5"/>
      </object_component>
      <object_component id="oc-bf">
         <name>.debug_info</name>
         <load_address>0x1c12f</load_address>
         <run_address>0x1c12f</run_address>
         <size>0x2d4</size>
         <input_file_ref idref="fl-e6"/>
      </object_component>
      <object_component id="oc-59">
         <name>.debug_info</name>
         <load_address>0x1c403</load_address>
         <run_address>0x1c403</run_address>
         <size>0x1b5</size>
         <input_file_ref idref="fl-e6"/>
      </object_component>
      <object_component id="oc-ba">
         <name>.debug_info</name>
         <load_address>0x1c5b8</load_address>
         <run_address>0x1c5b8</run_address>
         <size>0x46</size>
         <input_file_ref idref="fl-e6"/>
      </object_component>
      <object_component id="oc-51">
         <name>.debug_info</name>
         <load_address>0x1c5fe</load_address>
         <run_address>0x1c5fe</run_address>
         <size>0x2a8</size>
         <input_file_ref idref="fl-e7"/>
      </object_component>
      <object_component id="oc-1d">
         <name>.debug_info</name>
         <load_address>0x1c8a6</load_address>
         <run_address>0x1c8a6</run_address>
         <size>0x1ea</size>
         <input_file_ref idref="fl-e7"/>
      </object_component>
      <object_component id="oc-4c">
         <name>.debug_info</name>
         <load_address>0x1ca90</load_address>
         <run_address>0x1ca90</run_address>
         <size>0x46</size>
         <input_file_ref idref="fl-e7"/>
      </object_component>
      <object_component id="oc-b2">
         <name>.debug_info</name>
         <load_address>0x1cad6</load_address>
         <run_address>0x1cad6</run_address>
         <size>0x2c</size>
         <input_file_ref idref="fl-e7"/>
      </object_component>
      <object_component id="oc-b0">
         <name>.debug_info</name>
         <load_address>0x1cb02</load_address>
         <run_address>0x1cb02</run_address>
         <size>0x29e</size>
         <input_file_ref idref="fl-e8"/>
      </object_component>
      <object_component id="oc-18">
         <name>.debug_info</name>
         <load_address>0x1cda0</load_address>
         <run_address>0x1cda0</run_address>
         <size>0x250</size>
         <input_file_ref idref="fl-e8"/>
      </object_component>
      <object_component id="oc-3c">
         <name>.debug_info</name>
         <load_address>0x1cff0</load_address>
         <run_address>0x1cff0</run_address>
         <size>0x60</size>
         <input_file_ref idref="fl-e8"/>
      </object_component>
      <object_component id="oc-127">
         <name>.debug_info</name>
         <load_address>0x1d050</load_address>
         <run_address>0x1d050</run_address>
         <size>0x46</size>
         <input_file_ref idref="fl-e8"/>
      </object_component>
      <object_component id="oc-ab">
         <name>.debug_info</name>
         <load_address>0x1d096</load_address>
         <run_address>0x1d096</run_address>
         <size>0x39</size>
         <input_file_ref idref="fl-e8"/>
      </object_component>
      <object_component id="oc-25">
         <name>.debug_info</name>
         <load_address>0x1d0cf</load_address>
         <run_address>0x1d0cf</run_address>
         <size>0x10b</size>
         <input_file_ref idref="fl-ee"/>
      </object_component>
      <object_component id="oc-66">
         <name>.debug_info</name>
         <load_address>0x1d1da</load_address>
         <run_address>0x1d1da</run_address>
         <size>0x1a9</size>
         <input_file_ref idref="fl-ee"/>
      </object_component>
      <object_component id="oc-215">
         <name>.debug_info</name>
         <load_address>0x1d383</load_address>
         <run_address>0x1d383</run_address>
         <size>0x4b3</size>
         <input_file_ref idref="fl-fa"/>
      </object_component>
      <object_component id="oc-152">
         <name>.debug_info</name>
         <load_address>0x1d836</load_address>
         <run_address>0x1d836</run_address>
         <size>0x1a6</size>
         <input_file_ref idref="fl-fa"/>
      </object_component>
      <object_component id="oc-290">
         <name>.debug_info</name>
         <load_address>0x1d9dc</load_address>
         <run_address>0x1d9dc</run_address>
         <size>0x39</size>
         <input_file_ref idref="fl-fa"/>
      </object_component>
      <object_component id="oc-2c7">
         <name>.debug_info</name>
         <load_address>0x1da15</load_address>
         <run_address>0x1da15</run_address>
         <size>0x39</size>
         <input_file_ref idref="fl-fa"/>
      </object_component>
      <object_component id="oc-295">
         <name>.debug_info</name>
         <load_address>0x1da4e</load_address>
         <run_address>0x1da4e</run_address>
         <size>0x39</size>
         <input_file_ref idref="fl-fa"/>
      </object_component>
      <object_component id="oc-29a">
         <name>.debug_info</name>
         <load_address>0x1da87</load_address>
         <run_address>0x1da87</run_address>
         <size>0xcd</size>
         <input_file_ref idref="fl-fa"/>
      </object_component>
      <object_component id="oc-c7">
         <name>.debug_info</name>
         <load_address>0x1db54</load_address>
         <run_address>0x1db54</run_address>
         <size>0x153</size>
         <input_file_ref idref="fl-fb"/>
      </object_component>
      <object_component id="oc-146">
         <name>.debug_info</name>
         <load_address>0x1dca7</load_address>
         <run_address>0x1dca7</run_address>
         <size>0x122</size>
         <input_file_ref idref="fl-fd"/>
      </object_component>
      <object_component id="oc-303">
         <name>.debug_info</name>
         <load_address>0x1ddc9</load_address>
         <run_address>0x1ddc9</run_address>
         <size>0xa0</size>
      </object_component>
      <object_component id="oc-1d4">
         <name>.debug_line</name>
         <load_address>0x0</load_address>
         <run_address>0x0</run_address>
         <size>0xef</size>
         <input_file_ref idref="fl-2"/>
      </object_component>
      <object_component id="oc-d0">
         <name>.debug_line</name>
         <load_address>0xef</load_address>
         <run_address>0xef</run_address>
         <size>0x9e</size>
         <input_file_ref idref="fl-2"/>
      </object_component>
      <object_component id="oc-11a">
         <name>.debug_line</name>
         <load_address>0x18d</load_address>
         <run_address>0x18d</run_address>
         <size>0x81</size>
         <input_file_ref idref="fl-2"/>
      </object_component>
      <object_component id="oc-a4">
         <name>.debug_line</name>
         <load_address>0x20e</load_address>
         <run_address>0x20e</run_address>
         <size>0x6f</size>
         <input_file_ref idref="fl-2"/>
      </object_component>
      <object_component id="oc-a9">
         <name>.debug_line</name>
         <load_address>0x27d</load_address>
         <run_address>0x27d</run_address>
         <size>0x85</size>
         <input_file_ref idref="fl-2"/>
      </object_component>
      <object_component id="oc-1d8">
         <name>.debug_line</name>
         <load_address>0x302</load_address>
         <run_address>0x302</run_address>
         <size>0x82</size>
         <input_file_ref idref="fl-2"/>
      </object_component>
      <object_component id="oc-44">
         <name>.debug_line</name>
         <load_address>0x384</load_address>
         <run_address>0x384</run_address>
         <size>0x20</size>
         <input_file_ref idref="fl-2"/>
      </object_component>
      <object_component id="oc-8e">
         <name>.debug_line</name>
         <load_address>0x3a4</load_address>
         <run_address>0x3a4</run_address>
         <size>0x85</size>
         <input_file_ref idref="fl-2"/>
      </object_component>
      <object_component id="oc-125">
         <name>.debug_line</name>
         <load_address>0x429</load_address>
         <run_address>0x429</run_address>
         <size>0x73</size>
         <input_file_ref idref="fl-2"/>
      </object_component>
      <object_component id="oc-1f7">
         <name>.debug_line</name>
         <load_address>0x49c</load_address>
         <run_address>0x49c</run_address>
         <size>0x6f</size>
         <input_file_ref idref="fl-2"/>
      </object_component>
      <object_component id="oc-9a">
         <name>.debug_line</name>
         <load_address>0x50b</load_address>
         <run_address>0x50b</run_address>
         <size>0x70</size>
         <input_file_ref idref="fl-2"/>
      </object_component>
      <object_component id="oc-9f">
         <name>.debug_line</name>
         <load_address>0x57b</load_address>
         <run_address>0x57b</run_address>
         <size>0x6b</size>
         <input_file_ref idref="fl-2"/>
      </object_component>
      <object_component id="oc-93">
         <name>.debug_line</name>
         <load_address>0x5e6</load_address>
         <run_address>0x5e6</run_address>
         <size>0x94</size>
         <input_file_ref idref="fl-2"/>
      </object_component>
      <object_component id="oc-11f">
         <name>.debug_line</name>
         <load_address>0x67a</load_address>
         <run_address>0x67a</run_address>
         <size>0x81</size>
         <input_file_ref idref="fl-2"/>
      </object_component>
      <object_component id="oc-96">
         <name>.debug_line</name>
         <load_address>0x6fb</load_address>
         <run_address>0x6fb</run_address>
         <size>0x42</size>
         <input_file_ref idref="fl-3"/>
      </object_component>
      <object_component id="oc-39">
         <name>.debug_line</name>
         <load_address>0x73d</load_address>
         <run_address>0x73d</run_address>
         <size>0x42</size>
         <input_file_ref idref="fl-3"/>
      </object_component>
      <object_component id="oc-2c">
         <name>.debug_line</name>
         <load_address>0x77f</load_address>
         <run_address>0x77f</run_address>
         <size>0xa2</size>
         <input_file_ref idref="fl-3"/>
      </object_component>
      <object_component id="oc-116">
         <name>.debug_line</name>
         <load_address>0x821</load_address>
         <run_address>0x821</run_address>
         <size>0xa9</size>
         <input_file_ref idref="fl-4"/>
      </object_component>
      <object_component id="oc-e7">
         <name>.debug_line</name>
         <load_address>0x8ca</load_address>
         <run_address>0x8ca</run_address>
         <size>0x48</size>
         <input_file_ref idref="fl-4"/>
      </object_component>
      <object_component id="oc-114">
         <name>.debug_line</name>
         <load_address>0x912</load_address>
         <run_address>0x912</run_address>
         <size>0x48</size>
         <input_file_ref idref="fl-4"/>
      </object_component>
      <object_component id="oc-33">
         <name>.debug_line</name>
         <load_address>0x95a</load_address>
         <run_address>0x95a</run_address>
         <size>0x14a</size>
         <input_file_ref idref="fl-4"/>
      </object_component>
      <object_component id="oc-2f">
         <name>.debug_line</name>
         <load_address>0xaa4</load_address>
         <run_address>0xaa4</run_address>
         <size>0xdd</size>
         <input_file_ref idref="fl-5"/>
      </object_component>
      <object_component id="oc-237">
         <name>.debug_line</name>
         <load_address>0xb81</load_address>
         <run_address>0xb81</run_address>
         <size>0x140</size>
         <input_file_ref idref="fl-6"/>
      </object_component>
      <object_component id="oc-235">
         <name>.debug_line</name>
         <load_address>0xcc1</load_address>
         <run_address>0xcc1</run_address>
         <size>0x45</size>
         <input_file_ref idref="fl-6"/>
      </object_component>
      <object_component id="oc-22e">
         <name>.debug_line</name>
         <load_address>0xd06</load_address>
         <run_address>0xd06</run_address>
         <size>0x45</size>
         <input_file_ref idref="fl-6"/>
      </object_component>
      <object_component id="oc-22c">
         <name>.debug_line</name>
         <load_address>0xd4b</load_address>
         <run_address>0xd4b</run_address>
         <size>0x45</size>
         <input_file_ref idref="fl-6"/>
      </object_component>
      <object_component id="oc-ed">
         <name>.debug_line</name>
         <load_address>0xd90</load_address>
         <run_address>0xd90</run_address>
         <size>0x20b</size>
         <input_file_ref idref="fl-6"/>
      </object_component>
      <object_component id="oc-18c">
         <name>.debug_line</name>
         <load_address>0xf9b</load_address>
         <run_address>0xf9b</run_address>
         <size>0x6b</size>
         <input_file_ref idref="fl-6"/>
      </object_component>
      <object_component id="oc-196">
         <name>.debug_line</name>
         <load_address>0x1006</load_address>
         <run_address>0x1006</run_address>
         <size>0x85</size>
         <input_file_ref idref="fl-6"/>
      </object_component>
      <object_component id="oc-232">
         <name>.debug_line</name>
         <load_address>0x108b</load_address>
         <run_address>0x108b</run_address>
         <size>0x45</size>
         <input_file_ref idref="fl-6"/>
      </object_component>
      <object_component id="oc-23b">
         <name>.debug_line</name>
         <load_address>0x10d0</load_address>
         <run_address>0x10d0</run_address>
         <size>0x85</size>
         <input_file_ref idref="fl-6"/>
      </object_component>
      <object_component id="oc-2a2">
         <name>.debug_line</name>
         <load_address>0x1155</load_address>
         <run_address>0x1155</run_address>
         <size>0x1bb</size>
         <input_file_ref idref="fl-8"/>
      </object_component>
      <object_component id="oc-2a6">
         <name>.debug_line</name>
         <load_address>0x1310</load_address>
         <run_address>0x1310</run_address>
         <size>0x43</size>
         <input_file_ref idref="fl-8"/>
      </object_component>
      <object_component id="oc-2ab">
         <name>.debug_line</name>
         <load_address>0x1353</load_address>
         <run_address>0x1353</run_address>
         <size>0x89</size>
         <input_file_ref idref="fl-8"/>
      </object_component>
      <object_component id="oc-187">
         <name>.debug_line</name>
         <load_address>0x13dc</load_address>
         <run_address>0x13dc</run_address>
         <size>0x83</size>
         <input_file_ref idref="fl-8"/>
      </object_component>
      <object_component id="oc-23e">
         <name>.debug_line</name>
         <load_address>0x145f</load_address>
         <run_address>0x145f</run_address>
         <size>0x20</size>
         <input_file_ref idref="fl-9"/>
      </object_component>
      <object_component id="oc-f0">
         <name>.debug_line</name>
         <load_address>0x147f</load_address>
         <run_address>0x147f</run_address>
         <size>0xee</size>
         <input_file_ref idref="fl-9"/>
      </object_component>
      <object_component id="oc-2ae">
         <name>.debug_line</name>
         <load_address>0x156d</load_address>
         <run_address>0x156d</run_address>
         <size>0x1d7</size>
         <input_file_ref idref="fl-a"/>
      </object_component>
      <object_component id="oc-1b1">
         <name>.debug_line</name>
         <load_address>0x1744</load_address>
         <run_address>0x1744</run_address>
         <size>0x8a2</size>
         <input_file_ref idref="fl-a"/>
      </object_component>
      <object_component id="oc-2b2">
         <name>.debug_line</name>
         <load_address>0x1fe6</load_address>
         <run_address>0x1fe6</run_address>
         <size>0x3c</size>
         <input_file_ref idref="fl-a"/>
      </object_component>
      <object_component id="oc-246">
         <name>.debug_line</name>
         <load_address>0x2022</load_address>
         <run_address>0x2022</run_address>
         <size>0x82</size>
         <input_file_ref idref="fl-a"/>
      </object_component>
      <object_component id="oc-131">
         <name>.debug_line</name>
         <load_address>0x20a4</load_address>
         <run_address>0x20a4</run_address>
         <size>0x6b</size>
         <input_file_ref idref="fl-b"/>
      </object_component>
      <object_component id="oc-183">
         <name>.debug_line</name>
         <load_address>0x210f</load_address>
         <run_address>0x210f</run_address>
         <size>0x208</size>
         <input_file_ref idref="fl-c"/>
      </object_component>
      <object_component id="oc-df">
         <name>.debug_line</name>
         <load_address>0x2317</load_address>
         <run_address>0x2317</run_address>
         <size>0x3c</size>
         <input_file_ref idref="fl-c"/>
      </object_component>
      <object_component id="oc-1a6">
         <name>.debug_line</name>
         <load_address>0x2353</load_address>
         <run_address>0x2353</run_address>
         <size>0x3c</size>
         <input_file_ref idref="fl-c"/>
      </object_component>
      <object_component id="oc-1d0">
         <name>.debug_line</name>
         <load_address>0x238f</load_address>
         <run_address>0x238f</run_address>
         <size>0x3c</size>
         <input_file_ref idref="fl-c"/>
      </object_component>
      <object_component id="oc-1d2">
         <name>.debug_line</name>
         <load_address>0x23cb</load_address>
         <run_address>0x23cb</run_address>
         <size>0x3c</size>
         <input_file_ref idref="fl-c"/>
      </object_component>
      <object_component id="oc-1aa">
         <name>.debug_line</name>
         <load_address>0x2407</load_address>
         <run_address>0x2407</run_address>
         <size>0x3c</size>
         <input_file_ref idref="fl-c"/>
      </object_component>
      <object_component id="oc-1cc">
         <name>.debug_line</name>
         <load_address>0x2443</load_address>
         <run_address>0x2443</run_address>
         <size>0x3c</size>
         <input_file_ref idref="fl-c"/>
      </object_component>
      <object_component id="oc-1a8">
         <name>.debug_line</name>
         <load_address>0x247f</load_address>
         <run_address>0x247f</run_address>
         <size>0x3c</size>
         <input_file_ref idref="fl-c"/>
      </object_component>
      <object_component id="oc-1ac">
         <name>.debug_line</name>
         <load_address>0x24bb</load_address>
         <run_address>0x24bb</run_address>
         <size>0x3c</size>
         <input_file_ref idref="fl-c"/>
      </object_component>
      <object_component id="oc-1ce">
         <name>.debug_line</name>
         <load_address>0x24f7</load_address>
         <run_address>0x24f7</run_address>
         <size>0x3c</size>
         <input_file_ref idref="fl-c"/>
      </object_component>
      <object_component id="oc-84">
         <name>.debug_line</name>
         <load_address>0x2533</load_address>
         <run_address>0x2533</run_address>
         <size>0xd1e</size>
         <input_file_ref idref="fl-c"/>
      </object_component>
      <object_component id="oc-e4">
         <name>.debug_line</name>
         <load_address>0x3251</load_address>
         <run_address>0x3251</run_address>
         <size>0x81</size>
         <input_file_ref idref="fl-c"/>
      </object_component>
      <object_component id="oc-191">
         <name>.debug_line</name>
         <load_address>0x32d2</load_address>
         <run_address>0x32d2</run_address>
         <size>0x3c</size>
         <input_file_ref idref="fl-c"/>
      </object_component>
      <object_component id="oc-251">
         <name>.debug_line</name>
         <load_address>0x330e</load_address>
         <run_address>0x330e</run_address>
         <size>0x21d</size>
         <input_file_ref idref="fl-d"/>
      </object_component>
      <object_component id="oc-24d">
         <name>.debug_line</name>
         <load_address>0x352b</load_address>
         <run_address>0x352b</run_address>
         <size>0x3d</size>
         <input_file_ref idref="fl-d"/>
      </object_component>
      <object_component id="oc-24f">
         <name>.debug_line</name>
         <load_address>0x3568</load_address>
         <run_address>0x3568</run_address>
         <size>0x3d</size>
         <input_file_ref idref="fl-d"/>
      </object_component>
      <object_component id="oc-24b">
         <name>.debug_line</name>
         <load_address>0x35a5</load_address>
         <run_address>0x35a5</run_address>
         <size>0x3d</size>
         <input_file_ref idref="fl-d"/>
      </object_component>
      <object_component id="oc-249">
         <name>.debug_line</name>
         <load_address>0x35e2</load_address>
         <run_address>0x35e2</run_address>
         <size>0x3d</size>
         <input_file_ref idref="fl-d"/>
      </object_component>
      <object_component id="oc-104">
         <name>.debug_line</name>
         <load_address>0x361f</load_address>
         <run_address>0x361f</run_address>
         <size>0x496</size>
         <input_file_ref idref="fl-d"/>
      </object_component>
      <object_component id="oc-1c9">
         <name>.debug_line</name>
         <load_address>0x3ab5</load_address>
         <run_address>0x3ab5</run_address>
         <size>0x3d</size>
         <input_file_ref idref="fl-d"/>
      </object_component>
      <object_component id="oc-1c3">
         <name>.debug_line</name>
         <load_address>0x3af2</load_address>
         <run_address>0x3af2</run_address>
         <size>0x83</size>
         <input_file_ref idref="fl-d"/>
      </object_component>
      <object_component id="oc-1fc">
         <name>.debug_line</name>
         <load_address>0x3b75</load_address>
         <run_address>0x3b75</run_address>
         <size>0x20</size>
         <input_file_ref idref="fl-25"/>
      </object_component>
      <object_component id="oc-1e7">
         <name>.debug_line</name>
         <load_address>0x3b95</load_address>
         <run_address>0x3b95</run_address>
         <size>0xd9</size>
         <input_file_ref idref="fl-26"/>
      </object_component>
      <object_component id="oc-27f">
         <name>.debug_line</name>
         <load_address>0x3c6e</load_address>
         <run_address>0x3c6e</run_address>
         <size>0x5b</size>
         <input_file_ref idref="fl-27"/>
      </object_component>
      <object_component id="oc-279">
         <name>.debug_line</name>
         <load_address>0x3cc9</load_address>
         <run_address>0x3cc9</run_address>
         <size>0x37</size>
         <input_file_ref idref="fl-27"/>
      </object_component>
      <object_component id="oc-27b">
         <name>.debug_line</name>
         <load_address>0x3d00</load_address>
         <run_address>0x3d00</run_address>
         <size>0x37</size>
         <input_file_ref idref="fl-27"/>
      </object_component>
      <object_component id="oc-27d">
         <name>.debug_line</name>
         <load_address>0x3d37</load_address>
         <run_address>0x3d37</run_address>
         <size>0x37</size>
         <input_file_ref idref="fl-27"/>
      </object_component>
      <object_component id="oc-142">
         <name>.debug_line</name>
         <load_address>0x3d6e</load_address>
         <run_address>0x3d6e</run_address>
[...]
         <name>GPIOPinTypeComparatorOutput</name>
         <value>0x486b</value>
         <object_component_ref idref="oc-13d"/>
      </symbol>
      <symbol id="sm-69a">
         <name>GPIOPadConfigGet</name>
         <value>0x4557</value>
         <object_component_ref idref="oc-13d"/>
      </symbol>
      <symbol id="sm-69b">
         <name>GPIOPinTypeOneWire</name>
         <value>0x4a21</value>
         <object_component_ref idref="oc-13d"/>
      </symbol>
      <symbol id="sm-69c">
         <name>GPIOIntClear</name>
         <value>0x4729</value>
         <object_component_ref idref="oc-13d"/>
      </symbol>
      <symbol id="sm-69d">
         <name>GPIOADCTriggerEnable</name>
         <value>0x4c5b</value>
         <object_component_ref idref="oc-13d"/>
      </symbol>
      <symbol id="sm-69e">
         <name>GPIOADCTriggerDisable</name>
         <value>0x4c79</value>
         <object_component_ref idref="oc-13d"/>
      </symbol>
      <symbol id="sm-69f">
         <name>GPIOPinTypeUART</name>
         <value>0x4af9</value>
         <object_component_ref idref="oc-13d"/>
      </symbol>
      <symbol id="sm-6a0">
         <name>GPIOIntRegisterPin</name>
         <value>0x4775</value>
         <object_component_ref idref="oc-13d"/>
      </symbol>
      <symbol id="sm-6a1">
         <name>GPIOIntStatus</name>
         <value>0x4707</value>
         <object_component_ref idref="oc-13d"/>
      </symbol>
      <symbol id="sm-6a2">
         <name>GPIOPinTypeDIVSCLK</name>
         <value>0x488f</value>
         <object_component_ref idref="oc-13d"/>
      </symbol>
      <symbol id="sm-6a3">
         <name>GPIOPinTypeGPIOOutput</name>
         <value>0x4943</value>
         <object_component_ref idref="oc-13d"/>
      </symbol>
      <symbol id="sm-6a4">
         <name>GPIOIntTypeGet</name>
         <value>0x425f</value>
         <object_component_ref idref="oc-13d"/>
      </symbol>
      <symbol id="sm-6a5">
         <name>GPIOPinRead</name>
         <value>0x47c7</value>
         <object_component_ref idref="oc-13d"/>
      </symbol>
      <symbol id="sm-6a6">
         <name>GPIODirModeSet</name>
         <value>0x4113</value>
         <object_component_ref idref="oc-13d"/>
      </symbol>
      <symbol id="sm-6a7">
         <name>GPIOPinTypeQEI</name>
         <value>0x4a69</value>
         <object_component_ref idref="oc-13d"/>
      </symbol>
      <symbol id="sm-6a8">
         <name>GPIOPinTypeHibernateRTCCLK</name>
         <value>0x4991</value>
         <object_component_ref idref="oc-13d"/>
      </symbol>
      <symbol id="sm-6a9">
         <name>GPIODMATriggerEnable</name>
         <value>0x4c1f</value>
         <object_component_ref idref="oc-13d"/>
      </symbol>
      <symbol id="sm-6aa">
         <name>GPIOPinTypeEthernetMII</name>
         <value>0x48fb</value>
         <object_component_ref idref="oc-13d"/>
      </symbol>
      <symbol id="sm-6ab">
         <name>GPIOPinWrite</name>
         <value>0x47df</value>
         <object_component_ref idref="oc-13d"/>
      </symbol>
      <symbol id="sm-6ac">
         <name>GPIOPadConfigSet</name>
         <value>0x42e9</value>
         <object_component_ref idref="oc-13d"/>
      </symbol>
      <symbol id="sm-6ad">
         <name>GPIOPinTypeLCD</name>
         <value>0x49fd</value>
         <object_component_ref idref="oc-13d"/>
      </symbol>
      <symbol id="sm-6ae">
         <name>GPIOPinTypeSSI</name>
         <value>0x4a8d</value>
         <object_component_ref idref="oc-13d"/>
      </symbol>
      <symbol id="sm-6af">
         <name>GPIOPinTypeTimer</name>
         <value>0x4ab1</value>
         <object_component_ref idref="oc-13d"/>
      </symbol>
      <symbol id="sm-6b0">
         <name>GPIOPinTypeCAN</name>
         <value>0x4823</value>
         <object_component_ref idref="oc-13d"/>
      </symbol>
      <symbol id="sm-6b1">
         <name>GPIOPinTypeEPI</name>
         <value>0x48b3</value>
         <object_component_ref idref="oc-13d"/>
      </symbol>
      <symbol id="sm-6b2">
         <name>GPIOPinTypeEthernetLED</name>
         <value>0x48d7</value>
         <object_component_ref idref="oc-13d"/>
      </symbol>
      <symbol id="sm-6b3">
         <name>GPIOUnlockPin</name>
         <value>0x4c97</value>
         <object_component_ref idref="oc-13d"/>
      </symbol>
      <symbol id="sm-6b4">
         <name>GPIOPinWakeStatus</name>
         <value>0x4bb1</value>
         <object_component_ref idref="oc-13d"/>
      </symbol>
      <symbol id="sm-731">
         <name>IntPendClear</name>
         <value>0x59fd</value>
         <object_component_ref idref="oc-1dd"/>
      </symbol>
      <symbol id="sm-732">
         <name>IntPriorityGroupingGet</name>
         <value>0x5777</value>
         <object_component_ref idref="oc-1dd"/>
      </symbol>
      <symbol id="sm-733">
         <name>IntPrioritySet</name>
         <value>0x57af</value>
         <object_component_ref idref="oc-1dd"/>
      </symbol>
      <symbol id="sm-734">
         <name>IntIsEnabled</name>
         <value>0x5907</value>
         <object_component_ref idref="oc-1dd"/>
      </symbol>
      <symbol id="sm-735">
         <name>IntEnable</name>
         <value>0x5823</value>
         <object_component_ref idref="oc-1dd"/>
      </symbol>
      <symbol id="sm-736">
         <name>IntTrigger</name>
         <value>0x5a5f</value>
         <object_component_ref idref="oc-1dd"/>
      </symbol>
      <symbol id="sm-737">
         <name>IntPriorityMaskSet</name>
         <value>0x5a4b</value>
         <object_component_ref idref="oc-1dd"/>
      </symbol>
      <symbol id="sm-738">
         <name>IntPriorityGroupingSet</name>
         <value>0x575d</value>
         <object_component_ref idref="oc-1dd"/>
      </symbol>
      <symbol id="sm-739">
         <name>IntDisable</name>
         <value>0x5895</value>
         <object_component_ref idref="oc-1dd"/>
      </symbol>
      <symbol id="sm-73a">
         <name>IntRegister</name>
         <value>0x56f7</value>
         <object_component_ref idref="oc-1dd"/>
      </symbol>
      <symbol id="sm-73b">
         <name>IntPriorityGet</name>
         <value>0x57ff</value>
         <object_component_ref idref="oc-1dd"/>
      </symbol>
      <symbol id="sm-73c">
         <name>IntMasterDisable</name>
         <value>0x56e7</value>
         <object_component_ref idref="oc-1dd"/>
      </symbol>
      <symbol id="sm-73d">
         <name>IntUnregister</name>
         <value>0x5749</value>
         <object_component_ref idref="oc-1dd"/>
      </symbol>
      <symbol id="sm-73e">
         <name>IntPriorityMaskGet</name>
         <value>0x5a57</value>
         <object_component_ref idref="oc-1dd"/>
      </symbol>
      <symbol id="sm-73f">
         <name>g_pfnRAMVectors</name>
         <value>0x20000000</value>
         <object_component_ref idref="oc-254"/>
      </symbol>
      <symbol id="sm-740">
         <name>IntMasterEnable</name>
         <value>0x56d7</value>
         <object_component_ref idref="oc-1dd"/>
      </symbol>
      <symbol id="sm-741">
         <name>IntPendSet</name>
         <value>0x598d</value>
         <object_component_ref idref="oc-1dd"/>
      </symbol>
      <symbol id="sm-882">
         <name>SysCtlGPIOAHBEnable</name>
         <value>0x30fb</value>
         <object_component_ref idref="oc-137"/>
      </symbol>
      <symbol id="sm-883">
         <name>SysCtlIntRegister</name>
         <value>0x27d9</value>
         <object_component_ref idref="oc-137"/>
      </symbol>
      <symbol id="sm-884">
         <name>SysCtlFlashSizeGet</name>
         <value>0x241b</value>
         <object_component_ref idref="oc-137"/>
      </symbol>
      <symbol id="sm-885">
         <name>SysCtlPeripheralDeepSleepEnable</name>
         <value>0x26ed</value>
         <object_component_ref idref="oc-137"/>
      </symbol>
      <symbol id="sm-886">
         <name>SysCtlLDODeepSleepGet</name>
         <value>0x287f</value>
         <object_component_ref idref="oc-137"/>
      </symbol>
      <symbol id="sm-887">
         <name>SysCtlFlashSectorSizeGet</name>
         <value>0x2447</value>
         <object_component_ref idref="oc-137"/>
      </symbol>
      <symbol id="sm-888">
         <name>SysCtlIntDisable</name>
         <value>0x2815</value>
         <object_component_ref idref="oc-137"/>
      </symbol>
      <symbol id="sm-889">
         <name>SysCtlResetBehaviorGet</name>
         <value>0x2965</value>
         <object_component_ref idref="oc-137"/>
      </symbol>
      <symbol id="sm-88a">
         <name>SysCtlPeripheralPresent</name>
         <value>0x246d</value>
         <object_component_ref idref="oc-137"/>
      </symbol>
      <symbol id="sm-88b">
         <name>SysCtlDeepSleepClockSet</name>
         <value>0x3023</value>
         <object_component_ref idref="oc-137"/>
      </symbol>
      <symbol id="sm-88c">
         <name>SysCtlClockSet</name>
         <value>0x2cad</value>
         <object_component_ref idref="oc-137"/>
      </symbol>
      <symbol id="sm-88d">
         <name>SysCtlAltClkConfig</name>
         <value>0x328d</value>
         <object_component_ref idref="oc-137"/>
      </symbol>
      <symbol id="sm-88e">
         <name>SysCtlPeripheralClockGating</name>
         <value>0x2785</value>
         <object_component_ref idref="oc-137"/>
      </symbol>
      <symbol id="sm-88f">
         <name>SysCtlIntStatus</name>
         <value>0x283d</value>
         <object_component_ref idref="oc-137"/>
      </symbol>
      <symbol id="sm-890">
         <name>SysCtlIntClear</name>
         <value>0x282d</value>
         <object_component_ref idref="oc-137"/>
      </symbol>
      <symbol id="sm-891">
         <name>SysCtlVoltageEventStatus</name>
         <value>0x3161</value>
         <object_component_ref idref="oc-137"/>
      </symbol>
      <symbol id="sm-892">
         <name>SysCtlVoltageEventConfig</name>
         <value>0x3151</value>
         <object_component_ref idref="oc-137"/>
      </symbol>
      <symbol id="sm-893">
         <name>SysCtlResetCauseGet</name>
         <value>0x28d5</value>
         <object_component_ref idref="oc-137"/>
      </symbol>
      <symbol id="sm-894">
         <name>SysCtlSleep</name>
         <value>0x28b1</value>
         <object_component_ref idref="oc-137"/>
      </symbol>
      <symbol id="sm-895">
         <name>SysCtlPWMClockGet</name>
         <value>0x30e5</value>
         <object_component_ref idref="oc-137"/>
      </symbol>
      <symbol id="sm-896">
         <name>SysCtlDeepSleepPowerSet</name>
         <value>0x2899</value>
         <object_component_ref idref="oc-137"/>
      </symbol>
      <symbol id="sm-897">
         <name>SysCtlClockOutConfig</name>
         <value>0x3271</value>
         <object_component_ref idref="oc-137"/>
      </symbol>
      <symbol id="sm-898">
         <name>SysCtlNMIStatus</name>
         <value>0x3241</value>
         <object_component_ref idref="oc-137"/>
      </symbol>
      <symbol id="sm-899">
         <name>SysCtlDeepSleepClockConfigSet</name>
         <value>0x3041</value>
         <object_component_ref idref="oc-137"/>
      </symbol>
      <symbol id="sm-89a">
         <name>SysCtlDelay</name>
         <value>0x60c7</value>
         <object_component_ref idref="oc-1f2"/>
      </symbol>
      <symbol id="sm-89b">
         <name>SysCtlVoltageEventClear</name>
         <value>0x316d</value>
         <object_component_ref idref="oc-137"/>
      </symbol>
      <symbol id="sm-89c">
         <name>SysCtlLDOSleepSet</name>
         <value>0x2859</value>
         <object_component_ref idref="oc-137"/>
      </symbol>
      <symbol id="sm-89d">
         <name>SysCtlMOSCConfigSet</name>
         <value>0x28ef</value>
         <object_component_ref idref="oc-137"/>
      </symbol>
      <symbol id="sm-89e">
         <name>SysCtlPeripheralEnable</name>
         <value>0x25ed</value>
         <object_component_ref idref="oc-137"/>
      </symbol>
      <symbol id="sm-89f">
         <name>SysCtlIntEnable</name>
         <value>0x2801</value>
         <object_component_ref idref="oc-137"/>
      </symbol>
      <symbol id="sm-8a0">
         <name>SysCtlNMIClear</name>
         <value>0x3255</value>
         <object_component_ref idref="oc-137"/>
      </symbol>
      <symbol id="sm-8a1">
         <name>SysCtlPeripheralPowerOff</name>
         <value>0x2529</value>
         <object_component_ref idref="oc-137"/>
      </symbol>
      <symbol id="sm-8a2">
         <name>SysCtlSleepPowerSet</name>
         <value>0x2885</value>
         <object_component_ref idref="oc-137"/>
      </symbol>
      <symbol id="sm-8a3">
         <name>SysCtlDeepSleep</name>
         <value>0x28b9</value>
         <object_component_ref idref="oc-137"/>
      </symbol>
      <symbol id="sm-8a4">
         <name>SysCtlLDODeepSleepSet</name>
         <value>0x286f</value>
         <object_component_ref idref="oc-137"/>
      </symbol>
      <symbol id="sm-8a5">
         <name>SysCtlPeripheralPowerOn</name>
         <value>0x24ed</value>
         <object_component_ref idref="oc-137"/>
      </symbol>
      <symbol id="sm-8a6">
         <name>SysCtlPeripheralDeepSleepDisable</name>
         <value>0x273d</value>
         <object_component_ref idref="oc-137"/>
      </symbol>
      <symbol id="sm-8a7">
         <name>SysCtlPeripheralSleepDisable</name>
         <value>0x26b1</value>
         <object_component_ref idref="oc-137"/>
      </symbol>
      <symbol id="sm-8a8">
         <name>SysCtlVCOGet</name>
         <value>0x3185</value>
         <object_component_ref idref="oc-137"/>
      </symbol>
      <symbol id="sm-8a9">
         <name>SysCtlResetBehaviorSet</name>
         <value>0x2955</value>
         <object_component_ref idref="oc-137"/>
      </symbol>
      <symbol id="sm-8aa">
         <name>SysCtlReset</name>
         <value>0x28a9</value>
         <object_component_ref idref="oc-137"/>
      </symbol>
      <symbol id="sm-8ab">
         <name>SysCtlGPIOAHBDisable</name>
         <value>0x3117</value>
         <object_component_ref idref="oc-137"/>
      </symbol>
      <symbol id="sm-8ac">
         <name>SysCtlSRAMSizeGet</name>
         <value>0x2411</value>
         <object_component_ref idref="oc-137"/>
      </symbol>
      <symbol id="sm-8ad">
         <name>SysCtlClockGet</name>
         <value>0x2e7d</value>
         <object_component_ref idref="oc-137"/>
      </symbol>
      <symbol id="sm-8ae">
         <name>SysCtlPeripheralDisable</name>
         <value>0x2629</value>
         <object_component_ref idref="oc-137"/>
      </symbol>
      <symbol id="sm-8af">
         <name>SysCtlPWMClockSet</name>
         <value>0x30cb</value>
         <object_component_ref idref="oc-137"/>
      </symbol>
      <symbol id="sm-8b0">
         <name>SysCtlUSBPLLEnable</name>
         <value>0x3133</value>
         <object_component_ref idref="oc-137"/>
      </symbol>
      <symbol id="sm-8b1">
         <name>SysCtlPeripheralSleepEnable</name>
         <value>0x266d</value>
         <object_component_ref idref="oc-137"/>
      </symbol>
      <symbol id="sm-8b2">
         <name>SysCtlIntUnregister</name>
         <value>0x27f1</value>
         <object_component_ref idref="oc-137"/>
      </symbol>
      <symbol id="sm-8b3">
         <name>SysCtlUSBPLLDisable</name>
         <value>0x313f</value>
         <object_component_ref idref="oc-137"/>
      </symbol>
      <symbol id="sm-8b4">
         <name>SysCtlPeripheralReady</name>
         <value>0x24ad</value>
         <object_component_ref idref="oc-137"/>
      </symbol>
      <symbol id="sm-8b5">
         <name>SysCtlPIOSCCalibrate</name>
         <value>0x2905</value>
         <object_component_ref idref="oc-137"/>
      </symbol>
      <symbol id="sm-8b6">
         <name>SysCtlResetCauseClear</name>
         <value>0x28db</value>
         <object_component_ref idref="oc-137"/>
      </symbol>
      <symbol id="sm-8b7">
         <name>SysCtlLDOSleepGet</name>
         <value>0x2869</value>
         <object_component_ref idref="oc-137"/>
      </symbol>
      <symbol id="sm-8b8">
         <name>SysCtlClockFreqSet</name>
         <value>0x29b5</value>
         <object_component_ref idref="oc-137"/>
      </symbol>
      <symbol id="sm-8b9">
         <name>SysCtlPeripheralReset</name>
         <value>0x2565</value>
         <object_component_ref idref="oc-137"/>
      </symbol>
      <symbol id="sm-8c9">
         <name>__aeabi_memset</name>
         <value>0x5f07</value>
         <object_component_ref idref="oc-c0"/>
      </symbol>
      <symbol id="sm-8ca">
         <name>memset</name>
         <value>0x5f0d</value>
         <object_component_ref idref="oc-c0"/>
      </symbol>
      <symbol id="sm-8cb">
         <name>__aeabi_memset8</name>
         <value>0x5f07</value>
         <object_component_ref idref="oc-c0"/>
      </symbol>
      <symbol id="sm-8cc">
         <name>__aeabi_memset4</name>
         <value>0x5f07</value>
         <object_component_ref idref="oc-c0"/>
      </symbol>
      <symbol id="sm-8cd">
         <name>__aeabi_memclr8</name>
         <value>0x5f05</value>
         <object_component_ref idref="oc-c0"/>
      </symbol>
      <symbol id="sm-8ce">
         <name>__aeabi_memclr4</name>
         <value>0x5f05</value>
         <object_component_ref idref="oc-c0"/>
      </symbol>
      <symbol id="sm-8cf">
         <name>__aeabi_memclr</name>
         <value>0x5f05</value>
         <object_component_ref idref="oc-c0"/>
      </symbol>
      <symbol id="sm-8ea">
         <name>memcpy</name>
         <value>0x5dd7</value>
         <object_component_ref idref="oc-46"/>
      </symbol>
      <symbol id="sm-8eb">
         <name>__aeabi_memcpy</name>
         <value>0x5dd7</value>
         <object_component_ref idref="oc-46"/>
      </symbol>
      <symbol id="sm-8ec">
         <name>__aeabi_memcpy8</name>
         <value>0x5dd7</value>
         <object_component_ref idref="oc-46"/>
      </symbol>
      <symbol id="sm-8ed">
         <name>__aeabi_memcpy4</name>
         <value>0x5dd7</value>
         <object_component_ref idref="oc-46"/>
      </symbol>
      <symbol id="sm-8ff">
         <name>__TI_zero_init</name>
         <value>0x60af</value>
         <object_component_ref idref="oc-58"/>
      </symbol>
      <symbol id="sm-916">
         <name>__TI_decompress_none</name>
         <value>0x60a1</value>
         <object_component_ref idref="oc-1b"/>
      </symbol>
      <symbol id="sm-939">
         <name>__TI_decompress_lzss</name>
         <value>0x5f7f</value>
         <object_component_ref idref="oc-15"/>
      </symbol>
      <symbol id="sm-951">
         <name>__stack</name>
         <value>0x2000c708</value>
         <object_component_ref idref="oc-24"/>
      </symbol>
      <symbol id="sm-952">
         <name>_c_int00_noargs</name>
         <value>0x606d</value>
         <object_component_ref idref="oc-64"/>
      </symbol>
      <symbol id="sm-985">
         <name>__TI_auto_init_nobinit_nopinit</name>
         <value>0x5fe9</value>
         <object_component_ref idref="oc-150"/>
      </symbol>
      <symbol id="sm-98f">
         <name>_system_pre_init</name>
         <value>0x60cd</value>
         <object_component_ref idref="oc-c6"/>
      </symbol>
      <symbol id="sm-99b">
         <name>C$$EXIT</name>
         <value>0x60d1</value>
         <object_component_ref idref="oc-144"/>
      </symbol>
      <symbol id="sm-99c">
         <name>abort</name>
         <value>0x60d1</value>
         <object_component_ref idref="oc-144"/>
      </symbol>
      <symbol id="sm-9a7">
         <name>__TI_static_base__</name>
         <value>0x0</value>
      </symbol>
      <symbol id="sm-9aa">
         <name>__mpu_init</name>
         <value>0x0</value>
      </symbol>
      <symbol id="sm-9ab">
         <name>_system_post_cinit</name>
         <value>0x0</value>
      </symbol>
   </symbol_table>
   <title>Link successful</title>
</link_info>
