******************************************************************************
                  TI ARM Linker PC v18.12.2                    
******************************************************************************
>> Linked Thu Feb 20 14:55:00 2025

OUTPUT FILE NAME:   <boot_emac_flash.out>
ENTRY POINT SYMBOL: "_c_int00"  address: 20000e0f


MEMORY CONFIGURATION

         name            origin    length      used     unused   attr    fill
----------------------  --------  ---------  --------  --------  ----  --------
  FLASH                 00000000   00010000  000016c8  0000e938  R  X
  SRAM                  20000000   00010000  00002ed8  0000d128  RW X


SEGMENT ALLOCATION MAP

run origin  load origin   length   init length attrs members
----------  ----------- ---------- ----------- ----- -------
20000000    00000000    000016c2   000016c2    r-x
  20000000    00000000    00000044   00000044    r-- .intvecs
  20000044    00000044    00001416   00001416    r-x .text
  2000145c    0000145c    00000266   00000266    r-- .const
200016c2    000016c2    00000006   00000006    rw-
  200016c2    000016c2    00000006   00000006    rw- .data
200016c8    200016c8    00001810   00000000    rw-
  200016c8    200016c8    0000140d   00000000    rw- .bss
  20002ad8    20002ad8    00000400   00000000    rw- .stack


SECTION ALLOCATION MAP

 output                                  attributes/
section   page    origin      length       input sections
--------  ----  ----------  ----------   ----------------
.intvecs   0    00000000    00000044     RUN ADDR = 20000000
                  00000000    00000044     bl_startup_ccs.obj (.intvecs)

.text      0    00000044    00001416     RUN ADDR = 20000044
                  00000044    0000024c     bl_emac.obj (.text:uip_process)
                  00000290    00000230     bl_emac.obj (.text:EnetReconfig)
                  000004c0    00000200     driverlib.lib : sysctl.obj (.text:SysCtlClockFreqSet)
                  000006c0    000001fc     bl_emac.obj (.text:BOOTPThread)
                  000008bc    0000013c     bl_emac.obj (.text:uip_arp_out)
                  000009f8    00000110     bl_emac.obj (.text:ParseTFTPData)
                  00000b08    000000e0     bl_emac.obj (.text:UpdateBOOTP)
                  00000be8    000000cc     bl_emac.obj (.text:uip_arp_arpin)
                  00000cb4    000000c4     bl_emac.obj (.text:uip_arp_update)
                  00000d78    00000098     bl_startup_ccs.obj (.text)
                  00000e10    00000090     bl_emac.obj (.text:uip_udp_new)
                  00000ea0    00000088     bl_emac.obj (.text:SendBOOTPRequest)
                  00000f28    0000007c     bl_emac.obj (.text:LOCAL_EMACPHYConfigSet)
                  00000fa4    00000078     bl_emac.obj (.text:ParseBOOTPReply)
                  0000101c    00000070     bl_emac.obj (.text:ConfigureEnet)
                  0000108c    0000006c     bl_emac.obj (.text:PacketTransmit)
                  000010f8    00000060     bl_emac.obj (.text:PacketReceive)
                  00001158    00000058     bl_emac.obj (.text:SendTFTPGet)
                  000011b0    0000004c     bl_emac.obj (.text:uip_arp_timer)
                  000011fc    00000048     driverlib.lib : sysctl.obj (.text:_SysCtlFrequencyGet)
                  00001244    00000040     bl_emac.obj (.text:SendTFTPError)
                  00001284    0000003c     bl_emac.obj (.text:chksum)
                  000012c0    00000030     bl_emac.obj (.text:uip_init)
                  000012f0    0000002e     bl_check.obj (.text:CheckForceUpdate)
                  0000131e    00000002     --HOLE-- [fill = 0]
                  00001320    0000002c     bl_emac.obj (.text:uip_arp_init)
                  0000134c    00000028     bl_emac.obj (.text:SysTickIntHandler)
                  00001374    00000028     bl_emac.obj (.text:uip_send)
                  0000139c    00000026     bl_emac.obj (.text:LOCAL_EMACPHYRead)
                  000013c2    00000002     --HOLE-- [fill = 0]
                  000013c4    00000020     driverlib.lib : sysctl.obj (.text:_SysCtlMemTimingGet)
                  000013e4    00000020     bl_emac.obj (.text:uip_ipchksum)
                  00001404    0000001c     bl_emac.obj (.text:RandomNumber)
                  00001420    0000001a     bl_emac.obj (.text:my_memcpy)
                  0000143a    00000016     bl_emac.obj (.text:my_memset)
                  00001450    0000000a     bl_emac.obj (.text:htons)

.const     0    0000145c    00000266     RUN ADDR = 2000145c
                  0000145c    000001b0     driverlib.lib : sysctl.obj (.const:g_pppui32XTALtoVCO)
                  0000160c    0000006c                   : sysctl.obj (.const:g_pui32Xtals)
                  00001678    00000030                   : sysctl.obj (.const:g_sXTALtoMEMTIM)
                  000016a8    00000008                   : sysctl.obj (.const:g_pui32VCOFrequencies)
                  000016b0    00000006     bl_emac.obj (.const:broadcast_ethaddr)
                  000016b6    00000004     bl_emac.obj (.const:all_ones_addr)
                  000016ba    00000004     bl_emac.obj (.const:all_zeroes_addr)
                  000016be    00000004     bl_emac.obj (.const:broadcast_ipaddr)

.data      0    000016c2    00000006     RUN ADDR = 200016c2
                  000016c2    00000006     bl_emac.obj (.data:uip_ethaddr)

.bss       0    200016c8    0000140d     UNINITIALIZED
                  200016c8    00000644     (.common:uip_buf)
                  20001d0c    00000600     (.common:g_pui8RxBuffer)
                  2000230c    00000600     (.common:g_pui8TxBuffer)
                  2000290c    00000080     bl_emac.obj (.bss:g_pcFilename)
                  2000298c    00000060     (.common:g_psRxDescriptor)
                  200029ec    00000060     (.common:g_psTxDescriptor)
                  20002a4c    00000034     bl_emac.obj (.bss)
                  20002a80    00000010     (.common:uip_udp_conns)
                  20002a90    0000000c     bl_emac.obj (.bss:arp_table)
                  20002a9c    00000006     bl_emac.obj (.bss:g_sMACAddr)
                  20002aa2    00000004     bl_emac.obj (.bss:g_sServerAddr)
                  20002aa6    00000004     bl_emac.obj (.bss:ipaddr)
                  20002aaa    00000002     bl_emac.obj (.bss:g_sThread)
                  20002aac    00000004     (.common:g_pConn)
                  20002ab0    00000004     (.common:g_ui32RxDescIndex)
                  20002ab4    00000004     (.common:g_ui32TxDescIndex)
                  20002ab8    00000004     (.common:uip_appdata)
                  20002abc    00000004     (.common:uip_draddr)
                  20002ac0    00000004     (.common:uip_hostaddr)
                  20002ac4    00000004     (.common:uip_netmask)
                  20002ac8    00000004     (.common:uip_sappdata)
                  20002acc    00000004     (.common:uip_udp_conn)
                  20002ad0    00000002     (.common:uip_len)
                  20002ad2    00000002     (.common:uip_slen)
                  20002ad4    00000001     (.common:uip_flags)

.stack     0    20002ad8    00000400     UNINITIALIZED
                  20002ad8    00000400     bl_startup_ccs.obj (.stack)

MODULE SUMMARY

       Module               code    ro data   rw data
       ------               ----    -------   -------
    .\boot_loader\
       bl_emac.obj          8648    36        5145   
       bl_startup_ccs.obj   304     136       0      
       bl_check.obj         92      0         0      
    +--+--------------------+-------+---------+---------+
       Total:               9044    172       5145   
                                                     
    D:/tivaware/driverlib/ccs/Debug/driverlib.lib
       sysctl.obj           1232    1192      0      
    +--+--------------------+-------+---------+---------+
       Total:               1232    1192      0      
                                                     
       Stack:               0       0         1024   
    +--+--------------------+-------+---------+---------+
       Grand Total:         10276   1364      6169   


GLOBAL SYMBOLS: SORTED ALPHABETICALLY BY Name 

address   name                
-------   ----                
200006c1  BOOTPThread         
200012f1  CheckForceUpdate    
2000101d  ConfigureEnet       
20000e09  Delay               
20000291  EnetReconfig        
2000139d  LOCAL_EMACPHYRead   
20000dbd  ResetISR            
20000ddf  StartApplication    
200004c1  SysCtlClockFreqSet  
2000134d  SysTickIntHandler   
20000b09  UpdateBOOTP         
20000000  Vectors             
20002ed8  __STACK_END         
00000400  __STACK_SIZE        
20002ed8  __STACK_TOP         
ffffffff  __TI_pprof_out_hndl 
ffffffff  __TI_prof_data_size 
ffffffff  __TI_prof_data_start
20000000  __TI_static_base__  
ffffffff  __binit__           
ffffffff  __c_args__          
20002ad8  __stack             
20000e0f  _c_int00            
ffffffff  binit               
20002ed8  bss_end             
200016c8  bss_run             
00001810  bss_size            
20002aac  g_pConn             
2000298c  g_psRxDescriptor    
200029ec  g_psTxDescriptor    
20001d0c  g_pui8RxBuffer      
2000230c  g_pui8TxBuffer      
20002ab0  g_ui32RxDescIndex   
20002ab4  g_ui32TxDescIndex   
20001451  htons               
00000000  init_load           
20000000  init_run            
000016c8  init_size           
20001421  my_memcpy           
2000143b  my_memset           
20002ab8  uip_appdata         
20000be9  uip_arp_arpin       
20001321  uip_arp_init        
200008bd  uip_arp_out         
200011b1  uip_arp_timer       
200016c8  uip_buf             
20002abc  uip_draddr          
200016c2  uip_ethaddr         
20002ad4  uip_flags           
20002ac0  uip_hostaddr        
200012c1  uip_init            
200013e5  uip_ipchksum        
20002ad0  uip_len             
20002ac4  uip_netmask         
20000045  uip_process         
20002ac8  uip_sappdata        
20001375  uip_send            
20002ad2  uip_slen            
20002acc  uip_udp_conn        
20002a80  uip_udp_conns       
20000e11  uip_udp_new         


GLOBAL SYMBOLS: SORTED BY Symbol Address 

address   name                
-------   ----                
00000000  init_load           
00000400  __STACK_SIZE        
000016c8  init_size           
00001810  bss_size            
20000000  Vectors             
20000000  __TI_static_base__  
20000000  init_run            
20000045  uip_process         
20000291  EnetReconfig        
200004c1  SysCtlClockFreqSet  
200006c1  BOOTPThread         
200008bd  uip_arp_out         
20000b09  UpdateBOOTP         
20000be9  uip_arp_arpin       
20000dbd  ResetISR            
20000ddf  StartApplication    
20000e09  Delay               
20000e0f  _c_int00            
20000e11  uip_udp_new         
2000101d  ConfigureEnet       
200011b1  uip_arp_timer       
200012c1  uip_init            
200012f1  CheckForceUpdate    
20001321  uip_arp_init        
2000134d  SysTickIntHandler   
20001375  uip_send            
2000139d  LOCAL_EMACPHYRead   
200013e5  uip_ipchksum        
20001421  my_memcpy           
2000143b  my_memset           
20001451  htons               
200016c2  uip_ethaddr         
200016c8  bss_run             
200016c8  uip_buf             
20001d0c  g_pui8RxBuffer      
2000230c  g_pui8TxBuffer      
2000298c  g_psRxDescriptor    
200029ec  g_psTxDescriptor    
20002a80  uip_udp_conns       
20002aac  g_pConn             
20002ab0  g_ui32RxDescIndex   
20002ab4  g_ui32TxDescIndex   
20002ab8  uip_appdata         
20002abc  uip_draddr          
20002ac0  uip_hostaddr        
20002ac4  uip_netmask         
20002ac8  uip_sappdata        
20002acc  uip_udp_conn        
20002ad0  uip_len             
20002ad2  uip_slen            
20002ad4  uip_flags           
20002ad8  __stack             
20002ed8  __STACK_END         
20002ed8  __STACK_TOP         
20002ed8  bss_end             
ffffffff  __TI_pprof_out_hndl 
ffffffff  __TI_prof_data_size 
ffffffff  __TI_prof_data_start
ffffffff  __binit__           
ffffffff  __c_args__          
ffffffff  binit               

[61 symbols]
