******************************************************************************
                  TI ARM Linker PC v20.2.4                     
******************************************************************************
>> Linked Wed Apr 28 10:51:54 2021

OUTPUT FILE NAME:   <enet_dns_tirtos.out>
ENTRY POINT SYMBOL: "_c_int00"  address: 00011d4d


MEMORY CONFIGURATION

         name            origin    length      used     unused   attr    fill
----------------------  --------  ---------  --------  --------  ----  --------
  FLASH                 00000000   00100000  0001932c  000e6cd4  R  X
  SRAM                  20000000   00040000  00010496  0002fb6a  RW X


SEGMENT ALLOCATION MAP

run origin  load origin   length   init length attrs members
----------  ----------- ---------- ----------- ----- -------
00000000    00000000    00019338   00019338    r-x
  00000000    00000000    0000003c   0000003c    r-- .resetVecs
  00000040    00000040    00016862   00016862    r-x .text
  000168a4    000168a4    0000263e   0000263e    r-- .const
  00018ee8    00018ee8    00000450   00000450    r-- .cinit
20000000    20000000    00000360   00000000    rw-
  20000000    20000000    00000360   00000000    rw- .vecs
20000380    20000380    00010138   00000000    rw-
  20000380    20000380    0000eff8   00000000    rw- .bss
  2000f378    2000f378    0000093e   00000000    rw- .data
  2000fcb8    2000fcb8    00000800   00000000    rw- .stack


SECTION ALLOCATION MAP

 output                                  attributes/
section   page    origin      length       input sections
--------  ----  ----------  ----------   ----------------
.text      0    00000040    00016862     
                  00000040    00000c68     stk_nat.aem4f : tcpin.oem4f (.text:TcpInput)
                  00000ca8    000008b8                   : tcpout.oem4f (.text:TcpOutput)
                  00001560    00000430     sysbios.aem4f : BIOS.obj (.text:ti_sysbios_family_arm_m3_Hwi_excDumpRegs__I)
                  00001990    00000408     stk_nat.aem4f : ipout.oem4f (.text:IPTxPacket)
                  00001d98    000003a8                   : ipin.oem4f (.text:IPRxPacket)
                  00002140    00000372     nettool_ipv4.aem4f : dnscomn.oem4f (.text:DNSResolveByName)
                  000024b2    00000002     hal_userled_stub.aem4f : llled.oem4f (.text:LED_TOGGLE)
                  000024b4    00000350     nettool_ipv4.aem4f : httpclie.oem4f (.text:httpClientProcess)
                  00002804    0000034c     ti.targets.arm.rtsarm.aem4f : System.oem4f (.text:xdc_runtime_System_doPrint__I)
                  00002b50    000002fe     nettool_ipv4.aem4f : dnscomn.oem4f (.text:DNSResolveByAddr)
                  00002e4e    00000002     os.aem4f : task.oem4f (.text:_TaskInit)
                  00002e50    000002f8     nettool_ipv4.aem4f : inetaddr.oem4f (.text:getaddrinfo)
                  00003148    000002ec                        : dhcps.oem4f (.text:SendDHCPReply)
                  00003434    000002da                        : dnscomn.oem4f (.text:DNSResolveByNS)
                  0000370e    00000002     os.aem4f : task.oem4f (.text:_TaskShutdown)
                  00003710    000002cc     nettool_ipv4.aem4f : httpsend.oem4f (.text:httpSendStatusLine)
                  000039dc    00000284     stk_nat.aem4f : sock.oem4f (.text:SockSet)
                  00003c60    0000025e                   : fileuser.oem4f (.text:fdPoll)
                  00003ebe    00000002     hal_ser_stub.aem4f : llserstb.oem4f (.text:_llSerialServiceCheck)
                  00003ec0    0000024c     stk_nat.aem4f : ipfrag.oem4f (.text:IPReasm)
                  0000410c    0000023c                   : icmpin.oem4f (.text:ICMPInput)
                  00004348    00000238                   : udp.oem4f (.text:UdpInput)
                  00004580    00000204     Boot.aem4f : Boot_sysctl.oem4f (.text:ti_catalog_arm_cortexm4_tiva_ce_Boot_sysCtlClockFreqSetI__I)
                  00004784    00000200     nettool_ipv4.aem4f : dnssrvr.oem4f (.text:dnss)
                  00004984    000001f4     stk_nat.aem4f : sock.oem4f (.text:SockRecv)
                  00004b78    000001f4     sysbios.aem4f : BIOS.obj (.text:ti_sysbios_family_arm_m3_Hwi_excHandlerMax__I)
                  00004d6c    000001e8     nettool_ipv4.aem4f : telnetd.oem4f (.text:telnet_netdata)
                  00004f54    000001c0                        : daemon.oem4f (.text:daemon)
                  00005114    000001b8     drivers_tivaware.aem4f : EMACSnow.oem4f (.text:EMACSnow_NIMUInit)
                  000052cc    000001b4     stk_nat.aem4f : nat.oem4f (.text:NatFindPNI)
                  00005480    000001b0                   : lliout.oem4f (.text:LLITxIpPacket)
                  00005630    000001b0                   : natpkt.oem4f (.text:NatIpRxInput)
                  000057e0    000001b0     nettool_ipv4.aem4f : dhcps.oem4f (.text:ProcessMain)
                  00005990    000001b0     stk_nat.aem4f : proxy.oem4f (.text:ProxyComplete)
                  00005b40    000001ac                   : lliin.oem4f (.text:LLIRxPacket)
                  00005cec    000001a8                   : nat.oem4f (.text:NatNew)
                  00005e94    000001a0                   : natpkt.oem4f (.text:NatIpTxInput)
                  00006034    0000019c     os.aem4f : mem.oem4f (.text:mmAlloc)
                  000061d0    0000019a     nettool_ipv4.aem4f : dnsclnt.oem4f (.text:DNSResolve)
                  0000636a    00000002     hal_ser_stub.aem4f : llserstb.oem4f (.text:_llSerialShutdown)
                  0000636c    00000198     stk_nat.aem4f : igmp.oem4f (.text:IGMPInput)
                  00006504    00000198     nettool_ipv4.aem4f : ipaddr.oem4f (.text:NtGetPublicHost)
                  0000669c    00000190     stk_nat.aem4f : sock.oem4f (.text:SockNew)
                  0000682c    00000186                   : fileuser.oem4f (.text:fdSelect)
                  000069b2    00000002     hal_userled_stub.aem4f : llled.oem4f (.text:_llUserLedInit)
                  000069b4    00000174     netctrl_full_ipv4.aem4f : netctrl.oem4f (.text:NC_NetStart)
                  00006b28    00000174     sysbios.aem4f : BIOS.obj (.text:ti_sysbios_family_arm_m3_Hwi_excBusFault__I)
                  00006c9c    00000170     stk_nat.aem4f : rtc.oem4f (.text:RTCReport)
                  00006e0c    0000016c     nettool_ipv4.aem4f : dnscomn.oem4f (.text:DNSResolveExternal)
                  00006f78    0000016c                        : httpsend.oem4f (.text:SetContentType)
                  000070e4    0000016a     stk_nat.aem4f : sb.oem4f (.text:SBRead)
                  0000724e    00000002     hal_userled_stub.aem4f : llled.oem4f (.text:_llUserLedShutdown)
                  00007250    00000164     sysbios.aem4f : BIOS.obj (.text:ti_sysbios_family_arm_m3_Hwi_excUsageFault__I)
                  000073b4    00000160     stk_nat.aem4f : sock.oem4f (.text:SockConnect)
                  00007514    00000158     nettool_ipv4.aem4f : dhcpmain.oem4f (.text:DHCPOpen)
                  0000766c    00000154     stk_nat.aem4f : natpkt.oem4f (.text:NatTcp)
                  000077c0    00000150     drivers_tivaware.aem4f : GPIOTiva.oem4f (.text:GPIO_setConfig)
                  00007910    00000150     nettool_ipv4.aem4f : httpsend.oem4f (.text:httpSendErrorHTML)
                  00007a60    00000150     sysbios.aem4f : BIOS.obj (.text:ti_sysbios_knl_Task_Instance_finalize__E)
                  00007bb0    00000148     os.aem4f : efs.oem4f (.text:efs_filecheck)
                  00007cf8    00000148     nettool_ipv4.aem4f : dhcps.oem4f (.text:iprNew)
                  00007e40    00000148     sysbios.aem4f : BIOS.obj (.text:ti_sysbios_family_arm_m3_Hwi_excMemFault__I)
                  00007f88    00000144     stk_nat.aem4f : bind.oem4f (.text:BindNew)
                  000080cc    00000144     nettool_ipv4.aem4f : dhcps.oem4f (.text:DHCPSOpen)
                  00008210    00000140     stk_nat.aem4f : tcp.oem4f (.text:TcpTimeoutCheck)
                  00008350    0000013c     nettool_ipv4.aem4f : config.oem4f (.text:CfgAddEntry)
                  0000848c    0000013c     stk_nat.aem4f : sockint.oem4f (.text:SockNotify)
                  000085c8    0000013c                   : sock.oem4f (.text:SockSend)
                  00008704    00000138     nettool_ipv4.aem4f : daemon.oem4f (.text:DaemonNew)
                  0000883c    00000004     stk_nat.aem4f : bind.oem4f (.text:BindGetIF)
                  00008840    00000138     sysbios.aem4f : BIOS.obj (.text:ti_sysbios_knl_Semaphore_pend__E)
                  00008978    00000136     nettool_ipv4.aem4f : dnspkt.oem4f (.text:DNSGetReply)
                  00008aae    00000002     rtsv7M4_T_le_v4SPD16_eabi.lib : _lock.c.obj (.text:_nop)
                  00008ab0    00000134     stk_nat.aem4f : icmp.oem4f (.text:ICMPGenPacket)
                  00008be4    00000132     nettool_ipv4.aem4f : dnspkt.oem4f (.text:DNSReadRecord)
                  00008d16    00000130     driverlib.lib : gpio.obj (.text:GPIOPadConfigSet)
                  00008e46    00000002     hal_ser_stub.aem4f : llserstb.oem4f (.text:llSerialService)
                  00008e48    00000124     stk_nat.aem4f : sockpcb.oem4f (.text:SockPcbResolve)
                  00008f6c    00000124                   : udp.oem4f (.text:UdpOutput)
                  00009090    00000124     nettool_ipv4.aem4f : dhcps.oem4f (.text:dhcpsMain)
                  000091b4    00000124     dns_pem4f.oem4f (.text:ti_ndk_config_Global_stackThread)
                  000092d8    00000118     stk_nat.aem4f : tcpout.oem4f (.text:TcpGenPacket)
                  000093f0    00000118     nettool_ipv4.aem4f : telnetd.oem4f (.text:telnet_engine)
                  00009508    00000118     ti.targets.arm.rtsarm.aem4f : Error.oem4f (.text:xdc_runtime_Error_policyDefault__E)
                  00009620    00000114     stk_nat.aem4f : nimu.oem4f (.text:NIMUIoctl)
                  00009734    00000110                   : node.oem4f (.text:NodeTreeFree)
                  00009844    00000110                   : raw.oem4f (.text:RawInput)
                  00009954    0000010c                   : rtable.oem4f (.text:RtFind)
                  00009a60    0000010a                   : route.oem4f (.text:RtCreate)
                  00009b6a    00000002     rtsv7M4_T_le_v4SPD16_eabi.lib : div0.asm.obj (.text)
                  00009b6c    00000108     drivers_tivaware.aem4f : EMACSnow.oem4f (.text:EMACSnow_emacStart)
                  00009c74    00000004     stk_nat.aem4f : bind.oem4f (.text:BindGetNext)
                  00009c78    00000108     sysbios.aem4f : BIOS.obj (.text:ti_sysbios_family_arm_lm4_Timer_start__E)
                  00009d80    00000104     nettool_ipv4.aem4f : httppars.oem4f (.text:httpParseRecv)
                  00009e84    00000104     os.aem4f : task.oem4f (.text:llEnter)
                  00009f88    00000102     nettool_ipv4.aem4f : dhcppkt.oem4f (.text:dhcpPacketProcess)
                  0000a08a    00000102                        : inetaddr.oem4f (.text:inet_aton)
                  0000a18c    00000100     stk_nat.aem4f : igmp.oem4f (.text:IGMPSendReply)
                  0000a28c    00000100     ti.targets.arm.rtsarm.aem4f : Core-mem.oem4f (.text:xdc_runtime_Core_createObject__I)
                  0000a38c    000000fc     EK_TM4C1294XL.obj (.text:EK_TM4C1294XL_initEMAC)
                  0000a488    000000fc     netctrl_full_ipv4.aem4f : netctrl.oem4f (.text:NetScheduler)
                  0000a584    000000f8     stk_nat.aem4f : pipe.oem4f (.text:PipeRecv)
                  0000a67c    000000f8     ti.targets.arm.rtsarm.aem4f : Startup.oem4f (.text:xdc_runtime_Startup_startMods__I)
                  0000a774    000000f8     dns_pem4f.oem4f (.text:xdc_runtime_System_printfExtend__I)
                  0000a86c    000000f4     os.aem4f : task.oem4f (.text:TaskGetEnv)
                  0000a960    000000f4     sysbios.aem4f : m3_Hwi_asm.obj (.text:ti_sysbios_family_arm_m3_Hwi_dispatch__I)
                  0000aa54    00000004     os.aem4f : ossys.oem4f (.text:NDK_vsprintf)
                  0000aa58    000000f4     sysbios.aem4f : BIOS.obj (.text:ti_sysbios_knl_Task_Instance_init__E)
                  0000ab4c    000000f0     stk_nat.aem4f : lliout.oem4f (.text:LLIGenArpPacket)
                  0000ac3c    000000f0                   : sock.oem4f (.text:SockClose)
                  0000ad2c    000000ee     nettool_ipv4.aem4f : dnspkt.oem4f (.text:DNSWriteRecord)
                  0000ae1a    00000006     driverlib.lib : emac.obj (.text:EMACRxDMADescriptorListSet)
                  0000ae20    000000ec     sysbios.aem4f : BIOS.obj (.text:ti_sysbios_knl_Task_postInit__I)
                  0000af0c    000000e8     os.aem4f : task.oem4f (.text:TaskSetEnv)
                  0000aff4    000000e6     nettool_ipv4.aem4f : dnspkt.oem4f (.text:DNSWriteName)
                  0000b0da    000000e2                        : httpclie.oem4f (.text:httpGetAuthParams)
                  0000b1bc    000000e0     stk_nat.aem4f : tcptime.oem4f (.text:TcpTimeoutRexmt)
                  0000b29c    000000dc                   : sb.oem4f (.text:SBWrite)
                  0000b378    000000dc     nettool_ipv4.aem4f : dhcpsock.oem4f (.text:dhcpSocketOpen)
                  0000b454    000000dc                        : dhcpsm.oem4f (.text:dhcpState)
                  0000b530    000000d8                        : dnspkt.oem4f (.text:DNSBuildReply)
                  0000b608    000000d8     stk_nat.aem4f : node.oem4f (.text:NodeAdd)
                  0000b6e0    000000d8                   : tcpprot.oem4f (.text:TcpPrSetOption)
                  0000b7b8    000000d4     drivers_tivaware.aem4f : EMACSnow.oem4f (.text:EMACSnow_handleRx)
                  0000b88c    000000d4     stk_nat.aem4f : sockpcb.oem4f (.text:SockPcbBind)
                  0000b960    000000d4     nettool_ipv4.aem4f : httpsend.oem4f (.text:httpAuthenticationReq)
                  0000ba34    00000004     stk_nat.aem4f : node.oem4f (.text:NodeSetRt)
                  0000ba38    000000d4     sysbios.aem4f : BIOS.obj (.text:ti_sysbios_heaps_HeapMem_alloc__E)
                  0000bb0c    000000d1     stk_nat.aem4f : nimu.oem4f (.text:NIMUReceivePacket)
                  0000bbdd    00000001     --HOLE-- [fill = 0]
                  0000bbde    00000002     dns_pem4f.oem4f (.text:ti_ndk_config_Global_NetworkClose)
                  0000bbe0    000000d0     nettool_ipv4.aem4f : natsrv.oem4f (.text:NATOpen)
                  0000bcb0    000000cc     stk_nat.aem4f : icmp.oem4f (.text:ICMPSendRtAdv)
                  0000bd7c    000000cc                   : natpkt.oem4f (.text:NatIcmpError)
                  0000be48    000000cc     netctrl_full_ipv4.aem4f : netsrv.oem4f (.text:ServiceSpawn)
                  0000bf14    000000cc     nettool_ipv4.aem4f : dhcpbild.oem4f (.text:dhcpBuildHeader)
                  0000bfe0    000000cc                        : dhcpsm.oem4f (.text:dhcpIPAdd)
                  0000c0ac    000000cc                        : dhcppkt.oem4f (.text:dhcpVerifyMessage)
                  0000c178    000000cc     ti.targets.arm.rtsarm.aem4f : Core-smem.oem4f (.text:xdc_runtime_Core_constructObject__I)
                  0000c244    000000c8     stk_nat.aem4f : rawethsock.oem4f (.text:RawEthSockNew)
                  0000c30c    000000c8     netctrl_full_ipv4.aem4f : netsrv.oem4f (.text:SPIpNet)
                  0000c3d4    00000004     stk_nat.aem4f : rawethsock_prot.oem4f (.text:RawEthSockPrAttach)
                  0000c3d8    000000c8     sysbios.aem4f : BIOS.obj (.text:ti_sysbios_knl_Task_sleep__E)
                  0000c4a0    000000c4     drivers_tivaware.aem4f : EMACSnow.oem4f (.text:EMACSnow_InitDMADescriptors)
                  0000c564    000000c4     stk_nat.aem4f : igmp.oem4f (.text:IGMPJoinHostGroup)
                  0000c628    000000c4     nettool_ipv4.aem4f : dhcpsm.oem4f (.text:StateBound)
                  0000c6ec    000000c2                        : dnspkt.oem4f (.text:DNSReadName)
                  0000c7ae    00000002     dns_pem4f.oem4f (.text:ti_ndk_config_Global_NetworkOpen)
                  0000c7b0    000000be     nettool_ipv4.aem4f : dnsclnt.oem4f (.text:DNSGetHostByName)
                  0000c86e    000000bc     stk_nat.aem4f : sockpcb.oem4f (.text:SockPcbFind)
                  0000c92a    00000002     dns_pem4f.oem4f (.text:ti_sysbios_BIOS_nullFunc__I)
                  0000c92c    000000bc     stk_nat.aem4f : vlan.oem4f (.text:VLANDeinit)
                  0000c9e8    000000bc     nettool_ipv4.aem4f : dnssrvr.oem4f (.text:dnss_task)
                  0000caa4    00000004     stk_nat.aem4f : rawethsock_prot.oem4f (.text:RawEthSockPrDetach)
                  0000caa8    000000bc     sysbios.aem4f : BIOS.obj (.text:ti_sysbios_family_arm_m3_Hwi_excDebugMon__I)
                  0000cb64    00000004     os.aem4f : semaphore.oem4f (.text:SemPend)
                  0000cb68    000000bc     sysbios.aem4f : BIOS.obj (.text:ti_sysbios_family_arm_m3_Hwi_excHardFault__I)
                  0000cc24    00000004     os.aem4f : semaphore.oem4f (.text:SemPost)
                  0000cc28    000000bc     sysbios.aem4f : BIOS.obj (.text:ti_sysbios_knl_Task_exit__E)
                  0000cce4    000000b8     stk_nat.aem4f : icmpin.oem4f (.text:ICMPRevSrcRoute)
                  0000cd9c    000000b8                   : pipe.oem4f (.text:PipeNew)
                  0000ce54    000000b8                   : lli.oem4f (.text:_LLITimeoutCheck)
                  0000cf0c    000000b4                   : tcptime.oem4f (.text:TcpTimeoutKeep)
                  0000cfc0    000000b4     dns.obj (.text:dnsWorker)
                  0000d074    00000004     os.aem4f : semaphore.oem4f (.text:SemReset)
                  0000d078    000000b4     sysbios.aem4f : BIOS.obj (.text:ti_sysbios_knl_Task_checkStacks__E)
                  0000d12c    000000b1     nettool_ipv4.aem4f : inetaddr.oem4f (.text:createAddrInfo)
                  0000d1dd    00000001     --HOLE-- [fill = 0]
                  0000d1de    000000b0     stk_nat.aem4f : rawethsock.oem4f (.text:RawEthSockSet)
                  0000d28e    00000002     dns_pem4f.oem4f (.text:xdc_runtime_Startup_reset__I)
                  0000d290    000000ac     stk_nat.aem4f : rtable.oem4f (.text:RtTimeoutCheck)
                  0000d33c    00000004     os.aem4f : task.oem4f (.text:TaskSelf)
                  0000d340    000000ac     sysbios.aem4f : BIOS.obj (.text:ti_sysbios_family_arm_lm4_Timer_enableTiva__I)
                  0000d3ec    000000a8     stk_nat.aem4f : sockint.oem4f (.text:SockCreatePacket)
                  0000d494    000000a4     nettool_ipv4.aem4f : dnssrvr.oem4f (.text:DNSServerOpen)
                  0000d538    000000a4     sysbios.aem4f : BIOS.obj (.text:ti_sysbios_knl_Task_setPri__E)
                  0000d5dc    000000a2     nettool_ipv4.aem4f : httpclie.oem4f (.text:httpExtractTag)
                  0000d67e    00000002     --HOLE-- [fill = 0]
                  0000d680    000000a0     stk_nat.aem4f : ip.oem4f (.text:IPGetRoute)
                  0000d720    000000a0     auto_init.aem4f : auto_init.oem4f (.text)
                  0000d7c0    000000a0     ti.targets.arm.rtsarm.aem4f : Text.oem4f (.text:xdc_runtime_Text_putMod__E)
                  0000d860    0000009e     stk_nat.aem4f : nimu.oem4f (.text:NIMUAddEthernetHeader)
                  0000d8fe    0000009e     nettool_ipv4.aem4f : dhcpbild.oem4f (.text:dhcpBuildRequest)
                  0000d99c    0000009c     stk_nat.aem4f : exec.oem4f (.text:ExecOpen)
                  0000da38    0000009c     rtsv7M4_T_le_v4SPD16_eabi.lib : memcpy_t2.asm.obj (.text)
                  0000dad4    0000009a     ti.targets.arm.rtsarm.aem4f : Text.oem4f (.text:xdc_runtime_Text_putSite__E)
                  0000db6e    00000002     --HOLE-- [fill = 0]
                  0000db70    00000098     EK_TM4C1294XL.obj (.text:EK_TM4C1294XL_initGeneral)
                  0000dc08    00000098     netctrl_full_ipv4.aem4f : netctrl.oem4f (.text:NC_SystemOpen)
                  0000dca0    00000098                             : netsrv.oem4f (.text:ServiceScan)
                  0000dd38    00000098     dns.obj (.text:main)
                  0000ddd0    00000098     Boot.aem4f : Boot.oem4f (.text:ti_catalog_arm_cortexm4_tiva_ce_Boot_sysCtlClockFreqSet__E)
                  0000de68    00000098     sysbios.aem4f : BIOS.obj (.text:ti_sysbios_knl_Task_schedule__I)
                  0000df00    00000096     nettool_ipv4.aem4f : telnetd.oem4f (.text:telnet_termdata)
                  0000df96    00000002     --HOLE-- [fill = 0]
                  0000df98    00000094                        : config.oem4f (.text:CfgRemoveEntry)
                  0000e02c    00000004     os.aem4f : task.oem4f (.text:TaskSetPri)
                  0000e030    00000094     sysbios.aem4f : BIOS.obj (.text:ti_sysbios_family_arm_m3_Hwi_Instance_init__E)
                  0000e0c4    00000004     hal_ser_stub.aem4f : llserstb.oem4f (.text:_llSerialInit)
                  0000e0c8    00000094     sysbios.aem4f : BIOS.obj (.text:ti_sysbios_family_arm_m3_Hwi_initNVIC__E)
                  0000e15c    00000090     nettool_ipv4.aem4f : config.oem4f (.text:CfgExecute)
                  0000e1ec    00000090     stk_nat.aem4f : igmp.oem4f (.text:IGMPMsg)
                  0000e27c    00000090     os.aem4f : mem.oem4f (.text:mmBulkAlloc)
                  0000e30c    00000004     rtsv7M4_T_le_v4SPD16_eabi.lib : exit.c.obj (.text:abort:abort)
                  0000e310    00000090     sysbios.aem4f : BIOS.obj (.text:ti_sysbios_knl_Task_Module_startup__E)
                  0000e3a0    00000090                   : BIOS.obj (.text:ti_sysbios_knl_Task_startCore__E)
                  0000e430    0000008c     nettool_ipv4.aem4f : dnscomn.oem4f (.text:DNSResolveQuery)
                  0000e4bc    0000008c     drivers_tivaware.aem4f : GPIOTiva.oem4f (.text:GPIO_init)
                  0000e548    0000008c     stk_nat.aem4f : ip.oem4f (.text:IPMsg)
                  0000e5d4    0000008c     os.aem4f : mem.oem4f (.text:_mmInit)
                  0000e660    0000008c              : mem.oem4f (.text:mmInitPage)
                  0000e6ec    0000008c     nettool_ipv4.aem4f : telnetd.oem4f (.text:telnetClientProcess)
                  0000e778    0000008c     sysbios.aem4f : m3_TaskSupport_asm.obj (.text:ti_sysbios_family_arm_m3_TaskSupport_buildTaskStack)
                  0000e804    0000008a     netctrl_full_ipv4.aem4f : netsrv.oem4f (.text:SPRoute)
                  0000e88e    00000002     --HOLE-- [fill = 0]
                  0000e890    00000088     stk_nat.aem4f : sockpcb.oem4f (.text:SockPcbCtlError)
                  0000e918    00000087     dns_pem4f.oem4f (.text:ti_ndk_config_Global_NetworkIPAddr)
                  0000e99f    00000001     --HOLE-- [fill = 0]
                  0000e9a0    00000086     stk_nat.aem4f : sock.oem4f (.text:SockCheck)
                  0000ea26    00000086     nettool_ipv4.aem4f : dhcpsm.oem4f (.text:StateRequesting)
                  0000eaac    00000086                        : inetaddr.oem4f (.text:inet_ntop)
                  0000eb32    00000002     --HOLE-- [fill = 0]
                  0000eb34    00000084                        : config.oem4f (.text:CfgGetEntry)
                  0000ebb8    00000084     drivers_tivaware.aem4f : EMACSnow.oem4f (.text:EMACSnow_processPhyInterrupt)
                  0000ec3c    00000084     stk_nat.aem4f : tcpprot.oem4f (.text:TcpPrAttach)
                  0000ecc0    00000084     os.aem4f : mem.oem4f (.text:mmBulkFree)
                  0000ed44    00000084              : mem.oem4f (.text:mmFree)
                  0000edc8    00000084     sysbios.aem4f : BIOS.obj (.text:ti_sysbios_family_arm_m3_Hwi_postInit__I)
                  0000ee4c    00000082     nettool_ipv4.aem4f : dhcpsm.oem4f (.text:StateRenewRebind)
                  0000eece    00000002     --HOLE-- [fill = 0]
                  0000eed0    00000080                        : daemon.oem4f (.text:DaemonFree)
                  0000ef50    00000080     drivers_tivaware.aem4f : EMACSnow.oem4f (.text:EMACSnow_emacStop)
                  0000efd0    00000080                            : EMACSnow.oem4f (.text:EMACSnow_processPendingTx)
                  0000f050    00000080     stk_nat.aem4f : lli.oem4f (.text:LLINew)
                  0000f0d0    00000080     netctrl_full_ipv4.aem4f : netsrv.oem4f (.text:NS_BootTask)
                  0000f150    00000080     stk_nat.aem4f : nat.oem4f (.text:NatFree)
                  0000f1d0    00000080                   : nat.oem4f (.text:NatMsg)
                  0000f250    00000080                   : pbm.oem4f (.text:PBM_alloc)
                  0000f2d0    00000080                   : proxy.oem4f (.text:ProxyEntrySpawn)
                  0000f350    00000080                   : raw.oem4f (.text:RawOutput)
                  0000f3d0    0000007e     netctrl_full_ipv4.aem4f : netsrv.oem4f (.text:ServiceKill)
                  0000f44e    0000007e     stk_nat.aem4f : fileuser.oem4f (.text:fdClose)
                  0000f4cc    0000007c     nettool_ipv4.aem4f : config.oem4f (.text:CfgGetNextEntry)
                  0000f548    0000007c     drivers_tivaware.aem4f : EMACSnow.oem4f (.text:EMACSnow_hwiIntFxn)
                  0000f5c4    0000007c     stk_nat.aem4f : igmp.oem4f (.text:IGMPDoMCast)
                  0000f640    0000007c                   : igmp.oem4f (.text:IGMPJoin)
                  0000f6bc    0000007c                   : socket.oem4f (.text:NDK_setsockopt)
                  0000f738    0000007c                   : nimu.oem4f (.text:NIMURegister)
                  0000f7b4    0000007c                   : pbm.oem4f (.text:PBM_free)
                  0000f830    0000007c     nettool_ipv4.aem4f : daemon.oem4f (.text:dchild)
                  0000f8ac    0000007c                        : inetaddr.oem4f (.text:inet_pton)
                  0000f928    0000007c     sysbios.aem4f : BIOS.obj (.text:ti_sysbios_heaps_HeapMem_free__E)
                  0000f9a4    0000007a     stk_nat.aem4f : sock.oem4f (.text:SockAccept)
                  0000fa1e    0000007a     rtsv7M4_T_le_v4SPD16_eabi.lib : memset_t2.asm.obj (.text)
                  0000fa98    00000078     driverlib.lib : emac.obj (.text:EMACInit)
                  0000fb10    00000078     stk_nat.aem4f : socket.oem4f (.text:NDK_sendto)
                  0000fb88    00000078                   : tcptime.oem4f (.text:TcpXmitTimer)
                  0000fc00    00000078                   : fileuser.oem4f (.text:fdOpenSession)
                  0000fc78    00000078     os.aem4f : task.oem4f (.text:llExit)
                  0000fcf0    00000076     stk_nat.aem4f : pipe.oem4f (.text:PipeSend)
                  0000fd66    00000002     --HOLE-- [fill = 0]
                  0000fd68    00000075                   : tcptime.oem4f (.text:TcpTimeoutSackRexmt)
                  0000fddd    00000003     --HOLE-- [fill = 0]
                  0000fde0    00000074                   : igmp.oem4f (.text:IGMPLeaveHostGroup)
                  0000fe54    00000074                   : socket.oem4f (.text:NDK_recvfrom)
                  0000fec8    00000074                   : nimu.oem4f (.text:NIMUShutdown)
                  0000ff3c    00000074                   : raweth.oem4f (.text:RawEthRxPacket)
                  0000ffb0    00000074                   : sockpcb.oem4f (.text:SockPcbConnect)
                  00010024    00000074     nettool_ipv4.aem4f : inetaddr.oem4f (.text:setAddrInfo)
                  00010098    00000072     os.aem4f : semaphore.oem4f (.text:SemCreateBinary)
                  0001010a    00000070     stk_nat.aem4f : socket.oem4f (.text:NDK_accept)
                  0001017a    00000070                   : socket.oem4f (.text:NDK_send)
                  000101ea    00000002     --HOLE-- [fill = 0]
                  000101ec    00000070                   : rtable.oem4f (.text:RtFlush)
                  0001025c    00000070     netctrl_full_ipv4.aem4f : netsrv.oem4f (.text:SPConfig)
                  000102cc    00000070     stk_nat.aem4f : sock.oem4f (.text:SockShutdown)
                  0001033c    00000070     nettool_ipv4.aem4f : dhcptags.oem4f (.text:dhcpDecodeType)
                  000103ac    00000004     stk_nat.aem4f : listlib.oem4f (.text:list_get_head)
                  000103b0    00000070     sysbios.aem4f : BIOS.obj (.text:ti_sysbios_knl_Clock_workFunc__E)
                  00010420    0000006e     stk_nat.aem4f : socket.oem4f (.text:NDK_recv)
                  0001048e    00000002     --HOLE-- [fill = 0]
                  00010490    0000006e                   : rtable.oem4f (.text:RtWalkNext)
                  000104fe    0000006e                   : sockpcb.oem4f (.text:SockPcbFindRaw)
                  0001056c    0000006d                   : node.oem4f (.text:NodeNew)
                  000105d9    00000003     --HOLE-- [fill = 0]
                  000105dc    0000006d     ti.targets.arm.rtsarm.aem4f : System.oem4f (.text:xdc_runtime_System_formatNum__I)
                  00010649    00000003     --HOLE-- [fill = 0]
                  0001064c    0000006c     os.aem4f : ossys.oem4f (.text:DbgPrintf)
                  000106b8    0000006c     stk_nat.aem4f : node.oem4f (.text:NodeTreeNew)
                  00010724    0000006c                   : raweth.oem4f (.text:RawEthTxPacket)
                  00010790    0000006c                   : udp.oem4f (.text:UdpChecksum)
                  000107fc    0000006c     dns_pem4f.oem4f (.text:ti_ndk_config_ip_init)
                  00010868    0000006c     sysbios.aem4f : BIOS.obj (.text:ti_sysbios_knl_Swi_restoreHwi__E)
                  000108d4    0000006c     ti.targets.arm.rtsarm.aem4f : Error.oem4f (.text:xdc_runtime_Error_print__E)
                  00010940    0000006c                                 : Memory.oem4f (.text:xdc_runtime_Memory_alloc__E)
                  000109ac    0000006a     stk_nat.aem4f : tcpprot.oem4f (.text:TcpPrInherit)
                  00010a16    00000068                   : socket.oem4f (.text:NDK_socket)
                  00010a7e    00000002     --HOLE-- [fill = 0]
                  00010a80    00000068                   : pbm.oem4f (.text:PBM_open)
                  00010ae8    00000068                   : sock.oem4f (.text:SockListen)
                  00010b50    00000068                   : rtable.oem4f (.text:_RtNodeInsert)
                  00010bb8    00000068     rtsv7M4_T_le_v4SPD16_eabi.lib : copy_decompress_lzss.c.obj (.text:decompress:lzss:__TI_decompress_lzss)
                  00010c20    00000066     ti.targets.arm.rtsarm.aem4f : Core-mem.oem4f (.text:xdc_runtime_Core_deleteObject__I)
                  00010c86    00000002     --HOLE-- [fill = 0]
                  00010c88    00000064     nettool_ipv4.aem4f : config.oem4f (.text:CfgFree)
                  00010cec    00000064     drivers_tivaware.aem4f : GPIOTiva.oem4f (.text:GPIO_hwiIntFxn)
                  00010d50    00000064     stk_nat.aem4f : pbm.oem4f (.text:PBMQ_enq)
                  00010db4    00000064                   : sockint.oem4f (.text:SockSpawnAbort)
                  00010e18    00000064     nettool_ipv4.aem4f : telnetd.oem4f (.text:TelnetOpen)
                  00010e7c    00000064     hal_timer_bios.aem4f : lltimer.oem4f (.text:llTimerTick)
                  00010ee0    00000064     sysbios.aem4f : BIOS.obj (.text:ti_sysbios_family_arm_lm4_Timer_Module_startup__E)
                  00010f44    00000064     dns_pem4f.oem4f (.text:ti_sysbios_family_arm_m3_Hwi_create)
                  00010fa8    00000064     sysbios.aem4f : BIOS.obj (.text:ti_sysbios_family_arm_m3_Hwi_dispatchC__I)
                  0001100c    00000004     stk_nat.aem4f : listlib.oem4f (.text:list_get_next)
                  00011010    00000064     sysbios.aem4f : BIOS.obj (.text:ti_sysbios_knl_Semaphore_post__E)
                  00011074    00000064     stk_nat.aem4f : lliin.oem4f (.text:updateRtTable)
                  000110d8    00000062                   : ipin.oem4f (.text:IPRouteIP)
                  0001113a    00000002     --HOLE-- [fill = 0]
                  0001113c    00000062                   : sb.oem4f (.text:SBNew)
                  0001119e    00000002     --HOLE-- [fill = 0]
                  000111a0    00000060     nettool_ipv4.aem4f : config.oem4f (.text:CfgGetEntryCnt)
                  00011200    00000060     stk_nat.aem4f : file.oem4f (.text:FdWaitEvent)
                  00011260    00000060                   : socket.oem4f (.text:NDK_getpeername)
                  000112c0    00000060                   : nimu.oem4f (.text:NIMUUnregister)
                  00011320    00000060                   : node.oem4f (.text:NodeFind)
                  00011380    00000060                   : rtc.oem4f (.text:RTCMsg)
                  000113e0    00000060                   : tcp.oem4f (.text:TcpChecksum)
                  00011440    00000060     nettool_ipv4.aem4f : dhcptags.oem4f (.text:dhcpBuildOptions)
                  000114a0    00000060     dns.obj (.text:dnsHooks)
                  00011500    00000060     nettool_ipv4.aem4f : http.oem4f (.text:httpOpen)
                  00011560    00000060     dns_pem4f.oem4f (.text:ti_ndk_config_Global_serviceReport)
                  000115c0    0000005f     nettool_ipv4.aem4f : httpsend.oem4f (.text:httpSendFullResponse)
                  0001161f    00000001     --HOLE-- [fill = 0]
                  00011620    0000005e     stk_nat.aem4f : route.oem4f (.text:RtRemove)
                  0001167e    0000005e     nettool_ipv4.aem4f : dhcpsm.oem4f (.text:StateSelecting)
                  000116dc    0000005e     stk_nat.aem4f : vlan.oem4f (.text:VLANReceivePacket)
                  0001173a    00000002     --HOLE-- [fill = 0]
                  0001173c    0000005c     nettool_ipv4.aem4f : config.oem4f (.text:CfgSetExecuteOrder)
                  00011798    0000005c                        : dnssrvr.oem4f (.text:DNSServerClose)
                  000117f4    0000005c     stk_nat.aem4f : nimu.oem4f (.text:NIMUIoctlSpecialCmd)
                  00011850    0000005c     netctrl_full_ipv4.aem4f : netsrv.oem4f (.text:SPService)
                  000118ac    0000005c     dns_pem4f.oem4f (.text:ti_sysbios_knl_Swi_create)
                  00011908    0000005c     sysbios.aem4f : BIOS.obj (.text:ti_sysbios_knl_Swi_run__I)
                  00011964    00000004     dns_pem4f.oem4f (.text:ti_sysbios_BIOS_RtsGateProxy_enter__E)
                  00011968    0000005c     sysbios.aem4f : BIOS.obj (.text:ti_sysbios_knl_Swi_schedule__I)
                  000119c4    0000005c     dns_pem4f.oem4f (.text:ti_sysbios_knl_Task_create)
                  00011a20    0000005c     sysbios.aem4f : BIOS.obj (.text:ti_sysbios_knl_Task_unblockI__E)
                  00011a7c    0000005b     ti.targets.arm.rtsarm.aem4f : Text.oem4f (.text:xdc_runtime_Text_putLab__E)
                  00011ad7    00000001     --HOLE-- [fill = 0]
                  00011ad8    0000005a     stk_nat.aem4f : rawethsock.oem4f (.text:RawEthSockCheck)
                  00011b32    0000005a                   : route.oem4f (.text:RtRedirect)
                  00011b8c    0000005a                   : tcpprot.oem4f (.text:TcpValidateMetrics)
                  00011be6    0000005a     nettool_ipv4.aem4f : dhcpbild.oem4f (.text:dhcpBuildDecline)
                  00011c40    0000005a     os.aem4f : mem.oem4f (.text:mmCopy)
                  00011c9a    0000005a     dns_pem4f.oem4f (.text:ti_ndk_config_tcp_init)
                  00011cf4    00000058     stk_nat.aem4f : bind.oem4f (.text:BindFree)
                  00011d4c    00000058     boot.aem4f : boot.oem4f (.text)
                  00011da4    00000058     driverlib.lib : emac.obj (.text:EMACPHYConfigSet)
                  00011dfc    00000058     rtsv7M4_T_le_v4SPD16_eabi.lib : hostwrite.c.obj (.text:HOSTwrite)
                  00011e54    00000058     stk_nat.aem4f : igmp.oem4f (.text:IGMPTimer)
                  00011eac    00000058                   : proxy.oem4f (.text:ProxyRx)
                  00011f04    00000058     os.aem4f : semaphore.oem4f (.text:SemCreate)
                  00011f5c    00000058     stk_nat.aem4f : socket.oem4f (.text:pipe)
                  00011fb4    00000058     sysbios.aem4f : m3_Hwi_asm_switch.obj (.text:ti_sysbios_family_arm_m3_Hwi_initStacks__E)
                  0001200c    00000056     driverlib.lib : gpio.obj (.text:GPIOIntTypeSet)
                  00012062    00000002     --HOLE-- [fill = 0]
                  00012064    00000054     nettool_ipv4.aem4f : config.oem4f (.text:CfgEntryDeRef)
                  000120b8    00000054     stk_nat.aem4f : igmp.oem4f (.text:IGMPLeave)
                  0001210c    00000054                   : proxy.oem4f (.text:ProxyTx)
                  00012160    00000054                   : rawethsock_pcb.oem4f (.text:RawEthSockPcbAttach)
                  000121b4    00000054                   : sockpcb.oem4f (.text:SockCleanPcb)
                  00012208    00000054                   : tcptime.oem4f (.text:TcpTimeoutPersist)
                  0001225c    00000004     dns_pem4f.oem4f (.text:ti_sysbios_BIOS_RtsGateProxy_leave__E)
                  00012260    00000054     sysbios.aem4f : BIOS.obj (.text:ti_sysbios_family_arm_lm4_Timer_initDevice__I)
                  000122b4    00000004                   : BIOS.obj (.text:ti_sysbios_family_arm_lm4_Timer_masterEnable__I)
                  000122b8    00000054                   : BIOS.obj (.text:ti_sysbios_knl_Swi_Instance_init__E)
                  0001230c    00000054     ti.targets.arm.rtsarm.aem4f : Assert.oem4f (.text:xdc_runtime_Assert_raise__I)
                  00012360    00000052     nettool_ipv4.aem4f : dnscomn.oem4f (.text:DNSReplyFree)
                  000123b2    00000052     stk_nat.aem4f : tcpprot.oem4f (.text:TcpPrDetach)
                  00012404    00000050     drivers_tivaware.aem4f : GPIOTiva.oem4f (.text:GPIO_setCallback)
                  00012454    00000050     stk_nat.aem4f : socket.oem4f (.text:NDK_bind)
                  000124a4    00000050                   : route.oem4f (.text:RtNew)
                  000124f4    00000050     driverlib.lib : sysctl.obj (.text:SysCtlPeripheralReset)
                  00012544    00000050     Boot.aem4f : Boot_sysctl.oem4f (.text:_SysCtlFrequencyGet)
                  00012594    00000004     dns_pem4f.oem4f (.text:ti_sysbios_family_arm_m3_Hwi_delete)
                  00012598    00000050     sysbios.aem4f : BIOS.obj (.text:ti_sysbios_family_arm_m3_Hwi_Module_startup__E)
                  000125e8    00000050                   : BIOS.obj (.text:ti_sysbios_knl_Clock_Instance_init__E)
                  00012638    00000050     ti.targets.arm.rtsarm.aem4f : Startup.oem4f (.text:xdc_runtime_Startup_exec__E)
                  00012688    00000050                                 : Text.oem4f (.text:xdc_runtime_Text_visitRope2__I)
                  000126d8    0000004f     os.aem4f : efs.oem4f (.text:efs_fopen)
                  00012727    00000001     --HOLE-- [fill = 0]
                  00012728    0000004e     stk_nat.aem4f : node.oem4f (.text:NodeDeRef)
                  00012776    0000004e     nettool_ipv4.aem4f : config.oem4f (.text:_CfgEntryScan)
                  000127c4    0000004c                        : ipaddr.oem4f (.text:NtAddNetwork)
                  00012810    0000004c     stk_nat.aem4f : sockint.oem4f (.text:SockValidateRoute)
                  0001285c    0000004c     rtsv7M4_T_le_v4SPD16_eabi.lib : atoi.c.obj (.text:atoi)
                  000128a8    0000004c                                   : cpy_tbl.c.obj (.text:copy_in)
                  000128f4    0000004c     nettool_ipv4.aem4f : dhcps.oem4f (.text:iprTimeoutCheck)
                  00012940    0000004c     sysbios.aem4f : BIOS.obj (.text:ti_sysbios_heaps_HeapMem_getStats__E)
                  0001298c    00000004     dns_pem4f.oem4f (.text:ti_sysbios_family_arm_m3_TaskSupport_Module__startupDone__S)
                  00012990    0000004c     sysbios.aem4f : BIOS.obj (.text:ti_sysbios_knl_Swi_runLoop__I)
                  000129dc    00000004     dns_pem4f.oem4f (.text:ti_sysbios_heaps_HeapMem_Module_GateProxy_enter__E)
                  000129e0    0000004c     sysbios.aem4f : BIOS.obj (.text:ti_sysbios_knl_Task_allBlockedFunction__I)
                  00012a2c    0000004a     stk_nat.aem4f : sock.oem4f (.text:SockDisconnect)
                  00012a76    00000002     --HOLE-- [fill = 0]
                  00012a78    0000004a                   : timer.oem4f (.text:TimerNew)
                  00012ac2    00000048     nettool_ipv4.aem4f : config.oem4f (.text:CfgNew)
                  00012b0a    00000048                        : dnssrvr.oem4f (.text:DNSSendReplyPacket)
                  00012b52    00000002     --HOLE-- [fill = 0]
                  00012b54    00000048     driverlib.lib : gpio.obj (.text:GPIOPinConfigure)
                  00012b9c    00000048     stk_nat.aem4f : lli.oem4f (.text:LLIMsg)
                  00012be4    00000048                   : node.oem4f (.text:NodeWalk)
                  00012c2c    00000048                   : rawethsock_pcb.oem4f (.text:RawEthSockPcbDetach)
                  00012c74    00000048                   : sockpcb.oem4f (.text:SockPcbResolveChain)
                  00012cbc    00000048                   : tcpprot.oem4f (.text:TcpDrop)
                  00012d04    00000048                   : lli.oem4f (.text:_LLIExpListInsert)
                  00012d4c    00000048                   : rtable.oem4f (.text:_RtExpListInsert)
                  00012d94    00000048                   : file.oem4f (.text:fdint_lockfd)
                  00012ddc    00000004     dns_pem4f.oem4f (.text:ti_sysbios_heaps_HeapMem_Module_GateProxy_leave__E)
                  00012de0    00000048     sysbios.aem4f : BIOS.obj (.text:ti_sysbios_family_arm_lm4_Timer_enableTimers__I)
                  00012e28    00000048                   : BIOS.obj (.text:ti_sysbios_family_arm_m3_Hwi_disableInterrupt__E)
                  00012e70    00000048                   : BIOS.obj (.text:ti_sysbios_family_arm_m3_Hwi_enableInterrupt__E)
                  00012eb8    00000048                   : BIOS.obj (.text:ti_sysbios_family_arm_m3_Hwi_excReserved__I)
                  00012f00    00000048                   : BIOS.obj (.text:ti_sysbios_knl_Task_deleteTerminatedTasksFunc__I)
                  00012f48    00000046     nettool_ipv4.aem4f : ipaddr.oem4f (.text:NtIfIdx2Ip)
                  00012f8e    00000046     stk_nat.aem4f : rawethsock.oem4f (.text:RawEthSockSend)
                  00012fd4    00000046                   : tcpprot.oem4f (.text:TcpPrCtlError)
                  0001301a    00000046     os.aem4f : mem.oem4f (.text:mmZeroInit)
                  00013060    00000046     ti.targets.arm.rtsarm.aem4f : Core-params.oem4f (.text:xdc_runtime_Core_assignParams__I)
                  000130a6    00000002     --HOLE-- [fill = 0]
                  000130a8    00000044     drivers_tivaware.aem4f : EMACSnow.oem4f (.text:EMACSnow_processTransmitted)
                  000130ec    00000044     stk_nat.aem4f : icmp.oem4f (.text:ICMPChecksum)
                  00013130    00000044                   : ipfrag.oem4f (.text:IPReasmFree)
                  00013174    00000044                   : lli.oem4f (.text:LLIGetValidTime)
                  000131b8    00000044                   : rtable.oem4f (.text:RouteMsg)
                  000131fc    00000044                   : rtable.oem4f (.text:RtWalkEnd)
                  00013240    00000044                   : sockpcb.oem4f (.text:SockPcbDetach)
                  00013284    00000044                   : timer.oem4f (.text:TimerListInsert)
                  000132c8    00000044     os.aem4f : efs.oem4f (.text:efs_internal_remove)
                  0001330c    00000044     nettool_ipv4.aem4f : httpclie.oem4f (.text:httpGetMimeBits)
                  00013350    00000044     hal_timer_bios.aem4f : lltimer.oem4f (.text:llTimerGetTime)
                  00013394    00000004     dns_pem4f.oem4f (.text:ti_sysbios_knl_Clock_TimerProxy_getMaxTicks__E)
                  00013398    00000044     sysbios.aem4f : BIOS.obj (.text:ti_sysbios_family_arm_lm4_Timer_isrStub__E)
                  000133dc    00000004     dns_pem4f.oem4f (.text:ti_sysbios_knl_Queue_destruct)
                  000133e0    00000044     sysbios.aem4f : BIOS.obj (.text:ti_sysbios_family_arm_m3_Hwi_getStackInfo__E)
                  00013424    00000004     dns_pem4f.oem4f (.text:ti_sysbios_knl_Semaphore_delete)
                  00013428    00000044     sysbios.aem4f : BIOS.obj (.text:ti_sysbios_knl_Swi_post__E)
                  0001346c    00000044     ti.targets.arm.rtsarm.aem4f : Error.oem4f (.text:xdc_runtime_Error_setX__E)
                  000134b0    00000044                                 : SysMin.oem4f (.text:xdc_runtime_SysMin_flush__E)
                  000134f4    00000044                                 : Text.oem4f (.text:xdc_runtime_Text_xprintf__I)
                  00013538    00000042     nettool_ipv4.aem4f : telnetd.oem4f (.text:CmdWriteCmd)
                  0001357a    00000042     stk_nat.aem4f : socket.oem4f (.text:NDK_listen)
                  000135bc    00000042                   : tcpprot.oem4f (.text:TcpPrSendOOB)
                  000135fe    00000042                   : fileuser.oem4f (.text:fdCloseSession)
                  00013640    00000040     nettool_ipv4.aem4f : dnspkt.oem4f (.text:DNSBuildRequest)
                  00013680    00000040     stk_nat.aem4f : lliin.oem4f (.text:LLIValidateRoute)
                  000136c0    00000040                   : natpkt.oem4f (.text:NatSetConfig)
                  00013700    00000040     nettool_ipv4.aem4f : ipaddr.oem4f (.text:NtIPN2Str)
                  00013740    00000040     stk_nat.aem4f : pbm.oem4f (.text:PBM_copy)
                  00013780    00000040                   : sockpcb.oem4f (.text:SockPcbRtChange)
                  000137c0    00000040                   : tcpprot.oem4f (.text:TcpPrSend)
                  00013800    00000040     nettool_ipv4.aem4f : httpsend.oem4f (.text:httpSendErrorResponse)
                  00013840    00000040     rtsv7M4_T_le_v4SPD16_eabi.lib : u_divt2.asm.obj (.text)
                  00013880    00000040     sysbios.aem4f : BIOS.obj (.text:ti_sysbios_family_arm_lm4_Timer_startup__E)
                  000138c0    00000040                   : BIOS.obj (.text:ti_sysbios_heaps_HeapMem_Instance_init__E)
                  00013900    0000003e     nettool_ipv4.aem4f : dhcpmain.oem4f (.text:DHCPClose)
                  0001393e    00000002     --HOLE-- [fill = 0]
                  00013940    0000003e     stk_nat.aem4f : nimu.oem4f (.text:NIMUAllocateName)
                  0001397e    0000003e     os.aem4f : task.oem4f (.text:TaskCreate)
                  000139bc    0000003e     stk_nat.aem4f : tcpprot.oem4f (.text:TcpPrDisconnect)
                  000139fa    0000003e                   : file.oem4f (.text:fdint_unlockfd)
                  00013a38    0000003e     nettool_ipv4.aem4f : dhcps.oem4f (.text:iprGetByIndex)
                  00013a76    0000003c                        : config.oem4f (.text:CfgEntryGetData)
                  00013ab2    0000003c                        : config.oem4f (.text:CfgEntrySetData)
                  00013aee    0000003c     driverlib.lib : emac.obj (.text:EMACIntDisable)
                  00013b2a    0000003c     stk_nat.aem4f : node.oem4f (.text:NodeUpdatePL)
                  00013b66    00000002     --HOLE-- [fill = 0]
                  00013b68    0000003c                   : rtable.oem4f (.text:RtWalkBegin)
                  00013ba4    0000003c                   : tcpprot.oem4f (.text:TcpPrConnect)
                  00013be0    0000003c                   : tcptime.oem4f (.text:TcpSetPersist)
                  00013c1c    0000003c                   : rtc.oem4f (.text:_RTCSendRtAdv)
                  00013c58    0000003c                   : rtable.oem4f (.text:_RtNodeRemove)
                  00013c94    0000003c     hal_timer_bios.aem4f : lltimer.oem4f (.text:_llTimerInit)
                  00013cd0    0000003c     sysbios.aem4f : BIOS.obj (.text:ti_sysbios_family_arm_m3_Hwi_excSvCall__I)
                  00013d0c    00000004     dns_pem4f.oem4f (.text:ti_sysbios_knl_Semaphore_destruct)
                  00013d10    0000003c     sysbios.aem4f : BIOS.obj (.text:ti_sysbios_heaps_HeapMem_init__I)
                  00013d4c    00000004     dns_pem4f.oem4f (.text:ti_sysbios_knl_Swi_delete)
                  00013d50    0000003c     sysbios.aem4f : BIOS.obj (.text:ti_sysbios_knl_Swi_restore__E)
                  00013d8c    0000003a     driverlib.lib : emac.obj (.text:EMACIntEnable)
                  00013dc6    0000003a     os.aem4f : efs.oem4f (.text:efs_filesend)
                  00013e00    00000038     driverlib.lib : emac.obj (.text:EMACConfigGet)
                  00013e38    00000038     stk_nat.aem4f : ipfrag.oem4f (.text:IPReasmTimeout)
                  00013e70    00000038                   : node.oem4f (.text:NodeGetRt)
                  00013ea8    00000038     driverlib.lib : sysctl.obj (.text:SysCtlPeripheralReady)
                  00013ee0    00000038     stk_nat.aem4f : tcpprot.oem4f (.text:TcpClose)
                  00013f18    00000038                   : timer.oem4f (.text:TimerHSTick)
                  00013f50    00000038     rtsv7M4_T_le_v4SPD16_eabi.lib : trgmsg.c.obj (.text:__TI_writemsg)
                  00013f88    00000038     nettool_ipv4.aem4f : dhcpbild.oem4f (.text:dhcpBuildDiscover)
                  00013fc0    00000038                        : dhcptags.oem4f (.text:dhcpOptionsClear)
                  00013ff8    00000038     stk_nat.aem4f : file.oem4f (.text:fdint_waitevent)
                  00014030    00000038     sysbios.aem4f : BIOS.obj (.text:ti_sysbios_family_arm_m3_Hwi_excNoIsr__I)
                  00014068    00000038     dns_pem4f.oem4f (.text:ti_sysbios_knl_Clock_create)
                  000140a0    00000038     sysbios.aem4f : BIOS.obj (.text:ti_sysbios_knl_Task_processVitalTaskFlag__I)
                  000140d8    00000038     ti.targets.arm.rtsarm.aem4f : SysMin.oem4f (.text:xdc_runtime_SysMin_putch__E)
                  00014110    00000038                                 : System.oem4f (.text:xdc_runtime_System_atexit__E)
                  00014148    00000036     nettool_ipv4.aem4f : telnetd.oem4f (.text:CmdWriteBytes)
                  0001417e    00000036     stk_nat.aem4f : ip.oem4f (.text:IPChecksum)
                  000141b4    00000036     rtsv7M4_T_le_v4SPD16_eabi.lib : strncpy.c.obj (.text:strncpy)
                  000141ea    00000002     --HOLE-- [fill = 0]
                  000141ec    00000034     nettool_ipv4.aem4f : config.oem4f (.text:CfgSetService)
                  00014220    00000034     driverlib.lib : emac.obj (.text:EMACConfigSet)
                  00014254    00000034                   : emac.obj (.text:EMACIntClear)
                  00014288    00000034     drivers_tivaware.aem4f : EMACSnow.oem4f (.text:EMACSnow_emacPoll)
                  000142bc    00000034                            : EMACSnow.oem4f (.text:EMACSnow_isLinkUp)
                  000142f0    00000034                            : EMAC.oem4f (.text:EMAC_init)
                  00014324    00000034     stk_nat.aem4f : exec.oem4f (.text:ExecClose)
                  00014358    00000034                   : nimu.oem4f (.text:NIMUFindByName)
                  0001438c    00000034                   : nimu.oem4f (.text:NIMUInit)
                  000143c0    00000034                   : rawethsock.oem4f (.text:RawEthSockNotify)
                  000143f4    00000034                   : sockprot.oem4f (.text:SockPrCtlError)
                  00014428    00000034     driverlib.lib : sysctl.obj (.text:SysCtlPeripheralEnable)
                  0001445c    00000034     rtsv7M4_T_le_v4SPD16_eabi.lib : trgmsg.c.obj (.text:__TI_readmsg)
                  00014490    00000034     nettool_ipv4.aem4f : httpsend.oem4f (.text:httpSendEntityLength)
                  000144c4    00000034                        : dhcps.oem4f (.text:iprFindByMAC)
                  000144f8    00000034     os.aem4f : mem.oem4f (.text:mmUnInitPage)
                  0001452c    00000034              : ossys.oem4f (.text:stricmp)
                  00014560    00000034     rtsv7M4_T_le_v4SPD16_eabi.lib : strstr.c.obj (.text:strstr)
                  00014594    00000004     dns_pem4f.oem4f (.text:ti_sysbios_knl_Task_delete)
                  00014598    00000034     sysbios.aem4f : BIOS.obj (.text:ti_sysbios_family_arm_m3_Hwi_Instance_finalize__E)
                  000145cc    00000004     ti.targets.arm.rtsarm.aem4f : Error.oem4f (.text:xdc_runtime_Error_getMsg__E)
                  000145d0    00000034     sysbios.aem4f : BIOS.obj (.text:ti_sysbios_family_arm_m3_Hwi_excNmi__I)
                  00014604    00000004     ti.targets.arm.rtsarm.aem4f : Error.oem4f (.text:xdc_runtime_Error_getSite__E)
                  00014608    00000034     sysbios.aem4f : BIOS.obj (.text:ti_sysbios_hal_Hwi_checkStack)
                  0001463c    00000034     dns_pem4f.oem4f (.text:ti_sysbios_knl_Semaphore_create)
                  00014670    00000034     ti.targets.arm.rtsarm.aem4f : Core-label.oem4f (.text:xdc_runtime_Core_assignLabel__I)
                  000146a4    00000033                                 : Text.oem4f (.text:xdc_runtime_Text_printVisFxn__I)
                  000146d7    00000001     --HOLE-- [fill = 0]
                  000146d8    00000032     nettool_ipv4.aem4f : config.oem4f (.text:CfgGetImmediate)
                  0001470a    00000032     stk_nat.aem4f : natpkt.oem4f (.text:NatCkMod)
                  0001473c    00000032                   : pipe.oem4f (.text:PipeCheck)
                  0001476e    00000032                   : route.oem4f (.text:RtDeRef)
                  000147a0    00000032                   : route.oem4f (.text:RtSetFailure)
                  000147d2    00000032                   : sb.oem4f (.text:SBFlush)
                  00014804    00000032                   : sb.oem4f (.text:SBSetMax)
                  00014836    00000032                   : sock.oem4f (.text:SockIntAbort)
                  00014868    00000032     nettool_ipv4.aem4f : config.oem4f (.text:_CfgAcquire)
                  0001489a    00000032                        : dhcpsm.oem4f (.text:dhcpIPRemove)
                  000148cc    00000032     os.aem4f : efs.oem4f (.text:efs_fclose)
                  000148fe    00000002     --HOLE-- [fill = 0]
                  00014900    00000032     sysbios.aem4f : BIOS.obj (.text:ti_sysbios_hal_Hwi_initStack)
                  00014932    00000006     driverlib.lib : emac.obj (.text:EMACTxDMADescriptorListSet)
                  00014938    00000032     sysbios.aem4f : BIOS.obj (.text:ti_sysbios_knl_Semaphore_pendTimeout__I)
                  0001496a    00000030     driverlib.lib : emac.obj (.text:EMACAddrSet)
                  0001499a    00000002     --HOLE-- [fill = 0]
                  0001499c    00000030     drivers_tivaware.aem4f : EMACSnow.oem4f (.text:EMACSnow_handlePackets)
                  000149cc    00000030     netctrl_full_ipv4.aem4f : netsrv.oem4f (.text:NS_PreBoot)
                  000149fc    00000030     stk_nat.aem4f : sock.oem4f (.text:SockBind)
                  00014a2c    00000030                   : sock.oem4f (.text:SockGetName)
                  00014a5c    00000030     nettool_ipv4.aem4f : dhcpsock.oem4f (.text:dhcpPacketSend)
                  00014a8c    00000030     stk_nat.aem4f : listlib.oem4f (.text:list_remove_node)
                  00014abc    00000030     dns_pem4f.oem4f (.text:ti_sysbios_BIOS_atExitFunc__I)
                  00014aec    00000004     dns_pem4f.oem4f (.text:xdc_runtime_System_Module_GateProxy_enter__E)
                  00014af0    00000030     sysbios.aem4f : BIOS.obj (.text:ti_sysbios_family_arm_lm4_Timer_stop__E)
                  00014b20    00000030                   : BIOS.obj (.text:ti_sysbios_family_arm_m3_TaskSupport_start__E)
                  00014b50    00000030     dns_pem4f.oem4f (.text:ti_sysbios_gates_GateHwi_Object__create__S)
                  00014b80    00000030     dns_pem4f.oem4f (.text:ti_sysbios_gates_GateMutex_Object__create__S)
                  00014bb0    00000030     sysbios.aem4f : BIOS.obj (.text:ti_sysbios_gates_GateMutex_enter__E)
                  00014be0    00000030     dns_pem4f.oem4f (.text:ti_sysbios_heaps_HeapMem_Object__create__S)
                  00014c10    00000030     dns_pem4f.oem4f (.text:ti_sysbios_knl_Semaphore_construct)
                  00014c40    00000030     ti.targets.arm.rtsarm.aem4f : SysMin.oem4f (.text:xdc_runtime_SysMin_abort__E)
                  00014c70    00000030                                 : System.oem4f (.text:xdc_runtime_System_processAtExit__E)
                  00014ca0    0000002e     nettool_ipv4.aem4f : dhcps.oem4f (.text:DHCPSClose)
                  00014cce    0000002e     stk_nat.aem4f : sb.oem4f (.text:SBFree)
                  00014cfc    0000002e     nettool_ipv4.aem4f : dhcps.oem4f (.text:iprRemove)
                  00014d2a    0000002c     driverlib.lib : emac.obj (.text:EMACIntStatus)
                  00014d56    0000002c     stk_nat.aem4f : file.oem4f (.text:FdSignalEvent)
                  00014d82    00000002     --HOLE-- [fill = 0]
                  00014d84    0000002c                   : igmp.oem4f (.text:IGMPTestGroup)
                  00014db0    0000002c     os.aem4f : task.oem4f (.text:NDK_hookCreate)
                  00014ddc    0000002c     stk_nat.aem4f : nimu.oem4f (.text:NIMUAllocateIndex)
                  00014e08    0000002c                   : nimu.oem4f (.text:NIMUPacketServiceCheck)
                  00014e34    0000002c                   : pipe.oem4f (.text:PipeClose)
                  00014e60    0000002c                   : sockpcb.oem4f (.text:SockPcbAttach)
                  00014e8c    0000002c                   : lli.oem4f (.text:_LLIExpListRemove)
                  00014eb8    0000002c                   : lli.oem4f (.text:_LLITimeoutFlush)
                  00014ee4    0000002c                   : rtable.oem4f (.text:_RtExpListRemove)
                  00014f10    0000002c     os.aem4f : efs.oem4f (.text:efs_findfile)
                  00014f3c    0000002c     stk_nat.aem4f : file.oem4f (.text:fdint_setevent)
                  00014f68    0000002c     rtsv7M4_T_le_v4SPD16_eabi.lib : strncmp.c.obj (.text:strncmp)
                  00014f94    0000002c     dns_pem4f.oem4f (.text:ti_sysbios_knl_Clock_doTick__I)
                  00014fc0    0000002c     dns_pem4f.oem4f (.text:ti_sysbios_knl_Queue_construct)
                  00014fec    00000004     dns_pem4f.oem4f (.text:xdc_runtime_System_Module_GateProxy_leave__E)
                  00014ff0    0000002c     sysbios.aem4f : BIOS.obj (.text:ti_sysbios_knl_Task_restore__E)
                  0001501c    0000002c     ti.targets.arm.rtsarm.aem4f : Text.oem4f (.text:xdc_runtime_Text_cordText__E)
                  00015048    0000002a     nettool_ipv4.aem4f : dnspkt.oem4f (.text:DNSGetQuery)
                  00015072    0000002a     driverlib.lib : gpio.obj (.text:GPIODirModeSet)
                  0001509c    0000002a     stk_nat.aem4f : pbm.oem4f (.text:PBMQ_deq)
                  000150c6    0000002a     netctrl_full_ipv4.aem4f : netsrv.oem4f (.text:ServiceCallback)
                  000150f0    0000002a     nettool_ipv4.aem4f : config.oem4f (.text:_CfgRelease)
                  0001511a    0000002a                        : dhcps.oem4f (.text:iprUpdate)
                  00015144    0000002a                        : inetaddr.oem4f (.text:mergeLists)
                  0001516e    0000002a     ti.targets.arm.rtsarm.aem4f : System.oem4f (.text:xdc_runtime_System_putchar__I)
                  00015198    00000028     stk_nat.aem4f : bind.oem4f (.text:BindFindByNet)
                  000151c0    00000028                   : lli.oem4f (.text:LLIFree)
                  000151e8    00000028     netctrl_full_ipv4.aem4f : netctrl.oem4f (.text:NC_SystemClose)
                  00015210    00000028     stk_nat.aem4f : nimu.oem4f (.text:NIMUCreatePacket)
                  00015238    00000028                   : nimu.oem4f (.text:NIMUPacketService)
                  00015260    00000028                   : nat.oem4f (.text:NatTimeoutCheck)
                  00015288    00000028                   : tcpin.oem4f (.text:TcpEnterTimeWait)
                  000152b0    00000028                   : timer.oem4f (.text:TimerListRemove)
                  000152d8    00000028                   : vlan.oem4f (.text:VLANFindSourceInterface)
                  00015300    00000028                   : vlan.oem4f (.text:VLANInit)
                  00015328    00000028     nettool_ipv4.aem4f : dhcpsock.oem4f (.text:dhcpPacketReceive)
                  00015350    00000028     drivers_tivaware.aem4f : EMACSnow.oem4f (.text:signalLinkChange)
                  00015378    00000028     sysbios.aem4f : BIOS.obj (.text:ti_sysbios_knl_Clock_addI__E)
                  000153a0    00000028                   : BIOS.obj (.text:ti_sysbios_knl_Swi_Module_startup__E)
                  000153c8    00000026     nettool_ipv4.aem4f : config.oem4f (.text:CfgEntryInfo)
                  000153ee    00000026     driverlib.lib : emac.obj (.text:EMACPHYRead)
                  00015414    00000026                   : emac.obj (.text:EMACPHYWrite)
                  0001543a    00000026     stk_nat.aem4f : rawethsock.oem4f (.text:RawEthSockClose)
                  00015460    00000026     nettool_ipv4.aem4f : dhcps.oem4f (.text:iprFindByIP)
                  00015486    00000026     dns_pem4f.oem4f (.text:ti_ndk_config_udp_init)
                  000154ac    00000026     sysbios.aem4f : m3_Hwi_asm.obj (.text:ti_sysbios_family_arm_m3_Hwi_pendSV__I)
                  000154d2    00000026     ti.targets.arm.rtsarm.aem4f : System.oem4f (.text:xdc_runtime_System_avprintf__E)
                  000154f8    00000024     stk_nat.aem4f : bind.oem4f (.text:BindFindByHost)
                  0001551c    00000024                   : bind.oem4f (.text:BindGetIFByDBCast)
                  00015540    00000024     drivers_tivaware.aem4f : EMACSnow.oem4f (.text:EMACSnow_pkt_service)
                  00015564    00000024                            : EMACSnow.oem4f (.text:EMACSnow_primeRx)
                  00015588    00000024     stk_nat.aem4f : exec.oem4f (.text:ExecTimer)
                  000155ac    00000024                   : nimu.oem4f (.text:NIMUFindByIndex)
                  000155d0    00000024                   : rtc.oem4f (.text:RTCAddHook)
                  000155f4    00000024                   : rawethsock_pcb.oem4f (.text:RawEthSockPcbFind)
                  00015618    00000024                   : route.oem4f (.text:RtFree)
                  0001563c    00000024                   : route.oem4f (.text:RtSetTimeout)
                  00015660    00000024                   : sockpcb.oem4f (.text:SockPcbCleanup)
                  00015684    00000024                   : tcpprot.oem4f (.text:TcpPrListen)
                  000156a8    00000024                   : tcptime.oem4f (.text:TcpTimeoutWait2)
                  000156cc    00000024     nettool_ipv4.aem4f : config.oem4f (.text:_CfgEntryProcess)
                  000156f0    00000024     dns_pem4f.oem4f (.text:ti_sysbios_BIOS_errorRaiseHook__I)
                  00015714    00000024     dns_pem4f.oem4f (.text:ti_sysbios_BIOS_registerRTSLock__I)
                  00015738    00000024     dns_pem4f.oem4f (.text:ti_sysbios_BIOS_removeRTSLock__I)
                  0001575c    00000024     dns_pem4f.oem4f (.text:ti_sysbios_BIOS_startFunc__I)
                  00015780    00000024     dns_pem4f.oem4f (.text:ti_sysbios_gates_GateMutex_Object__delete__S)
                  000157a4    00000004     ti.targets.arm.rtsarm.aem4f : System.oem4f (.text:xdc_runtime_System_aprintf_va__F)
                  000157a8    00000024     sysbios.aem4f : BIOS.obj (.text:ti_sysbios_knl_Clock_Module_startup__E)
                  000157cc    00000004     ti.targets.arm.rtsarm.aem4f : System.oem4f (.text:xdc_runtime_System_printf_va__F)
                  000157d0    00000024     sysbios.aem4f : BIOS.obj (.text:ti_sysbios_knl_Semaphore_Instance_init__E)
                  000157f4    00000024     dns_pem4f.oem4f (.text:ti_sysbios_knl_Semaphore_Object__delete__S)
                  00015818    00000024     sysbios.aem4f : BIOS.obj (.text:ti_sysbios_knl_Task_restoreHwi__E)
                  0001583c    00000024     ti.targets.arm.rtsarm.aem4f : System.oem4f (.text:xdc_runtime_System_vprintf__E)
                  00015860    00000022     nettool_ipv4.aem4f : config.oem4f (.text:CfgEntryRef)
                  00015882    00000022     stk_nat.aem4f : vlan.oem4f (.text:VLANFindNode)
                  000158a4    00000004     --HOLE-- [fill = 0]
                  000158a8    00000022     sysbios.aem4f : BIOS.obj (.text:ti_sysbios_family_arm_lm4_Timer_write__I)
                  000158ca    00000022     dns_pem4f.oem4f (.text:xdc_runtime_SysMin_output__I)
                  000158ec    00000020     netctrl_full_ipv4.aem4f : netctrl.oem4f (.text:NC_BootComplete)
                  0001590c    00000020     stk_nat.aem4f : nimu.oem4f (.text:NIMUGetNumOfObject)
                  0001592c    00000020                   : rtc.oem4f (.text:RTCRemoveHook)
                  0001594c    00000020                   : tcp.oem4f (.text:TcpTimeoutRemove)
                  0001596c    00000020     Boot.aem4f : Boot_sysctl.oem4f (.text:_SysCtlMemTimingGet)
                  0001598c    00000020     stk_nat.aem4f : fileuser.oem4f (.text:fdsetTestEntry)
                  000159ac    00000020     dns_pem4f.oem4f (.text:ti_sysbios_BIOS_rtsLock__I)
                  000159cc    00000020     dns_pem4f.oem4f (.text:ti_sysbios_family_arm_m3_Hwi_Object__delete__S)
                  000159ec    00000020     sysbios.aem4f : m3_Hwi_asm.obj (.text:ti_sysbios_family_arm_m3_Hwi_excHandlerAsm__I)
                  00015a0c    00000004     --HOLE-- [fill = 0]
                  00015a10    00000020                   : BIOS.obj (.text:ti_sysbios_family_arm_m3_Hwi_excHandler__I)
                  00015a30    00000020     dns_pem4f.oem4f (.text:ti_sysbios_gates_GateHwi_Object__delete__S)
                  00015a50    00000020     dns_pem4f.oem4f (.text:ti_sysbios_heaps_HeapMem_Object__delete__S)
                  00015a70    00000020     sysbios.aem4f : BIOS.obj (.text:ti_sysbios_knl_Idle_run__E)
                  00015a90    00000020     dns_pem4f.oem4f (.text:ti_sysbios_knl_Semaphore_Object__destruct__S)
                  00015ab0    00000020     dns_pem4f.oem4f (.text:ti_sysbios_knl_Swi_Object__delete__S)
                  00015ad0    00000020     dns_pem4f.oem4f (.text:ti_sysbios_knl_Task_Object__delete__S)
                  00015af0    00000020     ti.targets.arm.rtsarm.aem4f : Registry.oem4f (.text:xdc_runtime_Registry_findById__E)
                  00015b10    00000020                                 : SysMin.oem4f (.text:xdc_runtime_SysMin_Module_startup__E)
                  00015b30    0000001e     os.aem4f : efs.oem4f (.text:efs_loadfunction)
                  00015b4e    0000001e     stk_nat.aem4f : fileuser.oem4f (.text:fdSelectAbort)
                  00015b6c    0000001e     nettool_ipv4.aem4f : dhcps.oem4f (.text:iprMacCmp)
                  00015b8a    0000001e     stk_nat.aem4f : listlib.oem4f (.text:list_remove)
                  00015ba8    0000001e     rtsv7M4_T_le_v4SPD16_eabi.lib : strcat.c.obj (.text:strcat)
                  00015bc6    0000001e     sysbios.aem4f : m3_Hwi_asm_switch.obj (.text:ti_sysbios_family_xxx_Hwi_switchAndRunFunc)
                  00015be4    0000001c     stk_nat.aem4f : bind.oem4f (.text:BindFindByIF)
                  00015c00    0000001c                   : exec.oem4f (.text:ExecBroadcast)
                  00015c1c    0000001c     nettool_ipv4.aem4f : natsrv.oem4f (.text:NATClose)
                  00015c38    0000001c     os.aem4f : ossys.oem4f (.text:NDK_sprintf)
                  00015c54    0000001c     stk_nat.aem4f : nimu.oem4f (.text:NIMUAddHeader)
                  00015c70    0000001c                   : nat.oem4f (.text:NatFlush)
                  00015c8c    0000001c                   : sockprot.oem4f (.text:SockPrDetach)
                  00015ca8    0000001c     os.aem4f : task.oem4f (.text:TaskDestroy)
                  00015cc4    0000001c     drivers_tivaware.aem4f : GPIOTiva.oem4f (.text:getGpioIntIndex)
                  00015ce0    0000001c     dns_pem4f.oem4f (.text:ti_ndk_config_global_taskCreateHook)
                  00015cfc    00000004     --HOLE-- [fill = 0]
                  00015d00    0000001c     sysbios.aem4f : BIOS.obj (.text:ti_sysbios_gates_GateMutex_Instance_init__E)
                  00015d1c    0000001c     dns_pem4f.oem4f (.text:ti_sysbios_knl_Queue_Object__destruct__S)
                  00015d38    0000001c     sysbios.aem4f : BIOS.obj (.text:ti_sysbios_knl_Queue_put__E)
                  00015d54    00000004     --HOLE-- [fill = 0]
                  00015d58    0000001c                   : BIOS.obj (.text:ti_sysbios_knl_Task_enter__I)
                  00015d74    0000001c     ti.targets.arm.rtsarm.aem4f : Error.oem4f (.text:xdc_runtime_Error_raiseX__E)
                  00015d90    0000001c                                 : Memory.oem4f (.text:xdc_runtime_Memory_valloc__E)
                  00015dac    0000001c                                 : SysMin.oem4f (.text:xdc_runtime_SysMin_exit__E)
                  00015dc8    0000001c                                 : System.oem4f (.text:xdc_runtime_System_abort__E)
                  00015de4    0000001a     stk_nat.aem4f : bind.oem4f (.text:BindGetIP)
                  00015dfe    0000001a                   : sockint.oem4f (.text:SockSetOOBMark)
                  00015e18    0000001a                   : file.oem4f (.text:fdint_getfdt)
                  00015e32    0000001a     nettool_ipv4.aem4f : httpsend.oem4f (.text:httpSendClientStr)
                  00015e4c    0000001a     dns_pem4f.oem4f (.text:ti_sysbios_family_arm_m3_Hwi_Handle__label__S)
                  00015e66    0000001a     dns_pem4f.oem4f (.text:ti_sysbios_gates_GateHwi_Handle__label__S)
                  00015e80    0000001a     dns_pem4f.oem4f (.text:ti_sysbios_gates_GateMutex_Handle__label__S)
                  00015e9a    0000001a     dns_pem4f.oem4f (.text:ti_sysbios_heaps_HeapMem_Handle__label__S)
                  00015eb4    0000001a     dns_pem4f.oem4f (.text:ti_sysbios_knl_Swi_Handle__label__S)
                  00015ece    0000001a     dns_pem4f.oem4f (.text:ti_sysbios_knl_Task_Handle__label__S)
                  00015ee8    0000001a     sysbios.aem4f : BIOS.obj (.text:ti_sysbios_knl_Task_sleepTimeout__I)
                  00015f02    0000001a     dns_pem4f.oem4f (.text:xdc_runtime_System_aprintf__E)
                  00015f1c    0000001a     dns_pem4f.oem4f (.text:xdc_runtime_System_printf__E)
                  00015f36    00000002     --HOLE-- [fill = 0]
                  00015f38    00000018     drivers_tivaware.aem4f : EMACSnow.oem4f (.text:EMACSnow_emacSend)
                  00015f50    00000018     stk_nat.aem4f : ip.oem4f (.text:IPRtChange)
                  00015f68    00000018                   : proxy.oem4f (.text:ProxyEnable)
                  00015f80    00000018                   : rawethsock_pcb.oem4f (.text:RawEthSockPcbCleanup)
                  00015f98    00000018     nettool_ipv4.aem4f : ipaddr.oem4f (.text:RouteHook)
                  00015fb0    00000018     stk_nat.aem4f : tcpin.oem4f (.text:SEQ_GEQ)
                  00015fc8    00000018                   : tcpout.oem4f (.text:SEQ_GEQ)
                  00015fe0    00000018                   : tcpin.oem4f (.text:SEQ_GT)
                  00015ff8    00000018                   : tcpout.oem4f (.text:SEQ_GT)
                  00016010    00000018                   : proxy.oem4f (.text:SEQ_LEQ)
                  00016028    00000018                   : tcpin.oem4f (.text:SEQ_LEQ)
                  00016040    00000018                   : tcpout.oem4f (.text:SEQ_LEQ)
                  00016058    00000018                   : tcpin.oem4f (.text:SEQ_LT)
                  00016070    00000018                   : tcpout.oem4f (.text:SEQ_LT)
                  00016088    00000018                   : tcp.oem4f (.text:TcpTimeoutAdd)
                  000160a0    00000018     rtsv7M4_T_le_v4SPD16_eabi.lib : args_main.c.obj (.text:_args_main)
                  000160b8    00000018     nettool_ipv4.aem4f : dhcpsock.oem4f (.text:dhcpSocketClose)
                  000160d0    00000018     stk_nat.aem4f : file.oem4f (.text:fdint_clearevent)
                  000160e8    00000018     nettool_ipv4.aem4f : inetaddr.oem4f (.text:freeaddrinfo)
                  00016100    00000018     stk_nat.aem4f : listlib.oem4f (.text:list_add)
                  00016118    00000018     rtsv7M4_T_le_v4SPD16_eabi.lib : strcmp.c.obj (.text:strcmp)
                  00016130    00000018     dns_pem4f.oem4f (.text:ti_sysbios_BIOS_rtsUnlock__I)
                  00016148    00000018     dns_pem4f.oem4f (.text:ti_sysbios_family_arm_lm4_Timer_Module__startupDone__F)
                  00016160    00000018     dns_pem4f.oem4f (.text:ti_sysbios_family_arm_m3_Hwi_Module__startupDone__F)
                  00016178    00000018     sysbios.aem4f : m3_TaskSupport_asm.obj (.text:ti_sysbios_family_arm_m3_TaskSupport_swap__E)
                  00016190    00000018                   : BIOS.obj (.text:ti_sysbios_gates_GateMutex_leave__E)
                  000161a8    00000018     ti.targets.arm.rtsarm.aem4f : Error.oem4f (.text:xdc_runtime_Error_check__E)
                  000161c0    00000018                                 : System.oem4f (.text:xdc_runtime_System_exit__E)
                  000161d8    00000018                                 : Text.oem4f (.text:xdc_runtime_Text_ropeText__E)
                  000161f0    00000016     driverlib.lib : emac.obj (.text:EMACReset)
                  00016206    00000016                   : emac.obj (.text:EMACRxEnable)
                  0001621c    00000016                   : emac.obj (.text:EMACTxEnable)
                  00016232    00000016     stk_nat.aem4f : file.oem4f (.text:fdint_freefdt)
                  00016248    00000016     nettool_ipv4.aem4f : dhcps.oem4f (.text:iprSync)
                  0001625e    00000016     dns_pem4f.oem4f (.text:ti_sysbios_BIOS_exitFunc__I)
                  00016274    00000016     ti.targets.arm.rtsarm.aem4f : System.oem4f (.text:xdc_runtime_System_vsprintf__E)
                  0001628a    00000014     stk_nat.aem4f : bind.oem4f (.text:BindIPHost2IF)
                  0001629e    00000002     --HOLE-- [fill = 0]
                  000162a0    00000014     driverlib.lib : flash.obj (.text:FlashUserGet)
                  000162b4    00000014     stk_nat.aem4f : ipin.oem4f (.text:IPFilterSet)
                  000162c8    00000014     netctrl_full_ipv4.aem4f : netctrl.oem4f (.text:NC_NetStop)
                  000162dc    00000014     os.aem4f : task.oem4f (.text:NDK_hookExit)
                  000162f0    00000014     stk_nat.aem4f : nimu.oem4f (.text:NIMUSendPacket)
                  00016304    00000014     nettool_ipv4.aem4f : ipaddr.oem4f (.text:NtRemoveNetwork)
                  00016318    00000014     stk_nat.aem4f : rawethsock_pcb.oem4f (.text:RawEthSockPcbInit)
                  0001632c    00000014                   : timer.oem4f (.text:TimerFree)
                  00016340    00000014     rtsv7M4_T_le_v4SPD16_eabi.lib : strcpy.c.obj (.text:strcpy)
                  00016354    00000014                                   : strlen.c.obj (.text:strlen)
                  00016368    00000014     dns_pem4f.oem4f (.text:ti_ndk_config_global_taskExitHook)
                  0001637c    00000014     dns_pem4f.oem4f (.text:ti_sysbios_family_arm_m3_Hwi_Object__get__S)
                  00016390    00000014     sysbios.aem4f : BIOS.obj (.text:ti_sysbios_family_arm_m3_Hwi_switchFromBootStack__E)
                  000163a4    00000014     dns_pem4f.oem4f (.text:ti_sysbios_heaps_HeapMem_Object__get__S)
                  000163b8    00000014     dns_pem4f.oem4f (.text:ti_sysbios_knl_Swi_Object__get__S)
                  000163cc    00000014     dns_pem4f.oem4f (.text:ti_sysbios_knl_Task_Object__first__S)
                  000163e0    00000014     dns_pem4f.oem4f (.text:ti_sysbios_knl_Task_Object__next__S)
                  000163f4    00000012     driverlib.lib : gpio.obj (.text:GPIOPinTypeEthernetLED)
                  00016406    00000012     stk_nat.aem4f : sockprot.oem4f (.text:SockPrAttach)
                  00016418    00000012                   : sockint.oem4f (.text:SockSetOOBData)
                  0001642a    00000012     nettool_ipv4.aem4f : inetaddr.oem4f (.text:inet_addr)
                  0001643c    00000004     --HOLE-- [fill = 0]
                  00016440    00000012     sysbios.aem4f : BIOS.obj (.text:ti_sysbios_hal_Hwi_Module_startup__E)
                  00016452    00000006     driverlib.lib : gpio.obj (.text:GPIOIntClear)
                  00016458    00000012     sysbios.aem4f : BIOS.obj (.text:ti_sysbios_knl_Semaphore_reset__E)
                  0001646a    00000012     dns_pem4f.oem4f (.text:xdc_runtime_Startup_exec__I)
                  0001647c    00000010     dns_pem4f.oem4f (.text:.bootCodeSection:ti_catalog_arm_cortexm4_tiva_ce_Boot_init__I)
                  0001648c    00000010     stk_nat.aem4f : bind.oem4f (.text:BindIF2IPHost)
                  0001649c    00000010                   : bind.oem4f (.text:BindIFNet2IPHost)
                  000164ac    00000010     driverlib.lib : emac.obj (.text:EMACFrameFilterSet)
                  000164bc    00000010     stk_nat.aem4f : exec.oem4f (.text:ExecHRef)
                  000164cc    00000010     netctrl_full_ipv4.aem4f : netctrl.oem4f (.text:NC_IPUpdate)
                  000164dc    00000010     stk_nat.aem4f : nimu.oem4f (.text:NIMUGetRsvdSizeInfo)
                  000164ec    00000004     --HOLE-- [fill = 0]
                  000164f0    00000010     sysbios.aem4f : BIOS.obj (.text:ti_sysbios_BIOS_getCpuFreq__E)
                  00016500    00000010                   : BIOS.obj (.text:ti_sysbios_BIOS_setThreadType__E)
                  00016510    00000010                   : BIOS.obj (.text:ti_sysbios_BIOS_start__E)
                  00016520    00000010                   : m3_TaskSupport_asm.obj (.text:ti_sysbios_family_arm_m3_TaskSupport_glue)
                  00016530    00000010                   : BIOS.obj (.text:ti_sysbios_gates_GateMutex_Instance_finalize__E)
                  00016540    00000010                   : BIOS.obj (.text:ti_sysbios_knl_Semaphore_Instance_finalize__E)
                  00016550    00000010                   : BIOS.obj (.text:ti_sysbios_knl_Swi_disable__E)
                  00016560    00000010     dns_pem4f.oem4f (.text:ti_sysbios_knl_Task_Object__get__S)
                  00016570    00000010     sysbios.aem4f : BIOS.obj (.text:ti_sysbios_knl_Task_disable__E)
                  00016580    00000010     ti.targets.arm.rtsarm.aem4f : Gate.oem4f (.text:xdc_runtime_Gate_leaveSystem__E)
                  00016590    00000010                                 : Memory.oem4f (.text:xdc_runtime_Memory_free__E)
                  000165a0    00000010                                 : SysMin.oem4f (.text:xdc_runtime_SysMin_ready__E)
[...]
00018c7c  ti_ndk_config_Global_rawPageCount                                    
00018c80  ti_ndk_config_Global_smallest                                        
00018c84  ti_ndk_config_Global_largest                                         
00018c88  ti_ndk_config_Global_numFrameBuf                                     
00018c8c  ti_ndk_config_Global_sizeFrameBuf                                    
00018ca8  ti_sysbios_gates_GateHwi_Object__PARAMS__C                           
00018cc0  ti_sysbios_gates_GateMutex_Object__PARAMS__C                         
00018cd8  ti_sysbios_knl_Queue_Object__PARAMS__C                               
00018cf0  ti_sysbios_knl_Task_hooks__A                                         
00018d08  GPIOTiva_config                                                      
00018d1c  xdc_runtime_Startup_firstFxns__A                                     
00018d30  emacHWAttrs                                                          
00018d40  xdc_runtime_Startup_sfxnRts__A                                       
00018d58  EMACSnow_fxnTable                                                    
00018d60  ti_sysbios_family_arm_m3_Hwi_excHookFuncs__A                         
00018d68  ti_sysbios_knl_Idle_funcList__A                                      
00018d70  ti_sysbios_knl_Idle_funcList__C                                      
00018d78  ti_sysbios_knl_Task_hooks__C                                         
00018d80  xdc_runtime_Startup_firstFxns__C                                     
00018d88  xdc_runtime_Startup_lastFxns__C                                      
00018d90  ti_catalog_arm_cortexm4_tiva_ce_Boot_A_mustNotUseEnhancedClockMode__C
00018d94  ti_catalog_arm_cortexm4_tiva_ce_Boot_Module__diagsEnabled__C         
00018d98  ti_catalog_arm_cortexm4_tiva_ce_Boot_Module__diagsIncluded__C        
00018d9c  ti_catalog_arm_cortexm4_tiva_ce_Boot_Module__diagsMask__C            
00018da0  ti_sysbios_family_arm_lm4_Timer_enableFunc__C                        
00018da4  ti_sysbios_family_arm_lm4_Timer_numTimerDevices__C                   
00018da8  ti_sysbios_family_arm_lm4_Timer_startupNeeded__C                     
00018dac  ti_sysbios_family_arm_m3_Hwi_E_NMI__C                                
00018db0  ti_sysbios_family_arm_m3_Hwi_E_alreadyDefined__C                     
00018db4  ti_sysbios_family_arm_m3_Hwi_E_busFault__C                           
00018db8  ti_sysbios_family_arm_m3_Hwi_E_debugMon__C                           
00018dbc  ti_sysbios_family_arm_m3_Hwi_E_hardFault__C                          
00018dc0  ti_sysbios_family_arm_m3_Hwi_E_memFault__C                           
00018dc4  ti_sysbios_family_arm_m3_Hwi_E_noIsr__C                              
00018dc8  ti_sysbios_family_arm_m3_Hwi_E_reserved__C                           
00018dcc  ti_sysbios_family_arm_m3_Hwi_E_svCall__C                             
00018dd0  ti_sysbios_family_arm_m3_Hwi_E_usageFault__C                         
00018dd4  ti_sysbios_family_arm_m3_Hwi_NUM_INTERRUPTS__C                       
00018dd8  ti_sysbios_family_arm_m3_Hwi_Object__count__C                        
00018ddc  ti_sysbios_family_arm_m3_Hwi_ccr__C                                  
00018de0  ti_sysbios_family_arm_m3_Hwi_excHandlerFunc__C                       
00018de4  ti_sysbios_family_arm_m3_Hwi_excHookFuncs__C                         
00018de8  ti_sysbios_family_arm_m3_Hwi_nullIsrFunc__C                          
00018dec  ti_sysbios_family_arm_m3_Hwi_priGroup__C                             
00018df0  ti_sysbios_family_arm_m3_TaskSupport_stackAlignment__C               
00018df4  ti_sysbios_gates_GateMutex_Instance_State_sem__O                     
00018df8  ti_sysbios_hal_Hwi_E_stackOverflow__C                                
00018dfc  ti_sysbios_heaps_HeapMem_E_memory__C                                 
00018e00  ti_sysbios_heaps_HeapMem_Module__gateObj__C                          
00018e04  ti_sysbios_heaps_HeapMem_Object__count__C                            
00018e08  ti_sysbios_heaps_HeapMem_reqAlign__C                                 
00018e0c  ti_sysbios_knl_Clock_Module_State_clockQ__O                          
00018e10  ti_sysbios_knl_Semaphore_Instance_State_pendQ__O                     
00018e14  ti_sysbios_knl_Swi_Object__count__C                                  
00018e18  ti_sysbios_knl_Task_E_deleteNotAllowed__C                            
00018e1c  ti_sysbios_knl_Task_E_spOutOfBounds__C                               
00018e20  ti_sysbios_knl_Task_E_stackOverflow__C                               
00018e24  ti_sysbios_knl_Task_Module_State_inactiveQ__O                        
00018e28  ti_sysbios_knl_Task_Module_State_terminatedQ__O                      
00018e2c  ti_sysbios_knl_Task_Object__count__C                                 
00018e30  ti_sysbios_knl_Task_Object__heap__C                                  
00018e34  ti_sysbios_knl_Task_allBlockedFunc__C                                
00018e38  ti_sysbios_knl_Task_defaultStackHeap__C                              
00018e3c  ti_sysbios_knl_Task_defaultStackSize__C                              
00018e40  ti_sysbios_knl_Task_numConstructedTasks__C                           
00018e44  xdc_runtime_Assert_E_assertFailed__C                                 
00018e48  xdc_runtime_Core_A_initializedParams__C                              
00018e4c  xdc_runtime_Core_Module__diagsEnabled__C                             
00018e50  xdc_runtime_Core_Module__diagsIncluded__C                            
00018e54  xdc_runtime_Core_Module__diagsMask__C                                
00018e58  xdc_runtime_Error_E_memory__C                                        
00018e5c  xdc_runtime_Error_Module__diagsEnabled__C                            
00018e60  xdc_runtime_Error_Module__diagsIncluded__C                           
00018e64  xdc_runtime_Error_Module__diagsMask__C                               
00018e68  xdc_runtime_Error_Module__loggerFxn8__C                              
00018e6c  xdc_runtime_Error_Module__loggerObj__C                               
00018e70  xdc_runtime_Error_policyFxn__C                                       
00018e74  xdc_runtime_Error_raiseHook__C                                       
00018e78  xdc_runtime_IGateProvider_Interface__BASE__C                         
00018e7c  xdc_runtime_IHeap_Interface__BASE__C                                 
00018e80  xdc_runtime_IModule_Interface__BASE__C                               
00018e84  xdc_runtime_Log_L_error__C                                           
00018e88  xdc_runtime_Memory_defaultHeapInstance__C                            
00018e8c  xdc_runtime_Startup_execImpl__C                                      
00018e90  xdc_runtime_Startup_maxPasses__C                                     
00018e94  xdc_runtime_Startup_sfxnRts__C                                       
00018e98  xdc_runtime_Startup_sfxnTab__C                                       
00018e9c  xdc_runtime_SysMin_bufSize__C                                        
00018ea0  xdc_runtime_SysMin_outputFunc__C                                     
00018ea4  xdc_runtime_System_Module__gateObj__C                                
00018ea8  xdc_runtime_System_abortFxn__C                                       
00018eac  xdc_runtime_System_exitFxn__C                                        
00018eb0  xdc_runtime_System_extendFxn__C                                      
00018eb4  xdc_runtime_System_maxAtexitHandlers__C                              
00018eb8  xdc_runtime_Text_charTab__C                                          
00018ebc  xdc_runtime_Text_nameEmpty__C                                        
00018ec0  xdc_runtime_Text_nameStatic__C                                       
00018ec4  xdc_runtime_Text_nameUnknown__C                                      
00018ec8  xdc_runtime_Text_nodeTab__C                                          
00018ecc  xdc_runtime_Text_visitRopeFxn__C                                     
00018ed0  xdc_runtime_Core_Module__id__C                                       
00018ed2  xdc_runtime_Error_Module__loggerDefined__C                           
00018ed4  xdc_runtime_Error_maxDepth__C                                        
00018ed6  xdc_runtime_Memory_Module__id__C                                     
00018ed8  xdc_runtime_SysMin_flushAtExit__C                                    
00018eda  xdc_runtime_Text_charCnt__C                                          
00018edc  xdc_runtime_Text_isLoaded__C                                         
00018ede  xdc_runtime_Text_registryModsLastId__C                               
00018ee0  xdc_runtime_Text_unnamedModsLastId__C                                
00018ee8  __TI_static_base__                                                   
00019304  __TI_Handler_Table_Base                                              
00019310  __TI_Handler_Table_Limit                                             
00019320  __TI_CINIT_Base                                                      
00019338  __TI_CINIT_Limit                                                     
20000000  __start___llvm_prf_cnts                                              
20000000  __stop___llvm_prf_cnts                                               
20000000  ti_sysbios_family_arm_m3_Hwi_ramVectors                              
20000380  ti_sysbios_heaps_HeapMem_Instance_State_0_buf__A                     
20005380  ti_ndk_config_Global_pit                                             
20005428  ti_ndk_config_Global_pitBuffer                                       
20009c28  _ICMPIn                                                              
20009c74  PBMQ_free                                                            
20009c80  ti_ndk_config_Global_pBufMem                                         
2000d880  ti_ndk_config_Global_pHdrMem                                         
2000db78  ti_sysbios_knl_Task_Instance_State_0_stack__A                        
2000e178  ti_sysbios_knl_Task_Instance_State_1_stack__A                        
2000e378  ti_sysbios_family_arm_m3_Hwi_dispatchTable                           
2000e8e8  __CIOBUF_                                                            
2000eb08  tcps                                                                 
2000ef24  xdc_runtime_SysMin_Module_State_0_outbuf__A                          
2000efa4  ips                                                                  
2000f00c  nimu_mcb                                                             
2000f0d0  _ICMPOut                                                             
2000f15c  nats                                                                 
2000f184  vlan_mcb                                                             
2000f1d0  udps                                                                 
2000f1f4  BlockCount                                                           
2000f210  BlockMax                                                             
2000f22c  PageCount                                                            
2000f248  PageMax                                                              
2000f264  stkEvent                                                             
2000f2b0  raweths                                                              
2000f2c0  raws                                                                 
2000f2d0  tpseudo                                                              
2000f2dc  upseudo                                                              
2000f2e8  emacObjects                                                          
2000f2f0  parmbuf                                                              
2000f330  _IGMPInDiscard                                                       
2000f334  _IGMPInQuery                                                         
2000f338  _IGMPInQueryGroup                                                    
2000f33c  _IGMPInResponse                                                      
2000f340  _IGMPOutResponse                                                     
2000f344  g_ulStatus                                                           
2000f36c  raweth_pcb                                                           
2000f370  ti_sysbios_knl_Task_Instance_State_0_hookEnv__A                      
2000f374  ti_sysbios_knl_Task_Instance_State_1_hookEnv__A                      
2000f378  _ipcfg                                                               
2000f42c  ti_sysbios_knl_Task_Object__table__V                                 
2000f4c4  ti_sysbios_knl_Swi_Module_State_0_readyQ__A                          
2000f544  ti_sysbios_knl_Task_Module_State_0_readyQ__A                         
2000f614  CONTENT_TYPE_APPLET                                                  
2000f618  CONTENT_TYPE_AU                                                      
2000f61c  CONTENT_TYPE_CSS                                                     
2000f620  CONTENT_TYPE_DOC                                                     
2000f624  CONTENT_TYPE_GIF                                                     
2000f628  CONTENT_TYPE_HTML                                                    
2000f62c  CONTENT_TYPE_JPG                                                     
2000f630  CONTENT_TYPE_MPEG                                                    
2000f634  CONTENT_TYPE_PDF                                                     
2000f638  CONTENT_TYPE_WAV                                                     
2000f63c  CONTENT_TYPE_ZIP                                                     
2000f640  CONTENT_TYPE                                                         
2000f644  CONTENT_LENGTH                                                       
2000f648  CRLF                                                                 
2000f64c  DEFAULT_NAME                                                         
2000f650  HTTP_VER                                                             
2000f654  SPACE                                                                
2000f658  ti_sysbios_knl_Task_Module__state__V                                 
2000f75c  ti_sysbios_family_arm_lm4_Timer_Module_State_0_device__A             
2000f79c  ti_sysbios_family_arm_lm4_Timer_Object__table__V                     
2000f7dc  ti_sysbios_gates_GateMutex_Object__table__V                          
2000f848  ti_sysbios_family_arm_m3_Hwi_Module__state__V                        
2000f87c  enablePrefetch                                                       
2000f880  phyCounter                                                           
2000f8b0  NatIpServer                                                          
2000f910  ti_sysbios_knl_Swi_Object__table__V                                  
2000f940  ti_sysbios_knl_Clock_Module__state__V                                
2000f96c  pstrMsgName                                                          
2000f994  _oscfg                                                               
2000f9b8  PITCount                                                             
2000f9bc  PITUsed                                                              
2000f9c0  PITHigh                                                              
2000f9dc  ti_sysbios_BIOS_Module__state__V                                     
2000fa00  ti_sysbios_family_arm_lm4_Timer_Module_State_0_handles__A            
2000fa3c  ti_ndk_config_Global_Id2Size                                         
2000fa58  ti_sysbios_knl_Swi_Module__state__V                                  
2000fabc  ti_sysbios_family_arm_m3_Hwi_Object__table__V                        
2000fad4  ti_sysbios_heaps_HeapMem_Object__table__V                            
2000fb28  gpioPinConfigs                                                       
2000fb38  hostname                                                             
2000fb50  _IGMPForceVersion1                                                   
2000fb68  ti_sysbios_family_arm_lm4_Timer_Module__state__V                     
2000fb74  xdc_runtime_SysMin_Module__state__V                                  
2000fb8c  _lock                                                                
2000fb90  _unlock                                                              
2000fb94  NIMUDeviceTable                                                      
2000fb9c  ti_ndk_config_Global_HostName                                        
2000fba0  __xdc__init__addr                                                    
2000fba4  gpioCallbackFunctions                                                
2000fbc4  _ICMPInErrors                                                        
2000fbc8  _ICMPOutErrors                                                       
2000fbcc  _IPExecuting                                                         
2000fbe4  tcp_iss                                                              
2000fbe8  ptTimeFirst                                                          
2000fbf4  ti_sysbios_family_arm_m3_Hwi_Module__root__V                         
2000fbfc  ti_sysbios_gates_GateHwi_Module__root__V                             
2000fc04  ti_sysbios_gates_GateMutex_Module__root__V                           
2000fc0c  ti_sysbios_heaps_HeapMem_Module__root__V                             
2000fc14  ti_sysbios_knl_Clock_Module__root__V                                 
2000fc1c  ti_sysbios_knl_Queue_Module__root__V                                 
2000fc24  ti_sysbios_knl_Semaphore_Module__root__V                             
2000fc2c  ti_sysbios_knl_Swi_Module__root__V                                   
2000fc34  ti_sysbios_knl_Task_Module__root__V                                  
2000fc3c  xdc_runtime_Registry_Module__state__V                                
2000fc44  xdc_runtime_Startup_Module__state__V                                 
2000fc4c  xdc_runtime_System_Module_State_0_atexitHandlers__A                  
2000fc54  xdc_runtime_System_Module__state__V                                  
2000fc5c  macAddress                                                           
2000fc6e  ti_sysbios_family_arm_m3_Hwi_Module_State_0_excActive__A             
2000fc7c  httpErrorResponseHook                                                
2000fc88  main_func_sp                                                         
2000fc90  _IPReasmPtr                                                          
2000fca0  ti_sysbios_family_arm_m3_Hwi_Module_State_0_excContext__A            
2000fca4  ti_sysbios_family_arm_m3_Hwi_Module_State_0_excStack__A              
2000fca8  ti_sysbios_gates_GateHwi_Object__table__V                            
2000fcac  ti_sysbios_knl_Task_Module_State_0_idleTask__A                       
2000fcb0  xdc_runtime_Memory_Module__state__V                                  
2000fcb4  xdc_runtime_Error_Module__state__V                                   
2000fcb8  __stack                                                              
200104b8  __STACK_END                                                          
e000e000  ti_sysbios_family_arm_m3_Hwi_nvic                                    
ffffffff  __TI_pprof_out_hndl                                                  
ffffffff  __TI_prof_data_size                                                  
ffffffff  __TI_prof_data_start                                                 
ffffffff  __binit__                                                            
ffffffff  __c_args__                                                           
ffffffff  binit                                                                
UNDEFED   SHT$$INIT_ARRAY$$Base                                                
UNDEFED   SHT$$INIT_ARRAY$$Limit                                               

[1067 symbols]
