******************************************************************************
                  TI ARM Linker PC v20.2.4                     
******************************************************************************
>> Linked Thu Oct 24 12:08:13 2024

OUTPUT FILE NAME:   <io.out>
ENTRY POINT SYMBOL: "_c_int00_noargs"  address: 00002e49


MEMORY CONFIGURATION

         name            origin    length      used     unused   attr    fill
----------------------  --------  ---------  --------  --------  ----  --------
  FLASH                 00000000   00100000  0000353a  000fcac6  R  X
  SRAM                  20000000   00040000  00000471  0003fb8f  RW X


SEGMENT ALLOCATION MAP

run origin  load origin   length   init length attrs members
----------  ----------- ---------- ----------- ----- -------
00000000    00000000    00003540   00003540    r-x
  00000000    00000000    00000208   00000208    r-- .intvecs
  00000208    00000208    00002cca   00002cca    r-x .text
  00002ed4    00002ed4    00000638   00000638    r-- .const
  00003510    00003510    00000030   00000030    r-- .cinit
20000000    20000000    00000475   00000000    rw-
  20000000    20000000    0000026c   00000000    rw- .vtable
  20000270    20000270    00000200   00000000    rw- .stack
  20000470    20000470    00000005   00000000    rw- .data


SECTION ALLOCATION MAP

 output                                  attributes/
section   page    origin      length       input sections
--------  ----  ----------  ----------   ----------------
.intvecs   0    00000000    00000208     
                  00000000    00000208     tm4c1294ncpdt_startup_ccs.obj (.intvecs)

.text      0    00000208    00002cca     
                  00000208    00000f80     sysctl.obj (.text)
                  00001188    00000c14     gpio.obj (.text)
                  00001d9c    0000062e     uart.obj (.text)
                  000023ca    00000002     rtsv7M4_T_le_v4SPD16_eabi.lib : div0.asm.obj (.text)
                  000023cc    000004a8     uartstdio.obj (.text)
                  00002874    000003c0     interrupt.obj (.text)
                  00002c34    0000009c     rtsv7M4_T_le_v4SPD16_eabi.lib : memcpy_t2.asm.obj (.text)
                  00002cd0    00000068                                   : copy_decompress_lzss.c.obj (.text:decompress:lzss:__TI_decompress_lzss)
                  00002d38    0000004c     io_console.obj (.text)
                  00002d84    00000044     rtsv7M4_T_le_v4SPD16_eabi.lib : autoinit.c.obj (.text:__TI_auto_init_nobinit_nopinit:__TI_auto_init_nobinit_nopinit)
                  00002dc8    00000040                                   : u_divt2.asm.obj (.text)
                  00002e08    0000003e     cpu.obj (.text)
                  00002e46    00000002     --HOLE-- [fill = 0]
                  00002e48    00000034     rtsv7M4_T_le_v4SPD16_eabi.lib : boot_cortex_m.c.obj (.text:_c_int00_noargs:_c_int00_noargs)
                  00002e7c    0000001c                                   : copy_zero_init.c.obj (.text:decompress:ZI:__TI_zero_init_nomemset:__TI_zero_init_nomemset)
                  00002e98    00000012     print.obj (.text)
                  00002eaa    0000000e     rtsv7M4_T_le_v4SPD16_eabi.lib : copy_decompress_none.c.obj (.text:decompress:none:__TI_decompress_none)
                  00002eb8    0000000c     tm4c1294ncpdt_startup_ccs.obj (.text)
                  00002ec4    00000006     sysctl.obj (.text:SysCtlDelay)
                  00002eca    00000004     rtsv7M4_T_le_v4SPD16_eabi.lib : pre_init.c.obj (.text:_system_pre_init)
                  00002ece    00000004                                   : exit.c.obj (.text:abort:abort)

.const     0    00002ed4    00000638     
                  00002ed4    000001b0     sysctl.obj (.const:g_pppui32XTALtoVCO)
                  00003084    000000d8     gpio.obj (.const:g_ppui32GPIOIntMapSnowflake)
                  0000315c    000000c0     gpio.obj (.const:g_ppui32GPIOIntMapBlizzard)
                  0000321c    0000009c     interrupt.obj (.const:g_pui32Regs)
                  000032b8    00000090     gpio.obj (.const:g_pui32GPIOBaseAddrs)
                  00003348    0000006c     sysctl.obj (.const:g_pui32Xtals)
                  000033b4    00000040     uart.obj (.const:g_ppui32UARTIntMap)
                  000033f4    00000040     uart.obj (.const:g_ppui32UARTIntMapSnowflake)
                  00003434    00000030     sysctl.obj (.const:g_sXTALtoMEMTIM)
                  00003464    00000020     interrupt.obj (.const:g_pui32Priority)
                  00003484    00000014     interrupt.obj (.const:g_pui32Dii16Regs)
                  00003498    00000014     interrupt.obj (.const:g_pui32EnRegs)
                  000034ac    00000014     interrupt.obj (.const:g_pui32PendRegs)
                  000034c0    00000014     interrupt.obj (.const:g_pui32UnpendRegs)
                  000034d4    00000012     uartstdio.obj (.const:.string)
                  000034e6    00000002     --HOLE-- [fill = 0]
                  000034e8    0000000c     uartstdio.obj (.const:g_ui32UARTBase)
                  000034f4    0000000c     uartstdio.obj (.const:g_ui32UARTPeriph)
                  00003500    00000008     sysctl.obj (.const:g_pui32VCOFrequencies)
                  00003508    00000004     uartstdio.obj (.const)

.cinit     0    00003510    00000030     
                  00003510    0000000c     (__TI_handler_table)
                  0000351c    00000004     --HOLE-- [fill = 0]
                  00003520    00000008     (.cinit..vtable.load) [load image, compression = zero_init]
                  00003528    00000007     (.cinit..data.load) [load image, compression = lzss]
                  0000352f    00000001     --HOLE-- [fill = 0]
                  00003530    00000010     (__TI_cinit_table)

.init_array 
*          0    00000000    00000000     UNINITIALIZED

.vtable    0    20000000    0000026c     UNINITIALIZED
                  20000000    0000026c     interrupt.obj (.vtable)

.data      0    20000470    00000005     UNINITIALIZED
                  20000470    00000005     uartstdio.obj (.data)

.stack     0    20000270    00000200     UNINITIALIZED
                  20000270    00000004     rtsv7M4_T_le_v4SPD16_eabi.lib : boot_cortex_m.c.obj (.stack)
                  20000274    000001fc     --HOLE--

__llvm_prf_cnts 
*          0    20000000    00000000     UNINITIALIZED

MODULE SUMMARY

       Module                          code    ro data   rw data
       ------                          ----    -------   -------
    .\
       tm4c1294ncpdt_startup_ccs.obj   12      520       0      
       print.obj                       18      0         0      
    +--+-------------------------------+-------+---------+---------+
       Total:                          30      520       0      
                                                                
    .\console_io\
       io_console.obj                  76      0         0      
    +--+-------------------------------+-------+---------+---------+
       Total:                          76      0         0      
                                                                
    .\driverlib\
       sysctl.obj                      3974    596       0      
       gpio.obj                        3092    552       0      
       interrupt.obj                   960     268       620    
       uart.obj                        1582    128       0      
       cpu.obj                         62      0         0      
    +--+-------------------------------+-------+---------+---------+
       Total:                          9670    1544      620    
                                                                
    .\utils\
       uartstdio.obj                   1192    46        5      
    +--+-------------------------------+-------+---------+---------+
       Total:                          1192    46        5      
                                                                
    C:\ti\ccs1031\ccs\tools\compiler\ti-cgt-arm_20.2.4.LTS\lib\rtsv7M4_T_le_v4SPD16_eabi.lib
       memcpy_t2.asm.obj               156     0         0      
       copy_decompress_lzss.c.obj      104     0         0      
       autoinit.c.obj                  68      0         0      
       u_divt2.asm.obj                 64      0         0      
       boot_cortex_m.c.obj             52      0         0      
       copy_zero_init.c.obj            28      0         0      
       copy_decompress_none.c.obj      14      0         0      
       exit.c.obj                      4       0         0      
       pre_init.c.obj                  4       0         0      
       div0.asm.obj                    2       0         0      
    +--+-------------------------------+-------+---------+---------+
       Total:                          496     0         0      
                                                                
       Stack:                          0       0         512    
       Linker Generated:               0       43        0      
    +--+-------------------------------+-------+---------+---------+
       Grand Total:                    11464   2153      1137   


LINKER GENERATED COPY TABLES

__TI_cinit_table @ 00003530 records: 2, size/record: 8, table size: 16
	.vtable: load addr=00003520, load size=00000008 bytes, run addr=20000000, run size=0000026c bytes, compression=zero_init
	.data: load addr=00003528, load size=00000007 bytes, run addr=20000470, run size=00000005 bytes, compression=lzss


LINKER GENERATED HANDLER TABLE

__TI_handler_table @ 00003510 records: 3, size/record: 4, table size: 12
	index: 0, handler: __TI_zero_init
	index: 1, handler: __TI_decompress_lzss
	index: 2, handler: __TI_decompress_none


GLOBAL SYMBOLS: SORTED ALPHABETICALLY BY Name 

address   name                            
-------   ----                            
00002ecf  C$$EXIT                         
00002e3d  CPUbasepriGet                   
00002e2f  CPUbasepriSet                   
00002e09  CPUcpsid                        
00002e1f  CPUcpsie                        
00002e15  CPUprimask                      
00002e2b  CPUwfi                          
00001d4d  GPIOADCTriggerDisable           
00001d2f  GPIOADCTriggerEnable            
00001d11  GPIODMATriggerDisable           
00001cf3  GPIODMATriggerEnable            
00001243  GPIODirModeGet                  
000011e7  GPIODirModeSet                  
000017fd  GPIOIntClear                    
000017c1  GPIOIntDisable                  
0000179d  GPIOIntEnable                   
00001811  GPIOIntRegister                 
00001849  GPIOIntRegisterPin              
000017db  GPIOIntStatus                   
00001333  GPIOIntTypeGet                  
0000128f  GPIOIntTypeSet                  
0000182f  GPIOIntUnregister               
00001877  GPIOIntUnregisterPin            
0000162b  GPIOPadConfigGet                
000013bd  GPIOPadConfigSet                
00001c95  GPIOPinConfigure                
0000189b  GPIOPinRead                     
000018d3  GPIOPinTypeADC                  
000018f7  GPIOPinTypeCAN                  
0000191b  GPIOPinTypeComparator           
0000193f  GPIOPinTypeComparatorOutput     
00001963  GPIOPinTypeDIVSCLK              
00001987  GPIOPinTypeEPI                  
000019ab  GPIOPinTypeEthernetLED          
000019cf  GPIOPinTypeEthernetMII          
000019f3  GPIOPinTypeGPIOInput            
00001a17  GPIOPinTypeGPIOOutput           
00001a41  GPIOPinTypeGPIOOutputOD         
00001a65  GPIOPinTypeHibernateRTCCLK      
00001a89  GPIOPinTypeI2C                  
00001aad  GPIOPinTypeI2CSCL               
00001ad1  GPIOPinTypeLCD                  
00001af5  GPIOPinTypeOneWire              
00001b19  GPIOPinTypePWM                  
00001b3d  GPIOPinTypeQEI                  
00001b61  GPIOPinTypeSSI                  
00001b85  GPIOPinTypeTimer                
00001ba9  GPIOPinTypeTrace                
00001bcd  GPIOPinTypeUART                 
00001bf1  GPIOPinTypeUSBAnalog            
00001c15  GPIOPinTypeUSBDigital           
00001c39  GPIOPinTypeWakeHigh             
00001c5f  GPIOPinTypeWakeLow              
00001c85  GPIOPinWakeStatus               
000018b3  GPIOPinWrite                    
00001d6b  GPIOUnlockPin                   
00002d39  InitConsole                     
00002a35  IntDisable                      
000029c3  IntEnable                       
00002aa7  IntIsEnabled                    
00002887  IntMasterDisable                
00002877  IntMasterEnable                 
00002b9d  IntPendClear                    
00002b2d  IntPendSet                      
0000299f  IntPriorityGet                  
00002917  IntPriorityGroupingGet          
000028fd  IntPriorityGroupingSet          
00002bf7  IntPriorityMaskGet              
00002beb  IntPriorityMaskSet              
0000294f  IntPrioritySet                  
00002897  IntRegister                     
00002bff  IntTrigger                      
000028e9  IntUnregister                   
00002eb9  ResetISR                        
00001145  SysCtlAltClkConfig              
0000086d  SysCtlClockFreqSet              
00000d35  SysCtlClockGet                  
00001129  SysCtlClockOutConfig            
00000b65  SysCtlClockSet                  
00000771  SysCtlDeepSleep                 
00000ef9  SysCtlDeepSleepClockConfigSet   
00000edb  SysCtlDeepSleepClockSet         
00000751  SysCtlDeepSleepPowerSet         
00002ec5  SysCtlDelay                     
000002ff  SysCtlFlashSectorSizeGet        
000002d3  SysCtlFlashSizeGet              
00000fcf  SysCtlGPIOAHBDisable            
00000fb3  SysCtlGPIOAHBEnable             
000006e5  SysCtlIntClear                  
000006cd  SysCtlIntDisable                
000006b9  SysCtlIntEnable                 
00000691  SysCtlIntRegister               
000006f5  SysCtlIntStatus                 
000006a9  SysCtlIntUnregister             
00000737  SysCtlLDODeepSleepGet           
00000727  SysCtlLDODeepSleepSet           
00000721  SysCtlLDOSleepGet               
00000711  SysCtlLDOSleepSet               
000007a7  SysCtlMOSCConfigSet             
0000110d  SysCtlNMIClear                  
000010f9  SysCtlNMIStatus                 
000007bd  SysCtlPIOSCCalibrate            
00000f9d  SysCtlPWMClockGet               
00000f83  SysCtlPWMClockSet               
0000063d  SysCtlPeripheralClockGating     
000005f5  SysCtlPeripheralDeepSleepDisable
000005a5  SysCtlPeripheralDeepSleepEnable 
000004e1  SysCtlPeripheralDisable         
000004a5  SysCtlPeripheralEnable          
000003e1  SysCtlPeripheralPowerOff        
000003a5  SysCtlPeripheralPowerOn         
00000325  SysCtlPeripheralPresent         
00000365  SysCtlPeripheralReady           
0000041d  SysCtlPeripheralReset           
00000569  SysCtlPeripheralSleepDisable    
00000525  SysCtlPeripheralSleepEnable     
00000761  SysCtlReset                     
0000081d  SysCtlResetBehaviorGet          
0000080d  SysCtlResetBehaviorSet          
00000793  SysCtlResetCauseClear           
0000078d  SysCtlResetCauseGet             
000002c9  SysCtlSRAMSizeGet               
00000769  SysCtlSleep                     
0000073d  SysCtlSleepPowerSet             
00000ff7  SysCtlUSBPLLDisable             
00000feb  SysCtlUSBPLLEnable              
0000103d  SysCtlVCOGet                    
00001025  SysCtlVoltageEventClear         
00001009  SysCtlVoltageEventConfig        
00001019  SysCtlVoltageEventStatus        
0000236d  UART9BitAddrSend                
00002347  UART9BitAddrSet                 
00002331  UART9BitDisable                 
0000231b  UART9BitEnable                  
000021bf  UARTBreakCtl                    
000021e9  UARTBusy                        
00002167  UARTCharGet                     
0000214b  UARTCharGetNonBlocking          
000021a1  UARTCharPut                     
0000217d  UARTCharPutNonBlocking          
0000210f  UARTCharsAvail                  
0000230b  UARTClockSourceGet              
000022f7  UARTClockSourceSet              
00001edf  UARTConfigGetExpClk             
00001e69  UARTConfigSetExpClk             
000022bd  UARTDMADisable                  
000022a5  UARTDMAEnable                   
00001f4f  UARTDisable                     
00001fd3  UARTDisableSIR                  
00001f2b  UARTEnable                      
00001fa5  UARTEnableSIR                   
00001f8f  UARTFIFODisable                 
00001f79  UARTFIFOEnable                  
00001e41  UARTFIFOLevelGet                
00001e29  UARTFIFOLevelSet                
000020cf  UARTFlowControlGet              
000020b3  UARTFlowControlSet              
00002293  UARTIntClear                    
0000225d  UARTIntDisable                  
00002245  UARTIntEnable                   
00002207  UARTIntRegister                 
00002275  UARTIntStatus                   
00002225  UARTIntUnregister               
000023b5  UARTLoopbackEnable              
00002069  UARTModemControlClear           
0000208d  UARTModemControlGet             
00002031  UARTModemControlSet             
0000209f  UARTModemStatusGet              
00001e17  UARTParityModeGet               
00001dfb  UARTParityModeSet               
000022e7  UARTRxErrorClear                
000022d5  UARTRxErrorGet                  
0000201b  UARTSmartCardDisable            
00001fe9  UARTSmartCardEnable             
0000212d  UARTSpaceAvail                  
000023cd  UARTStdioConfig                 
000020fd  UARTTxIntModeGet                
000020e1  UARTTxIntModeSet                
0000251d  UARTgetc                        
00002463  UARTgets                        
0000283f  UARTprintf                      
00002545  UARTvprintf                     
00002413  UARTwrite                       
20000470  __STACK_END                     
00000200  __STACK_SIZE                    
20000470  __STACK_TOP                     
00003530  __TI_CINIT_Base                 
00003540  __TI_CINIT_Limit                
00003510  __TI_Handler_Table_Base         
0000351c  __TI_Handler_Table_Limit        
00002d85  __TI_auto_init_nobinit_nopinit  
00002cd1  __TI_decompress_lzss            
00002eab  __TI_decompress_none            
ffffffff  __TI_pprof_out_hndl             
ffffffff  __TI_prof_data_size             
ffffffff  __TI_prof_data_start            
00000000  __TI_static_base__              
00002e7d  __TI_zero_init_nomemset         
000023cb  __aeabi_idiv0                   
000023cb  __aeabi_ldiv0                   
00002c35  __aeabi_memcpy                  
00002c35  __aeabi_memcpy4                 
00002c35  __aeabi_memcpy8                 
00002dc9  __aeabi_uidiv                   
00002dc9  __aeabi_uidivmod                
ffffffff  __binit__                       
ffffffff  __c_args__                      
UNDEFED   __mpu_init                      
20000270  __stack                         
20000000  __start___llvm_prf_cnts         
20000000  __stop___llvm_prf_cnts          
00002e49  _c_int00_noargs                 
UNDEFED   _system_post_cinit              
00002ecb  _system_pre_init                
00002ecf  abort                           
ffffffff  binit                           
20000000  g_pfnRAMVectors                 
00000000  g_pfnVectors                    
00002e99  main                            
00002c35  memcpy                          


GLOBAL SYMBOLS: SORTED BY Symbol Address 

address   name                            
-------   ----                            
00000000  __TI_static_base__              
00000000  g_pfnVectors                    
00000200  __STACK_SIZE                    
000002c9  SysCtlSRAMSizeGet               
000002d3  SysCtlFlashSizeGet              
000002ff  SysCtlFlashSectorSizeGet        
00000325  SysCtlPeripheralPresent         
00000365  SysCtlPeripheralReady           
000003a5  SysCtlPeripheralPowerOn         
000003e1  SysCtlPeripheralPowerOff        
0000041d  SysCtlPeripheralReset           
000004a5  SysCtlPeripheralEnable          
000004e1  SysCtlPeripheralDisable         
00000525  SysCtlPeripheralSleepEnable     
00000569  SysCtlPeripheralSleepDisable    
000005a5  SysCtlPeripheralDeepSleepEnable 
000005f5  SysCtlPeripheralDeepSleepDisable
0000063d  SysCtlPeripheralClockGating     
00000691  SysCtlIntRegister               
000006a9  SysCtlIntUnregister             
000006b9  SysCtlIntEnable                 
000006cd  SysCtlIntDisable                
000006e5  SysCtlIntClear                  
000006f5  SysCtlIntStatus                 
00000711  SysCtlLDOSleepSet               
00000721  SysCtlLDOSleepGet               
00000727  SysCtlLDODeepSleepSet           
00000737  SysCtlLDODeepSleepGet           
0000073d  SysCtlSleepPowerSet             
00000751  SysCtlDeepSleepPowerSet         
00000761  SysCtlReset                     
00000769  SysCtlSleep                     
00000771  SysCtlDeepSleep                 
0000078d  SysCtlResetCauseGet             
00000793  SysCtlResetCauseClear           
000007a7  SysCtlMOSCConfigSet             
000007bd  SysCtlPIOSCCalibrate            
0000080d  SysCtlResetBehaviorSet          
0000081d  SysCtlResetBehaviorGet          
0000086d  SysCtlClockFreqSet              
00000b65  SysCtlClockSet                  
00000d35  SysCtlClockGet                  
00000edb  SysCtlDeepSleepClockSet         
00000ef9  SysCtlDeepSleepClockConfigSet   
00000f83  SysCtlPWMClockSet               
00000f9d  SysCtlPWMClockGet               
00000fb3  SysCtlGPIOAHBEnable             
00000fcf  SysCtlGPIOAHBDisable            
00000feb  SysCtlUSBPLLEnable              
00000ff7  SysCtlUSBPLLDisable             
00001009  SysCtlVoltageEventConfig        
00001019  SysCtlVoltageEventStatus        
00001025  SysCtlVoltageEventClear         
0000103d  SysCtlVCOGet                    
000010f9  SysCtlNMIStatus                 
0000110d  SysCtlNMIClear                  
00001129  SysCtlClockOutConfig            
00001145  SysCtlAltClkConfig              
000011e7  GPIODirModeSet                  
00001243  GPIODirModeGet                  
0000128f  GPIOIntTypeSet                  
00001333  GPIOIntTypeGet                  
000013bd  GPIOPadConfigSet                
0000162b  GPIOPadConfigGet                
0000179d  GPIOIntEnable                   
000017c1  GPIOIntDisable                  
000017db  GPIOIntStatus                   
000017fd  GPIOIntClear                    
00001811  GPIOIntRegister                 
0000182f  GPIOIntUnregister               
00001849  GPIOIntRegisterPin              
00001877  GPIOIntUnregisterPin            
0000189b  GPIOPinRead                     
000018b3  GPIOPinWrite                    
000018d3  GPIOPinTypeADC                  
000018f7  GPIOPinTypeCAN                  
0000191b  GPIOPinTypeComparator           
0000193f  GPIOPinTypeComparatorOutput     
00001963  GPIOPinTypeDIVSCLK              
00001987  GPIOPinTypeEPI                  
000019ab  GPIOPinTypeEthernetLED          
000019cf  GPIOPinTypeEthernetMII          
000019f3  GPIOPinTypeGPIOInput            
00001a17  GPIOPinTypeGPIOOutput           
00001a41  GPIOPinTypeGPIOOutputOD         
00001a65  GPIOPinTypeHibernateRTCCLK      
00001a89  GPIOPinTypeI2C                  
00001aad  GPIOPinTypeI2CSCL               
00001ad1  GPIOPinTypeLCD                  
00001af5  GPIOPinTypeOneWire              
00001b19  GPIOPinTypePWM                  
00001b3d  GPIOPinTypeQEI                  
00001b61  GPIOPinTypeSSI                  
00001b85  GPIOPinTypeTimer                
00001ba9  GPIOPinTypeTrace                
00001bcd  GPIOPinTypeUART                 
00001bf1  GPIOPinTypeUSBAnalog            
00001c15  GPIOPinTypeUSBDigital           
00001c39  GPIOPinTypeWakeHigh             
00001c5f  GPIOPinTypeWakeLow              
00001c85  GPIOPinWakeStatus               
00001c95  GPIOPinConfigure                
00001cf3  GPIODMATriggerEnable            
00001d11  GPIODMATriggerDisable           
00001d2f  GPIOADCTriggerEnable            
00001d4d  GPIOADCTriggerDisable           
00001d6b  GPIOUnlockPin                   
00001dfb  UARTParityModeSet               
00001e17  UARTParityModeGet               
00001e29  UARTFIFOLevelSet                
00001e41  UARTFIFOLevelGet                
00001e69  UARTConfigSetExpClk             
00001edf  UARTConfigGetExpClk             
00001f2b  UARTEnable                      
00001f4f  UARTDisable                     
00001f79  UARTFIFOEnable                  
00001f8f  UARTFIFODisable                 
00001fa5  UARTEnableSIR                   
00001fd3  UARTDisableSIR                  
00001fe9  UARTSmartCardEnable             
0000201b  UARTSmartCardDisable            
00002031  UARTModemControlSet             
00002069  UARTModemControlClear           
0000208d  UARTModemControlGet             
0000209f  UARTModemStatusGet              
000020b3  UARTFlowControlSet              
000020cf  UARTFlowControlGet              
000020e1  UARTTxIntModeSet                
000020fd  UARTTxIntModeGet                
0000210f  UARTCharsAvail                  
0000212d  UARTSpaceAvail                  
0000214b  UARTCharGetNonBlocking          
00002167  UARTCharGet                     
0000217d  UARTCharPutNonBlocking          
000021a1  UARTCharPut                     
000021bf  UARTBreakCtl                    
000021e9  UARTBusy                        
00002207  UARTIntRegister                 
00002225  UARTIntUnregister               
00002245  UARTIntEnable                   
0000225d  UARTIntDisable                  
00002275  UARTIntStatus                   
00002293  UARTIntClear                    
000022a5  UARTDMAEnable                   
000022bd  UARTDMADisable                  
000022d5  UARTRxErrorGet                  
000022e7  UARTRxErrorClear                
000022f7  UARTClockSourceSet              
0000230b  UARTClockSourceGet              
0000231b  UART9BitEnable                  
00002331  UART9BitDisable                 
00002347  UART9BitAddrSet                 
0000236d  UART9BitAddrSend                
000023b5  UARTLoopbackEnable              
000023cb  __aeabi_idiv0                   
000023cb  __aeabi_ldiv0                   
000023cd  UARTStdioConfig                 
00002413  UARTwrite                       
00002463  UARTgets                        
0000251d  UARTgetc                        
00002545  UARTvprintf                     
0000283f  UARTprintf                      
00002877  IntMasterEnable                 
00002887  IntMasterDisable                
00002897  IntRegister                     
000028e9  IntUnregister                   
000028fd  IntPriorityGroupingSet          
00002917  IntPriorityGroupingGet          
0000294f  IntPrioritySet                  
0000299f  IntPriorityGet                  
000029c3  IntEnable                       
00002a35  IntDisable                      
00002aa7  IntIsEnabled                    
00002b2d  IntPendSet                      
00002b9d  IntPendClear                    
00002beb  IntPriorityMaskSet              
00002bf7  IntPriorityMaskGet              
00002bff  IntTrigger                      
00002c35  __aeabi_memcpy                  
00002c35  __aeabi_memcpy4                 
00002c35  __aeabi_memcpy8                 
00002c35  memcpy                          
00002cd1  __TI_decompress_lzss            
00002d39  InitConsole                     
00002d85  __TI_auto_init_nobinit_nopinit  
00002dc9  __aeabi_uidiv                   
00002dc9  __aeabi_uidivmod                
00002e09  CPUcpsid                        
00002e15  CPUprimask                      
00002e1f  CPUcpsie                        
00002e2b  CPUwfi                          
00002e2f  CPUbasepriSet                   
00002e3d  CPUbasepriGet                   
00002e49  _c_int00_noargs                 
00002e7d  __TI_zero_init_nomemset         
00002e99  main                            
00002eab  __TI_decompress_none            
00002eb9  ResetISR                        
00002ec5  SysCtlDelay                     
00002ecb  _system_pre_init                
00002ecf  C$$EXIT                         
00002ecf  abort                           
00003510  __TI_Handler_Table_Base         
0000351c  __TI_Handler_Table_Limit        
00003530  __TI_CINIT_Base                 
00003540  __TI_CINIT_Limit                
20000000  __start___llvm_prf_cnts         
20000000  __stop___llvm_prf_cnts          
20000000  g_pfnRAMVectors                 
20000270  __stack                         
20000470  __STACK_END                     
20000470  __STACK_TOP                     
ffffffff  __TI_pprof_out_hndl             
ffffffff  __TI_prof_data_size             
ffffffff  __TI_prof_data_start            
ffffffff  __binit__                       
ffffffff  __c_args__                      
ffffffff  binit                           
UNDEFED   __mpu_init                      
UNDEFED   _system_post_cinit              

[220 symbols]
