******************************************************************************
                  TI ARM Linker PC v20.2.4                     
******************************************************************************
>> Linked Wed Jan  8 12:37:19 2025

OUTPUT FILE NAME:   <TIMER.out>
ENTRY POINT SYMBOL: "_c_int00_noargs"  address: 000035f9


MEMORY CONFIGURATION

         name            origin    length      used     unused   attr    fill
----------------------  --------  ---------  --------  --------  ----  --------
  FLASH                 00000000   00100000  00003d78  000fc288  R  X
  SRAM                  20000000   00040000  00000478  0003fb88  RW X


SEGMENT ALLOCATION MAP

run origin  load origin   length   init length attrs members
----------  ----------- ---------- ----------- ----- -------
00000000    00000000    00003d78   00003d78    r-x
  00000000    00000000    00000208   00000208    r-- .intvecs
  00000208    00000208    00003468   00003468    r-x .text
  00003670    00003670    000006d8   000006d8    r-- .const
  00003d48    00003d48    00000030   00000030    r-- .cinit
20000000    20000000    0000047c   00000000    rw-
  20000000    20000000    0000026c   00000000    rw- .vtable
  20000270    20000270    00000200   00000000    rw- .stack
  20000470    20000470    0000000c   00000000    rw- .data


SECTION ALLOCATION MAP

 output                                  attributes/
section   page    origin      length       input sections
--------  ----  ----------  ----------   ----------------
.intvecs   0    00000000    00000208     
                  00000000    00000208     tm4c1294ncpdt_startup_ccs.obj (.intvecs)

.text      0    00000208    00003468     
                  00000208    00000f80     sysctl.obj (.text)
                  00001188    00000c14     gpio.obj (.text)
                  00001d9c    00000642     timer.obj (.text)
                  000023de    00000002     rtsv7M4_T_le_v4SPD16_eabi.lib : div0.asm.obj (.text)
                  000023e0    0000062e     uart.obj (.text)
                  00002a0e    00000002     --HOLE-- [fill = 0]
                  00002a10    0000049c     uartstdio.obj (.text)
                  00002eac    000003c0     interrupt.obj (.text)
                  0000326c    000001c4     periodic16_timer.obj (.text)
                  00003430    0000009c     rtsv7M4_T_le_v4SPD16_eabi.lib : memcpy_t2.asm.obj (.text)
                  000034cc    00000068                                   : copy_decompress_lzss.c.obj (.text:decompress:lzss:__TI_decompress_lzss)
                  00003534    00000044                                   : autoinit.c.obj (.text:__TI_auto_init_nobinit_nopinit:__TI_auto_init_nobinit_nopinit)
                  00003578    00000040                                   : u_divt2.asm.obj (.text)
                  000035b8    0000003e     cpu.obj (.text)
                  000035f6    00000002     --HOLE-- [fill = 0]
                  000035f8    00000034     rtsv7M4_T_le_v4SPD16_eabi.lib : boot_cortex_m.c.obj (.text:_c_int00_noargs:_c_int00_noargs)
                  0000362c    0000001c                                   : copy_zero_init.c.obj (.text:decompress:ZI:__TI_zero_init_nomemset:__TI_zero_init_nomemset)
                  00003648    0000000e                                   : copy_decompress_none.c.obj (.text:decompress:none:__TI_decompress_none)
                  00003656    0000000c     tm4c1294ncpdt_startup_ccs.obj (.text)
                  00003662    00000006     sysctl.obj (.text:SysCtlDelay)
                  00003668    00000004     rtsv7M4_T_le_v4SPD16_eabi.lib : pre_init.c.obj (.text:_system_pre_init)
                  0000366c    00000004                                   : exit.c.obj (.text:abort:abort)

.const     0    00003670    000006d8     
                  00003670    000001b0     sysctl.obj (.const:g_pppui32XTALtoVCO)
                  00003820    000000d8     gpio.obj (.const:g_ppui32GPIOIntMapSnowflake)
                  000038f8    000000c0     gpio.obj (.const:g_ppui32GPIOIntMapBlizzard)
                  000039b8    0000009c     interrupt.obj (.const:g_pui32Regs)
                  00003a54    00000090     gpio.obj (.const:g_pui32GPIOBaseAddrs)
                  00003ae4    0000006c     sysctl.obj (.const:g_pui32Xtals)
                  00003b50    00000060     timer.obj (.const:g_ppui32TimerIntMap)
                  00003bb0    00000040     timer.obj (.const:g_ppui32TimerIntMapSnowflake)
                  00003bf0    00000040     uart.obj (.const:g_ppui32UARTIntMap)
                  00003c30    00000040     uart.obj (.const:g_ppui32UARTIntMapSnowflake)
                  00003c70    00000030     sysctl.obj (.const:g_sXTALtoMEMTIM)
                  00003ca0    00000020     interrupt.obj (.const:g_pui32Priority)
                  00003cc0    00000014     interrupt.obj (.const:g_pui32Dii16Regs)
                  00003cd4    00000014     interrupt.obj (.const:g_pui32EnRegs)
                  00003ce8    00000014     interrupt.obj (.const:g_pui32PendRegs)
                  00003cfc    00000014     interrupt.obj (.const:g_pui32UnpendRegs)
                  00003d10    00000012     uartstdio.obj (.const:.string)
                  00003d22    00000002     --HOLE-- [fill = 0]
                  00003d24    0000000c     uartstdio.obj (.const:g_ui32UARTBase)
                  00003d30    0000000c     uartstdio.obj (.const:g_ui32UARTPeriph)
                  00003d3c    00000008     sysctl.obj (.const:g_pui32VCOFrequencies)
                  00003d44    00000004     uartstdio.obj (.const)

.cinit     0    00003d48    00000030     
                  00003d48    0000000c     (__TI_handler_table)
                  00003d54    00000004     --HOLE-- [fill = 0]
                  00003d58    00000008     (.cinit..vtable.load) [load image, compression = zero_init]
                  00003d60    00000007     (.cinit..data.load) [load image, compression = lzss]
                  00003d67    00000001     --HOLE-- [fill = 0]
                  00003d68    00000010     (__TI_cinit_table)

.init_array 
*          0    00000000    00000000     UNINITIALIZED

.vtable    0    20000000    0000026c     UNINITIALIZED
                  20000000    0000026c     interrupt.obj (.vtable)

.data      0    20000470    0000000c     UNINITIALIZED
                  20000470    00000005     uartstdio.obj (.data)
                  20000475    00000003     --HOLE--
                  20000478    00000004     periodic16_timer.obj (.data)

.stack     0    20000270    00000200     UNINITIALIZED
                  20000270    00000004     rtsv7M4_T_le_v4SPD16_eabi.lib : boot_cortex_m.c.obj (.stack)
                  20000274    000001fc     --HOLE--

__llvm_prf_cnts 
*          0    20000000    00000000     UNINITIALIZED

MODULE SUMMARY

       Module                          code    ro data   rw data
       ------                          ----    -------   -------
    .\
       tm4c1294ncpdt_startup_ccs.obj   12      520       0      
       periodic16_timer.obj            452     0         4      
    +--+-------------------------------+-------+---------+---------+
       Total:                          464     520       4      
                                                                
    .\driverlib\
       sysctl.obj                      3974    596       0      
       gpio.obj                        3092    552       0      
       interrupt.obj                   960     268       620    
       timer.obj                       1602    160       0      
       uart.obj                        1582    128       0      
       cpu.obj                         62      0         0      
    +--+-------------------------------+-------+---------+---------+
       Total:                          11272   1704      620    
                                                                
    .\utils\
       uartstdio.obj                   1180    46        5      
    +--+-------------------------------+-------+---------+---------+
       Total:                          1180    46        5      
                                                                
    C:\ti\ccs1031\ccs\tools\compiler\ti-cgt-arm_20.2.4.LTS\lib\rtsv7M4_T_le_v4SPD16_eabi.lib
       memcpy_t2.asm.obj               156     0         0      
       copy_decompress_lzss.c.obj      104     0         0      
       autoinit.c.obj                  68      0         0      
       u_divt2.asm.obj                 64      0         0      
       boot_cortex_m.c.obj             52      0         0      
       copy_zero_init.c.obj            28      0         0      
       copy_decompress_none.c.obj      14      0         0      
       exit.c.obj                      4       0         0      
       pre_init.c.obj                  4       0         0      
       div0.asm.obj                    2       0         0      
    +--+-------------------------------+-------+---------+---------+
       Total:                          496     0         0      
                                                                
       Stack:                          0       0         512    
       Linker Generated:               0       43        0      
    +--+-------------------------------+-------+---------+---------+
       Grand Total:                    13412   2313      1141   


LINKER GENERATED COPY TABLES

__TI_cinit_table @ 00003d68 records: 2, size/record: 8, table size: 16
	.vtable: load addr=00003d58, load size=00000008 bytes, run addr=20000000, run size=0000026c bytes, compression=zero_init
	.data: load addr=00003d60, load size=00000007 bytes, run addr=20000470, run size=0000000c bytes, compression=lzss


LINKER GENERATED HANDLER TABLE

__TI_handler_table @ 00003d48 records: 3, size/record: 4, table size: 12
	index: 0, handler: __TI_zero_init
	index: 1, handler: __TI_decompress_lzss
	index: 2, handler: __TI_decompress_none


GLOBAL SYMBOLS: SORTED ALPHABETICALLY BY Name 

address   name                            
-------   ----                            
0000366d  C$$EXIT                         
000035ed  CPUbasepriGet                   
000035df  CPUbasepriSet                   
000035b9  CPUcpsid                        
000035cf  CPUcpsie                        
000035c5  CPUprimask                      
000035db  CPUwfi                          
00001d4d  GPIOADCTriggerDisable           
00001d2f  GPIOADCTriggerEnable            
00001d11  GPIODMATriggerDisable           
00001cf3  GPIODMATriggerEnable            
00001243  GPIODirModeGet                  
000011e7  GPIODirModeSet                  
000017fd  GPIOIntClear                    
000017c1  GPIOIntDisable                  
0000179d  GPIOIntEnable                   
00001811  GPIOIntRegister                 
00001849  GPIOIntRegisterPin              
000017db  GPIOIntStatus                   
00001333  GPIOIntTypeGet                  
0000128f  GPIOIntTypeSet                  
0000182f  GPIOIntUnregister               
00001877  GPIOIntUnregisterPin            
0000162b  GPIOPadConfigGet                
000013bd  GPIOPadConfigSet                
00001c95  GPIOPinConfigure                
0000189b  GPIOPinRead                     
000018d3  GPIOPinTypeADC                  
000018f7  GPIOPinTypeCAN                  
0000191b  GPIOPinTypeComparator           
0000193f  GPIOPinTypeComparatorOutput     
00001963  GPIOPinTypeDIVSCLK              
00001987  GPIOPinTypeEPI                  
000019ab  GPIOPinTypeEthernetLED          
000019cf  GPIOPinTypeEthernetMII          
000019f3  GPIOPinTypeGPIOInput            
00001a17  GPIOPinTypeGPIOOutput           
00001a41  GPIOPinTypeGPIOOutputOD         
00001a65  GPIOPinTypeHibernateRTCCLK      
00001a89  GPIOPinTypeI2C                  
00001aad  GPIOPinTypeI2CSCL               
00001ad1  GPIOPinTypeLCD                  
00001af5  GPIOPinTypeOneWire              
00001b19  GPIOPinTypePWM                  
00001b3d  GPIOPinTypeQEI                  
00001b61  GPIOPinTypeSSI                  
00001b85  GPIOPinTypeTimer                
00001ba9  GPIOPinTypeTrace                
00001bcd  GPIOPinTypeUART                 
00001bf1  GPIOPinTypeUSBAnalog            
00001c15  GPIOPinTypeUSBDigital           
00001c39  GPIOPinTypeWakeHigh             
00001c5f  GPIOPinTypeWakeLow              
00001c85  GPIOPinWakeStatus               
000018b3  GPIOPinWrite                    
00001d6b  GPIOUnlockPin                   
0000326d  InitConsole                     
0000306d  IntDisable                      
00002ffb  IntEnable                       
000030df  IntIsEnabled                    
00002ebf  IntMasterDisable                
00002eaf  IntMasterEnable                 
000031d5  IntPendClear                    
00003165  IntPendSet                      
00002fd7  IntPriorityGet                  
00002f4f  IntPriorityGroupingGet          
00002f35  IntPriorityGroupingSet          
0000322f  IntPriorityMaskGet              
00003223  IntPriorityMaskSet              
00002f87  IntPrioritySet                  
00002ecf  IntRegister                     
00003237  IntTrigger                      
00002f21  IntUnregister                   
00003657  ResetISR                        
00001145  SysCtlAltClkConfig              
0000086d  SysCtlClockFreqSet              
00000d35  SysCtlClockGet                  
00001129  SysCtlClockOutConfig            
00000b65  SysCtlClockSet                  
00000771  SysCtlDeepSleep                 
00000ef9  SysCtlDeepSleepClockConfigSet   
00000edb  SysCtlDeepSleepClockSet         
00000751  SysCtlDeepSleepPowerSet         
00003663  SysCtlDelay                     
000002ff  SysCtlFlashSectorSizeGet        
000002d3  SysCtlFlashSizeGet              
00000fcf  SysCtlGPIOAHBDisable            
00000fb3  SysCtlGPIOAHBEnable             
000006e5  SysCtlIntClear                  
000006cd  SysCtlIntDisable                
000006b9  SysCtlIntEnable                 
00000691  SysCtlIntRegister               
000006f5  SysCtlIntStatus                 
000006a9  SysCtlIntUnregister             
00000737  SysCtlLDODeepSleepGet           
00000727  SysCtlLDODeepSleepSet           
00000721  SysCtlLDOSleepGet               
00000711  SysCtlLDOSleepSet               
000007a7  SysCtlMOSCConfigSet             
0000110d  SysCtlNMIClear                  
000010f9  SysCtlNMIStatus                 
000007bd  SysCtlPIOSCCalibrate            
00000f9d  SysCtlPWMClockGet               
00000f83  SysCtlPWMClockSet               
0000063d  SysCtlPeripheralClockGating     
000005f5  SysCtlPeripheralDeepSleepDisable
000005a5  SysCtlPeripheralDeepSleepEnable 
000004e1  SysCtlPeripheralDisable         
000004a5  SysCtlPeripheralEnable          
000003e1  SysCtlPeripheralPowerOff        
000003a5  SysCtlPeripheralPowerOn         
00000325  SysCtlPeripheralPresent         
00000365  SysCtlPeripheralReady           
0000041d  SysCtlPeripheralReset           
00000569  SysCtlPeripheralSleepDisable    
00000525  SysCtlPeripheralSleepEnable     
00000761  SysCtlReset                     
0000081d  SysCtlResetBehaviorGet          
0000080d  SysCtlResetBehaviorSet          
00000793  SysCtlResetCauseClear           
0000078d  SysCtlResetCauseGet             
000002c9  SysCtlSRAMSizeGet               
00000769  SysCtlSleep                     
0000073d  SysCtlSleepPowerSet             
00000ff7  SysCtlUSBPLLDisable             
00000feb  SysCtlUSBPLLEnable              
0000103d  SysCtlVCOGet                    
00001025  SysCtlVoltageEventClear         
00001009  SysCtlVoltageEventConfig        
00001019  SysCtlVoltageEventStatus        
000032a9  Timer0BIntHandler               
0000235d  TimerADCEventGet                
0000234b  TimerADCEventSet                
00002081  TimerClockSourceGet             
00002057  TimerClockSourceSet             
00001e4b  TimerConfigure                  
00001f6b  TimerControlEvent               
00001ec7  TimerControlLevel               
00001f95  TimerControlStall               
00001efd  TimerControlTrigger             
00001fcb  TimerControlWaitOnTrigger       
0000237d  TimerDMAEventGet                
0000236b  TimerDMAEventSet                
00001e2d  TimerDisable                    
00001e0f  TimerEnable                     
00002327  TimerIntClear                   
000022f1  TimerIntDisable                 
000022d9  TimerIntEnable                  
00002293  TimerIntRegister                
00002309  TimerIntStatus                  
000022bb  TimerIntUnregister              
0000214b  TimerLoadGet                    
00002181  TimerLoadGet64                  
00002121  TimerLoadSet                    
00002167  TimerLoadSet64                  
0000222b  TimerMatchGet                   
00002261  TimerMatchGet64                 
00002201  TimerMatchSet                   
00002247  TimerMatchSet64                 
000020bb  TimerPrescaleGet                
00002105  TimerPrescaleMatchGet           
000020d7  TimerPrescaleMatchSet           
00002091  TimerPrescaleSet                
00002041  TimerRTCDisable                 
0000202b  TimerRTCEnable                  
00002339  TimerSynchronize                
0000238b  TimerUpdateMode                 
000021b3  TimerValueGet                   
000021cf  TimerValueGet64                 
000029b1  UART9BitAddrSend                
0000298b  UART9BitAddrSet                 
00002975  UART9BitDisable                 
0000295f  UART9BitEnable                  
00002803  UARTBreakCtl                    
0000282d  UARTBusy                        
000027ab  UARTCharGet                     
0000278f  UARTCharGetNonBlocking          
000027e5  UARTCharPut                     
000027c1  UARTCharPutNonBlocking          
00002753  UARTCharsAvail                  
0000294f  UARTClockSourceGet              
0000293b  UARTClockSourceSet              
00002523  UARTConfigGetExpClk             
000024ad  UARTConfigSetExpClk             
00002901  UARTDMADisable                  
000028e9  UARTDMAEnable                   
00002593  UARTDisable                     
00002617  UARTDisableSIR                  
0000256f  UARTEnable                      
000025e9  UARTEnableSIR                   
000025d3  UARTFIFODisable                 
000025bd  UARTFIFOEnable                  
00002485  UARTFIFOLevelGet                
0000246d  UARTFIFOLevelSet                
00002713  UARTFlowControlGet              
000026f7  UARTFlowControlSet              
000028d7  UARTIntClear                    
000028a1  UARTIntDisable                  
00002889  UARTIntEnable                   
0000284b  UARTIntRegister                 
000028b9  UARTIntStatus                   
00002869  UARTIntUnregister               
000029f9  UARTLoopbackEnable              
000026ad  UARTModemControlClear           
000026d1  UARTModemControlGet             
00002675  UARTModemControlSet             
000026e3  UARTModemStatusGet              
0000245b  UARTParityModeGet               
0000243f  UARTParityModeSet               
0000292b  UARTRxErrorClear                
00002919  UARTRxErrorGet                  
0000265f  UARTSmartCardDisable            
0000262d  UARTSmartCardEnable             
00002771  UARTSpaceAvail                  
00002a11  UARTStdioConfig                 
00002741  UARTTxIntModeGet                
00002725  UARTTxIntModeSet                
00002b57  UARTgetc                        
00002a9d  UARTgets                        
00002e77  UARTprintf                      
00002b7d  UARTvprintf                     
00002a57  UARTwrite                       
20000470  __STACK_END                     
00000200  __STACK_SIZE                    
20000470  __STACK_TOP                     
00003d68  __TI_CINIT_Base                 
00003d78  __TI_CINIT_Limit                
00003d48  __TI_Handler_Table_Base         
00003d54  __TI_Handler_Table_Limit        
00003535  __TI_auto_init_nobinit_nopinit  
000034cd  __TI_decompress_lzss            
00003649  __TI_decompress_none            
ffffffff  __TI_pprof_out_hndl             
ffffffff  __TI_prof_data_size             
ffffffff  __TI_prof_data_start            
00000000  __TI_static_base__              
0000362d  __TI_zero_init_nomemset         
000023df  __aeabi_idiv0                   
000023df  __aeabi_ldiv0                   
00003431  __aeabi_memcpy                  
00003431  __aeabi_memcpy4                 
00003431  __aeabi_memcpy8                 
00003579  __aeabi_uidiv                   
00003579  __aeabi_uidivmod                
ffffffff  __binit__                       
ffffffff  __c_args__                      
UNDEFED   __mpu_init                      
20000270  __stack                         
20000000  __start___llvm_prf_cnts         
20000000  __stop___llvm_prf_cnts          
000035f9  _c_int00_noargs                 
UNDEFED   _system_post_cinit              
00003669  _system_pre_init                
0000366d  abort                           
ffffffff  binit                           
20000000  g_pfnRAMVectors                 
00000000  g_pfnVectors                    
000032e3  main                            
00003431  memcpy                          


GLOBAL SYMBOLS: SORTED BY Symbol Address 

address   name                            
-------   ----                            
00000000  __TI_static_base__              
00000000  g_pfnVectors                    
00000200  __STACK_SIZE                    
000002c9  SysCtlSRAMSizeGet               
000002d3  SysCtlFlashSizeGet              
000002ff  SysCtlFlashSectorSizeGet        
00000325  SysCtlPeripheralPresent         
00000365  SysCtlPeripheralReady           
000003a5  SysCtlPeripheralPowerOn         
000003e1  SysCtlPeripheralPowerOff        
0000041d  SysCtlPeripheralReset           
000004a5  SysCtlPeripheralEnable          
000004e1  SysCtlPeripheralDisable         
00000525  SysCtlPeripheralSleepEnable     
00000569  SysCtlPeripheralSleepDisable    
000005a5  SysCtlPeripheralDeepSleepEnable 
000005f5  SysCtlPeripheralDeepSleepDisable
0000063d  SysCtlPeripheralClockGating     
00000691  SysCtlIntRegister               
000006a9  SysCtlIntUnregister             
000006b9  SysCtlIntEnable                 
000006cd  SysCtlIntDisable                
000006e5  SysCtlIntClear                  
000006f5  SysCtlIntStatus                 
00000711  SysCtlLDOSleepSet               
00000721  SysCtlLDOSleepGet               
00000727  SysCtlLDODeepSleepSet           
00000737  SysCtlLDODeepSleepGet           
0000073d  SysCtlSleepPowerSet             
00000751  SysCtlDeepSleepPowerSet         
00000761  SysCtlReset                     
00000769  SysCtlSleep                     
00000771  SysCtlDeepSleep                 
0000078d  SysCtlResetCauseGet             
00000793  SysCtlResetCauseClear           
000007a7  SysCtlMOSCConfigSet             
000007bd  SysCtlPIOSCCalibrate            
0000080d  SysCtlResetBehaviorSet          
0000081d  SysCtlResetBehaviorGet          
0000086d  SysCtlClockFreqSet              
00000b65  SysCtlClockSet                  
00000d35  SysCtlClockGet                  
00000edb  SysCtlDeepSleepClockSet         
00000ef9  SysCtlDeepSleepClockConfigSet   
00000f83  SysCtlPWMClockSet               
00000f9d  SysCtlPWMClockGet               
00000fb3  SysCtlGPIOAHBEnable             
00000fcf  SysCtlGPIOAHBDisable            
00000feb  SysCtlUSBPLLEnable              
00000ff7  SysCtlUSBPLLDisable             
00001009  SysCtlVoltageEventConfig        
00001019  SysCtlVoltageEventStatus        
00001025  SysCtlVoltageEventClear         
0000103d  SysCtlVCOGet                    
000010f9  SysCtlNMIStatus                 
0000110d  SysCtlNMIClear                  
00001129  SysCtlClockOutConfig            
00001145  SysCtlAltClkConfig              
000011e7  GPIODirModeSet                  
00001243  GPIODirModeGet                  
0000128f  GPIOIntTypeSet                  
00001333  GPIOIntTypeGet                  
000013bd  GPIOPadConfigSet                
0000162b  GPIOPadConfigGet                
0000179d  GPIOIntEnable                   
000017c1  GPIOIntDisable                  
000017db  GPIOIntStatus                   
000017fd  GPIOIntClear                    
00001811  GPIOIntRegister                 
0000182f  GPIOIntUnregister               
00001849  GPIOIntRegisterPin              
00001877  GPIOIntUnregisterPin            
0000189b  GPIOPinRead                     
000018b3  GPIOPinWrite                    
000018d3  GPIOPinTypeADC                  
000018f7  GPIOPinTypeCAN                  
0000191b  GPIOPinTypeComparator           
0000193f  GPIOPinTypeComparatorOutput     
00001963  GPIOPinTypeDIVSCLK              
00001987  GPIOPinTypeEPI                  
000019ab  GPIOPinTypeEthernetLED          
000019cf  GPIOPinTypeEthernetMII          
000019f3  GPIOPinTypeGPIOInput            
00001a17  GPIOPinTypeGPIOOutput           
00001a41  GPIOPinTypeGPIOOutputOD         
00001a65  GPIOPinTypeHibernateRTCCLK      
00001a89  GPIOPinTypeI2C                  
00001aad  GPIOPinTypeI2CSCL               
00001ad1  GPIOPinTypeLCD                  
00001af5  GPIOPinTypeOneWire              
00001b19  GPIOPinTypePWM                  
00001b3d  GPIOPinTypeQEI                  
00001b61  GPIOPinTypeSSI                  
00001b85  GPIOPinTypeTimer                
00001ba9  GPIOPinTypeTrace                
00001bcd  GPIOPinTypeUART                 
00001bf1  GPIOPinTypeUSBAnalog            
00001c15  GPIOPinTypeUSBDigital           
00001c39  GPIOPinTypeWakeHigh             
00001c5f  GPIOPinTypeWakeLow              
00001c85  GPIOPinWakeStatus               
00001c95  GPIOPinConfigure                
00001cf3  GPIODMATriggerEnable            
00001d11  GPIODMATriggerDisable           
00001d2f  GPIOADCTriggerEnable            
00001d4d  GPIOADCTriggerDisable           
00001d6b  GPIOUnlockPin                   
00001e0f  TimerEnable                     
00001e2d  TimerDisable                    
00001e4b  TimerConfigure                  
00001ec7  TimerControlLevel               
00001efd  TimerControlTrigger             
00001f6b  TimerControlEvent               
00001f95  TimerControlStall               
00001fcb  TimerControlWaitOnTrigger       
0000202b  TimerRTCEnable                  
00002041  TimerRTCDisable                 
00002057  TimerClockSourceSet             
00002081  TimerClockSourceGet             
00002091  TimerPrescaleSet                
000020bb  TimerPrescaleGet                
000020d7  TimerPrescaleMatchSet           
00002105  TimerPrescaleMatchGet           
00002121  TimerLoadSet                    
0000214b  TimerLoadGet                    
00002167  TimerLoadSet64                  
00002181  TimerLoadGet64                  
000021b3  TimerValueGet                   
000021cf  TimerValueGet64                 
00002201  TimerMatchSet                   
0000222b  TimerMatchGet                   
00002247  TimerMatchSet64                 
00002261  TimerMatchGet64                 
00002293  TimerIntRegister                
000022bb  TimerIntUnregister              
000022d9  TimerIntEnable                  
000022f1  TimerIntDisable                 
00002309  TimerIntStatus                  
00002327  TimerIntClear                   
00002339  TimerSynchronize                
0000234b  TimerADCEventSet                
0000235d  TimerADCEventGet                
0000236b  TimerDMAEventSet                
0000237d  TimerDMAEventGet                
0000238b  TimerUpdateMode                 
000023df  __aeabi_idiv0                   
000023df  __aeabi_ldiv0                   
0000243f  UARTParityModeSet               
0000245b  UARTParityModeGet               
0000246d  UARTFIFOLevelSet                
00002485  UARTFIFOLevelGet                
000024ad  UARTConfigSetExpClk             
00002523  UARTConfigGetExpClk             
0000256f  UARTEnable                      
00002593  UARTDisable                     
000025bd  UARTFIFOEnable                  
000025d3  UARTFIFODisable                 
000025e9  UARTEnableSIR                   
00002617  UARTDisableSIR                  
0000262d  UARTSmartCardEnable             
0000265f  UARTSmartCardDisable            
00002675  UARTModemControlSet             
000026ad  UARTModemControlClear           
000026d1  UARTModemControlGet             
000026e3  UARTModemStatusGet              
000026f7  UARTFlowControlSet              
00002713  UARTFlowControlGet              
00002725  UARTTxIntModeSet                
00002741  UARTTxIntModeGet                
00002753  UARTCharsAvail                  
00002771  UARTSpaceAvail                  
0000278f  UARTCharGetNonBlocking          
000027ab  UARTCharGet                     
000027c1  UARTCharPutNonBlocking          
000027e5  UARTCharPut                     
00002803  UARTBreakCtl                    
0000282d  UARTBusy                        
0000284b  UARTIntRegister                 
00002869  UARTIntUnregister               
00002889  UARTIntEnable                   
000028a1  UARTIntDisable                  
000028b9  UARTIntStatus                   
000028d7  UARTIntClear                    
000028e9  UARTDMAEnable                   
00002901  UARTDMADisable                  
00002919  UARTRxErrorGet                  
0000292b  UARTRxErrorClear                
0000293b  UARTClockSourceSet              
0000294f  UARTClockSourceGet              
0000295f  UART9BitEnable                  
00002975  UART9BitDisable                 
0000298b  UART9BitAddrSet                 
000029b1  UART9BitAddrSend                
000029f9  UARTLoopbackEnable              
00002a11  UARTStdioConfig                 
00002a57  UARTwrite                       
00002a9d  UARTgets                        
00002b57  UARTgetc                        
00002b7d  UARTvprintf                     
00002e77  UARTprintf                      
00002eaf  IntMasterEnable                 
00002ebf  IntMasterDisable                
00002ecf  IntRegister                     
00002f21  IntUnregister                   
00002f35  IntPriorityGroupingSet          
00002f4f  IntPriorityGroupingGet          
00002f87  IntPrioritySet                  
00002fd7  IntPriorityGet                  
00002ffb  IntEnable                       
0000306d  IntDisable                      
000030df  IntIsEnabled                    
00003165  IntPendSet                      
000031d5  IntPendClear                    
00003223  IntPriorityMaskSet              
0000322f  IntPriorityMaskGet              
00003237  IntTrigger                      
0000326d  InitConsole                     
000032a9  Timer0BIntHandler               
000032e3  main                            
00003431  __aeabi_memcpy                  
00003431  __aeabi_memcpy4                 
00003431  __aeabi_memcpy8                 
00003431  memcpy                          
000034cd  __TI_decompress_lzss            
00003535  __TI_auto_init_nobinit_nopinit  
00003579  __aeabi_uidiv                   
00003579  __aeabi_uidivmod                
000035b9  CPUcpsid                        
000035c5  CPUprimask                      
000035cf  CPUcpsie                        
000035db  CPUwfi                          
000035df  CPUbasepriSet                   
000035ed  CPUbasepriGet                   
000035f9  _c_int00_noargs                 
0000362d  __TI_zero_init_nomemset         
00003649  __TI_decompress_none            
00003657  ResetISR                        
00003663  SysCtlDelay                     
00003669  _system_pre_init                
0000366d  C$$EXIT                         
0000366d  abort                           
00003d48  __TI_Handler_Table_Base         
00003d54  __TI_Handler_Table_Limit        
00003d68  __TI_CINIT_Base                 
00003d78  __TI_CINIT_Limit                
20000000  __start___llvm_prf_cnts         
20000000  __stop___llvm_prf_cnts          
20000000  g_pfnRAMVectors                 
20000270  __stack                         
20000470  __STACK_END                     
20000470  __STACK_TOP                     
ffffffff  __TI_pprof_out_hndl             
ffffffff  __TI_prof_data_size             
ffffffff  __TI_prof_data_start            
ffffffff  __binit__                       
ffffffff  __c_args__                      
ffffffff  binit                           
UNDEFED   __mpu_init                      
UNDEFED   _system_post_cinit              

[259 symbols]
