******************************************************************************
                  TI ARM Linker PC v18.12.2                    
******************************************************************************
>> Linked Tue Feb 18 09:40:34 2025

OUTPUT FILE NAME:   <boot_demo_uart_rom.out>
ENTRY POINT SYMBOL: "_c_int00_noargs"  address: 000008e9


MEMORY CONFIGURATION

         name            origin    length      used     unused   attr    fill
----------------------  --------  ---------  --------  --------  ----  --------
  FLASH                 00000000   00100000  00000c1e  000ff3e2  R  X
  SRAM                  20000000   00040000  00000407  0003fbf9  RW X


SEGMENT ALLOCATION MAP

run origin  load origin   length   init length attrs members
----------  ----------- ---------- ----------- ----- -------
00000000    00000000    00000c20   00000c20    r-x
  00000000    00000000    00000200   00000200    r-- .intvecs
  00000200    00000200    0000079a   0000079a    r-x .text
  0000099c    0000099c    00000254   00000254    r-- .const
  00000bf0    00000bf0    00000030   00000030    r-- .cinit
20000000    20000000    00000407   00000000    rw-
  20000000    20000000    00000400   00000000    rw- .stack
  20000400    20000400    00000004   00000000    rw- .bss
  20000404    20000404    00000003   00000000    rw- .data


SECTION ALLOCATION MAP

 output                                  attributes/
section   page    origin      length       input sections
--------  ----  ----------  ----------   ----------------
.intvecs   0    00000000    00000200     
                  00000000    00000200     startup_ccs.obj (.intvecs)

.text      0    00000200    0000079a     
                  00000200    00000200     driverlib.lib : sysctl.obj (.text:SysCtlClockFreqSet)
                  00000400    0000016c                   : gpio.obj (.text:GPIOPadConfigSet)
                  0000056c    000000a8     boot_demo_uart_rom.obj (.text:main)
                  00000614    0000009c     rtsv7M4_T_le_v4SPD16_eabi.lib : memcpy_t2.asm.obj (.text)
                  000006b0    00000088     buttons.obj (.text:ButtonsPoll)
                  00000738    00000070     boot_demo_uart_rom.obj (.text:ConfigureUART)
                  000007a8    00000068     rtsv7M4_T_le_v4SPD16_eabi.lib : copy_decompress_lzss.c.obj (.text:decompress:lzss:__TI_decompress_lzss)
                  00000810    0000004c     buttons.obj (.text:ButtonsInit)
                  0000085c    00000048     driverlib.lib : sysctl.obj (.text:_SysCtlFrequencyGet)
                  000008a4    00000044     rtsv7M4_T_le_v4SPD16_eabi.lib : autoinit.c.obj (.text:__TI_auto_init_nobinit_nopinit:__TI_auto_init_nobinit_nopinit)
                  000008e8    00000034                                   : boot_cortex_m.c.obj (.text:_c_int00_noargs:_c_int00_noargs)
                  0000091c    00000020     boot_demo_uart_rom.obj (.text:JumpToBootLoader)
                  0000093c    00000020     driverlib.lib : sysctl.obj (.text:_SysCtlMemTimingGet)
                  0000095c    0000001c     rtsv7M4_T_le_v4SPD16_eabi.lib : copy_zero_init.c.obj (.text:decompress:ZI:__TI_zero_init_nomemset:__TI_zero_init_nomemset)
                  00000978    0000000e                                   : copy_decompress_none.c.obj (.text:decompress:none:__TI_decompress_none)
                  00000986    00000006     startup_ccs.obj (.text:ResetISR)
                  0000098c    00000004     rtsv7M4_T_le_v4SPD16_eabi.lib : pre_init.c.obj (.text:_system_pre_init)
                  00000990    00000004                                   : exit.c.obj (.text:abort:abort)
                  00000994    00000002     startup_ccs.obj (.text:FaultISR)
                  00000996    00000002     startup_ccs.obj (.text:IntDefaultHandler)
                  00000998    00000002     startup_ccs.obj (.text:NmiSR)

.const     0    0000099c    00000254     
                  0000099c    000001b0     driverlib.lib : sysctl.obj (.const:g_pppui32XTALtoVCO)
                  00000b4c    0000006c                   : sysctl.obj (.const:g_pui32Xtals)
                  00000bb8    00000030                   : sysctl.obj (.const:g_sXTALtoMEMTIM)
                  00000be8    00000008                   : sysctl.obj (.const:g_pui32VCOFrequencies)

.cinit     0    00000bf0    00000030     
                  00000bf0    0000000c     (__TI_handler_table)
                  00000bfc    00000004     --HOLE-- [fill = 0]
                  00000c00    00000008     (.cinit..bss.load) [load image, compression = zero_init]
                  00000c08    00000007     (.cinit..data.load) [load image, compression = lzss]
                  00000c0f    00000001     --HOLE-- [fill = 0]
                  00000c10    00000010     (__TI_cinit_table)

.init_array 
*          0    00000000    00000000     UNINITIALIZED

.bss       0    20000400    00000004     UNINITIALIZED
                  20000400    00000004     (.common:g_ui32SysClock)

.data      0    20000404    00000003     UNINITIALIZED
                  20000404    00000003     buttons.obj (.data)

.stack     0    20000000    00000400     UNINITIALIZED
                  20000000    00000004     rtsv7M4_T_le_v4SPD16_eabi.lib : boot_cortex_m.c.obj (.stack)
                  20000004    000003fc     --HOLE--

.binit     0    00000000    00000000     

MODULE SUMMARY

       Module                       code   ro data   rw data
       ------                       ----   -------   -------
    .\
       startup_ccs.obj              12     512       0      
       boot_demo_uart_rom.obj       312    0         4      
    +--+----------------------------+------+---------+---------+
       Total:                       324    512       4      
                                                            
    .\drivers\
       buttons.obj                  212    0         3      
    +--+----------------------------+------+---------+---------+
       Total:                       212    0         3      
                                                            
    C:\ti\ccs1031\ccs\tools\compiler\ti-cgt-arm_18.12.2.LTS\lib\rtsv7M4_T_le_v4SPD16_eabi.lib
       memcpy_t2.asm.obj            156    0         0      
       copy_decompress_lzss.c.obj   104    0         0      
       autoinit.c.obj               68     0         0      
       boot_cortex_m.c.obj          52     0         0      
       copy_zero_init.c.obj         28     0         0      
       copy_decompress_none.c.obj   14     0         0      
       exit.c.obj                   4      0         0      
       pre_init.c.obj               4      0         0      
    +--+----------------------------+------+---------+---------+
       Total:                       430    0         0      
                                                            
    D:/tivaware/driverlib/ccs/Debug/driverlib.lib
       sysctl.obj                   616    596       0      
       gpio.obj                     364    0         0      
    +--+----------------------------+------+---------+---------+
       Total:                       980    596       0      
                                                            
       Stack:                       0      0         1024   
       Linker Generated:            0      43        0      
    +--+----------------------------+------+---------+---------+
       Grand Total:                 1946   1151      1031   


LINKER GENERATED COPY TABLES

__TI_cinit_table @ 00000c10 records: 2, size/record: 8, table size: 16
	.bss: load addr=00000c00, load size=00000008 bytes, run addr=20000400, run size=00000004 bytes, compression=zero_init
	.data: load addr=00000c08, load size=00000007 bytes, run addr=20000404, run size=00000003 bytes, compression=lzss


LINKER GENERATED HANDLER TABLE

__TI_handler_table @ 00000bf0 records: 3, size/record: 4, table size: 12
	index: 0, handler: __TI_decompress_lzss
	index: 1, handler: __TI_decompress_none
	index: 2, handler: __TI_zero_init


GLOBAL SYMBOLS: SORTED ALPHABETICALLY BY Name 

address   name                          
-------   ----                          
00000811  ButtonsInit                   
000006b1  ButtonsPoll                   
00000991  C$$EXIT                       
00000739  ConfigureUART                 
00000401  GPIOPadConfigSet              
0000091d  JumpToBootLoader              
00000987  ResetISR                      
00000201  SysCtlClockFreqSet            
20000400  __STACK_END                   
00000400  __STACK_SIZE                  
20000400  __STACK_TOP                   
00000c10  __TI_CINIT_Base               
00000c20  __TI_CINIT_Limit              
00000bf0  __TI_Handler_Table_Base       
00000bfc  __TI_Handler_Table_Limit      
000008a5  __TI_auto_init_nobinit_nopinit
000007a9  __TI_decompress_lzss          
00000979  __TI_decompress_none          
ffffffff  __TI_pprof_out_hndl           
ffffffff  __TI_prof_data_size           
ffffffff  __TI_prof_data_start          
00000000  __TI_static_base__            
0000095d  __TI_zero_init_nomemset       
00000615  __aeabi_memcpy                
00000615  __aeabi_memcpy4               
00000615  __aeabi_memcpy8               
ffffffff  __binit__                     
ffffffff  __c_args__                    
UNDEFED   __mpu_init                    
20000000  __stack                       
000008e9  _c_int00_noargs               
UNDEFED   _system_post_cinit            
0000098d  _system_pre_init              
00000991  abort                         
ffffffff  binit                         
00000000  g_pfnVectors                  
20000400  g_ui32SysClock                
0000056d  main                          
00000615  memcpy                        


GLOBAL SYMBOLS: SORTED BY Symbol Address 

address   name                          
-------   ----                          
00000000  __TI_static_base__            
00000000  g_pfnVectors                  
00000201  SysCtlClockFreqSet            
00000400  __STACK_SIZE                  
00000401  GPIOPadConfigSet              
0000056d  main                          
00000615  __aeabi_memcpy                
00000615  __aeabi_memcpy4               
00000615  __aeabi_memcpy8               
00000615  memcpy                        
000006b1  ButtonsPoll                   
00000739  ConfigureUART                 
000007a9  __TI_decompress_lzss          
00000811  ButtonsInit                   
000008a5  __TI_auto_init_nobinit_nopinit
000008e9  _c_int00_noargs               
0000091d  JumpToBootLoader              
0000095d  __TI_zero_init_nomemset       
00000979  __TI_decompress_none          
00000987  ResetISR                      
0000098d  _system_pre_init              
00000991  C$$EXIT                       
00000991  abort                         
00000bf0  __TI_Handler_Table_Base       
00000bfc  __TI_Handler_Table_Limit      
00000c10  __TI_CINIT_Base               
00000c20  __TI_CINIT_Limit              
20000000  __stack                       
20000400  __STACK_END                   
20000400  __STACK_TOP                   
20000400  g_ui32SysClock                
ffffffff  __TI_pprof_out_hndl           
ffffffff  __TI_prof_data_size           
ffffffff  __TI_prof_data_start          
ffffffff  __binit__                     
ffffffff  __c_args__                    
ffffffff  binit                         
UNDEFED   __mpu_init                    
UNDEFED   _system_post_cinit            

[39 symbols]
