******************************************************************************
                  TI ARM Linker PC v20.2.4                     
******************************************************************************
>> Linked Tue Oct 22 17:36:21 2024

OUTPUT FILE NAME:   <hibernate_tryout.out>
ENTRY POINT SYMBOL: "_c_int00_noargs"  address: 00003831


MEMORY CONFIGURATION

         name            origin    length      used     unused   attr    fill
----------------------  --------  ---------  --------  --------  ----  --------
  FLASH                 00000000   00100000  00003f20  000fc0e0  R  X
  SRAM                  20000000   00040000  00000475  0003fb8b  RW X


SEGMENT ALLOCATION MAP

run origin  load origin   length   init length attrs members
----------  ----------- ---------- ----------- ----- -------
00000000    00000000    00003f20   00003f20    r-x
  00000000    00000000    00000208   00000208    r-- .intvecs
  00000208    00000208    000036a0   000036a0    r-x .text
  000038a8    000038a8    00000638   00000638    r-- .const
  00003ee0    00003ee0    00000040   00000040    r-- .cinit
20000000    20000000    00000475   00000000    rw-
  20000000    20000000    0000026c   00000000    rw- .vtable
  2000026c    2000026c    00000004   00000000    rw- .bss
  20000270    20000270    00000200   00000000    rw- .stack
  20000470    20000470    00000005   00000000    rw- .data


SECTION ALLOCATION MAP

 output                                  attributes/
section   page    origin      length       input sections
--------  ----  ----------  ----------   ----------------
.intvecs   0    00000000    00000208     
                  00000000    00000208     tm4c1294ncpdt_startup_ccs.obj (.intvecs)

.text      0    00000208    000036a0     
                  00000208    00000f80     sysctl.obj (.text)
                  00001188    00000c14     gpio.obj (.text)
                  00001d9c    00000928     hibernate.obj (.text)
                  000026c4    0000062e     uart.obj (.text)
                  00002cf2    00000002     rtsv7M4_T_le_v4SPD16_eabi.lib : div0.asm.obj (.text)
                  00002cf4    000004a8     uartstdio.obj (.text)
                  0000319c    000003c0     interrupt.obj (.text)
                  0000355c    0000010c     hibernate_try.obj (.text)
                  00003668    0000009c     rtsv7M4_T_le_v4SPD16_eabi.lib : memcpy_t2.asm.obj (.text)
                  00003704    00000068                                   : copy_decompress_lzss.c.obj (.text:decompress:lzss:__TI_decompress_lzss)
                  0000376c    00000044                                   : autoinit.c.obj (.text:__TI_auto_init_nobinit_nopinit:__TI_auto_init_nobinit_nopinit)
                  000037b0    00000040                                   : u_divt2.asm.obj (.text)
                  000037f0    0000003e     cpu.obj (.text)
                  0000382e    00000002     --HOLE-- [fill = 0]
                  00003830    00000034     rtsv7M4_T_le_v4SPD16_eabi.lib : boot_cortex_m.c.obj (.text:_c_int00_noargs:_c_int00_noargs)
                  00003864    0000001c                                   : copy_zero_init.c.obj (.text:decompress:ZI:__TI_zero_init_nomemset:__TI_zero_init_nomemset)
                  00003880    0000000e                                   : copy_decompress_none.c.obj (.text:decompress:none:__TI_decompress_none)
                  0000388e    0000000c     tm4c1294ncpdt_startup_ccs.obj (.text)
                  0000389a    00000006     sysctl.obj (.text:SysCtlDelay)
                  000038a0    00000004     rtsv7M4_T_le_v4SPD16_eabi.lib : pre_init.c.obj (.text:_system_pre_init)
                  000038a4    00000004                                   : exit.c.obj (.text:abort:abort)

.const     0    000038a8    00000638     
                  000038a8    000001b0     sysctl.obj (.const:g_pppui32XTALtoVCO)
                  00003a58    000000d8     gpio.obj (.const:g_ppui32GPIOIntMapSnowflake)
                  00003b30    000000c0     gpio.obj (.const:g_ppui32GPIOIntMapBlizzard)
                  00003bf0    0000009c     interrupt.obj (.const:g_pui32Regs)
                  00003c8c    00000090     gpio.obj (.const:g_pui32GPIOBaseAddrs)
                  00003d1c    0000006c     sysctl.obj (.const:g_pui32Xtals)
                  00003d88    00000040     uart.obj (.const:g_ppui32UARTIntMap)
                  00003dc8    00000040     uart.obj (.const:g_ppui32UARTIntMapSnowflake)
                  00003e08    00000030     sysctl.obj (.const:g_sXTALtoMEMTIM)
                  00003e38    00000020     interrupt.obj (.const:g_pui32Priority)
                  00003e58    00000014     interrupt.obj (.const:g_pui32Dii16Regs)
                  00003e6c    00000014     interrupt.obj (.const:g_pui32EnRegs)
                  00003e80    00000014     interrupt.obj (.const:g_pui32PendRegs)
                  00003e94    00000014     interrupt.obj (.const:g_pui32UnpendRegs)
                  00003ea8    00000012     uartstdio.obj (.const:.string)
                  00003eba    00000002     --HOLE-- [fill = 0]
                  00003ebc    0000000c     uartstdio.obj (.const:g_ui32UARTBase)
                  00003ec8    0000000c     uartstdio.obj (.const:g_ui32UARTPeriph)
                  00003ed4    00000008     sysctl.obj (.const:g_pui32VCOFrequencies)
                  00003edc    00000004     uartstdio.obj (.const)

.cinit     0    00003ee0    00000040     
                  00003ee0    0000000c     (__TI_handler_table)
                  00003eec    00000004     --HOLE-- [fill = 0]
                  00003ef0    00000008     (.cinit..bss.load) [load image, compression = zero_init]
                  00003ef8    00000008     (.cinit..vtable.load) [load image, compression = zero_init]
                  00003f00    00000007     (.cinit..data.load) [load image, compression = lzss]
                  00003f07    00000001     --HOLE-- [fill = 0]
                  00003f08    00000018     (__TI_cinit_table)

.init_array 
*          0    00000000    00000000     UNINITIALIZED

.vtable    0    20000000    0000026c     UNINITIALIZED
                  20000000    0000026c     interrupt.obj (.vtable)

.bss       0    2000026c    00000004     UNINITIALIZED
                  2000026c    00000004     (.common:g_ui32SysClock)

.data      0    20000470    00000005     UNINITIALIZED
                  20000470    00000005     uartstdio.obj (.data)

.stack     0    20000270    00000200     UNINITIALIZED
                  20000270    00000004     rtsv7M4_T_le_v4SPD16_eabi.lib : boot_cortex_m.c.obj (.stack)
                  20000274    000001fc     --HOLE--

__llvm_prf_cnts 
*          0    20000000    00000000     UNINITIALIZED

MODULE SUMMARY

       Module                          code    ro data   rw data
       ------                          ----    -------   -------
    .\
       tm4c1294ncpdt_startup_ccs.obj   12      520       0      
       hibernate_try.obj               268     0         4      
    +--+-------------------------------+-------+---------+---------+
       Total:                          280     520       4      
                                                                
    .\driverlib\
       sysctl.obj                      3974    596       0      
       gpio.obj                        3092    552       0      
       hibernate.obj                   2344    0         0      
       interrupt.obj                   960     268       620    
       uart.obj                        1582    128       0      
       cpu.obj                         62      0         0      
    +--+-------------------------------+-------+---------+---------+
       Total:                          12014   1544      620    
                                                                
    .\utils\
       uartstdio.obj                   1192    46        5      
    +--+-------------------------------+-------+---------+---------+
       Total:                          1192    46        5      
                                                                
    C:\ti\ccs1031\ccs\tools\compiler\ti-cgt-arm_20.2.4.LTS\lib\rtsv7M4_T_le_v4SPD16_eabi.lib
       memcpy_t2.asm.obj               156     0         0      
       copy_decompress_lzss.c.obj      104     0         0      
       autoinit.c.obj                  68      0         0      
       u_divt2.asm.obj                 64      0         0      
       boot_cortex_m.c.obj             52      0         0      
       copy_zero_init.c.obj            28      0         0      
       copy_decompress_none.c.obj      14      0         0      
       exit.c.obj                      4       0         0      
       pre_init.c.obj                  4       0         0      
       div0.asm.obj                    2       0         0      
    +--+-------------------------------+-------+---------+---------+
       Total:                          496     0         0      
                                                                
       Stack:                          0       0         512    
       Linker Generated:               0       59        0      
    +--+-------------------------------+-------+---------+---------+
       Grand Total:                    13982   2169      1141   


LINKER GENERATED COPY TABLES

__TI_cinit_table @ 00003f08 records: 3, size/record: 8, table size: 24
	.bss: load addr=00003ef0, load size=00000008 bytes, run addr=2000026c, run size=00000004 bytes, compression=zero_init
	.vtable: load addr=00003ef8, load size=00000008 bytes, run addr=20000000, run size=0000026c bytes, compression=zero_init
	.data: load addr=00003f00, load size=00000007 bytes, run addr=20000470, run size=00000005 bytes, compression=lzss


LINKER GENERATED HANDLER TABLE

__TI_handler_table @ 00003ee0 records: 3, size/record: 4, table size: 12
	index: 0, handler: __TI_zero_init
	index: 1, handler: __TI_decompress_lzss
	index: 2, handler: __TI_decompress_none


GLOBAL SYMBOLS: SORTED ALPHABETICALLY BY Name 

address   name                            
-------   ----                            
000038a5  C$$EXIT                         
00003825  CPUbasepriGet                   
00003817  CPUbasepriSet                   
000037f1  CPUcpsid                        
00003807  CPUcpsie                        
000037fd  CPUprimask                      
00003813  CPUwfi                          
00001d4d  GPIOADCTriggerDisable           
00001d2f  GPIOADCTriggerEnable            
00001d11  GPIODMATriggerDisable           
00001cf3  GPIODMATriggerEnable            
00001243  GPIODirModeGet                  
000011e7  GPIODirModeSet                  
000017fd  GPIOIntClear                    
000017c1  GPIOIntDisable                  
0000179d  GPIOIntEnable                   
00001811  GPIOIntRegister                 
00001849  GPIOIntRegisterPin              
000017db  GPIOIntStatus                   
00001333  GPIOIntTypeGet                  
0000128f  GPIOIntTypeSet                  
0000182f  GPIOIntUnregister               
00001877  GPIOIntUnregisterPin            
0000162b  GPIOPadConfigGet                
000013bd  GPIOPadConfigSet                
00001c95  GPIOPinConfigure                
0000189b  GPIOPinRead                     
000018d3  GPIOPinTypeADC                  
000018f7  GPIOPinTypeCAN                  
0000191b  GPIOPinTypeComparator           
0000193f  GPIOPinTypeComparatorOutput     
00001963  GPIOPinTypeDIVSCLK              
00001987  GPIOPinTypeEPI                  
000019ab  GPIOPinTypeEthernetLED          
000019cf  GPIOPinTypeEthernetMII          
000019f3  GPIOPinTypeGPIOInput            
00001a17  GPIOPinTypeGPIOOutput           
00001a41  GPIOPinTypeGPIOOutputOD         
00001a65  GPIOPinTypeHibernateRTCCLK      
00001a89  GPIOPinTypeI2C                  
00001aad  GPIOPinTypeI2CSCL               
00001ad1  GPIOPinTypeLCD                  
00001af5  GPIOPinTypeOneWire              
00001b19  GPIOPinTypePWM                  
00001b3d  GPIOPinTypeQEI                  
00001b61  GPIOPinTypeSSI                  
00001b85  GPIOPinTypeTimer                
00001ba9  GPIOPinTypeTrace                
00001bcd  GPIOPinTypeUART                 
00001bf1  GPIOPinTypeUSBAnalog            
00001c15  GPIOPinTypeUSBDigital           
00001c39  GPIOPinTypeWakeHigh             
00001c5f  GPIOPinTypeWakeLow              
00001c85  GPIOPinWakeStatus               
000018b3  GPIOPinWrite                    
00001d6b  GPIOUnlockPin                   
00001e53  HibernateBatCheckDone           
00001e41  HibernateBatCheckStart          
000022a9  HibernateCalendarGet            
00002371  HibernateCalendarMatchGet       
00002347  HibernateCalendarMatchSet       
00002293  HibernateCalendarSet            
00001dcd  HibernateClockConfig            
0000213b  HibernateCounterMode            
00001fe3  HibernateDataGet                
00001fad  HibernateDataSet                
00001dbb  HibernateDisable                
00001da7  HibernateEnableExpClk           
0000210d  HibernateGPIORetentionDisable   
000020ed  HibernateGPIORetentionEnable    
00002125  HibernateGPIORetentionGet       
000020c9  HibernateIntClear               
0000203f  HibernateIntDisable             
0000202b  HibernateIntEnable              
00002075  HibernateIntRegister            
000020ab  HibernateIntStatus              
00002095  HibernateIntUnregister          
000020dd  HibernateIsActive               
00001f13  HibernateLowBatGet              
00001ef9  HibernateLowBatSet              
00001e2f  HibernateRTCDisable             
00001e1d  HibernateRTCEnable              
00001f43  HibernateRTCGet                 
00001f5b  HibernateRTCMatchGet            
00001f49  HibernateRTCMatchSet            
00001f8d  HibernateRTCSSGet               
00001f7d  HibernateRTCSSMatchGet          
00001f69  HibernateRTCSSMatchSet          
00001f1f  HibernateRTCSet                 
00001fa7  HibernateRTCTrimGet             
00001f97  HibernateRTCTrimSet             
00002019  HibernateRequest                
00002471  HibernateTamperDisable          
0000244b  HibernateTamperEnable           
00002525  HibernateTamperEventsClear      
00002555  HibernateTamperEventsClearNoLock
00002419  HibernateTamperEventsConfig     
000025f7  HibernateTamperEventsGet        
00002665  HibernateTamperExtOscRecover    
0000268b  HibernateTamperExtOscValid      
000024f5  HibernateTamperIODisable        
0000249d  HibernateTamperIOEnable         
00002581  HibernateTamperLock             
0000259d  HibernateTamperStatusGet        
0000256d  HibernateTamperUnLock           
00001ec1  HibernateWakeGet                
00001e5d  HibernateWakeSet                
0000335d  IntDisable                      
000032eb  IntEnable                       
000033cf  IntIsEnabled                    
000031af  IntMasterDisable                
0000319f  IntMasterEnable                 
000034c5  IntPendClear                    
00003455  IntPendSet                      
000032c7  IntPriorityGet                  
0000323f  IntPriorityGroupingGet          
00003225  IntPriorityGroupingSet          
0000351f  IntPriorityMaskGet              
00003513  IntPriorityMaskSet              
00003277  IntPrioritySet                  
000031bf  IntRegister                     
00003527  IntTrigger                      
00003211  IntUnregister                   
0000388f  ResetISR                        
00001145  SysCtlAltClkConfig              
0000086d  SysCtlClockFreqSet              
00000d35  SysCtlClockGet                  
00001129  SysCtlClockOutConfig            
00000b65  SysCtlClockSet                  
00000771  SysCtlDeepSleep                 
00000ef9  SysCtlDeepSleepClockConfigSet   
00000edb  SysCtlDeepSleepClockSet         
00000751  SysCtlDeepSleepPowerSet         
0000389b  SysCtlDelay                     
000002ff  SysCtlFlashSectorSizeGet        
000002d3  SysCtlFlashSizeGet              
00000fcf  SysCtlGPIOAHBDisable            
00000fb3  SysCtlGPIOAHBEnable             
000006e5  SysCtlIntClear                  
000006cd  SysCtlIntDisable                
000006b9  SysCtlIntEnable                 
00000691  SysCtlIntRegister               
000006f5  SysCtlIntStatus                 
000006a9  SysCtlIntUnregister             
00000737  SysCtlLDODeepSleepGet           
00000727  SysCtlLDODeepSleepSet           
00000721  SysCtlLDOSleepGet               
00000711  SysCtlLDOSleepSet               
000007a7  SysCtlMOSCConfigSet             
0000110d  SysCtlNMIClear                  
000010f9  SysCtlNMIStatus                 
000007bd  SysCtlPIOSCCalibrate            
00000f9d  SysCtlPWMClockGet               
00000f83  SysCtlPWMClockSet               
0000063d  SysCtlPeripheralClockGating     
000005f5  SysCtlPeripheralDeepSleepDisable
000005a5  SysCtlPeripheralDeepSleepEnable 
000004e1  SysCtlPeripheralDisable         
000004a5  SysCtlPeripheralEnable          
000003e1  SysCtlPeripheralPowerOff        
000003a5  SysCtlPeripheralPowerOn         
00000325  SysCtlPeripheralPresent         
00000365  SysCtlPeripheralReady           
0000041d  SysCtlPeripheralReset           
00000569  SysCtlPeripheralSleepDisable    
00000525  SysCtlPeripheralSleepEnable     
00000761  SysCtlReset                     
0000081d  SysCtlResetBehaviorGet          
0000080d  SysCtlResetBehaviorSet          
00000793  SysCtlResetCauseClear           
0000078d  SysCtlResetCauseGet             
000002c9  SysCtlSRAMSizeGet               
00000769  SysCtlSleep                     
0000073d  SysCtlSleepPowerSet             
00000ff7  SysCtlUSBPLLDisable             
00000feb  SysCtlUSBPLLEnable              
0000103d  SysCtlVCOGet                    
00001025  SysCtlVoltageEventClear         
00001009  SysCtlVoltageEventConfig        
00001019  SysCtlVoltageEventStatus        
00002c95  UART9BitAddrSend                
00002c6f  UART9BitAddrSet                 
00002c59  UART9BitDisable                 
00002c43  UART9BitEnable                  
00002ae7  UARTBreakCtl                    
00002b11  UARTBusy                        
00002a8f  UARTCharGet                     
00002a73  UARTCharGetNonBlocking          
00002ac9  UARTCharPut                     
00002aa5  UARTCharPutNonBlocking          
00002a37  UARTCharsAvail                  
00002c33  UARTClockSourceGet              
00002c1f  UARTClockSourceSet              
00002807  UARTConfigGetExpClk             
00002791  UARTConfigSetExpClk             
00002be5  UARTDMADisable                  
00002bcd  UARTDMAEnable                   
00002877  UARTDisable                     
000028fb  UARTDisableSIR                  
00002853  UARTEnable                      
000028cd  UARTEnableSIR                   
000028b7  UARTFIFODisable                 
000028a1  UARTFIFOEnable                  
00002769  UARTFIFOLevelGet                
00002751  UARTFIFOLevelSet                
000029f7  UARTFlowControlGet              
000029db  UARTFlowControlSet              
00002bbb  UARTIntClear                    
00002b85  UARTIntDisable                  
00002b6d  UARTIntEnable                   
00002b2f  UARTIntRegister                 
00002b9d  UARTIntStatus                   
00002b4d  UARTIntUnregister               
00002cdd  UARTLoopbackEnable              
00002991  UARTModemControlClear           
000029b5  UARTModemControlGet             
00002959  UARTModemControlSet             
000029c7  UARTModemStatusGet              
0000273f  UARTParityModeGet               
00002723  UARTParityModeSet               
00002c0f  UARTRxErrorClear                
00002bfd  UARTRxErrorGet                  
00002943  UARTSmartCardDisable            
00002911  UARTSmartCardEnable             
00002a55  UARTSpaceAvail                  
00002cf5  UARTStdioConfig                 
00002a25  UARTTxIntModeGet                
00002a09  UARTTxIntModeSet                
00002e45  UARTgetc                        
00002d8b  UARTgets                        
00003167  UARTprintf                      
00002e6d  UARTvprintf                     
00002d3b  UARTwrite                       
20000470  __STACK_END                     
00000200  __STACK_SIZE                    
20000470  __STACK_TOP                     
00003f08  __TI_CINIT_Base                 
00003f20  __TI_CINIT_Limit                
00003ee0  __TI_Handler_Table_Base         
00003eec  __TI_Handler_Table_Limit        
0000376d  __TI_auto_init_nobinit_nopinit  
00003705  __TI_decompress_lzss            
00003881  __TI_decompress_none            
ffffffff  __TI_pprof_out_hndl             
ffffffff  __TI_prof_data_size             
ffffffff  __TI_prof_data_start            
00000000  __TI_static_base__              
00003865  __TI_zero_init_nomemset         
00002cf3  __aeabi_idiv0                   
00002cf3  __aeabi_ldiv0                   
00003669  __aeabi_memcpy                  
00003669  __aeabi_memcpy4                 
00003669  __aeabi_memcpy8                 
000037b1  __aeabi_uidiv                   
000037b1  __aeabi_uidivmod                
ffffffff  __binit__                       
ffffffff  __c_args__                      
UNDEFED   __mpu_init                      
20000270  __stack                         
20000000  __start___llvm_prf_cnts         
20000000  __stop___llvm_prf_cnts          
00003831  _c_int00_noargs                 
UNDEFED   _system_post_cinit              
000038a1  _system_pre_init                
000038a5  abort                           
ffffffff  binit                           
000035ab  config_gpio_N                   
0000356f  configureUART0                  
20000000  g_pfnRAMVectors                 
00000000  g_pfnVectors                    
2000026c  g_ui32SysClock                  
0000355d  init_clock                      
000035bd  init_hibernate                  
000035f1  main                            
00003669  memcpy                          


GLOBAL SYMBOLS: SORTED BY Symbol Address 

address   name                            
-------   ----                            
00000000  __TI_static_base__              
00000000  g_pfnVectors                    
00000200  __STACK_SIZE                    
000002c9  SysCtlSRAMSizeGet               
000002d3  SysCtlFlashSizeGet              
000002ff  SysCtlFlashSectorSizeGet        
00000325  SysCtlPeripheralPresent         
00000365  SysCtlPeripheralReady           
000003a5  SysCtlPeripheralPowerOn         
000003e1  SysCtlPeripheralPowerOff        
0000041d  SysCtlPeripheralReset           
000004a5  SysCtlPeripheralEnable          
000004e1  SysCtlPeripheralDisable         
00000525  SysCtlPeripheralSleepEnable     
00000569  SysCtlPeripheralSleepDisable    
000005a5  SysCtlPeripheralDeepSleepEnable 
000005f5  SysCtlPeripheralDeepSleepDisable
0000063d  SysCtlPeripheralClockGating     
00000691  SysCtlIntRegister               
000006a9  SysCtlIntUnregister             
000006b9  SysCtlIntEnable                 
000006cd  SysCtlIntDisable                
000006e5  SysCtlIntClear                  
000006f5  SysCtlIntStatus                 
00000711  SysCtlLDOSleepSet               
00000721  SysCtlLDOSleepGet               
00000727  SysCtlLDODeepSleepSet           
00000737  SysCtlLDODeepSleepGet           
0000073d  SysCtlSleepPowerSet             
00000751  SysCtlDeepSleepPowerSet         
00000761  SysCtlReset                     
00000769  SysCtlSleep                     
00000771  SysCtlDeepSleep                 
0000078d  SysCtlResetCauseGet             
00000793  SysCtlResetCauseClear           
000007a7  SysCtlMOSCConfigSet             
000007bd  SysCtlPIOSCCalibrate            
0000080d  SysCtlResetBehaviorSet          
0000081d  SysCtlResetBehaviorGet          
0000086d  SysCtlClockFreqSet              
00000b65  SysCtlClockSet                  
00000d35  SysCtlClockGet                  
00000edb  SysCtlDeepSleepClockSet         
00000ef9  SysCtlDeepSleepClockConfigSet   
00000f83  SysCtlPWMClockSet               
00000f9d  SysCtlPWMClockGet               
00000fb3  SysCtlGPIOAHBEnable             
00000fcf  SysCtlGPIOAHBDisable            
00000feb  SysCtlUSBPLLEnable              
00000ff7  SysCtlUSBPLLDisable             
00001009  SysCtlVoltageEventConfig        
00001019  SysCtlVoltageEventStatus        
00001025  SysCtlVoltageEventClear         
0000103d  SysCtlVCOGet                    
000010f9  SysCtlNMIStatus                 
0000110d  SysCtlNMIClear                  
00001129  SysCtlClockOutConfig            
00001145  SysCtlAltClkConfig              
000011e7  GPIODirModeSet                  
00001243  GPIODirModeGet                  
0000128f  GPIOIntTypeSet                  
00001333  GPIOIntTypeGet                  
000013bd  GPIOPadConfigSet                
0000162b  GPIOPadConfigGet                
0000179d  GPIOIntEnable                   
000017c1  GPIOIntDisable                  
000017db  GPIOIntStatus                   
000017fd  GPIOIntClear                    
00001811  GPIOIntRegister                 
0000182f  GPIOIntUnregister               
00001849  GPIOIntRegisterPin              
00001877  GPIOIntUnregisterPin            
0000189b  GPIOPinRead                     
000018b3  GPIOPinWrite                    
000018d3  GPIOPinTypeADC                  
000018f7  GPIOPinTypeCAN                  
0000191b  GPIOPinTypeComparator           
0000193f  GPIOPinTypeComparatorOutput     
00001963  GPIOPinTypeDIVSCLK              
00001987  GPIOPinTypeEPI                  
000019ab  GPIOPinTypeEthernetLED          
000019cf  GPIOPinTypeEthernetMII          
000019f3  GPIOPinTypeGPIOInput            
00001a17  GPIOPinTypeGPIOOutput           
00001a41  GPIOPinTypeGPIOOutputOD         
00001a65  GPIOPinTypeHibernateRTCCLK      
00001a89  GPIOPinTypeI2C                  
00001aad  GPIOPinTypeI2CSCL               
00001ad1  GPIOPinTypeLCD                  
00001af5  GPIOPinTypeOneWire              
00001b19  GPIOPinTypePWM                  
00001b3d  GPIOPinTypeQEI                  
00001b61  GPIOPinTypeSSI                  
00001b85  GPIOPinTypeTimer                
00001ba9  GPIOPinTypeTrace                
00001bcd  GPIOPinTypeUART                 
00001bf1  GPIOPinTypeUSBAnalog            
00001c15  GPIOPinTypeUSBDigital           
00001c39  GPIOPinTypeWakeHigh             
00001c5f  GPIOPinTypeWakeLow              
00001c85  GPIOPinWakeStatus               
00001c95  GPIOPinConfigure                
00001cf3  GPIODMATriggerEnable            
00001d11  GPIODMATriggerDisable           
00001d2f  GPIOADCTriggerEnable            
00001d4d  GPIOADCTriggerDisable           
00001d6b  GPIOUnlockPin                   
00001da7  HibernateEnableExpClk           
00001dbb  HibernateDisable                
00001dcd  HibernateClockConfig            
00001e1d  HibernateRTCEnable              
00001e2f  HibernateRTCDisable             
00001e41  HibernateBatCheckStart          
00001e53  HibernateBatCheckDone           
00001e5d  HibernateWakeSet                
00001ec1  HibernateWakeGet                
00001ef9  HibernateLowBatSet              
00001f13  HibernateLowBatGet              
00001f1f  HibernateRTCSet                 
00001f43  HibernateRTCGet                 
00001f49  HibernateRTCMatchSet            
00001f5b  HibernateRTCMatchGet            
00001f69  HibernateRTCSSMatchSet          
00001f7d  HibernateRTCSSMatchGet          
00001f8d  HibernateRTCSSGet               
00001f97  HibernateRTCTrimSet             
00001fa7  HibernateRTCTrimGet             
00001fad  HibernateDataSet                
00001fe3  HibernateDataGet                
00002019  HibernateRequest                
0000202b  HibernateIntEnable              
0000203f  HibernateIntDisable             
00002075  HibernateIntRegister            
00002095  HibernateIntUnregister          
000020ab  HibernateIntStatus              
000020c9  HibernateIntClear               
000020dd  HibernateIsActive               
000020ed  HibernateGPIORetentionEnable    
0000210d  HibernateGPIORetentionDisable   
00002125  HibernateGPIORetentionGet       
0000213b  HibernateCounterMode            
00002293  HibernateCalendarSet            
000022a9  HibernateCalendarGet            
00002347  HibernateCalendarMatchSet       
00002371  HibernateCalendarMatchGet       
00002419  HibernateTamperEventsConfig     
0000244b  HibernateTamperEnable           
00002471  HibernateTamperDisable          
0000249d  HibernateTamperIOEnable         
000024f5  HibernateTamperIODisable        
00002525  HibernateTamperEventsClear      
00002555  HibernateTamperEventsClearNoLock
0000256d  HibernateTamperUnLock           
00002581  HibernateTamperLock             
0000259d  HibernateTamperStatusGet        
000025f7  HibernateTamperEventsGet        
00002665  HibernateTamperExtOscRecover    
0000268b  HibernateTamperExtOscValid      
00002723  UARTParityModeSet               
0000273f  UARTParityModeGet               
00002751  UARTFIFOLevelSet                
00002769  UARTFIFOLevelGet                
00002791  UARTConfigSetExpClk             
00002807  UARTConfigGetExpClk             
00002853  UARTEnable                      
00002877  UARTDisable                     
000028a1  UARTFIFOEnable                  
000028b7  UARTFIFODisable                 
000028cd  UARTEnableSIR                   
000028fb  UARTDisableSIR                  
00002911  UARTSmartCardEnable             
00002943  UARTSmartCardDisable            
00002959  UARTModemControlSet             
00002991  UARTModemControlClear           
000029b5  UARTModemControlGet             
000029c7  UARTModemStatusGet              
000029db  UARTFlowControlSet              
000029f7  UARTFlowControlGet              
00002a09  UARTTxIntModeSet                
00002a25  UARTTxIntModeGet                
00002a37  UARTCharsAvail                  
00002a55  UARTSpaceAvail                  
00002a73  UARTCharGetNonBlocking          
00002a8f  UARTCharGet                     
00002aa5  UARTCharPutNonBlocking          
00002ac9  UARTCharPut                     
00002ae7  UARTBreakCtl                    
00002b11  UARTBusy                        
00002b2f  UARTIntRegister                 
00002b4d  UARTIntUnregister               
00002b6d  UARTIntEnable                   
00002b85  UARTIntDisable                  
00002b9d  UARTIntStatus                   
00002bbb  UARTIntClear                    
00002bcd  UARTDMAEnable                   
00002be5  UARTDMADisable                  
00002bfd  UARTRxErrorGet                  
00002c0f  UARTRxErrorClear                
00002c1f  UARTClockSourceSet              
00002c33  UARTClockSourceGet              
00002c43  UART9BitEnable                  
00002c59  UART9BitDisable                 
00002c6f  UART9BitAddrSet                 
00002c95  UART9BitAddrSend                
00002cdd  UARTLoopbackEnable              
00002cf3  __aeabi_idiv0                   
00002cf3  __aeabi_ldiv0                   
00002cf5  UARTStdioConfig                 
00002d3b  UARTwrite                       
00002d8b  UARTgets                        
00002e45  UARTgetc                        
00002e6d  UARTvprintf                     
00003167  UARTprintf                      
0000319f  IntMasterEnable                 
000031af  IntMasterDisable                
000031bf  IntRegister                     
00003211  IntUnregister                   
00003225  IntPriorityGroupingSet          
0000323f  IntPriorityGroupingGet          
00003277  IntPrioritySet                  
000032c7  IntPriorityGet                  
000032eb  IntEnable                       
0000335d  IntDisable                      
000033cf  IntIsEnabled                    
00003455  IntPendSet                      
000034c5  IntPendClear                    
00003513  IntPriorityMaskSet              
0000351f  IntPriorityMaskGet              
00003527  IntTrigger                      
0000355d  init_clock                      
0000356f  configureUART0                  
000035ab  config_gpio_N                   
000035bd  init_hibernate                  
000035f1  main                            
00003669  __aeabi_memcpy                  
00003669  __aeabi_memcpy4                 
00003669  __aeabi_memcpy8                 
00003669  memcpy                          
00003705  __TI_decompress_lzss            
0000376d  __TI_auto_init_nobinit_nopinit  
000037b1  __aeabi_uidiv                   
000037b1  __aeabi_uidivmod                
000037f1  CPUcpsid                        
000037fd  CPUprimask                      
00003807  CPUcpsie                        
00003813  CPUwfi                          
00003817  CPUbasepriSet                   
00003825  CPUbasepriGet                   
00003831  _c_int00_noargs                 
00003865  __TI_zero_init_nomemset         
00003881  __TI_decompress_none            
0000388f  ResetISR                        
0000389b  SysCtlDelay                     
000038a1  _system_pre_init                
000038a5  C$$EXIT                         
000038a5  abort                           
00003ee0  __TI_Handler_Table_Base         
00003eec  __TI_Handler_Table_Limit        
00003f08  __TI_CINIT_Base                 
00003f20  __TI_CINIT_Limit                
20000000  __start___llvm_prf_cnts         
20000000  __stop___llvm_prf_cnts          
20000000  g_pfnRAMVectors                 
2000026c  g_ui32SysClock                  
20000270  __stack                         
20000470  __STACK_END                     
20000470  __STACK_TOP                     
ffffffff  __TI_pprof_out_hndl             
ffffffff  __TI_prof_data_size             
ffffffff  __TI_prof_data_start            
ffffffff  __binit__                       
ffffffff  __c_args__                      
ffffffff  binit                           
UNDEFED   __mpu_init                      
UNDEFED   _system_post_cinit              

[275 symbols]
