******************************************************************************
                  TI ARM Linker PC v20.2.4                     
******************************************************************************
>> Linked Tue Dec 17 13:09:47 2024

OUTPUT FILE NAME:   <enet_httpServer_tirtos.out>
ENTRY POINT SYMBOL: "_c_int00"  address: 000114d5


MEMORY CONFIGURATION

         name            origin    length      used     unused   attr    fill
----------------------  --------  ---------  --------  --------  ----  --------
  FLASH                 00000000   00100000  0001a58c  000e5a74  R  X
  SRAM                  20000000   00040000  00014e7e  0002b182  RW X


SEGMENT ALLOCATION MAP

run origin  load origin   length   init length attrs members
----------  ----------- ---------- ----------- ----- -------
00000000    00000000    0001a598   0001a598    r-x
  00000000    00000000    0000003c   0000003c    r-- .resetVecs
  00000040    00000040    0001610a   0001610a    r-x .text
  0001614c    0001614c    00003fde   00003fde    r-- .const
  0001a130    0001a130    00000468   00000468    r-- .cinit
20000000    20000000    00000360   00000000    rw-
  20000000    20000000    00000360   00000000    rw- .vecs
20000380    20000380    00014b20   00000000    rw-
  20000380    20000380    00013926   00000000    rw- .bss
  20013ca8    20013ca8    000009f8   00000000    rw- .data
  200146a0    200146a0    00000800   00000000    rw- .stack


SECTION ALLOCATION MAP

 output                                  attributes/
section   page    origin      length       input sections
--------  ----  ----------  ----------   ----------------
.text      0    00000040    0001610a     
                  00000040    00000c68     stk.aem4f : tcpin.oem4f (.text:TcpInput)
                  00000ca8    000008b8               : tcpout.oem4f (.text:TcpOutput)
                  00001560    00000430     sysbios.aem4f : BIOS.obj (.text:ti_sysbios_family_arm_m3_Hwi_excDumpRegs__I)
                  00001990    00000408     stk.aem4f : ipout.oem4f (.text:IPTxPacket)
                  00001d98    00000384               : ipin.oem4f (.text:IPRxPacket)
                  0000211c    00000350     nettool_ipv4.aem4f : httpclie.oem4f (.text:httpClientProcess)
                  0000246c    0000034c     ti.targets.arm.rtsarm.aem4f : System.oem4f (.text:xdc_runtime_System_doPrint__I)
                  000027b8    00000324     ti.mw.fatfs.aem4f : ff.oem4f (.text:find_volume)
                  00002adc    00000004     stk.aem4f : bind.oem4f (.text:BindGetIF)
                  00002ae0    000002d0     sysbios.aem4f : BIOS.obj (.text:ti_sysbios_knl_Semaphore_pend__E)
                  00002db0    000002cc     nettool_ipv4.aem4f : httpsend.oem4f (.text:httpSendStatusLine)
                  0000307c    00000004     stk.aem4f : bind.oem4f (.text:BindGetNext)
                  00003080    000002c8     sysbios.aem4f : BIOS.obj (.text:ti_sysbios_knl_Task_Instance_finalize__E)
                  00003348    000002a0     rtsv7M4_T_le_v4SPD16_eabi.lib : mktime.c.obj (.text:__mktime32)
                  000035e8    00000284     stk.aem4f : sock.oem4f (.text:SockSet)
                  0000386c    00000004     os.aem4f : ossys.oem4f (.text:NDK_vsprintf)
                  00003870    0000026c     sysbios.aem4f : BIOS.obj (.text:ti_sysbios_heaps_HeapMem_free__E)
                  00003adc    0000025e     stk.aem4f : fileuser.oem4f (.text:fdPoll)
                  00003d3a    00000006     driverlib.lib : emac.obj (.text:EMACRxDMADescriptorListSet)
                  00003d40    00000250     sysbios.aem4f : BIOS.obj (.text:ti_sysbios_heaps_HeapMem_alloc__E)
                  00003f90    0000024c     stk.aem4f : ipfrag.oem4f (.text:IPReasm)
                  000041dc    0000023c               : icmpin.oem4f (.text:ICMPInput)
                  00004418    00000238               : udp.oem4f (.text:UdpInput)
                  00004650    00000204     Boot.aem4f : Boot_sysctl.oem4f (.text:ti_catalog_arm_cortexm4_tiva_ce_Boot_sysCtlClockFreqSetI__I)
                  00004854    000001f4     stk.aem4f : sock.oem4f (.text:SockRecv)
                  00004a48    000001f4     sysbios.aem4f : BIOS.obj (.text:ti_sysbios_family_arm_m3_Hwi_excHandlerMax__I)
                  00004c3c    00000004     stk.aem4f : node.oem4f (.text:NodeSetRt)
                  00004c40    000001f0     sysbios.aem4f : BIOS.obj (.text:ti_sysbios_knl_Task_sleep__E)
                  00004e30    000001ec                   : BIOS.obj (.text:ti_sysbios_knl_Task_Instance_init__E)
                  0000501c    000001e8     nettool_ipv4.aem4f : telnetd.oem4f (.text:telnet_netdata)
                  00005204    000001c0                        : daemon.oem4f (.text:daemon)
                  000053c4    000001b8     drivers_tivaware.aem4f : EMACSnow.oem4f (.text:EMACSnow_NIMUInit)
                  0000557c    000001b0     stk.aem4f : lliout.oem4f (.text:LLITxIpPacket)
                  0000572c    000001ac               : lliin.oem4f (.text:LLIRxPacket)
                  000058d8    000001a4     ti.mw.fatfs.aem4f : ff.oem4f (.text:f_write)
                  00005a7c    0000019c     os.aem4f : mem.oem4f (.text:mmAlloc)
                  00005c18    00000198     stk.aem4f : igmp.oem4f (.text:IGMPInput)
                  00005db0    00000190               : sock.oem4f (.text:SockNew)
                  00005f40    00000186               : fileuser.oem4f (.text:fdSelect)
                  000060c6    00000178     ti.mw.fatfs.aem4f : ff.oem4f (.text:f_read)
                  0000623e    00000002     hal_userled_stub.aem4f : llled.oem4f (.text:LED_TOGGLE)
                  00006240    00000174     netctrl_ipv4.aem4f : netctrl.oem4f (.text:NC_NetStart)
                  000063b4    00000004     stk.aem4f : rawethsock_prot.oem4f (.text:RawEthSockPrAttach)
                  000063b8    00000174     sysbios.aem4f : BIOS.obj (.text:ti_sysbios_family_arm_m3_Hwi_excBusFault__I)
                  0000652c    00000170     stk.aem4f : rtc.oem4f (.text:RTCReport)
                  0000669c    0000016c     nettool_ipv4.aem4f : httpsend.oem4f (.text:SetContentType)
                  00006808    0000016a     stk.aem4f : sb.oem4f (.text:SBRead)
                  00006972    00000164     ti.mw.fatfs.aem4f : ff.oem4f (.text:f_open)
                  00006ad6    00000002     stk.aem4f : nat.oem4f (.text:NatMsg)
                  00006ad8    00000164     sysbios.aem4f : BIOS.obj (.text:ti_sysbios_family_arm_m3_Hwi_excUsageFault__I)
                  00006c3c    00000160     stk.aem4f : sock.oem4f (.text:SockConnect)
                  00006d9c    0000015a     ti.mw.fatfs.aem4f : ff.oem4f (.text:f_lseek)
                  00006ef6    00000002     os.aem4f : task.oem4f (.text:_TaskInit)
                  00006ef8    00000158     nettool_ipv4.aem4f : dhcpmain.oem4f (.text:DHCPOpen)
                  00007050    00000150     drivers_tivaware.aem4f : GPIOTiva.oem4f (.text:GPIO_setConfig)
                  000071a0    00000150     httpServer.obj (.text:handleInput)
                  000072f0    00000150     nettool_ipv4.aem4f : httpsend.oem4f (.text:httpSendErrorHTML)
                  00007440    00000148     os.aem4f : efs.oem4f (.text:efs_filecheck)
                  00007588    00000148     sysbios.aem4f : BIOS.obj (.text:ti_sysbios_family_arm_m3_Hwi_excMemFault__I)
                  000076d0    00000144     stk.aem4f : bind.oem4f (.text:BindNew)
                  00007814    00000140               : tcp.oem4f (.text:TcpTimeoutCheck)
                  00007954    0000013c     nettool_ipv4.aem4f : config.oem4f (.text:CfgAddEntry)
                  00007a90    0000013c     stk.aem4f : sockint.oem4f (.text:SockNotify)
                  00007bcc    0000013c               : sock.oem4f (.text:SockSend)
                  00007d08    0000013c     sysbios.aem4f : BIOS.obj (.text:ti_sysbios_heaps_HeapMem_Instance_init__E)
                  00007e44    00000138     nettool_ipv4.aem4f : daemon.oem4f (.text:DaemonNew)
                  00007f7c    00000134     stk.aem4f : icmp.oem4f (.text:ICMPGenPacket)
                  000080b0    00000134     rtsv7M4_T_le_v4SPD16_eabi.lib : localtim.c.obj (.text:__localtime32)
                  000081e4    00000134     httpServer_pem4f.oem4f (.text:ti_ndk_config_Global_stackThread)
                  00008318    00000134     sysbios.aem4f : BIOS.obj (.text:ti_sysbios_family_arm_lm4_Timer_start__E)
                  0000844c    00000004     stk.aem4f : rawethsock_prot.oem4f (.text:RawEthSockPrDetach)
                  00008450    00000134     sysbios.aem4f : BIOS.obj (.text:ti_sysbios_knl_Task_setPri__E)
                  00008584    00000130     driverlib.lib : gpio.obj (.text:GPIOPadConfigSet)
                  000086b4    00000130     rtsv7M4_T_le_v4SPD16_eabi.lib : strtol.c.obj (.text:strtol)
                  000087e4    00000124     stk.aem4f : sockpcb.oem4f (.text:SockPcbResolve)
                  00008908    00000124               : udp.oem4f (.text:UdpOutput)
                  00008a2c    00000123     ti.mw.fatfs.aem4f : ff.oem4f (.text:create_name)
                  00008b4f    00000001     --HOLE-- [fill = 0]
                  00008b50    0000011c     sysbios.aem4f : BIOS.obj (.text:ti_sysbios_knl_Clock_Instance_init__E)
                  00008c6c    00000118     stk.aem4f : tcpout.oem4f (.text:TcpGenPacket)
                  00008d84    00000118     nettool_ipv4.aem4f : telnetd.oem4f (.text:telnet_engine)
                  00008e9c    00000118     ti.targets.arm.rtsarm.aem4f : Error.oem4f (.text:xdc_runtime_Error_policyDefault__E)
                  00008fb4    00000114     stk.aem4f : nimu.oem4f (.text:NIMUIoctl)
                  000090c8    00000110               : node.oem4f (.text:NodeTreeFree)
                  000091d8    00000110               : raw.oem4f (.text:RawInput)
                  000092e8    0000010c               : rtable.oem4f (.text:RtFind)
                  000093f4    0000010a               : route.oem4f (.text:RtCreate)
                  000094fe    00000002     os.aem4f : task.oem4f (.text:_TaskShutdown)
                  00009500    00000108     drivers_tivaware.aem4f : EMACSnow.oem4f (.text:EMACSnow_emacStart)
                  00009608    00000104     nettool_ipv4.aem4f : httppars.oem4f (.text:httpParseRecv)
                  0000970c    00000104     os.aem4f : task.oem4f (.text:llEnter)
                  00009810    00000102     nettool_ipv4.aem4f : dhcppkt.oem4f (.text:dhcpPacketProcess)
                  00009912    00000102                        : inetaddr.oem4f (.text:inet_aton)
                  00009a14    00000100     stk.aem4f : igmp.oem4f (.text:IGMPSendReply)
                  00009b14    00000100     ti.targets.arm.rtsarm.aem4f : Core-mem.oem4f (.text:xdc_runtime_Core_createObject__I)
                  00009c14    000000fe     ti.mw.fatfs.aem4f : ff.oem4f (.text:f_rename)
                  00009d12    00000002     hal_ser_stub.aem4f : llserstb.oem4f (.text:_llSerialServiceCheck)
                  00009d14    000000fc     EK_TM4C1294XL.obj (.text:EK_TM4C1294XL_initEMAC)
                  00009e10    000000fc     netctrl_ipv4.aem4f : netctrl.oem4f (.text:NetScheduler)
                  00009f0c    00000004     os.aem4f : semaphore.oem4f (.text:SemPend)
                  00009f10    000000fc     sysbios.aem4f : BIOS.obj (.text:ti_sysbios_knl_Task_postInit__I)
                  0000a00c    000000fa     ti.mw.fatfs.aem4f : ff.oem4f (.text:dir_next)
                  0000a106    000000f8     stk.aem4f : pipe.oem4f (.text:PipeRecv)
                  0000a1fe    00000002     hal_ser_stub.aem4f : llserstb.oem4f (.text:_llSerialShutdown)
                  0000a200    000000f8     ti.targets.arm.rtsarm.aem4f : Startup.oem4f (.text:xdc_runtime_Startup_startMods__I)
                  0000a2f8    000000f8     httpServer_pem4f.oem4f (.text:xdc_runtime_System_printfExtend__I)
                  0000a3f0    000000f4     os.aem4f : task.oem4f (.text:TaskGetEnv)
                  0000a4e4    000000f4     sysbios.aem4f : m3_Hwi_asm.obj (.text:ti_sysbios_family_arm_m3_Hwi_dispatch__I)
                  0000a5d8    000000f0     stk.aem4f : lliout.oem4f (.text:LLIGenArpPacket)
                  0000a6c8    000000f0               : sock.oem4f (.text:SockClose)
                  0000a7b8    000000ec     ti.mw.fatfs.aem4f : ff.oem4f (.text:put_fat)
                  0000a8a4    00000004     os.aem4f : semaphore.oem4f (.text:SemPost)
                  0000a8a8    000000ec     sysbios.aem4f : BIOS.obj (.text:ti_sysbios_knl_Semaphore_post__E)
                  0000a994    000000e8     os.aem4f : task.oem4f (.text:TaskSetEnv)
                  0000aa7c    000000e2     nettool_ipv4.aem4f : httpclie.oem4f (.text:httpGetAuthParams)
                  0000ab5e    00000002     hal_userled_stub.aem4f : llled.oem4f (.text:_llUserLedInit)
                  0000ab60    000000e0     stk.aem4f : tcptime.oem4f (.text:TcpTimeoutRexmt)
                  0000ac40    000000e0     httpServer.obj (.text:main)
                  0000ad20    000000dc     stk.aem4f : sb.oem4f (.text:SBWrite)
                  0000adfc    000000dc     nettool_ipv4.aem4f : dhcpsock.oem4f (.text:dhcpSocketOpen)
                  0000aed8    000000dc                        : dhcpsm.oem4f (.text:dhcpState)
                  0000afb4    000000d8     stk.aem4f : node.oem4f (.text:NodeAdd)
                  0000b08c    000000d8               : tcpprot.oem4f (.text:TcpPrSetOption)
                  0000b164    000000d6     ti.mw.fatfs.aem4f : ff.oem4f (.text:get_fat)
                  0000b23a    00000002     hal_userled_stub.aem4f : llled.oem4f (.text:_llUserLedShutdown)
                  0000b23c    000000d4     drivers_tivaware.aem4f : EMACSnow.oem4f (.text:EMACSnow_handleRx)
                  0000b310    000000d4     stk.aem4f : sockpcb.oem4f (.text:SockPcbBind)
                  0000b3e4    000000d4     nettool_ipv4.aem4f : httpsend.oem4f (.text:httpAuthenticationReq)
                  0000b4b8    000000d4     sysbios.aem4f : BIOS.obj (.text:ti_sysbios_knl_Swi_Instance_init__E)
                  0000b58c    00000004     os.aem4f : semaphore.oem4f (.text:SemReset)
                  0000b590    000000d4     sysbios.aem4f : BIOS.obj (.text:ti_sysbios_knl_Task_exit__E)
                  0000b664    000000d1     stk.aem4f : nimu.oem4f (.text:NIMUReceivePacket)
                  0000b735    00000001     --HOLE-- [fill = 0]
                  0000b736    00000002     rtsv7M4_T_le_v4SPD16_eabi.lib : _lock.c.obj (.text:_nop)
                  0000b738    000000cc     stk.aem4f : icmp.oem4f (.text:ICMPSendRtAdv)
                  0000b804    000000cc     nettool_ipv4.aem4f : dhcpbild.oem4f (.text:dhcpBuildHeader)
                  0000b8d0    000000cc                        : dhcpsm.oem4f (.text:dhcpIPAdd)
                  0000b99c    000000cc                        : dhcppkt.oem4f (.text:dhcpVerifyMessage)
                  0000ba68    000000cc     ti.targets.arm.rtsarm.aem4f : Core-smem.oem4f (.text:xdc_runtime_Core_constructObject__I)
                  0000bb34    000000c8     stk.aem4f : rawethsock.oem4f (.text:RawEthSockNew)
                  0000bbfc    000000c8     netctrl_ipv4.aem4f : netsrv.oem4f (.text:SPIpNet)
                  0000bcc4    000000c4     drivers_tivaware.aem4f : EMACSnow.oem4f (.text:EMACSnow_InitDMADescriptors)
                  0000bd88    000000c4     stk.aem4f : igmp.oem4f (.text:IGMPJoinHostGroup)
                  0000be4c    000000c4     nettool_ipv4.aem4f : dhcpsm.oem4f (.text:StateBound)
                  0000bf10    000000bc     stk.aem4f : sockpcb.oem4f (.text:SockPcbFind)
                  0000bfcc    000000bc               : vlan.oem4f (.text:VLANDeinit)
                  0000c088    000000bc     sysbios.aem4f : BIOS.obj (.text:ti_sysbios_family_arm_m3_Hwi_excDebugMon__I)
                  0000c144    00000004     os.aem4f : task.oem4f (.text:TaskSelf)
                  0000c148    000000bc     sysbios.aem4f : BIOS.obj (.text:ti_sysbios_family_arm_m3_Hwi_excHardFault__I)
                  0000c204    000000b8     stk.aem4f : icmpin.oem4f (.text:ICMPRevSrcRoute)
                  0000c2bc    000000b8               : lli.oem4f (.text:_LLITimeoutCheck)
                  0000c374    000000b8     rtsv7M4_T_le_v4SPD16_eabi.lib : add_device.c.obj (.text:add_device)
                  0000c42c    000000b8     ti.mw.fatfs.aem4f : ffcio.oem4f (.text:ffcio_open)
                  0000c4e4    000000b4     stk.aem4f : tcptime.oem4f (.text:TcpTimeoutKeep)
                  0000c598    000000b4     ti.mw.fatfs.aem4f : ff.oem4f (.text:sync_fs)
                  0000c64c    00000004     os.aem4f : task.oem4f (.text:TaskSetPri)
                  0000c650    000000b4     sysbios.aem4f : BIOS.obj (.text:ti_sysbios_gates_GateMutex_enter__E)
                  0000c704    00000004     hal_ser_stub.aem4f : llserstb.oem4f (.text:_llSerialInit)
                  0000c708    000000b4     sysbios.aem4f : BIOS.obj (.text:ti_sysbios_knl_Task_checkStacks__E)
                  0000c7bc    000000b0     stk.aem4f : rawethsock.oem4f (.text:RawEthSockSet)
                  0000c86c    000000ac               : rtable.oem4f (.text:RtTimeoutCheck)
                  0000c918    000000ac     sysbios.aem4f : BIOS.obj (.text:ti_sysbios_family_arm_lm4_Timer_enableTiva__I)
                  0000c9c4    000000a8     stk.aem4f : sockint.oem4f (.text:SockCreatePacket)
                  0000ca6c    000000a8     ti.mw.fatfs.aem4f : ff.oem4f (.text:create_chain)
                  0000cb14    00000004     rtsv7M4_T_le_v4SPD16_eabi.lib : exit.c.obj (.text:abort:abort)
                  0000cb18    000000a8     sysbios.aem4f : BIOS.obj (.text:ti_sysbios_family_arm_lm4_Timer_enableTimers__I)
                  0000cbc0    000000a4     netctrl_ipv4.aem4f : netsrv.oem4f (.text:ServiceSpawn)
                  0000cc64    000000a4     ti.mw.fatfs.aem4f : ff.oem4f (.text:f_unlink)
                  0000cd08    000000a2     nettool_ipv4.aem4f : httpclie.oem4f (.text:httpExtractTag)
                  0000cdaa    00000002     hal_ser_stub.aem4f : llserstb.oem4f (.text:llSerialService)
                  0000cdac    000000a0     stk.aem4f : ip.oem4f (.text:IPGetRoute)
                  0000ce4c    000000a0     auto_init.aem4f : auto_init.oem4f (.text)
                  0000ceec    000000a0     ti.targets.arm.rtsarm.aem4f : Text.oem4f (.text:xdc_runtime_Text_putMod__E)
                  0000cf8c    0000009e     stk.aem4f : nimu.oem4f (.text:NIMUAddEthernetHeader)
                  0000d02a    0000009e     nettool_ipv4.aem4f : dhcpbild.oem4f (.text:dhcpBuildRequest)
                  0000d0c8    0000009c     stk.aem4f : exec.oem4f (.text:ExecOpen)
                  0000d164    0000009c     ti.mw.fatfs.aem4f : ff.oem4f (.text:f_sync)
                  0000d200    0000009c     rtsv7M4_T_le_v4SPD16_eabi.lib : memcpy_t2.asm.obj (.text)
                  0000d29c    00000004     ti.mw.fatfs.aem4f : ffosal.oem4f (.text:ff_rel_grant)
                  0000d2a0    0000009c     sysbios.aem4f : BIOS.obj (.text:ti_sysbios_knl_Semaphore_Instance_init__E)
                  0000d33c    0000009a     ti.targets.arm.rtsarm.aem4f : Text.oem4f (.text:xdc_runtime_Text_putSite__E)
                  0000d3d6    00000002     rtsv7M4_T_le_v4SPD16_eabi.lib : div0.asm.obj (.text)
                  0000d3d8    00000098     EK_TM4C1294XL.obj (.text:EK_TM4C1294XL_initGeneral)
                  0000d470    00000098     netctrl_ipv4.aem4f : netctrl.oem4f (.text:NC_SystemOpen)
                  0000d508    00000098                        : netsrv.oem4f (.text:ServiceScan)
                  0000d5a0    00000098     Boot.aem4f : Boot.oem4f (.text:ti_catalog_arm_cortexm4_tiva_ce_Boot_sysCtlClockFreqSet__E)
                  0000d638    00000098     sysbios.aem4f : BIOS.obj (.text:ti_sysbios_knl_Task_schedule__I)
                  0000d6d0    00000096     rtsv7M4_T_le_v4SPD16_eabi.lib : ull_div_t2.asm.obj (.text)
                  0000d766    00000096     nettool_ipv4.aem4f : telnetd.oem4f (.text:telnet_termdata)
                  0000d7fc    00000094                        : config.oem4f (.text:CfgRemoveEntry)
                  0000d890    00000094     sysbios.aem4f : BIOS.obj (.text:ti_sysbios_family_arm_m3_Hwi_Instance_init__E)
                  0000d924    00000004     ti.mw.fatfs.aem4f : diskio.oem4f (.text:get_fattime)
                  0000d928    00000094     sysbios.aem4f : BIOS.obj (.text:ti_sysbios_family_arm_m3_Hwi_initNVIC__E)
                  0000d9bc    00000090     nettool_ipv4.aem4f : config.oem4f (.text:CfgExecute)
                  0000da4c    00000090     stk.aem4f : igmp.oem4f (.text:IGMPMsg)
                  0000dadc    00000090     cgi.aem4f : cgiparse.oem4f (.text:cgiParseVars)
                  0000db6c    00000090     os.aem4f : mem.oem4f (.text:mmBulkAlloc)
                  0000dbfc    00000004     stk.aem4f : listlib.oem4f (.text:list_get_head)
                  0000dc00    00000090     sysbios.aem4f : BIOS.obj (.text:ti_sysbios_knl_Task_Module_startup__E)
                  0000dc90    00000090                   : BIOS.obj (.text:ti_sysbios_knl_Task_startCore__E)
                  0000dd20    0000008c     drivers_tivaware.aem4f : GPIOTiva.oem4f (.text:GPIO_init)
                  0000ddac    0000008c     stk.aem4f : ip.oem4f (.text:IPMsg)
                  0000de38    0000008c     os.aem4f : mem.oem4f (.text:_mmInit)
                  0000dec4    0000008c              : mem.oem4f (.text:mmInitPage)
                  0000df50    0000008c     nettool_ipv4.aem4f : telnetd.oem4f (.text:telnetClientProcess)
                  0000dfdc    0000008c     sysbios.aem4f : m3_TaskSupport_asm.obj (.text:ti_sysbios_family_arm_m3_TaskSupport_buildTaskStack)
                  0000e068    0000008a     netctrl_ipv4.aem4f : netsrv.oem4f (.text:SPRoute)
                  0000e0f2    00000002     httpServer_pem4f.oem4f (.text:ti_ndk_config_Global_NetworkClose)
                  0000e0f4    00000088     stk.aem4f : sockpcb.oem4f (.text:SockPcbCtlError)
                  0000e17c    00000086               : sock.oem4f (.text:SockCheck)
                  0000e202    00000086     nettool_ipv4.aem4f : dhcpsm.oem4f (.text:StateRequesting)
                  0000e288    00000084                        : config.oem4f (.text:CfgGetEntry)
                  0000e30c    00000084     drivers_tivaware.aem4f : EMACSnow.oem4f (.text:EMACSnow_processPhyInterrupt)
                  0000e390    00000084     stk.aem4f : tcpprot.oem4f (.text:TcpPrAttach)
                  0000e414    00000084     os.aem4f : mem.oem4f (.text:mmBulkFree)
                  0000e498    00000084              : mem.oem4f (.text:mmFree)
                  0000e51c    00000004     stk.aem4f : listlib.oem4f (.text:list_get_next)
                  0000e520    00000084     sysbios.aem4f : BIOS.obj (.text:ti_sysbios_family_arm_m3_Hwi_postInit__I)
                  0000e5a4    00000082     nettool_ipv4.aem4f : dhcpsm.oem4f (.text:StateRenewRebind)
                  0000e626    00000002     httpServer_pem4f.oem4f (.text:ti_ndk_config_Global_NetworkOpen)
                  0000e628    00000080     nettool_ipv4.aem4f : daemon.oem4f (.text:DaemonFree)
                  0000e6a8    00000080     drivers_tivaware.aem4f : EMACSnow.oem4f (.text:EMACSnow_emacStop)
                  0000e728    00000080                            : EMACSnow.oem4f (.text:EMACSnow_processPendingTx)
                  0000e7a8    00000080     stk.aem4f : lli.oem4f (.text:LLINew)
                  0000e828    00000080     netctrl_ipv4.aem4f : netsrv.oem4f (.text:NS_BootTask)
                  0000e8a8    00000080     stk.aem4f : pbm.oem4f (.text:PBM_alloc)
                  0000e928    00000080               : raw.oem4f (.text:RawOutput)
                  0000e9a8    0000007f     httpServer_pem4f.oem4f (.text:ti_ndk_config_Global_NetworkIPAddr)
                  0000ea27    00000001     --HOLE-- [fill = 0]
                  0000ea28    0000007e     ti.mw.fatfs.aem4f : ff.oem4f (.text:dir_sdi)
                  0000eaa6    0000007e     stk.aem4f : fileuser.oem4f (.text:fdClose)
                  0000eb24    0000007c     httpServer.obj (.text:AddWebFiles)
                  0000eba0    0000007c     nettool_ipv4.aem4f : config.oem4f (.text:CfgGetNextEntry)
                  0000ec1c    0000007c     drivers_tivaware.aem4f : EMACSnow.oem4f (.text:EMACSnow_hwiIntFxn)
                  0000ec98    0000007c     stk.aem4f : igmp.oem4f (.text:IGMPDoMCast)
                  0000ed14    0000007c               : igmp.oem4f (.text:IGMPJoin)
                  0000ed90    0000007c               : socket.oem4f (.text:NDK_setsockopt)
                  0000ee0c    0000007c               : nimu.oem4f (.text:NIMURegister)
                  0000ee88    0000007c               : pbm.oem4f (.text:PBM_free)
                  0000ef04    0000007c     nettool_ipv4.aem4f : daemon.oem4f (.text:dchild)
                  0000ef80    0000007a     stk.aem4f : sock.oem4f (.text:SockAccept)
                  0000effa    0000007a     rtsv7M4_T_le_v4SPD16_eabi.lib : memset_t2.asm.obj (.text)
                  0000f074    00000078     driverlib.lib : emac.obj (.text:EMACInit)
                  0000f0ec    00000078     stk.aem4f : socket.oem4f (.text:NDK_sendto)
                  0000f164    00000078               : tcptime.oem4f (.text:TcpXmitTimer)
                  0000f1dc    00000078               : fileuser.oem4f (.text:fdOpenSession)
                  0000f254    00000078     os.aem4f : task.oem4f (.text:llExit)
                  0000f2cc    00000076     stk.aem4f : pipe.oem4f (.text:PipeSend)
                  0000f342    00000002     httpServer_pem4f.oem4f (.text:ti_ndk_config_global_taskCreateHook)
                  0000f344    00000075     stk.aem4f : tcptime.oem4f (.text:TcpTimeoutSackRexmt)
                  0000f3b9    00000001     --HOLE-- [fill = 0]
                  0000f3ba    00000002     httpServer_pem4f.oem4f (.text:ti_ndk_config_global_taskExitHook)
                  0000f3bc    00000074     stk.aem4f : igmp.oem4f (.text:IGMPLeaveHostGroup)
                  0000f430    00000074               : nimu.oem4f (.text:NIMUShutdown)
                  0000f4a4    00000074               : raweth.oem4f (.text:RawEthRxPacket)
                  0000f518    00000074               : sockpcb.oem4f (.text:SockPcbConnect)
                  0000f58c    00000074     ti.mw.fatfs.aem4f : ff.oem4f (.text:check_fs)
                  0000f600    00000074     sysbios.aem4f : BIOS.obj (.text:ti_sysbios_knl_Clock_start__E)
                  0000f674    00000072     os.aem4f : semaphore.oem4f (.text:SemCreateBinary)
                  0000f6e6    00000070     stk.aem4f : socket.oem4f (.text:NDK_accept)
                  0000f756    00000070               : socket.oem4f (.text:NDK_send)
                  0000f7c6    00000002     httpServer_pem4f.oem4f (.text:ti_sysbios_BIOS_nullFunc__I)
                  0000f7c8    00000070     stk.aem4f : rtable.oem4f (.text:RtFlush)
                  0000f838    00000070     netctrl_ipv4.aem4f : netsrv.oem4f (.text:SPConfig)
                  0000f8a8    00000070     stk.aem4f : sock.oem4f (.text:SockShutdown)
                  0000f918    00000070     nettool_ipv4.aem4f : dhcptags.oem4f (.text:dhcpDecodeType)
                  0000f988    00000070     sysbios.aem4f : BIOS.obj (.text:ti_sysbios_knl_Clock_workFunc__E)
                  0000f9f8    0000006e     stk.aem4f : socket.oem4f (.text:NDK_recv)
                  0000fa66    00000002     httpServer_pem4f.oem4f (.text:xdc_runtime_Startup_reset__I)
                  0000fa68    0000006e     stk.aem4f : rtable.oem4f (.text:RtWalkNext)
                  0000fad6    0000006e               : sockpcb.oem4f (.text:SockPcbFindRaw)
                  0000fb44    0000006e     rtsv7M4_T_le_v4SPD16_eabi.lib : ll_div_t2.asm.obj (.text)
                  0000fbb2    00000002     --HOLE-- [fill = 0]
                  0000fbb4    0000006d     stk.aem4f : node.oem4f (.text:NodeNew)
                  0000fc21    00000003     --HOLE-- [fill = 0]
                  0000fc24    0000006d     ti.targets.arm.rtsarm.aem4f : System.oem4f (.text:xdc_runtime_System_formatNum__I)
                  0000fc91    00000003     --HOLE-- [fill = 0]
                  0000fc94    0000006c     os.aem4f : ossys.oem4f (.text:DbgPrintf)
                  0000fd00    0000006c     rtsv7M4_T_le_v4SPD16_eabi.lib : hostrename.c.obj (.text:HOSTrename)
                  0000fd6c    0000006c     stk.aem4f : node.oem4f (.text:NodeTreeNew)
                  0000fdd8    0000006c               : raweth.oem4f (.text:RawEthTxPacket)
                  0000fe44    0000006c               : udp.oem4f (.text:UdpChecksum)
                  0000feb0    0000006c     httpServer_pem4f.oem4f (.text:ti_ndk_config_ip_init)
                  0000ff1c    00000004     httpServer_pem4f.oem4f (.text:ti_sysbios_BIOS_RtsGateProxy_enter__E)
                  0000ff20    0000006c     sysbios.aem4f : BIOS.obj (.text:ti_sysbios_knl_Swi_restoreHwi__E)
                  0000ff8c    0000006c     ti.targets.arm.rtsarm.aem4f : Error.oem4f (.text:xdc_runtime_Error_print__E)
                  0000fff8    0000006c                                 : Memory.oem4f (.text:xdc_runtime_Memory_alloc__E)
                  00010064    0000006a     stk.aem4f : tcpprot.oem4f (.text:TcpPrInherit)
                  000100ce    00000002     --HOLE-- [fill = 0]
                  000100d0    00000068     rtsv7M4_T_le_v4SPD16_eabi.lib : hostlseek.c.obj (.text:HOSTlseek)
                  00010138    00000068     stk.aem4f : socket.oem4f (.text:NDK_socket)
                  000101a0    00000068               : pbm.oem4f (.text:PBM_open)
                  00010208    00000068               : sock.oem4f (.text:SockListen)
                  00010270    00000068               : rtable.oem4f (.text:_RtNodeInsert)
                  000102d8    00000068     rtsv7M4_T_le_v4SPD16_eabi.lib : copy_decompress_lzss.c.obj (.text:decompress:lzss:__TI_decompress_lzss)
                  00010340    00000066     ti.targets.arm.rtsarm.aem4f : Core-mem.oem4f (.text:xdc_runtime_Core_deleteObject__I)
                  000103a6    00000002     --HOLE-- [fill = 0]
                  000103a8    00000064     nettool_ipv4.aem4f : config.oem4f (.text:CfgFree)
                  0001040c    00000064     drivers_tivaware.aem4f : GPIOTiva.oem4f (.text:GPIO_hwiIntFxn)
                  00010470    00000064     stk.aem4f : pbm.oem4f (.text:PBMQ_enq)
                  000104d4    00000064               : sockint.oem4f (.text:SockSpawnAbort)
                  00010538    00000064     nettool_ipv4.aem4f : telnetd.oem4f (.text:TelnetOpen)
                  0001059c    00000064     ti.mw.fatfs.aem4f : ff.oem4f (.text:follow_path)
                  00010600    00000064     hal_timer_bios.aem4f : lltimer.oem4f (.text:llTimerTick)
                  00010664    00000004     httpServer_pem4f.oem4f (.text:ti_sysbios_BIOS_RtsGateProxy_leave__E)
                  00010668    00000064     sysbios.aem4f : BIOS.obj (.text:ti_sysbios_family_arm_lm4_Timer_Module_startup__E)
                  000106cc    00000064     httpServer_pem4f.oem4f (.text:ti_sysbios_family_arm_m3_Hwi_create)
                  00010730    00000064     sysbios.aem4f : BIOS.obj (.text:ti_sysbios_family_arm_m3_Hwi_dispatchC__I)
                  00010794    00000064     stk.aem4f : lliin.oem4f (.text:updateRtTable)
                  000107f8    00000062               : ipin.oem4f (.text:IPRouteIP)
                  0001085a    00000002     --HOLE-- [fill = 0]
                  0001085c    00000062               : sb.oem4f (.text:SBNew)
                  000108be    00000002     --HOLE-- [fill = 0]
                  000108c0    00000060     nettool_ipv4.aem4f : config.oem4f (.text:CfgGetEntryCnt)
                  00010920    00000060     stk.aem4f : file.oem4f (.text:FdWaitEvent)
                  00010980    00000060     rtsv7M4_T_le_v4SPD16_eabi.lib : hostopen.c.obj (.text:HOSTopen)
                  000109e0    00000060     stk.aem4f : socket.oem4f (.text:NDK_getpeername)
                  00010a40    00000060               : nimu.oem4f (.text:NIMUUnregister)
                  00010aa0    00000060               : node.oem4f (.text:NodeFind)
                  00010b00    00000060               : rtc.oem4f (.text:RTCMsg)
                  00010b60    00000060     netctrl_ipv4.aem4f : netsrv.oem4f (.text:ServiceKill)
                  00010bc0    00000060     stk.aem4f : tcp.oem4f (.text:TcpChecksum)
                  00010c20    00000060     nettool_ipv4.aem4f : dhcptags.oem4f (.text:dhcpBuildOptions)
                  00010c80    00000060                        : http.oem4f (.text:httpOpen)
                  00010ce0    00000060     httpServer_pem4f.oem4f (.text:ti_ndk_config_Global_serviceReport)
                  00010d40    00000060     sysbios.aem4f : BIOS.obj (.text:ti_sysbios_family_arm_lm4_Timer_isrStub__E)
                  00010da0    0000005f     nettool_ipv4.aem4f : httpsend.oem4f (.text:httpSendFullResponse)
                  00010dff    00000001     --HOLE-- [fill = 0]
                  00010e00    0000005e     stk.aem4f : route.oem4f (.text:RtRemove)
                  00010e5e    0000005e     nettool_ipv4.aem4f : dhcpsm.oem4f (.text:StateSelecting)
                  00010ebc    0000005e     stk.aem4f : vlan.oem4f (.text:VLANReceivePacket)
                  00010f1a    0000005e     ti.mw.fatfs.aem4f : ff.oem4f (.text:remove_chain)
                  00010f78    0000005c     nettool_ipv4.aem4f : config.oem4f (.text:CfgSetExecuteOrder)
                  00010fd4    0000005c     stk.aem4f : nimu.oem4f (.text:NIMUIoctlSpecialCmd)
                  00011030    0000005c     netctrl_ipv4.aem4f : netsrv.oem4f (.text:SPService)
                  0001108c    0000005c     httpServer_pem4f.oem4f (.text:ti_sysbios_knl_Swi_create)
                  000110e8    0000005c     sysbios.aem4f : BIOS.obj (.text:ti_sysbios_knl_Swi_run__I)
                  00011144    00000004                   : BIOS.obj (.text:ti_sysbios_family_arm_lm4_Timer_masterEnable__I)
                  00011148    0000005c                   : BIOS.obj (.text:ti_sysbios_knl_Swi_schedule__I)
                  000111a4    0000005c     httpServer_pem4f.oem4f (.text:ti_sysbios_knl_Task_create)
                  00011200    0000005c     sysbios.aem4f : BIOS.obj (.text:ti_sysbios_knl_Task_unblockI__E)
                  0001125c    0000005b     ti.targets.arm.rtsarm.aem4f : Text.oem4f (.text:xdc_runtime_Text_putLab__E)
                  000112b7    00000001     --HOLE-- [fill = 0]
                  000112b8    0000005a     stk.aem4f : rawethsock.oem4f (.text:RawEthSockCheck)
                  00011312    0000005a               : route.oem4f (.text:RtRedirect)
                  0001136c    0000005a               : tcpprot.oem4f (.text:TcpValidateMetrics)
                  000113c6    0000005a     nettool_ipv4.aem4f : dhcpbild.oem4f (.text:dhcpBuildDecline)
                  00011420    0000005a     os.aem4f : mem.oem4f (.text:mmCopy)
                  0001147a    00000002     --HOLE-- [fill = 0]
                  0001147c    00000058     stk.aem4f : bind.oem4f (.text:BindFree)
                  000114d4    00000058     boot.aem4f : boot.oem4f (.text)
                  0001152c    00000058     driverlib.lib : emac.obj (.text:EMACPHYConfigSet)
                  00011584    00000058     rtsv7M4_T_le_v4SPD16_eabi.lib : hostread.c.obj (.text:HOSTread)
                  000115dc    00000058                                   : hostwrite.c.obj (.text:HOSTwrite)
                  00011634    00000058     stk.aem4f : igmp.oem4f (.text:IGMPTimer)
                  0001168c    00000058     os.aem4f : semaphore.oem4f (.text:SemCreate)
                  000116e4    00000058     sysbios.aem4f : m3_Hwi_asm_switch.obj (.text:ti_sysbios_family_arm_m3_Hwi_initStacks__E)
                  0001173c    00000056     driverlib.lib : gpio.obj (.text:GPIOIntTypeSet)
                  00011792    00000056     ti.mw.fatfs.aem4f : ff.oem4f (.text:dir_read)
                  000117e8    00000056     httpServer_pem4f.oem4f (.text:ti_ndk_config_tcp_init)
                  0001183e    00000002     --HOLE-- [fill = 0]
                  00011840    00000054     nettool_ipv4.aem4f : config.oem4f (.text:CfgEntryDeRef)
                  00011894    00000054     stk.aem4f : igmp.oem4f (.text:IGMPLeave)
                  000118e8    00000054               : rawethsock_pcb.oem4f (.text:RawEthSockPcbAttach)
                  0001193c    00000054               : sockpcb.oem4f (.text:SockCleanPcb)
                  00011990    00000054               : tcptime.oem4f (.text:TcpTimeoutPersist)
                  000119e4    00000054     os.aem4f : efs.oem4f (.text:efs_createfilecb)
                  00011a38    00000054     ti.mw.fatfs.aem4f : ff.oem4f (.text:sync_window)
                  00011a8c    00000054     httpServer_pem4f.oem4f (.text:ti_ndk_config_http_init)
                  00011ae0    00000054     sysbios.aem4f : BIOS.obj (.text:ti_sysbios_knl_Swi_Instance_finalize__E)
                  00011b34    00000054     httpServer_pem4f.oem4f (.text:ti_sysbios_knl_Task_construct)
                  00011b88    00000054     ti.targets.arm.rtsarm.aem4f : Assert.oem4f (.text:xdc_runtime_Assert_raise__I)
                  00011bdc    00000053     httpServer.obj (.text:RemoveWebFiles)
                  00011c2f    00000001     --HOLE-- [fill = 0]
                  00011c30    00000052     stk.aem4f : tcpprot.oem4f (.text:TcpPrDetach)
                  00011c82    00000002     --HOLE-- [fill = 0]
                  00011c84    00000050     drivers_tivaware.aem4f : GPIOTiva.oem4f (.text:GPIO_setCallback)
                  00011cd4    00000050                            : GPIOTiva.oem4f (.text:GPIO_toggle)
                  00011d24    00000050                            : GPIOTiva.oem4f (.text:GPIO_write)
                  00011d74    00000050     stk.aem4f : socket.oem4f (.text:NDK_bind)
                  00011dc4    00000050               : route.oem4f (.text:RtNew)
                  00011e14    00000050     driverlib.lib : sysctl.obj (.text:SysCtlPeripheralReset)
                  00011e64    00000050     Boot.aem4f : Boot_sysctl.oem4f (.text:_SysCtlFrequencyGet)
                  00011eb4    00000004     httpServer_pem4f.oem4f (.text:ti_sysbios_family_arm_m3_Hwi_delete)
                  00011eb8    00000050     sysbios.aem4f : BIOS.obj (.text:ti_sysbios_family_arm_m3_Hwi_Module_startup__E)
                  00011f08    00000050     ti.targets.arm.rtsarm.aem4f : Startup.oem4f (.text:xdc_runtime_Startup_exec__E)
                  00011f58    00000050                                 : Text.oem4f (.text:xdc_runtime_Text_visitRope2__I)
                  00011fa8    0000004f     os.aem4f : efs.oem4f (.text:efs_fopen)
                  00011ff7    00000001     --HOLE-- [fill = 0]
                  00011ff8    0000004e     stk.aem4f : node.oem4f (.text:NodeDeRef)
                  00012046    0000004e     nettool_ipv4.aem4f : config.oem4f (.text:_CfgEntryScan)
                  00012094    0000004c                        : ipaddr.oem4f (.text:NtAddNetwork)
                  000120e0    0000004c     stk.aem4f : sockint.oem4f (.text:SockValidateRoute)
                  0001212c    0000004c     rtsv7M4_T_le_v4SPD16_eabi.lib : atoi.c.obj (.text:atoi)
                  00012178    0000004c                                   : cpy_tbl.c.obj (.text:copy_in)
                  000121c4    0000004c     httpServer_pem4f.oem4f (.text:ti_mw_fatfs_startup)
                  00012210    0000004c     sysbios.aem4f : BIOS.obj (.text:ti_sysbios_heaps_HeapMem_getStats__E)
                  0001225c    00000004     httpServer_pem4f.oem4f (.text:ti_sysbios_family_arm_m3_TaskSupport_Module__startupDone__S)
                  00012260    0000004c     sysbios.aem4f : BIOS.obj (.text:ti_sysbios_knl_Swi_runLoop__I)
                  000122ac    00000004     httpServer_pem4f.oem4f (.text:ti_sysbios_heaps_HeapMem_Module_GateProxy_enter__E)
                  000122b0    0000004c     sysbios.aem4f : BIOS.obj (.text:ti_sysbios_knl_Task_allBlockedFunction__I)
                  000122fc    0000004a     stk.aem4f : sock.oem4f (.text:SockDisconnect)
                  00012346    00000002     --HOLE-- [fill = 0]
                  00012348    0000004a               : timer.oem4f (.text:TimerNew)
                  00012392    00000048     nettool_ipv4.aem4f : config.oem4f (.text:CfgNew)
                  000123da    00000002     --HOLE-- [fill = 0]
                  000123dc    00000048     driverlib.lib : gpio.obj (.text:GPIOPinConfigure)
                  00012424    00000048     stk.aem4f : lli.oem4f (.text:LLIMsg)
                  0001246c    00000048               : node.oem4f (.text:NodeWalk)
                  000124b4    00000048               : rawethsock_pcb.oem4f (.text:RawEthSockPcbDetach)
                  000124fc    00000048               : sockpcb.oem4f (.text:SockPcbResolveChain)
                  00012544    00000048               : tcpprot.oem4f (.text:TcpDrop)
                  0001258c    00000048               : lli.oem4f (.text:_LLIExpListInsert)
                  000125d4    00000048               : rtable.oem4f (.text:_RtExpListInsert)
                  0001261c    00000048     ti.mw.fatfs.aem4f : ff.oem4f (.text:dir_find)
                  00012664    00000048     stk.aem4f : file.oem4f (.text:fdint_lockfd)
                  000126ac    00000004     httpServer_pem4f.oem4f (.text:ti_sysbios_heaps_HeapMem_Module_GateProxy_leave__E)
                  000126b0    00000048     sysbios.aem4f : BIOS.obj (.text:ti_sysbios_family_arm_m3_Hwi_disableInterrupt__E)
                  000126f8    00000048                   : BIOS.obj (.text:ti_sysbios_family_arm_m3_Hwi_enableInterrupt__E)
                  00012740    00000048                   : BIOS.obj (.text:ti_sysbios_family_arm_m3_Hwi_excReserved__I)
                  00012788    00000048                   : BIOS.obj (.text:ti_sysbios_knl_Task_deleteTerminatedTasksFunc__I)
                  000127d0    00000046     nettool_ipv4.aem4f : ipaddr.oem4f (.text:NtIfIdx2Ip)
                  00012816    00000046     stk.aem4f : rawethsock.oem4f (.text:RawEthSockSend)
                  0001285c    00000046               : tcpprot.oem4f (.text:TcpPrCtlError)
                  000128a2    00000046     os.aem4f : mem.oem4f (.text:mmZeroInit)
                  000128e8    00000046     ti.targets.arm.rtsarm.aem4f : Core-params.oem4f (.text:xdc_runtime_Core_assignParams__I)
                  0001292e    00000002     --HOLE-- [fill = 0]
                  00012930    00000044     drivers_tivaware.aem4f : EMACSnow.oem4f (.text:EMACSnow_processTransmitted)
                  00012974    00000044     rtsv7M4_T_le_v4SPD16_eabi.lib : hostclose.c.obj (.text:HOSTclose)
                  000129b8    00000044                                   : hostunlink.c.obj (.text:HOSTunlink)
                  000129fc    00000044     stk.aem4f : icmp.oem4f (.text:ICMPChecksum)
                  00012a40    00000044               : ipfrag.oem4f (.text:IPReasmFree)
                  00012a84    00000044               : lli.oem4f (.text:LLIGetValidTime)
                  00012ac8    00000044               : rtable.oem4f (.text:RouteMsg)
                  00012b0c    00000044               : rtable.oem4f (.text:RtWalkEnd)
                  00012b50    00000044               : sockpcb.oem4f (.text:SockPcbDetach)
                  00012b94    00000044               : timer.oem4f (.text:TimerListInsert)
                  00012bd8    00000044     ti.mw.fatfs.aem4f : ff.oem4f (.text:dir_alloc)
                  00012c1c    00000044     os.aem4f : efs.oem4f (.text:efs_internal_remove)
                  00012c60    00000044     nettool_ipv4.aem4f : httpclie.oem4f (.text:httpGetMimeBits)
                  00012ca4    00000044     hal_timer_bios.aem4f : lltimer.oem4f (.text:llTimerGetTime)
                  00012ce8    00000044     sysbios.aem4f : BIOS.obj (.text:ti_sysbios_family_arm_m3_Hwi_getStackInfo__E)
                  00012d2c    00000004     httpServer_pem4f.oem4f (.text:ti_sysbios_knl_Clock_TimerProxy_getMaxTicks__E)
                  00012d30    00000044     sysbios.aem4f : BIOS.obj (.text:ti_sysbios_knl_Swi_post__E)
                  00012d74    00000044     ti.targets.arm.rtsarm.aem4f : Error.oem4f (.text:xdc_runtime_Error_setX__E)
                  00012db8    00000044                                 : SysMin.oem4f (.text:xdc_runtime_SysMin_flush__E)
                  00012dfc    00000044                                 : Text.oem4f (.text:xdc_runtime_Text_xprintf__I)
                  00012e40    00000042     nettool_ipv4.aem4f : telnetd.oem4f (.text:CmdWriteCmd)
                  00012e82    00000042     stk.aem4f : socket.oem4f (.text:NDK_listen)
                  00012ec4    00000042               : tcpprot.oem4f (.text:TcpPrSendOOB)
                  00012f06    00000042               : fileuser.oem4f (.text:fdCloseSession)
                  00012f48    00000040               : lliin.oem4f (.text:LLIValidateRoute)
                  00012f88    00000040               : pbm.oem4f (.text:PBM_copy)
                  00012fc8    00000040               : sockpcb.oem4f (.text:SockPcbRtChange)
                  00013008    00000040               : tcpprot.oem4f (.text:TcpPrSend)
                  00013048    00000040     ti.mw.fatfs.aem4f : ff.oem4f (.text:get_ldnumber)
                  00013088    00000040     nettool_ipv4.aem4f : httpsend.oem4f (.text:httpSendErrorResponse)
                  000130c8    00000040     rtsv7M4_T_le_v4SPD16_eabi.lib : u_divt2.asm.obj (.text)
                  00013108    00000040     sysbios.aem4f : BIOS.obj (.text:ti_sysbios_family_arm_lm4_Timer_startup__E)
                  00013148    0000003e     nettool_ipv4.aem4f : dhcpmain.oem4f (.text:DHCPClose)
                  00013186    00000002     --HOLE-- [fill = 0]
                  00013188    0000003e     stk.aem4f : nimu.oem4f (.text:NIMUAllocateName)
                  000131c6    0000003e     os.aem4f : task.oem4f (.text:TaskCreate)
                  00013204    0000003e     stk.aem4f : tcpprot.oem4f (.text:TcpPrDisconnect)
                  00013242    0000003e               : file.oem4f (.text:fdint_unlockfd)
                  00013280    0000003c     nettool_ipv4.aem4f : config.oem4f (.text:CfgEntryGetData)
                  000132bc    0000003c     driverlib.lib : emac.obj (.text:EMACIntDisable)
                  000132f8    0000003c     stk.aem4f : node.oem4f (.text:NodeUpdatePL)
                  00013334    0000003c               : rtable.oem4f (.text:RtWalkBegin)
                  00013370    0000003c               : tcpprot.oem4f (.text:TcpPrConnect)
                  000133ac    0000003c               : tcptime.oem4f (.text:TcpSetPersist)
                  000133e8    0000003c               : rtc.oem4f (.text:_RTCSendRtAdv)
                  00013424    0000003c               : rtable.oem4f (.text:_RtNodeRemove)
                  00013460    0000003c     hal_timer_bios.aem4f : lltimer.oem4f (.text:_llTimerInit)
                  0001349c    00000004     httpServer_pem4f.oem4f (.text:ti_sysbios_knl_Queue_destruct)
                  000134a0    0000003c     sysbios.aem4f : BIOS.obj (.text:ti_sysbios_family_arm_m3_Hwi_excSvCall__I)
                  000134dc    00000004     httpServer_pem4f.oem4f (.text:ti_sysbios_knl_Semaphore_delete)
                  000134e0    0000003c     sysbios.aem4f : BIOS.obj (.text:ti_sysbios_heaps_HeapMem_init__I)
                  0001351c    00000004     httpServer_pem4f.oem4f (.text:ti_sysbios_knl_Semaphore_destruct)
                  00013520    0000003c     sysbios.aem4f : BIOS.obj (.text:ti_sysbios_knl_Swi_restore__E)
                  0001355c    0000003a     driverlib.lib : emac.obj (.text:EMACIntEnable)
                  00013596    0000003a     os.aem4f : efs.oem4f (.text:efs_filesend)
                  000135d0    00000038     driverlib.lib : emac.obj (.text:EMACConfigGet)
                  00013608    00000038     stk.aem4f : ipfrag.oem4f (.text:IPReasmTimeout)
                  00013640    00000038               : node.oem4f (.text:NodeGetRt)
                  00013678    00000038     driverlib.lib : sysctl.obj (.text:SysCtlPeripheralReady)
                  000136b0    00000038     stk.aem4f : tcpprot.oem4f (.text:TcpClose)
                  000136e8    00000038               : timer.oem4f (.text:TimerHSTick)
                  00013720    00000038     rtsv7M4_T_le_v4SPD16_eabi.lib : trgmsg.c.obj (.text:__TI_writemsg)
                  00013758    00000038     nettool_ipv4.aem4f : dhcpbild.oem4f (.text:dhcpBuildDiscover)
                  00013790    00000038                        : dhcptags.oem4f (.text:dhcpOptionsClear)
                  000137c8    00000038     ti.mw.fatfs.aem4f : ff.oem4f (.text:dir_register)
                  00013800    00000038     stk.aem4f : file.oem4f (.text:fdint_waitevent)
                  00013838    00000038     sysbios.aem4f : BIOS.obj (.text:ti_sysbios_family_arm_m3_Hwi_excNoIsr__I)
                  00013870    00000038     httpServer_pem4f.oem4f (.text:ti_sysbios_knl_Clock_create)
                  000138a8    00000038     sysbios.aem4f : BIOS.obj (.text:ti_sysbios_knl_Task_processVitalTaskFlag__I)
                  000138e0    00000038     ti.targets.arm.rtsarm.aem4f : SysMin.oem4f (.text:xdc_runtime_SysMin_putch__E)
                  00013918    00000038                                 : System.oem4f (.text:xdc_runtime_System_atexit__E)
                  00013950    00000036     nettool_ipv4.aem4f : telnetd.oem4f (.text:CmdWriteBytes)
                  00013986    00000036     stk.aem4f : ip.oem4f (.text:IPChecksum)
                  000139bc    00000036     ti.mw.fatfs.aem4f : ff.oem4f (.text:move_window)
                  000139f2    00000036     rtsv7M4_T_le_v4SPD16_eabi.lib : strncpy.c.obj (.text:strncpy)
                  00013a28    00000036     httpServer_pem4f.oem4f (.text:ti_mw_fatfs_getFatTime)
                  00013a5e    00000002     --HOLE-- [fill = 0]
                  00013a60    00000034     nettool_ipv4.aem4f : config.oem4f (.text:CfgSetService)
                  00013a94    00000034     driverlib.lib : emac.obj (.text:EMACConfigSet)
                  00013ac8    00000034                   : emac.obj (.text:EMACIntClear)
                  00013afc    00000034     drivers_tivaware.aem4f : EMACSnow.oem4f (.text:EMACSnow_emacPoll)
                  00013b30    00000034                            : EMACSnow.oem4f (.text:EMACSnow_isLinkUp)
                  00013b64    00000034                            : EMAC.oem4f (.text:EMAC_init)
                  00013b98    00000034     stk.aem4f : exec.oem4f (.text:ExecClose)
                  00013bcc    00000034               : nimu.oem4f (.text:NIMUFindByName)
                  00013c00    00000034               : nimu.oem4f (.text:NIMUInit)
                  00013c34    00000034               : rawethsock.oem4f (.text:RawEthSockNotify)
                  00013c68    00000034               : sockprot.oem4f (.text:SockPrCtlError)
                  00013c9c    00000034     driverlib.lib : sysctl.obj (.text:SysCtlPeripheralEnable)
                  00013cd0    00000034     rtsv7M4_T_le_v4SPD16_eabi.lib : trgmsg.c.obj (.text:__TI_readmsg)
                  00013d04    00000034     ti.mw.fatfs.aem4f : ff.oem4f (.text:dir_remove)
                  00013d38    00000034                       : ffcio.oem4f (.text:ffcio_lseek)
                  00013d6c    00000034     nettool_ipv4.aem4f : httpsend.oem4f (.text:httpSendEntityLength)
                  00013da0    00000034     os.aem4f : mem.oem4f (.text:mmUnInitPage)
                  00013dd4    00000034              : ossys.oem4f (.text:stricmp)
                  00013e08    00000034     rtsv7M4_T_le_v4SPD16_eabi.lib : strstr.c.obj (.text:strstr)
                  00013e3c    00000004     httpServer_pem4f.oem4f (.text:ti_sysbios_knl_Swi_delete)
                  00013e40    00000034     sysbios.aem4f : BIOS.obj (.text:ti_sysbios_family_arm_m3_Hwi_Instance_finalize__E)
                  00013e74    00000004     httpServer_pem4f.oem4f (.text:ti_sysbios_knl_Task_delete)
                  00013e78    00000034     sysbios.aem4f : BIOS.obj (.text:ti_sysbios_family_arm_m3_Hwi_excNmi__I)
                  00013eac    00000004     ti.targets.arm.rtsarm.aem4f : Error.oem4f (.text:xdc_runtime_Error_getMsg__E)
                  00013eb0    00000034     sysbios.aem4f : BIOS.obj (.text:ti_sysbios_hal_Hwi_checkStack)
                  00013ee4    00000034     httpServer_pem4f.oem4f (.text:ti_sysbios_knl_Semaphore_create)
                  00013f18    00000034     ti.mw.fatfs.aem4f : ff.oem4f (.text:validate)
                  00013f4c    00000034     ti.targets.arm.rtsarm.aem4f : Core-label.oem4f (.text:xdc_runtime_Core_assignLabel__I)
                  00013f80    00000033                                 : Text.oem4f (.text:xdc_runtime_Text_printVisFxn__I)
                  00013fb3    00000001     --HOLE-- [fill = 0]
                  00013fb4    00000032     nettool_ipv4.aem4f : config.oem4f (.text:CfgGetImmediate)
                  00013fe6    00000032     stk.aem4f : pipe.oem4f (.text:PipeCheck)
                  00014018    00000032               : route.oem4f (.text:RtDeRef)
                  0001404a    00000032               : route.oem4f (.text:RtSetFailure)
                  0001407c    00000032               : sb.oem4f (.text:SBFlush)
                  000140ae    00000032               : sb.oem4f (.text:SBSetMax)
                  000140e0    00000032               : sock.oem4f (.text:SockIntAbort)
                  00014112    00000032     nettool_ipv4.aem4f : config.oem4f (.text:_CfgAcquire)
                  00014144    00000032                        : dhcpsm.oem4f (.text:dhcpIPRemove)
                  00014176    00000032     os.aem4f : efs.oem4f (.text:efs_fclose)
                  000141a8    00000032     sysbios.aem4f : BIOS.obj (.text:ti_sysbios_hal_Hwi_initStack)
                  000141da    00000006     driverlib.lib : emac.obj (.text:EMACTxDMADescriptorListSet)
                  000141e0    00000032     sysbios.aem4f : BIOS.obj (.text:ti_sysbios_knl_Semaphore_pendTimeout__I)
                  00014212    00000030     driverlib.lib : emac.obj (.text:EMACAddrSet)
                  00014242    00000002     --HOLE-- [fill = 0]
                  00014244    00000030     drivers_tivaware.aem4f : EMACSnow.oem4f (.text:EMACSnow_handlePackets)
                  00014274    00000030     netctrl_ipv4.aem4f : netsrv.oem4f (.text:NS_PreBoot)
                  000142a4    00000030     stk.aem4f : sock.oem4f (.text:SockBind)
                  000142d4    00000030               : sock.oem4f (.text:SockGetName)
                  00014304    00000030     nettool_ipv4.aem4f : dhcpsock.oem4f (.text:dhcpPacketSend)
                  00014334    00000030     rtsv7M4_T_le_v4SPD16_eabi.lib : getdevice.c.obj (.text:finddevice)
                  00014364    00000030     stk.aem4f : listlib.oem4f (.text:list_remove_node)
                  00014394    00000030     httpServer_pem4f.oem4f (.text:ti_sysbios_BIOS_atExitFunc__I)
                  000143c4    00000004     ti.targets.arm.rtsarm.aem4f : Error.oem4f (.text:xdc_runtime_Error_getSite__E)
                  000143c8    00000030     sysbios.aem4f : BIOS.obj (.text:ti_sysbios_family_arm_lm4_Timer_stop__E)
                  000143f8    00000030                   : BIOS.obj (.text:ti_sysbios_family_arm_m3_TaskSupport_start__E)
                  00014428    00000030     httpServer_pem4f.oem4f (.text:ti_sysbios_gates_GateHwi_Object__create__S)
                  00014458    00000030     httpServer_pem4f.oem4f (.text:ti_sysbios_gates_GateMutex_Object__create__S)
                  00014488    00000030     httpServer_pem4f.oem4f (.text:ti_sysbios_heaps_HeapMem_Object__create__S)
                  000144b8    00000030     httpServer_pem4f.oem4f (.text:ti_sysbios_knl_Semaphore_construct)
                  000144e8    00000030     ti.targets.arm.rtsarm.aem4f : SysMin.oem4f (.text:xdc_runtime_SysMin_abort__E)
                  00014518    00000030                                 : System.oem4f (.text:xdc_runtime_System_processAtExit__E)
                  00014548    0000002e     stk.aem4f : sb.oem4f (.text:SBFree)
                  00014576    0000002c     driverlib.lib : emac.obj (.text:EMACIntStatus)
                  000145a2    0000002c     stk.aem4f : file.oem4f (.text:FdSignalEvent)
                  000145ce    00000002     --HOLE-- [fill = 0]
                  000145d0    0000002c               : igmp.oem4f (.text:IGMPTestGroup)
                  000145fc    0000002c     os.aem4f : task.oem4f (.text:NDK_hookCreate)
                  00014628    0000002c     stk.aem4f : nimu.oem4f (.text:NIMUAllocateIndex)
                  00014654    0000002c               : nimu.oem4f (.text:NIMUPacketServiceCheck)
                  00014680    0000002c               : pipe.oem4f (.text:PipeClose)
                  000146ac    0000002c               : sockpcb.oem4f (.text:SockPcbAttach)
                  000146d8    0000002c               : lli.oem4f (.text:_LLIExpListRemove)
                  00014704    0000002c               : lli.oem4f (.text:_LLITimeoutFlush)
                  00014730    0000002c               : rtable.oem4f (.text:_RtExpListRemove)
                  0001475c    0000002c     os.aem4f : efs.oem4f (.text:efs_findfile)
                  00014788    0000002c     stk.aem4f : file.oem4f (.text:fdint_setevent)
                  000147b4    0000002c     rtsv7M4_T_le_v4SPD16_eabi.lib : strncmp.c.obj (.text:strncmp)
                  000147e0    0000002c     httpServer_pem4f.oem4f (.text:ti_sysbios_knl_Clock_doTick__I)
                  0001480c    0000002c     httpServer_pem4f.oem4f (.text:ti_sysbios_knl_Queue_construct)
                  00014838    0000002c     sysbios.aem4f : BIOS.obj (.text:ti_sysbios_knl_Task_restore__E)
                  00014864    0000002c     ti.targets.arm.rtsarm.aem4f : Text.oem4f (.text:xdc_runtime_Text_cordText__E)
                  00014890    0000002a     driverlib.lib : gpio.obj (.text:GPIODirModeSet)
                  000148ba    0000002a     stk.aem4f : pbm.oem4f (.text:PBMQ_deq)
                  000148e4    0000002a     netctrl_ipv4.aem4f : netsrv.oem4f (.text:ServiceCallback)
                  0001490e    0000002a     nettool_ipv4.aem4f : config.oem4f (.text:_CfgRelease)
                  00014938    0000002a     ti.targets.arm.rtsarm.aem4f : System.oem4f (.text:xdc_runtime_System_putchar__I)
                  00014962    00000002     --HOLE-- [fill = 0]
                  00014964    00000028     stk.aem4f : bind.oem4f (.text:BindFindByNet)
                  0001498c    00000028               : lli.oem4f (.text:LLIFree)
                  000149b4    00000028     netctrl_ipv4.aem4f : netctrl.oem4f (.text:NC_SystemClose)
                  000149dc    00000028     stk.aem4f : nimu.oem4f (.text:NIMUCreatePacket)
                  00014a04    00000028               : nimu.oem4f (.text:NIMUPacketService)
                  00014a2c    00000028               : tcpin.oem4f (.text:TcpEnterTimeWait)
                  00014a54    00000028               : timer.oem4f (.text:TimerListRemove)
                  00014a7c    00000028               : vlan.oem4f (.text:VLANFindSourceInterface)
                  00014aa4    00000028               : vlan.oem4f (.text:VLANInit)
                  00014acc    00000028     nettool_ipv4.aem4f : dhcpsock.oem4f (.text:dhcpPacketReceive)
                  00014af4    00000028     os.aem4f : efs.oem4f (.text:efs_destroyfile)
                  00014b1c    00000028     drivers_tivaware.aem4f : EMACSnow.oem4f (.text:signalLinkChange)
                  00014b44    00000028     httpServer_pem4f.oem4f (.text:ti_sysbios_BIOS_startFunc__I)
                  00014b6c    00000004     httpServer_pem4f.oem4f (.text:xdc_runtime_System_Module_GateProxy_enter__E)
                  00014b70    00000028     sysbios.aem4f : BIOS.obj (.text:ti_sysbios_knl_Swi_Module_startup__E)
                  00014b98    00000026     nettool_ipv4.aem4f : config.oem4f (.text:CfgEntryInfo)
                  00014bbe    00000026     driverlib.lib : emac.obj (.text:EMACPHYRead)
                  00014be4    00000026                   : emac.obj (.text:EMACPHYWrite)
                  00014c0a    00000026     stk.aem4f : rawethsock.oem4f (.text:RawEthSockClose)
                  00014c30    00000026     sysbios.aem4f : m3_Hwi_asm.obj (.text:ti_sysbios_family_arm_m3_Hwi_pendSV__I)
                  00014c56    00000026     ti.targets.arm.rtsarm.aem4f : System.oem4f (.text:xdc_runtime_System_avprintf__E)
                  00014c7c    00000024     stk.aem4f : bind.oem4f (.text:BindFindByHost)
                  00014ca0    00000024               : bind.oem4f (.text:BindGetIFByDBCast)
                  00014cc4    00000024     drivers_tivaware.aem4f : EMACSnow.oem4f (.text:EMACSnow_pkt_service)
                  00014ce8    00000024                            : EMACSnow.oem4f (.text:EMACSnow_primeRx)
                  00014d0c    00000024     stk.aem4f : exec.oem4f (.text:ExecTimer)
                  00014d30    00000024               : nimu.oem4f (.text:NIMUFindByIndex)
                  00014d54    00000024               : rtc.oem4f (.text:RTCAddHook)
                  00014d78    00000024               : rawethsock_pcb.oem4f (.text:RawEthSockPcbFind)
                  00014d9c    00000024               : route.oem4f (.text:RtFree)
                  00014dc0    00000024               : route.oem4f (.text:RtSetTimeout)
                  00014de4    00000024               : sockpcb.oem4f (.text:SockPcbCleanup)
                  00014e08    00000024               : tcpprot.oem4f (.text:TcpPrListen)
                  00014e2c    00000024               : tcptime.oem4f (.text:TcpTimeoutWait2)
                  00014e50    00000024     nettool_ipv4.aem4f : config.oem4f (.text:_CfgEntryProcess)
                  00014e74    00000024     ti.mw.fatfs.aem4f : diskio.oem4f (.text:disk_ioctl)
                  00014e98    00000024                       : diskio.oem4f (.text:disk_read)
                  00014ebc    00000024                       : ff.oem4f (.text:f_close)
                  00014ee0    00000024                       : ffcio.oem4f (.text:ffcio_close)
                  00014f04    00000024     httpServer_pem4f.oem4f (.text:ti_sysbios_BIOS_errorRaiseHook__I)
                  00014f28    00000024     httpServer_pem4f.oem4f (.text:ti_sysbios_BIOS_registerRTSLock__I)
                  00014f4c    00000024     httpServer_pem4f.oem4f (.text:ti_sysbios_BIOS_removeRTSLock__I)
                  00014f70    00000024     httpServer_pem4f.oem4f (.text:ti_sysbios_gates_GateMutex_Object__delete__S)
                  00014f94    00000004     httpServer_pem4f.oem4f (.text:xdc_runtime_System_Module_GateProxy_leave__E)
                  00014f98    00000024     sysbios.aem4f : BIOS.obj (.text:ti_sysbios_knl_Clock_Module_startup__E)
                  00014fbc    00000024     httpServer_pem4f.oem4f (.text:ti_sysbios_knl_Semaphore_Object__delete__S)
                  00014fe0    00000024     sysbios.aem4f : BIOS.obj (.text:ti_sysbios_knl_Task_restoreHwi__E)
                  00015004    00000024     ti.targets.arm.rtsarm.aem4f : System.oem4f (.text:xdc_runtime_System_vprintf__E)
                  00015028    00000022     nettool_ipv4.aem4f : config.oem4f (.text:CfgEntryRef)
                  0001504a    00000022     stk.aem4f : vlan.oem4f (.text:VLANFindNode)
                  0001506c    00000004     ti.targets.arm.rtsarm.aem4f : System.oem4f (.text:xdc_runtime_System_aprintf_va__F)
                  00015070    00000022     sysbios.aem4f : BIOS.obj (.text:ti_sysbios_family_arm_lm4_Timer_write__I)
                  00015092    00000022     httpServer_pem4f.oem4f (.text:xdc_runtime_SysMin_output__I)
                  000150b4    00000020     netctrl_ipv4.aem4f : netctrl.oem4f (.text:NC_BootComplete)
                  000150d4    00000020     stk.aem4f : nimu.oem4f (.text:NIMUGetNumOfObject)
                  000150f4    00000020               : rtc.oem4f (.text:RTCRemoveHook)
                  00015114    00000020               : tcp.oem4f (.text:TcpTimeoutRemove)
                  00015134    00000020     Boot.aem4f : Boot_sysctl.oem4f (.text:_SysCtlMemTimingGet)
                  00015154    00000020     ti.mw.fatfs.aem4f : diskio.oem4f (.text:disk_write)
                  00015174    00000020     stk.aem4f : fileuser.oem4f (.text:fdsetTestEntry)
                  00015194    00000020     ti.mw.fatfs.aem4f : ffcio.oem4f (.text:ffcio_read)
                  000151b4    00000020                       : ffcio.oem4f (.text:ffcio_write)
                  000151d4    00000020     httpServer_pem4f.oem4f (.text:ti_sysbios_BIOS_rtsLock__I)
                  000151f4    00000020     httpServer_pem4f.oem4f (.text:ti_sysbios_family_arm_m3_Hwi_Object__delete__S)
                  00015214    00000020     sysbios.aem4f : m3_Hwi_asm.obj (.text:ti_sysbios_family_arm_m3_Hwi_excHandlerAsm__I)
                  00015234    00000004     ti.targets.arm.rtsarm.aem4f : System.oem4f (.text:xdc_runtime_System_printf_va__F)
                  00015238    00000020     sysbios.aem4f : BIOS.obj (.text:ti_sysbios_family_arm_m3_Hwi_excHandler__I)
                  00015258    00000020     httpServer_pem4f.oem4f (.text:ti_sysbios_gates_GateHwi_Object__delete__S)
                  00015278    00000020     httpServer_pem4f.oem4f (.text:ti_sysbios_heaps_HeapMem_Object__delete__S)
                  00015298    00000020     sysbios.aem4f : BIOS.obj (.text:ti_sysbios_knl_Idle_run__E)
                  000152b8    00000020     httpServer_pem4f.oem4f (.text:ti_sysbios_knl_Semaphore_Object__destruct__S)
                  000152d8    00000020     httpServer_pem4f.oem4f (.text:ti_sysbios_knl_Swi_Object__delete__S)
                  000152f8    00000020     httpServer_pem4f.oem4f (.text:ti_sysbios_knl_Task_Object__delete__S)
                  00015318    00000020     ti.targets.arm.rtsarm.aem4f : Registry.oem4f (.text:xdc_runtime_Registry_findById__E)
                  00015338    00000020                                 : SysMin.oem4f (.text:xdc_runtime_SysMin_Module_startup__E)
                  00015358    0000001e     os.aem4f : efs.oem4f (.text:efs_loadfunction)
                  00015376    0000001e     stk.aem4f : fileuser.oem4f (.text:fdSelectAbort)
                  00015394    0000001e     ti.mw.fatfs.aem4f : ff.oem4f (.text:ld_clust)
                  000153b2    0000001e     stk.aem4f : listlib.oem4f (.text:list_remove)
                  000153d0    0000001e     rtsv7M4_T_le_v4SPD16_eabi.lib : strcat.c.obj (.text:strcat)
                  000153ee    0000001e     sysbios.aem4f : m3_Hwi_asm_switch.obj (.text:ti_sysbios_family_xxx_Hwi_switchAndRunFunc)
                  0001540c    0000001c     stk.aem4f : bind.oem4f (.text:BindFindByIF)
                  00015428    0000001c               : exec.oem4f (.text:ExecBroadcast)
                  00015444    0000001c     os.aem4f : ossys.oem4f (.text:NDK_sprintf)
                  00015460    0000001c     stk.aem4f : nimu.oem4f (.text:NIMUAddHeader)
                  0001547c    0000001c               : sockprot.oem4f (.text:SockPrDetach)
                  00015498    0000001c     os.aem4f : task.oem4f (.text:TaskDestroy)
                  000154b4    0000001c     ti.mw.fatfs.aem4f : diskio.oem4f (.text:disk_initialize)
                  000154d0    0000001c                       : diskio.oem4f (.text:disk_status)
                  000154ec    0000001c     drivers_tivaware.aem4f : GPIOTiva.oem4f (.text:getGpioIntIndex)
                  00015508    0000001c     ti.mw.fatfs.aem4f : ff.oem4f (.text:mem_cmp)
                  00015524    00000004     ti.targets.arm.rtsarm.aem4f : System.oem4f (.text:xdc_runtime_System_sprintf_va__F)
                  00015528    0000001c     sysbios.aem4f : BIOS.obj (.text:ti_sysbios_family_arm_lm4_Seconds_get__E)
                  00015544    00000004     --HOLE-- [fill = 0]
                  00015548    0000001c                   : BIOS.obj (.text:ti_sysbios_gates_GateMutex_Instance_init__E)
                  00015564    0000001c     httpServer_pem4f.oem4f (.text:ti_sysbios_knl_Queue_Object__destruct__S)
                  00015580    0000001c     sysbios.aem4f : BIOS.obj (.text:ti_sysbios_knl_Task_enter__I)
                  0001559c    0000001c     ti.targets.arm.rtsarm.aem4f : Error.oem4f (.text:xdc_runtime_Error_raiseX__E)
                  000155b8    0000001c                                 : Memory.oem4f (.text:xdc_runtime_Memory_valloc__E)
                  000155d4    0000001c                                 : SysMin.oem4f (.text:xdc_runtime_SysMin_exit__E)
                  000155f0    0000001c                                 : System.oem4f (.text:xdc_runtime_System_abort__E)
                  0001560c    0000001c     httpServer_pem4f.oem4f (.text:xdc_runtime_System_sprintf__E)
                  00015628    0000001a     stk.aem4f : bind.oem4f (.text:BindGetIP)
                  00015642    0000001a               : sockint.oem4f (.text:SockSetOOBMark)
                  0001565c    0000001a               : file.oem4f (.text:fdint_getfdt)
                  00015676    0000001a     nettool_ipv4.aem4f : httpsend.oem4f (.text:httpSendClientStr)
                  00015690    0000001a     httpServer_pem4f.oem4f (.text:ti_sysbios_family_arm_m3_Hwi_Handle__label__S)
                  000156aa    0000001a     httpServer_pem4f.oem4f (.text:ti_sysbios_gates_GateHwi_Handle__label__S)
                  000156c4    0000001a     httpServer_pem4f.oem4f (.text:ti_sysbios_gates_GateMutex_Handle__label__S)
                  000156de    0000001a     httpServer_pem4f.oem4f (.text:ti_sysbios_heaps_HeapMem_Handle__label__S)
                  000156f8    0000001a     httpServer_pem4f.oem4f (.text:ti_sysbios_knl_Swi_Handle__label__S)
                  00015712    0000001a     httpServer_pem4f.oem4f (.text:ti_sysbios_knl_Task_Handle__label__S)
                  0001572c    00000004     --HOLE-- [fill = 0]
                  00015730    0000001a     sysbios.aem4f : BIOS.obj (.text:ti_sysbios_knl_Task_sleepTimeout__I)
                  0001574a    0000001a     ti.mw.fatfs.aem4f : ff.oem4f (.text:unlock_fs)
                  00015764    0000001a     httpServer_pem4f.oem4f (.text:xdc_runtime_System_aprintf__E)
                  0001577e    0000001a     httpServer_pem4f.oem4f (.text:xdc_runtime_System_printf__E)
                  00015798    00000018     drivers_tivaware.aem4f : EMACSnow.oem4f (.text:EMACSnow_emacSend)
                  000157b0    00000018     stk.aem4f : ip.oem4f (.text:IPRtChange)
                  000157c8    00000018               : rawethsock_pcb.oem4f (.text:RawEthSockPcbCleanup)
                  000157e0    00000018     nettool_ipv4.aem4f : ipaddr.oem4f (.text:RouteHook)
                  000157f8    00000018     stk.aem4f : tcpin.oem4f (.text:SEQ_GEQ)
                  00015810    00000018               : tcpout.oem4f (.text:SEQ_GEQ)
                  00015828    00000018               : tcpin.oem4f (.text:SEQ_GT)
                  00015840    00000018               : tcpout.oem4f (.text:SEQ_GT)
                  00015858    00000018               : tcpin.oem4f (.text:SEQ_LEQ)
                  00015870    00000018               : tcpout.oem4f (.text:SEQ_LEQ)
                  00015888    00000018               : tcpin.oem4f (.text:SEQ_LT)
                  000158a0    00000018               : tcpout.oem4f (.text:SEQ_LT)
                  000158b8    00000018               : tcp.oem4f (.text:TcpTimeoutAdd)
                  000158d0    00000018     rtsv7M4_T_le_v4SPD16_eabi.lib : args_main.c.obj (.text:_args_main)
                  000158e8    00000018     ti.mw.fatfs.aem4f : ff.oem4f (.text:clust2sect)
                  00015900    00000018     nettool_ipv4.aem4f : dhcpsock.oem4f (.text:dhcpSocketClose)
                  00015918    00000018     stk.aem4f : file.oem4f (.text:fdint_clearevent)
                  00015930    00000018               : listlib.oem4f (.text:list_add)
                  00015948    00000018     rtsv7M4_T_le_v4SPD16_eabi.lib : strcmp.c.obj (.text:strcmp)
                  00015960    00000018     httpServer_pem4f.oem4f (.text:ti_sysbios_BIOS_rtsUnlock__I)
                  00015978    00000018     httpServer_pem4f.oem4f (.text:ti_sysbios_family_arm_lm4_Timer_Module__startupDone__F)
                  00015990    00000018     httpServer_pem4f.oem4f (.text:ti_sysbios_family_arm_m3_Hwi_Module__startupDone__F)
                  000159a8    00000018     sysbios.aem4f : m3_TaskSupport_asm.obj (.text:ti_sysbios_family_arm_m3_TaskSupport_swap__E)
                  000159c0    00000018                   : BIOS.obj (.text:ti_sysbios_gates_GateMutex_leave__E)
                  000159d8    00000018     httpServer_pem4f.oem4f (.text:time)
                  000159f0    00000018     ti.targets.arm.rtsarm.aem4f : Error.oem4f (.text:xdc_runtime_Error_check__E)
                  00015a08    00000018                                 : System.oem4f (.text:xdc_runtime_System_exit__E)
                  00015a20    00000018                                 : Text.oem4f (.text:xdc_runtime_Text_ropeText__E)
                  00015a38    00000016     driverlib.lib : emac.obj (.text:EMACReset)
                  00015a4e    00000016                   : emac.obj (.text:EMACRxEnable)
                  00015a64    00000016                   : emac.obj (.text:EMACTxEnable)
                  00015a7a    00000016     stk.aem4f : file.oem4f (.text:fdint_freefdt)
                  00015a90    00000016     ti.mw.fatfs.aem4f : ff.oem4f (.text:mem_cpy)
                  00015aa6    00000016     httpServer_pem4f.oem4f (.text:ti_sysbios_BIOS_exitFunc__I)
                  00015abc    00000016     ti.targets.arm.rtsarm.aem4f : System.oem4f (.text:xdc_runtime_System_vsprintf__E)
                  00015ad2    00000014     stk.aem4f : bind.oem4f (.text:BindIPHost2IF)
                  00015ae6    00000002     --HOLE-- [fill = 0]
                  00015ae8    00000014     driverlib.lib : flash.obj (.text:FlashUserGet)
                  00015afc    00000014     netctrl_ipv4.aem4f : netctrl.oem4f (.text:NC_NetStop)
                  00015b10    00000014     os.aem4f : task.oem4f (.text:NDK_hookExit)
                  00015b24    00000014     stk.aem4f : nimu.oem4f (.text:NIMUSendPacket)
                  00015b38    00000014     nettool_ipv4.aem4f : ipaddr.oem4f (.text:NtRemoveNetwork)
                  00015b4c    00000014     stk.aem4f : rawethsock_pcb.oem4f (.text:RawEthSockPcbInit)
                  00015b60    00000014               : timer.oem4f (.text:TimerFree)
                  00015b74    00000014     ti.mw.fatfs.aem4f : ffosal.oem4f (.text:ff_req_grant)
                  00015b88    00000014                       : ff.oem4f (.text:mem_set)
                  00015b9c    00000014     rtsv7M4_T_le_v4SPD16_eabi.lib : strcpy.c.obj (.text:strcpy)
                  00015bb0    00000014                                   : strlen.c.obj (.text:strlen)
                  00015bc4    00000014     httpServer_pem4f.oem4f (.text:ti_sysbios_family_arm_m3_Hwi_Object__get__S)
                  00015bd8    00000014     sysbios.aem4f : BIOS.obj (.text:ti_sysbios_family_arm_m3_Hwi_switchFromBootStack__E)
                  00015bec    00000014     httpServer_pem4f.oem4f (.text:ti_sysbios_heaps_HeapMem_Object__get__S)
                  00015c00    00000014     httpServer_pem4f.oem4f (.text:ti_sysbios_knl_Swi_Object__get__S)
                  00015c14    00000014     httpServer_pem4f.oem4f (.text:ti_sysbios_knl_Task_Object__first__S)
                  00015c28    00000014     httpServer_pem4f.oem4f (.text:ti_sysbios_knl_Task_Object__next__S)
                  00015c3c    00000012     driverlib.lib : gpio.obj (.text:GPIOPinTypeEthernetLED)
                  00015c4e    00000012     tirtosport.aem4f : SemaphoreP_tirtos.oem4f (.text:SemaphoreP_pend)
                  00015c60    00000012     stk.aem4f : sockprot.oem4f (.text:SockPrAttach)
                  00015c72    00000012               : sockint.oem4f (.text:SockSetOOBData)
                  00015c84    00000012     ti.mw.fatfs.aem4f : ff.oem4f (.text:chk_chr)
                  00015c96    00000012                       : ffcio.oem4f (.text:ffcio_rename)
                  00015ca8    00000012                       : ffcio.oem4f (.text:ffcio_unlink)
                  00015cba    00000012     httpServer.obj (.text:heartBeatFxn)
                  00015ccc    00000012     nettool_ipv4.aem4f : inetaddr.oem4f (.text:inet_addr)
                  00015cde    00000002     --HOLE-- [fill = 0]
                  00015ce0    00000012     sysbios.aem4f : BIOS.obj (.text:ti_sysbios_hal_Hwi_Module_startup__E)
                  00015cf2    00000006     driverlib.lib : gpio.obj (.text:GPIOIntClear)
                  00015cf8    00000012     sysbios.aem4f : BIOS.obj (.text:ti_sysbios_knl_Semaphore_reset__E)
                  00015d0a    00000012     httpServer_pem4f.oem4f (.text:xdc_runtime_Startup_exec__I)
                  00015d1c    00000010     httpServer_pem4f.oem4f (.text:.bootCodeSection:ti_catalog_arm_cortexm4_tiva_ce_Boot_init__I)
                  00015d2c    00000010     stk.aem4f : bind.oem4f (.text:BindIF2IPHost)
                  00015d3c    00000010               : bind.oem4f (.text:BindIFNet2IPHost)
                  00015d4c    00000010     driverlib.lib : emac.obj (.text:EMACFrameFilterSet)
                  00015d5c    00000010     stk.aem4f : exec.oem4f (.text:ExecHRef)
                  00015d6c    00000010     netctrl_ipv4.aem4f : netctrl.oem4f (.text:NC_IPUpdate)
                  00015d7c    00000010     stk.aem4f : nimu.oem4f (.text:NIMUGetRsvdSizeInfo)
                  00015d8c    00000010     ti.mw.fatfs.aem4f : ff.oem4f (.text:st_clust)
                  00015d9c    00000004     --HOLE-- [fill = 0]
                  00015da0    00000010     sysbios.aem4f : BIOS.obj (.text:ti_sysbios_BIOS_getCpuFreq__E)
                  00015db0    00000010                   : BIOS.obj (.text:ti_sysbios_BIOS_setThreadType__E)
                  00015dc0    00000010                   : BIOS.obj (.text:ti_sysbios_BIOS_start__E)
                  00015dd0    00000010                   : m3_TaskSupport_asm.obj (.text:ti_sysbios_family_arm_m3_TaskSupport_glue)
                  00015de0    00000010                   : BIOS.obj (.text:ti_sysbios_gates_GateMutex_Instance_finalize__E)
                  00015df0    00000010                   : BIOS.obj (.text:ti_sysbios_knl_Semaphore_Instance_finalize__E)
                  00015e00    00000010                   : BIOS.obj (.text:ti_sysbios_knl_Swi_disable__E)
                  00015e10    00000010     httpServer_pem4f.oem4f (.text:ti_sysbios_knl_Task_Object__get__S)
                  00015e20    00000010     sysbios.aem4f : BIOS.obj (.text:ti_sysbios_knl_Task_disable__E)
                  00015e30    00000010     ti.targets.arm.rtsarm.aem4f : Gate.oem4f (.text:xdc_runtime_Gate_leaveSystem__E)
                  00015e40    00000010                                 : Memory.oem4f (.text:xdc_runtime_Memory_free__E)
                  00015e50    00000010                                 : SysMin.oem4f (.text:xdc_runtime_SysMin_ready__E)
                  00015e60    00000010                                 : System.oem4f (.text:xdc_runtime_System_vsnprintf__E)
                  00015e70    00000010     httpServer_pem4f.oem4f (.text:xdc_runtime_Text_visitRope__I)
[...]
00019f9c  ti_sysbios_family_arm_m3_Hwi_nullIsrFunc__C                          
00019fa0  ti_sysbios_family_arm_m3_Hwi_priGroup__C                             
00019fa4  ti_sysbios_family_arm_m3_TaskSupport_stackAlignment__C               
00019fa8  ti_sysbios_gates_GateMutex_A_badContext__C                           
00019fac  ti_sysbios_gates_GateMutex_Instance_State_sem__O                     
00019fb0  ti_sysbios_gates_GateMutex_Module__diagsEnabled__C                   
00019fb4  ti_sysbios_gates_GateMutex_Module__diagsIncluded__C                  
00019fb8  ti_sysbios_gates_GateMutex_Module__diagsMask__C                      
00019fbc  ti_sysbios_hal_Hwi_E_stackOverflow__C                                
00019fc0  ti_sysbios_heaps_HeapMem_A_align__C                                  
00019fc4  ti_sysbios_heaps_HeapMem_A_heapSize__C                               
00019fc8  ti_sysbios_heaps_HeapMem_A_invalidFree__C                            
00019fcc  ti_sysbios_heaps_HeapMem_A_zeroBlock__C                              
00019fd0  ti_sysbios_heaps_HeapMem_E_memory__C                                 
00019fd4  ti_sysbios_heaps_HeapMem_Module__diagsEnabled__C                     
00019fd8  ti_sysbios_heaps_HeapMem_Module__diagsIncluded__C                    
00019fdc  ti_sysbios_heaps_HeapMem_Module__diagsMask__C                        
00019fe0  ti_sysbios_heaps_HeapMem_Module__gateObj__C                          
00019fe4  ti_sysbios_heaps_HeapMem_Object__count__C                            
00019fe8  ti_sysbios_heaps_HeapMem_reqAlign__C                                 
00019fec  ti_sysbios_knl_Clock_A_badThreadType__C                              
00019ff0  ti_sysbios_knl_Clock_Module_State_clockQ__O                          
00019ff4  ti_sysbios_knl_Clock_Module__diagsEnabled__C                         
00019ff8  ti_sysbios_knl_Clock_Module__diagsIncluded__C                        
00019ffc  ti_sysbios_knl_Clock_Module__diagsMask__C                            
0001a000  ti_sysbios_knl_Semaphore_A_badContext__C                             
0001a004  ti_sysbios_knl_Semaphore_A_noEvents__C                               
0001a008  ti_sysbios_knl_Semaphore_A_overflow__C                               
0001a00c  ti_sysbios_knl_Semaphore_A_pendTaskDisabled__C                       
0001a010  ti_sysbios_knl_Semaphore_Instance_State_pendQ__O                     
0001a014  ti_sysbios_knl_Semaphore_Module__diagsEnabled__C                     
0001a018  ti_sysbios_knl_Semaphore_Module__diagsIncluded__C                    
0001a01c  ti_sysbios_knl_Semaphore_Module__diagsMask__C                        
0001a020  ti_sysbios_knl_Swi_A_badPriority__C                                  
0001a024  ti_sysbios_knl_Swi_Module__diagsEnabled__C                           
0001a028  ti_sysbios_knl_Swi_Module__diagsIncluded__C                          
0001a02c  ti_sysbios_knl_Swi_Module__diagsMask__C                              
0001a030  ti_sysbios_knl_Swi_Object__count__C                                  
0001a034  ti_sysbios_knl_Task_A_badPriority__C                                 
0001a038  ti_sysbios_knl_Task_A_badTaskState__C                                
0001a03c  ti_sysbios_knl_Task_A_badThreadType__C                               
0001a040  ti_sysbios_knl_Task_A_badTimeout__C                                  
0001a044  ti_sysbios_knl_Task_A_noPendElem__C                                  
0001a048  ti_sysbios_knl_Task_A_sleepTaskDisabled__C                           
0001a04c  ti_sysbios_knl_Task_E_deleteNotAllowed__C                            
0001a050  ti_sysbios_knl_Task_E_spOutOfBounds__C                               
0001a054  ti_sysbios_knl_Task_E_stackOverflow__C                               
0001a058  ti_sysbios_knl_Task_Module_State_inactiveQ__O                        
0001a05c  ti_sysbios_knl_Task_Module_State_terminatedQ__O                      
0001a060  ti_sysbios_knl_Task_Module__diagsEnabled__C                          
0001a064  ti_sysbios_knl_Task_Module__diagsIncluded__C                         
0001a068  ti_sysbios_knl_Task_Module__diagsMask__C                             
0001a06c  ti_sysbios_knl_Task_Object__count__C                                 
0001a070  ti_sysbios_knl_Task_Object__heap__C                                  
0001a074  ti_sysbios_knl_Task_allBlockedFunc__C                                
0001a078  ti_sysbios_knl_Task_defaultStackHeap__C                              
0001a07c  ti_sysbios_knl_Task_defaultStackSize__C                              
0001a080  ti_sysbios_knl_Task_numConstructedTasks__C                           
0001a084  xdc_runtime_Assert_E_assertFailed__C                                 
0001a088  xdc_runtime_Core_A_initializedParams__C                              
0001a08c  xdc_runtime_Core_Module__diagsEnabled__C                             
0001a090  xdc_runtime_Core_Module__diagsIncluded__C                            
0001a094  xdc_runtime_Core_Module__diagsMask__C                                
0001a098  xdc_runtime_Error_E_memory__C                                        
0001a09c  xdc_runtime_Error_Module__diagsEnabled__C                            
0001a0a0  xdc_runtime_Error_Module__diagsIncluded__C                           
0001a0a4  xdc_runtime_Error_Module__diagsMask__C                               
0001a0a8  xdc_runtime_Error_Module__loggerFxn8__C                              
0001a0ac  xdc_runtime_Error_Module__loggerObj__C                               
0001a0b0  xdc_runtime_Error_policyFxn__C                                       
0001a0b4  xdc_runtime_Error_raiseHook__C                                       
0001a0b8  xdc_runtime_IGateProvider_Interface__BASE__C                         
0001a0bc  xdc_runtime_IHeap_Interface__BASE__C                                 
0001a0c0  xdc_runtime_IModule_Interface__BASE__C                               
0001a0c4  xdc_runtime_Log_L_error__C                                           
0001a0c8  xdc_runtime_Memory_defaultHeapInstance__C                            
0001a0cc  xdc_runtime_Startup_execImpl__C                                      
0001a0d0  xdc_runtime_Startup_maxPasses__C                                     
0001a0d4  xdc_runtime_Startup_sfxnRts__C                                       
0001a0d8  xdc_runtime_Startup_sfxnTab__C                                       
0001a0dc  xdc_runtime_SysMin_bufSize__C                                        
0001a0e0  xdc_runtime_SysMin_outputFunc__C                                     
0001a0e4  xdc_runtime_System_Module__gateObj__C                                
0001a0e8  xdc_runtime_System_abortFxn__C                                       
0001a0ec  xdc_runtime_System_exitFxn__C                                        
0001a0f0  xdc_runtime_System_extendFxn__C                                      
0001a0f4  xdc_runtime_System_maxAtexitHandlers__C                              
0001a0f8  xdc_runtime_Text_charTab__C                                          
0001a0fc  xdc_runtime_Text_nameEmpty__C                                        
0001a100  xdc_runtime_Text_nameStatic__C                                       
0001a104  xdc_runtime_Text_nameUnknown__C                                      
0001a108  xdc_runtime_Text_nodeTab__C                                          
0001a10c  xdc_runtime_Text_visitRopeFxn__C                                     
0001a110  ti_sysbios_knl_Clock_Module__id__C                                   
0001a112  ti_sysbios_knl_Semaphore_Module__id__C                               
0001a114  ti_sysbios_knl_Swi_Module__id__C                                     
0001a116  ti_sysbios_knl_Task_Module__id__C                                    
0001a118  xdc_runtime_Core_Module__id__C                                       
0001a11a  xdc_runtime_Error_Module__loggerDefined__C                           
0001a11c  xdc_runtime_Error_maxDepth__C                                        
0001a11e  xdc_runtime_Memory_Module__id__C                                     
0001a120  xdc_runtime_SysMin_flushAtExit__C                                    
0001a122  xdc_runtime_Text_charCnt__C                                          
0001a124  xdc_runtime_Text_isLoaded__C                                         
0001a126  xdc_runtime_Text_registryModsLastId__C                               
0001a128  xdc_runtime_Text_unnamedModsLastId__C                                
0001a130  __TI_static_base__                                                   
0001a560  __TI_Handler_Table_Base                                              
0001a56c  __TI_Handler_Table_Limit                                             
0001a580  __TI_CINIT_Base                                                      
0001a598  __TI_CINIT_Limit                                                     
20000000  __start___llvm_prf_cnts                                              
20000000  __stop___llvm_prf_cnts                                               
20000000  ti_sysbios_family_arm_m3_Hwi_ramVectors                              
20000380  ti_ndk_config_Global_pBufMem                                         
20006380  ti_ndk_config_Global_pHdrMem                                         
20006840  ti_ndk_config_Global_pit                                             
20006920  ti_ndk_config_Global_pitBuffer                                       
2000c920  ti_sysbios_heaps_HeapMem_Instance_State_0_buf__A                     
20012120  ti_sysbios_knl_Task_Instance_State_0_stack__A                        
20012920  ti_sysbios_knl_Task_Instance_State_1_stack__A                        
20012b20  ti_sysbios_family_arm_m3_Hwi_dispatchTable                           
20013090  task0Stack                                                           
20013290  __CIOBUF_                                                            
200134b0  tcps                                                                 
200137cc  xdc_runtime_SysMin_Module_State_0_outbuf__A                          
2001384c  ips                                                                  
200138b4  nimu_mcb                                                             
20013978  task0Struct                                                          
200139c8  _ICMPIn                                                              
20013a14  _ICMPOut                                                             
20013ac8  vlan_mcb                                                             
20013b14  udps                                                                 
20013b38  BlockCount                                                           
20013b54  BlockMax                                                             
20013b70  PageCount                                                            
20013b8c  PageMax                                                              
20013ba8  stkEvent                                                             
20013bf4  raweths                                                              
20013c04  raws                                                                 
20013c14  PBMQ_free                                                            
20013c20  tpseudo                                                              
20013c2c  upseudo                                                              
20013c38  emacObjects                                                          
20013c40  parmbuf                                                              
20013c70  _IGMPInDiscard                                                       
20013c74  _IGMPInQuery                                                         
20013c78  _IGMPInQueryGroup                                                    
20013c7c  _IGMPInResponse                                                      
20013c80  _IGMPOutResponse                                                     
20013c84  g_ulStatus                                                           
20013c98  raweth_pcb                                                           
20013c9c  ti_sysbios_knl_Task_Instance_State_0_hookEnv__A                      
20013ca0  ti_sysbios_knl_Task_Instance_State_1_hookEnv__A                      
20013ca8  _ipcfg                                                               
20013d5c  ti_sysbios_knl_Task_Object__table__V                                 
20013df4  ti_sysbios_knl_Swi_Module_State_0_readyQ__A                          
20013e74  ti_sysbios_knl_Task_Module_State_0_readyQ__A                         
20013ef4  _device                                                              
2001400a  ti_sysbios_family_arm_m3_Hwi_Module_State_0_excActive__A             
2001400c  CONTENT_TYPE_APPLET                                                  
20014010  CONTENT_TYPE_AU                                                      
20014014  CONTENT_TYPE_CSS                                                     
20014018  CONTENT_TYPE_DOC                                                     
2001401c  CONTENT_TYPE_GIF                                                     
20014020  CONTENT_TYPE_HTML                                                    
20014024  CONTENT_TYPE_JPG                                                     
20014028  CONTENT_TYPE_MPEG                                                    
2001402c  CONTENT_TYPE_PDF                                                     
20014030  CONTENT_TYPE_WAV                                                     
20014034  CONTENT_TYPE_ZIP                                                     
20014038  CONTENT_TYPE                                                         
2001403c  CONTENT_LENGTH                                                       
20014040  CRLF                                                                 
20014044  DEFAULT_NAME                                                         
20014048  HTTP_VER                                                             
2001404c  SPACE                                                                
20014050  ti_sysbios_knl_Task_Module__state__V                                 
20014154  ti_sysbios_family_arm_lm4_Timer_Module_State_0_device__A             
20014194  ti_sysbios_family_arm_lm4_Timer_Object__table__V                     
200141d4  ti_sysbios_gates_GateMutex_Object__table__V                          
20014240  ti_sysbios_family_arm_m3_Hwi_Module__state__V                        
20014274  enablePrefetch                                                       
20014278  phyCounter                                                           
200142a6  xdc_runtime_Error_Module__state__V                                   
200142d8  ti_sysbios_knl_Swi_Object__table__V                                  
20014308  ti_sysbios_knl_Clock_Module__state__V                                
20014334  pstrMsgName                                                          
2001435c  _oscfg                                                               
200143a4  PITCount                                                             
200143a8  PITUsed                                                              
200143ac  PITHigh                                                              
200143c8  ti_sysbios_BIOS_Module__state__V                                     
200143ec  ti_sysbios_family_arm_lm4_Timer_Module_State_0_handles__A            
20014428  ti_ndk_config_Global_Id2Size                                         
20014444  ti_sysbios_knl_Swi_Module__state__V                                  
200144a8  ti_sysbios_family_arm_m3_Hwi_Object__table__V                        
200144c0  ti_sysbios_heaps_HeapMem_Object__table__V                            
20014514  _tz                                                                  
20014524  gpioPinConfigs                                                       
2001453c  _IGMPForceVersion1                                                   
20014544  ti_sysbios_family_arm_lm4_Timer_Module__state__V                     
20014550  xdc_runtime_SysMin_Module__state__V                                  
20014568  _lock                                                                
2001456c  _unlock                                                              
20014570  NIMUDeviceTable                                                      
20014578  gpioCallbackFunctions                                                
20014580  ti_ndk_config_Global_HostName                                        
20014584  __xdc__init__addr                                                    
200145a0  _ICMPInErrors                                                        
200145a4  _ICMPOutErrors                                                       
200145a8  _IPExecuting                                                         
200145c0  tcp_iss                                                              
200145c4  ptTimeFirst                                                          
200145d0  ti_sysbios_family_arm_lm4_Seconds_Module__state__V                   
200145d8  ti_sysbios_family_arm_m3_Hwi_Module__root__V                         
200145e0  ti_sysbios_gates_GateHwi_Module__root__V                             
200145e8  ti_sysbios_gates_GateMutex_Module__root__V                           
200145f0  ti_sysbios_heaps_HeapMem_Module__root__V                             
200145f8  ti_sysbios_knl_Clock_Module__root__V                                 
20014600  ti_sysbios_knl_Queue_Module__root__V                                 
20014608  ti_sysbios_knl_Semaphore_Module__root__V                             
20014610  ti_sysbios_knl_Swi_Module__root__V                                   
20014618  ti_sysbios_knl_Task_Module__root__V                                  
20014620  xdc_runtime_Registry_Module__state__V                                
20014628  xdc_runtime_Startup_Module__state__V                                 
20014630  xdc_runtime_System_Module_State_0_atexitHandlers__A                  
20014638  xdc_runtime_System_Module__state__V                                  
20014640  macAddress                                                           
20014660  httpErrorResponseHook                                                
2001466c  errno                                                                
20014670  main_func_sp                                                         
20014678  _IPReasmPtr                                                          
2001468c  ti_sysbios_family_arm_m3_Hwi_Module_State_0_excContext__A            
20014690  ti_sysbios_family_arm_m3_Hwi_Module_State_0_excStack__A              
20014694  ti_sysbios_gates_GateHwi_Object__table__V                            
20014698  ti_sysbios_knl_Task_Module_State_0_idleTask__A                       
2001469c  xdc_runtime_Memory_Module__state__V                                  
200146a0  __stack                                                              
20014ea0  __STACK_END                                                          
e000e000  ti_sysbios_family_arm_m3_Hwi_nvic                                    
ffffffff  __TI_pprof_out_hndl                                                  
ffffffff  __TI_prof_data_size                                                  
ffffffff  __TI_prof_data_start                                                 
ffffffff  __binit__                                                            
ffffffff  __c_args__                                                           
ffffffff  binit                                                                
UNDEFED   SHT$$INIT_ARRAY$$Base                                                
UNDEFED   SHT$$INIT_ARRAY$$Limit                                               

[1134 symbols]
