******************************************************************************
                  TI ARM Linker PC v20.2.4                     
******************************************************************************
>> Linked Tue Feb  4 16:57:53 2025

OUTPUT FILE NAME:   <webserver_FS.out>
ENTRY POINT SYMBOL: "_c_int00"  address: 000149b9


MEMORY CONFIGURATION

         name            origin    length      used     unused   attr    fill
----------------------  --------  ---------  --------  --------  ----  --------
  FLASH                 00000000   00100000  0002b688  000d4978  R  X
  SRAM                  20000000   00040000  00019cc7  00026339  RW X


SEGMENT ALLOCATION MAP

run origin  load origin   length   init length attrs members
----------  ----------- ---------- ----------- ----- -------
00000000    00000000    0002b698   0002b698    r-x
  00000000    00000000    0000003c   0000003c    r-- .resetVecs
  00000040    00000040    000199da   000199da    r-x .text
  00019a20    00019a20    00011862   00011862    r-- .const
  0002b288    0002b288    00000410   00000410    r-- .cinit
20000000    20000000    00000360   00000000    rw-
  20000000    20000000    00000360   00000000    rw- .vecs
20000380    20000380    00019968   00000000    rw-
  20000380    20000380    00018737   00000000    rw- .bss
  20018ab8    20018ab8    00000a30   00000000    rw- .data
  200194e8    200194e8    00000800   00000000    rw- .stack


SECTION ALLOCATION MAP

 output                                  attributes/
section   page    origin      length       input sections
--------  ----  ----------  ----------   ----------------
.text      0    00000040    000199da     
                  00000040    00000c68     stk.aem4f : tcpin.oem4f (.text:TcpInput)
                  00000ca8    00000af0     rtsv7M4_T_le_v4SPD16_eabi.lib : _scanfi.c.obj (.text:__TI_scanfi)
                  00001798    00000a4e                                   : _printfi.c.obj (.text:__TI_printfi)
                  000021e6    00000002     hal_userled_stub.aem4f : llled.oem4f (.text:LED_TOGGLE)
                  000021e8    000008b8     stk.aem4f : tcpout.oem4f (.text:TcpOutput)
                  00002aa0    000005b8     old_main.obj (.text:tcpWorker)
                  00003058    00000460     rtsv7M4_T_le_v4SPD16_eabi.lib : strtod.c.obj (.text:strtod)
                  000034b8    00000430     sysbios.aem4f : BIOS.obj (.text:ti_sysbios_family_arm_m3_Hwi_excDumpRegs__I)
                  000038e8    00000408     stk.aem4f : ipout.oem4f (.text:IPTxPacket)
                  00003cf0    00000393     ff.obj (.text:create_name)
                  00004083    00000001     --HOLE-- [fill = 0]
                  00004084    00000384     stk.aem4f : ipin.oem4f (.text:IPRxPacket)
                  00004408    00000360     ff.obj (.text:mount_volume)
                  00004768    0000034c     ti.targets.arm.rtsarm.aem4f : System.oem4f (.text:xdc_runtime_System_doPrint__I)
                  00004ab4    00000300     sysctl.obj (.text:SysCtlClockFreqSet)
                  00004db4    000002b4     ff.obj (.text:f_open)
                  00005068    00000284     stk.aem4f : sock.oem4f (.text:SockSet)
                  000052ec    00000282     ff.obj (.text:f_write)
                  0000556e    00000002     stk.aem4f : nat.oem4f (.text:NatMsg)
                  00005570    00000270     gpio.obj (.text:GPIOPadConfigSet)
                  000057e0    00000270     rtsv7M4_T_le_v4SPD16_eabi.lib : _printfi.c.obj (.text:_pconv_a)
                  00005a50    00000260     old_main.obj (.text:sha1_transform)
                  00005cb0    0000024c     stk.aem4f : ipfrag.oem4f (.text:IPReasm)
                  00005efc    0000023c               : icmpin.oem4f (.text:ICMPInput)
                  00006138    00000238               : udp.oem4f (.text:UdpInput)
                  00006370    00000220     ff.obj (.text:f_read)
                  00006590    00000208     old_main.obj (.text:handle_websocket_handshake)
                  00006798    00000204     old_main.obj (.text:tcpHandler)
                  0000699c    00000204     Boot.aem4f : Boot_sysctl.oem4f (.text:ti_catalog_arm_cortexm4_tiva_ce_Boot_sysCtlClockFreqSetI__I)
                  00006ba0    000001f4     stk.aem4f : sock.oem4f (.text:SockRecv)
                  00006d94    00000004               : bind.oem4f (.text:BindGetIF)
                  00006d98    000001f4     sysbios.aem4f : BIOS.obj (.text:ti_sysbios_family_arm_m3_Hwi_excHandlerMax__I)
                  00006f8c    000001dc     rtsv7M4_T_le_v4SPD16_eabi.lib : strtoll.c.obj (.text:strtoll)
                  00007168    000001d0                                   : _printfi.c.obj (.text:_pconv_g)
                  00007338    000001b8     drivers_tivaware.aem4f : EMACSnow.oem4f (.text:EMACSnow_NIMUInit)
                  000074f0    000001b6     rtsv7M4_T_le_v4SPD16_eabi.lib : fd_add_t2.asm.obj (.text)
                  000076a6    00000002     os.aem4f : task.oem4f (.text:_TaskInit)
                  000076a8    000001b0     stk.aem4f : lliout.oem4f (.text:LLITxIpPacket)
                  00007858    000001ac               : lliin.oem4f (.text:LLIRxPacket)
                  00007a04    000001a2     ff.obj (.text:dir_register)
                  00007ba6    00000002     os.aem4f : task.oem4f (.text:_TaskShutdown)
                  00007ba8    0000019c              : mem.oem4f (.text:mmAlloc)
                  00007d44    00000198     stk.aem4f : igmp.oem4f (.text:IGMPInput)
                  00007edc    00000192     ff.obj (.text:create_chain)
                  0000806e    00000002     hal_ser_stub.aem4f : llserstb.oem4f (.text:_llSerialServiceCheck)
                  00008070    00000190     stk.aem4f : sock.oem4f (.text:SockNew)
                  00008200    00000190     old_main.obj (.text:sha1_final)
                  00008390    00000188     ff.obj (.text:put_fat)
                  00008518    00000178     old_main.obj (.text:send_file_web)
                  00008690    00000176     ff.obj (.text:dir_find)
                  00008806    00000002     hal_ser_stub.aem4f : llserstb.oem4f (.text:_llSerialShutdown)
                  00008808    00000174     netctrl_min_ipv4.aem4f : netctrl.oem4f (.text:NC_NetStart)
                  0000897c    00000004     stk.aem4f : bind.oem4f (.text:BindGetNext)
                  00008980    00000174     sysbios.aem4f : BIOS.obj (.text:ti_sysbios_family_arm_m3_Hwi_excBusFault__I)
                  00008af4    00000170     stk.aem4f : rtc.oem4f (.text:RTCReport)
                  00008c64    0000016a               : sb.oem4f (.text:SBRead)
                  00008dce    00000002     hal_userled_stub.aem4f : llled.oem4f (.text:_llUserLedInit)
                  00008dd0    00000168     ffunicode.obj (.text:ff_wtoupper)
                  00008f38    00000164     old_main.obj (.text:flash_init)
                  0000909c    00000004     os.aem4f : ossys.oem4f (.text:NDK_vsprintf)
                  000090a0    00000164     sysbios.aem4f : BIOS.obj (.text:ti_sysbios_family_arm_m3_Hwi_excUsageFault__I)
                  00009204    00000160     stk.aem4f : sock.oem4f (.text:SockConnect)
                  00009364    0000015c     rtsv7M4_T_le_v4SPD16_eabi.lib : strtoull.c.obj (.text:strtoull)
                  000094c0    00000158     nettool_ipv4.aem4f : dhcpmain.oem4f (.text:DHCPOpen)
                  00009618    00000150     drivers_tivaware.aem4f : GPIOTiva.oem4f (.text:GPIO_setConfig)
                  00009768    00000150     sysbios.aem4f : BIOS.obj (.text:ti_sysbios_knl_Task_Instance_finalize__E)
                  000098b8    0000014c     rtsv7M4_T_le_v4SPD16_eabi.lib : vla_alloc.c.obj (.text:__vla_alloc)
                  00009a04    00000004     stk.aem4f : node.oem4f (.text:NodeSetRt)
                  00009a08    00000148     sysbios.aem4f : BIOS.obj (.text:ti_sysbios_family_arm_m3_Hwi_excMemFault__I)
                  00009b50    00000144     stk.aem4f : bind.oem4f (.text:BindNew)
                  00009c94    00000140               : tcp.oem4f (.text:TcpTimeoutCheck)
                  00009dd4    0000013c     nettool_ipv4.aem4f : config.oem4f (.text:CfgAddEntry)
                  00009f10    0000013c     stk.aem4f : sockint.oem4f (.text:SockNotify)
                  0000a04c    0000013c               : sock.oem4f (.text:SockSend)
                  0000a188    0000013c     rtsv7M4_T_le_v4SPD16_eabi.lib : _printfi.c.obj (.text:_pconv_e)
                  0000a2c4    00000004     stk.aem4f : rawethsock_prot.oem4f (.text:RawEthSockPrAttach)
                  0000a2c8    00000138     sysbios.aem4f : BIOS.obj (.text:ti_sysbios_knl_Semaphore_pend__E)
                  0000a400    00000136     rtsv7M4_T_le_v4SPD16_eabi.lib : fd_div_t2.asm.obj (.text)
                  0000a536    00000002     hal_userled_stub.aem4f : llled.oem4f (.text:_llUserLedShutdown)
                  0000a538    00000134     stk.aem4f : icmp.oem4f (.text:ICMPGenPacket)
                  0000a66c    00000130     rtsv7M4_T_le_v4SPD16_eabi.lib : strtol.c.obj (.text:strtol)
                  0000a79c    0000012c     EK_TM4C1294XL.obj (.text:EK_TM4C1294XL_initEMAC)
                  0000a8c8    0000012c     ff.obj (.text:gen_numname)
                  0000a9f4    00000129     ff.obj (.text:check_fs)
                  0000ab1d    00000001     --HOLE-- [fill = 0]
                  0000ab1e    00000002     rtsv7M4_T_le_v4SPD16_eabi.lib : _lock.c.obj (.text:_nop)
                  0000ab20    00000128     old_main.obj (.text:main)
                  0000ac48    00000124     stk.aem4f : sockpcb.oem4f (.text:SockPcbResolve)
                  0000ad6c    00000124               : udp.oem4f (.text:UdpOutput)
                  0000ae90    00000124     rtsv7M4_T_le_v4SPD16_eabi.lib : _printfi.c.obj (.text:fcvt)
                  0000afb4    00000124     tcpEcho_pem4f.oem4f (.text:ti_ndk_config_Global_stackThread)
                  0000b0d8    0000011c     old_main.obj (.text:b64_encode)
                  0000b1f4    00000118     stk.aem4f : tcpout.oem4f (.text:TcpGenPacket)
                  0000b30c    00000118     ff.obj (.text:get_fat)
                  0000b424    00000118     ti.targets.arm.rtsarm.aem4f : Error.oem4f (.text:xdc_runtime_Error_policyDefault__E)
                  0000b53c    00000114     stk.aem4f : nimu.oem4f (.text:NIMUIoctl)
                  0000b650    00000114     rtsv7M4_T_le_v4SPD16_eabi.lib : fputs.c.obj (.text:fputs)
                  0000b764    00000110     stk.aem4f : node.oem4f (.text:NodeTreeFree)
                  0000b874    00000110               : raw.oem4f (.text:RawInput)
                  0000b984    00000110     rtsv7M4_T_le_v4SPD16_eabi.lib : s_scalbn.c.obj (.text:scalbn)
                  0000ba94    00000110                                   : strtoul.c.obj (.text:strtoul)
                  0000bba4    0000010c     stk.aem4f : rtable.oem4f (.text:RtFind)
                  0000bcb0    0000010a               : route.oem4f (.text:RtCreate)
                  0000bdba    0000010a     ff.obj (.text:dir_next)
                  0000bec4    00000108     drivers_tivaware.aem4f : EMACSnow.oem4f (.text:EMACSnow_emacStart)
                  0000bfcc    00000004     stk.aem4f : rawethsock_prot.oem4f (.text:RawEthSockPrDetach)
                  0000bfd0    00000108     sysbios.aem4f : BIOS.obj (.text:ti_sysbios_family_arm_lm4_Timer_start__E)
                  0000c0d8    00000104     os.aem4f : task.oem4f (.text:llEnter)
                  0000c1dc    00000102     nettool_ipv4.aem4f : dhcppkt.oem4f (.text:dhcpPacketProcess)
                  0000c2de    00000002     hal_ser_stub.aem4f : llserstb.oem4f (.text:llSerialService)
                  0000c2e0    00000100     stk.aem4f : igmp.oem4f (.text:IGMPSendReply)
                  0000c3e0    00000100     ti.targets.arm.rtsarm.aem4f : Core-mem.oem4f (.text:xdc_runtime_Core_createObject__I)
                  0000c4e0    000000fc     netctrl_min_ipv4.aem4f : netctrl.oem4f (.text:NetScheduler)
                  0000c5dc    000000fc     rtsv7M4_T_le_v4SPD16_eabi.lib : fd_mul_t2.asm.obj (.text)
                  0000c6d8    000000f8     stk.aem4f : pipe.oem4f (.text:PipeRecv)
                  0000c7d0    000000f8     ti.targets.arm.rtsarm.aem4f : Startup.oem4f (.text:xdc_runtime_Startup_startMods__I)
                  0000c8c8    000000f8     tcpEcho_pem4f.oem4f (.text:xdc_runtime_System_printfExtend__I)
                  0000c9c0    000000f4     os.aem4f : task.oem4f (.text:TaskGetEnv)
                  0000cab4    000000f4     sysbios.aem4f : m3_Hwi_asm.obj (.text:ti_sysbios_family_arm_m3_Hwi_dispatch__I)
                  0000cba8    000000f4                   : BIOS.obj (.text:ti_sysbios_knl_Task_Instance_init__E)
                  0000cc9c    000000f2     old_main.obj (.text:send_websocket_frame)
                  0000cd8e    00000002     rtsv7M4_T_le_v4SPD16_eabi.lib : div0.asm.obj (.text)
                  0000cd90    000000f0     stk.aem4f : lliout.oem4f (.text:LLIGenArpPacket)
                  0000ce80    000000f0               : sock.oem4f (.text:SockClose)
                  0000cf70    000000ec     sysbios.aem4f : BIOS.obj (.text:ti_sysbios_knl_Task_postInit__I)
                  0000d05c    000000e8     os.aem4f : task.oem4f (.text:TaskSetEnv)
                  0000d144    000000e8     ff.obj (.text:dir_sdi)
                  0000d22c    000000e6     user_diskio.obj (.text:user_disk_write)
                  0000d312    00000002     tcpEcho_pem4f.oem4f (.text:ti_ndk_config_Global_NetworkClose)
                  0000d314    000000e0     stk.aem4f : tcptime.oem4f (.text:TcpTimeoutRexmt)
                  0000d3f4    000000e0     old_main.obj (.text:write_file)
                  0000d4d4    000000dc     stk.aem4f : sb.oem4f (.text:SBWrite)
                  0000d5b0    000000dc     nettool_ipv4.aem4f : dhcpsock.oem4f (.text:dhcpSocketOpen)
                  0000d68c    000000dc                        : dhcpsm.oem4f (.text:dhcpState)
                  0000d768    000000dc     rtsv7M4_T_le_v4SPD16_eabi.lib : setvbuf.c.obj (.text:setvbuf)
                  0000d844    000000d8     stk.aem4f : node.oem4f (.text:NodeAdd)
                  0000d91c    000000d8               : tcpprot.oem4f (.text:TcpPrSetOption)
                  0000d9f4    000000d4     drivers_tivaware.aem4f : EMACSnow.oem4f (.text:EMACSnow_handleRx)
                  0000dac8    000000d4     stk.aem4f : sockpcb.oem4f (.text:SockPcbBind)
                  0000db9c    00000004     os.aem4f : semaphore.oem4f (.text:SemPend)
                  0000dba0    000000d4     sysbios.aem4f : BIOS.obj (.text:ti_sysbios_heaps_HeapMem_alloc__E)
                  0000dc74    000000d1     stk.aem4f : nimu.oem4f (.text:NIMUReceivePacket)
                  0000dd45    00000001     --HOLE-- [fill = 0]
                  0000dd46    000000ce     ff.obj (.text:follow_path)
                  0000de14    000000cc     stk.aem4f : icmp.oem4f (.text:ICMPSendRtAdv)
                  0000dee0    000000cc     nettool_ipv4.aem4f : dhcpbild.oem4f (.text:dhcpBuildHeader)
                  0000dfac    000000cc                        : dhcpsm.oem4f (.text:dhcpIPAdd)
                  0000e078    000000cc                        : dhcppkt.oem4f (.text:dhcpVerifyMessage)
                  0000e144    000000cc     ff.obj (.text:f_sync)
                  0000e210    000000cc     ti.targets.arm.rtsarm.aem4f : Core-smem.oem4f (.text:xdc_runtime_Core_constructObject__I)
                  0000e2dc    000000c8     stk.aem4f : rawethsock.oem4f (.text:RawEthSockNew)
                  0000e3a4    000000c8     SST26VF032B.obj (.text:ReadFlash)
                  0000e46c    000000c8     netctrl_min_ipv4.aem4f : netsrv.oem4f (.text:SPIpNet)
                  0000e534    000000c8     rtsv7M4_T_le_v4SPD16_eabi.lib : perror.c.obj (.text:perror)
                  0000e5fc    00000004     os.aem4f : semaphore.oem4f (.text:SemPost)
                  0000e600    000000c8     sysbios.aem4f : BIOS.obj (.text:ti_sysbios_knl_Task_sleep__E)
                  0000e6c8    000000c4     drivers_tivaware.aem4f : EMACSnow.oem4f (.text:EMACSnow_InitDMADescriptors)
                  0000e78c    000000c4     stk.aem4f : igmp.oem4f (.text:IGMPJoinHostGroup)
                  0000e850    000000c4     SST26VF032B.obj (.text:PageProgram)
                  0000e914    000000c4     nettool_ipv4.aem4f : dhcpsm.oem4f (.text:StateBound)
                  0000e9d8    000000c4     ff.obj (.text:cmp_lfn)
                  0000ea9c    000000c0     ff.obj (.text:put_lfn)
                  0000eb5c    000000c0     ff.obj (.text:remove_chain)
                  0000ec1c    000000bc     stk.aem4f : sockpcb.oem4f (.text:SockPcbFind)
                  0000ecd8    000000bc               : vlan.oem4f (.text:VLANDeinit)
                  0000ed94    00000004     os.aem4f : semaphore.oem4f (.text:SemReset)
                  0000ed98    000000bc     sysbios.aem4f : BIOS.obj (.text:ti_sysbios_family_arm_m3_Hwi_excDebugMon__I)
                  0000ee54    00000004     os.aem4f : task.oem4f (.text:TaskSelf)
                  0000ee58    000000bc     sysbios.aem4f : BIOS.obj (.text:ti_sysbios_family_arm_m3_Hwi_excHardFault__I)
                  0000ef14    00000004     os.aem4f : task.oem4f (.text:TaskSetPri)
                  0000ef18    000000bc     sysbios.aem4f : BIOS.obj (.text:ti_sysbios_knl_Task_exit__E)
                  0000efd4    000000b8     EK_TM4C1294XL.obj (.text:EK_TM4C1294XL_initGeneral)
                  0000f08c    000000b8     stk.aem4f : icmpin.oem4f (.text:ICMPRevSrcRoute)
                  0000f144    000000b8               : lli.oem4f (.text:_LLITimeoutCheck)
                  0000f1fc    000000b8     ffunicode.obj (.text:ff_uni2oem)
                  0000f2b4    000000b8     ff.obj (.text:sync_fs)
                  0000f36c    000000b4     stk.aem4f : tcptime.oem4f (.text:TcpTimeoutKeep)
                  0000f420    000000b4     sysbios.aem4f : BIOS.obj (.text:ti_sysbios_knl_Task_checkStacks__E)
                  0000f4d4    000000b1     rtsv7M4_T_le_v4SPD16_eabi.lib : _printfi.c.obj (.text:_ltostr)
                  0000f585    00000001     --HOLE-- [fill = 0]
                  0000f586    000000b0     stk.aem4f : rawethsock.oem4f (.text:RawEthSockSet)
                  0000f636    00000002     tcpEcho_pem4f.oem4f (.text:ti_sysbios_BIOS_nullFunc__I)
                  0000f638    000000ac     stk.aem4f : rtable.oem4f (.text:RtTimeoutCheck)
                  0000f6e4    000000ac     ffunicode.obj (.text:ff_oem2uni)
                  0000f790    000000ac     sysbios.aem4f : BIOS.obj (.text:ti_sysbios_family_arm_lm4_Timer_enableTiva__I)
                  0000f83c    000000a8     stk.aem4f : sockint.oem4f (.text:SockCreatePacket)
                  0000f8e4    000000a4     gpio.obj (.text:GPIOIntTypeSet)
                  0000f988    000000a4     sysbios.aem4f : BIOS.obj (.text:ti_sysbios_knl_Task_setPri__E)
                  0000fa2c    000000a0     stk.aem4f : ip.oem4f (.text:IPGetRoute)
                  0000facc    000000a0     SST26VF032B.obj (.text:SPI_Init)
                  0000fb6c    000000a0     auto_init.aem4f : auto_init.oem4f (.text)
                  0000fc0c    000000a0     ti.targets.arm.rtsarm.aem4f : Text.oem4f (.text:xdc_runtime_Text_putMod__E)
                  0000fcac    0000009e     stk.aem4f : nimu.oem4f (.text:NIMUAddEthernetHeader)
                  0000fd4a    0000009e     nettool_ipv4.aem4f : dhcpbild.oem4f (.text:dhcpBuildRequest)
                  0000fde8    0000009e     user_diskio.obj (.text:user_disk_ioctl)
                  0000fe86    00000002     tcpEcho_pem4f.oem4f (.text:xdc_runtime_Startup_reset__I)
                  0000fe88    0000009c     stk.aem4f : exec.oem4f (.text:ExecOpen)
                  0000ff24    0000009c     rtsv7M4_T_le_v4SPD16_eabi.lib : memcpy_t2.asm.obj (.text)
                  0000ffc0    0000009a     ti.targets.arm.rtsarm.aem4f : Text.oem4f (.text:xdc_runtime_Text_putSite__E)
                  0001005a    00000002     --HOLE-- [fill = 0]
                  0001005c    00000098     netctrl_min_ipv4.aem4f : netctrl.oem4f (.text:NC_SystemOpen)
                  000100f4    00000098                            : netsrv.oem4f (.text:ServiceScan)
                  0001018c    00000098     Boot.aem4f : Boot.oem4f (.text:ti_catalog_arm_cortexm4_tiva_ce_Boot_sysCtlClockFreqSet__E)
                  00010224    00000004     rtsv7M4_T_le_v4SPD16_eabi.lib : error.c.obj (.text:__abort_execution)
                  00010228    00000098     sysbios.aem4f : BIOS.obj (.text:ti_sysbios_knl_Task_schedule__I)
                  000102c0    00000096     ff.obj (.text:find_volume)
                  00010356    00000096     rtsv7M4_T_le_v4SPD16_eabi.lib : ull_div_t2.asm.obj (.text)
                  000103ec    00000094     nettool_ipv4.aem4f : config.oem4f (.text:CfgRemoveEntry)
                  00010480    00000094     sysbios.aem4f : BIOS.obj (.text:ti_sysbios_family_arm_m3_Hwi_Instance_init__E)
                  00010514    00000004     hal_ser_stub.aem4f : llserstb.oem4f (.text:_llSerialInit)
                  00010518    00000094     sysbios.aem4f : BIOS.obj (.text:ti_sysbios_family_arm_m3_Hwi_initNVIC__E)
                  000105ac    00000094     user_diskio.obj (.text:user_disk_read)
                  00010640    00000090     nettool_ipv4.aem4f : config.oem4f (.text:CfgExecute)
                  000106d0    00000090     stk.aem4f : igmp.oem4f (.text:IGMPMsg)
                  00010760    00000090     sysctl.obj (.text:_SysCtlFrequencyGet)
                  000107f0    00000090     os.aem4f : mem.oem4f (.text:mmBulkAlloc)
                  00010880    00000090     sysbios.aem4f : BIOS.obj (.text:ti_sysbios_knl_Task_Module_startup__E)
                  00010910    00000090                   : BIOS.obj (.text:ti_sysbios_knl_Task_startCore__E)
                  000109a0    0000008c     drivers_tivaware.aem4f : GPIOTiva.oem4f (.text:GPIO_init)
                  00010a2c    0000008c     stk.aem4f : ip.oem4f (.text:IPMsg)
                  00010ab8    0000008c     sysctl.obj (.text:SysCtlPeripheralReset)
                  00010b44    0000008c     os.aem4f : mem.oem4f (.text:_mmInit)
                  00010bd0    0000008c     rtsv7M4_T_le_v4SPD16_eabi.lib : fputc.c.obj (.text:fputc)
                  00010c5c    0000008c     os.aem4f : mem.oem4f (.text:mmInitPage)
                  00010ce8    0000008c     sysbios.aem4f : m3_TaskSupport_asm.obj (.text:ti_sysbios_family_arm_m3_TaskSupport_buildTaskStack)
                  00010d74    0000008a     netctrl_min_ipv4.aem4f : netsrv.oem4f (.text:SPRoute)
                  00010dfe    0000008a     ff.obj (.text:dir_alloc)
                  00010e88    00000088     netctrl_min_ipv4.aem4f : netsrv.oem4f (.text:ServiceSpawn)
                  00010f10    00000088     stk.aem4f : sockpcb.oem4f (.text:SockPcbCtlError)
                  00010f98    00000086     nettool_ipv4.aem4f : dhcpsm.oem4f (.text:StateRequesting)
                  0001101e    00000086     rtsv7M4_T_le_v4SPD16_eabi.lib : fd_cmp_t2.asm.obj (.text:__aeabi_cdcmple)
                  000110a4    00000086                                   : fd_cmp_t2.asm.obj (.text:__aeabi_cdrcmple)
                  0001112a    00000002     --HOLE-- [fill = 0]
                  0001112c    00000084     nettool_ipv4.aem4f : config.oem4f (.text:CfgGetEntry)
                  000111b0    00000084     drivers_tivaware.aem4f : EMACSnow.oem4f (.text:EMACSnow_processPhyInterrupt)
                  00011234    00000084     stk.aem4f : tcpprot.oem4f (.text:TcpPrAttach)
                  000112b8    00000084     ff.obj (.text:f_mount)
                  0001133c    00000084     os.aem4f : mem.oem4f (.text:mmBulkFree)
                  000113c0    00000084              : mem.oem4f (.text:mmFree)
                  00011444    00000084     ff.obj (.text:tchar2uni)
                  000114c8    00000084     sysbios.aem4f : BIOS.obj (.text:ti_sysbios_family_arm_m3_Hwi_postInit__I)
                  0001154c    00000082     nettool_ipv4.aem4f : dhcpsm.oem4f (.text:StateRenewRebind)
                  000115ce    00000002     --HOLE-- [fill = 0]
                  000115d0    00000080     drivers_tivaware.aem4f : EMACSnow.oem4f (.text:EMACSnow_emacStop)
                  00011650    00000080                            : EMACSnow.oem4f (.text:EMACSnow_processPendingTx)
                  000116d0    00000080     stk.aem4f : lli.oem4f (.text:LLINew)
                  00011750    00000080     netctrl_min_ipv4.aem4f : netsrv.oem4f (.text:NS_BootTask)
                  000117d0    00000080     stk.aem4f : pbm.oem4f (.text:PBM_alloc)
                  00011850    00000080               : raw.oem4f (.text:RawOutput)
                  000118d0    00000080     ff.obj (.text:dir_clear)
                  00011950    0000007f     tcpEcho_pem4f.oem4f (.text:ti_ndk_config_Global_NetworkIPAddr)
                  000119cf    00000001     --HOLE-- [fill = 0]
                  000119d0    0000007e     stk.aem4f : fileuser.oem4f (.text:fdClose)
                  00011a4e    0000007e     ff.obj (.text:get_ldnumber)
                  00011acc    0000007c     nettool_ipv4.aem4f : config.oem4f (.text:CfgGetNextEntry)
                  00011b48    0000007c     drivers_tivaware.aem4f : EMACSnow.oem4f (.text:EMACSnow_hwiIntFxn)
                  00011bc4    0000007c     stk.aem4f : igmp.oem4f (.text:IGMPDoMCast)
                  00011c40    0000007c               : igmp.oem4f (.text:IGMPJoin)
                  00011cbc    0000007c               : socket.oem4f (.text:NDK_setsockopt)
                  00011d38    0000007c               : nimu.oem4f (.text:NIMURegister)
                  00011db4    0000007c               : pbm.oem4f (.text:PBM_free)
                  00011e30    0000007c     SST26VF032B.obj (.text:SectorErase)
                  00011eac    0000007c     ff.obj (.text:dbc_2nd)
                  00011f28    0000007c     sysbios.aem4f : BIOS.obj (.text:ti_sysbios_heaps_HeapMem_free__E)
                  00011fa4    0000007a     ssi.obj (.text:SSIConfigSetExpClk)
                  0001201e    0000007a     stk.aem4f : sock.oem4f (.text:SockAccept)
                  00012098    0000007a     rtsv7M4_T_le_v4SPD16_eabi.lib : memset_t2.asm.obj (.text)
                  00012112    00000002     --HOLE-- [fill = 0]
                  00012114    00000078     driverlib.lib : emac.obj (.text:EMACInit)
                  0001218c    00000078     stk.aem4f : socket.oem4f (.text:NDK_sendto)
                  00012204    00000078               : tcptime.oem4f (.text:TcpXmitTimer)
                  0001227c    00000078     rtsv7M4_T_le_v4SPD16_eabi.lib : vla_alloc.c.obj (.text:_ZN33_INTERNAL_11_vla_alloc_c_be8bd49b21free_dead_allocationsEPv)
                  000122f4    00000078     stk.aem4f : fileuser.oem4f (.text:fdOpenSession)
                  0001236c    00000078     os.aem4f : task.oem4f (.text:llExit)
                  000123e4    00000078     old_main.obj (.text:sha1_init)
                  0001245c    00000076     stk.aem4f : pipe.oem4f (.text:PipeSend)
                  000124d2    00000002     --HOLE-- [fill = 0]
                  000124d4    00000075               : tcptime.oem4f (.text:TcpTimeoutSackRexmt)
                  00012549    00000003     --HOLE-- [fill = 0]
                  0001254c    00000074               : igmp.oem4f (.text:IGMPLeaveHostGroup)
                  000125c0    00000074               : nimu.oem4f (.text:NIMUShutdown)
                  00012634    00000074               : raweth.oem4f (.text:RawEthRxPacket)
                  000126a8    00000074     SST26VF032B.obj (.text:ReadJEDECID)
                  0001271c    00000074     stk.aem4f : sockpcb.oem4f (.text:SockPcbConnect)
                  00012790    00000074     rtsv7M4_T_le_v4SPD16_eabi.lib : fclose.c.obj (.text:__TI_closefile)
                  00012804    00000074     tcpEchoHooks.obj (.text:netOpenHook)
                  00012878    00000072     os.aem4f : semaphore.oem4f (.text:SemCreateBinary)
                  000128ea    00000070     stk.aem4f : socket.oem4f (.text:NDK_accept)
                  0001295a    00000070               : socket.oem4f (.text:NDK_send)
                  000129ca    00000002     --HOLE-- [fill = 0]
                  000129cc    00000070               : rtable.oem4f (.text:RtFlush)
                  00012a3c    00000070     netctrl_min_ipv4.aem4f : netsrv.oem4f (.text:SPConfig)
                  00012aac    00000070     stk.aem4f : sock.oem4f (.text:SockShutdown)
                  00012b1c    00000070     rtsv7M4_T_le_v4SPD16_eabi.lib : vla_alloc.c.obj (.text:__vla_dealloc)
                  00012b8c    00000070     nettool_ipv4.aem4f : dhcptags.oem4f (.text:dhcpDecodeType)
                  00012bfc    00000004     rtsv7M4_T_le_v4SPD16_eabi.lib : exit.c.obj (.text:abort:abort)
                  00012c00    00000070     sysbios.aem4f : BIOS.obj (.text:ti_sysbios_knl_Clock_workFunc__E)
                  00012c70    0000006e     stk.aem4f : socket.oem4f (.text:NDK_recv)
                  00012cde    00000002     --HOLE-- [fill = 0]
                  00012ce0    0000006e               : rtable.oem4f (.text:RtWalkNext)
                  00012d4e    0000006e               : sockpcb.oem4f (.text:SockPcbFindRaw)
                  00012dbc    0000006e     rtsv7M4_T_le_v4SPD16_eabi.lib : _printfi.c.obj (.text:_mcpy)
                  00012e2a    0000006e                                   : fd_tos_t2.asm.obj (.text)
                  00012e98    0000006e     old_main.obj (.text:sha1_update)
                  00012f06    00000002     --HOLE-- [fill = 0]
                  00012f08    0000006d     stk.aem4f : node.oem4f (.text:NodeNew)
                  00012f75    00000003     --HOLE-- [fill = 0]
                  00012f78    0000006d     ti.targets.arm.rtsarm.aem4f : System.oem4f (.text:xdc_runtime_System_formatNum__I)
                  00012fe5    00000003     --HOLE-- [fill = 0]
                  00012fe8    0000006c     os.aem4f : ossys.oem4f (.text:DbgPrintf)
                  00013054    0000006c     rtsv7M4_T_le_v4SPD16_eabi.lib : hostrename.c.obj (.text:HOSTrename)
                  000130c0    0000006c     stk.aem4f : node.oem4f (.text:NodeTreeNew)
                  0001312c    0000006c               : raweth.oem4f (.text:RawEthTxPacket)
                  00013198    0000006c               : udp.oem4f (.text:UdpChecksum)
                  00013204    0000006c     tcpEcho_pem4f.oem4f (.text:ti_ndk_config_ip_init)
                  00013270    0000006c     sysbios.aem4f : BIOS.obj (.text:ti_sysbios_knl_Swi_restoreHwi__E)
                  000132dc    0000006c     ti.targets.arm.rtsarm.aem4f : Error.oem4f (.text:xdc_runtime_Error_print__E)
                  00013348    0000006c                                 : Memory.oem4f (.text:xdc_runtime_Memory_alloc__E)
                  000133b4    0000006a     stk.aem4f : tcpprot.oem4f (.text:TcpPrInherit)
                  0001341e    0000006a     ff.obj (.text:sync_window)
                  00013488    00000068     gpio.obj (.text:GPIOPinConfigure)
                  000134f0    00000068     rtsv7M4_T_le_v4SPD16_eabi.lib : hostlseek.c.obj (.text:HOSTlseek)
                  00013558    00000068     stk.aem4f : socket.oem4f (.text:NDK_socket)
                  000135c0    00000068               : pbm.oem4f (.text:PBM_open)
                  00013628    00000068               : sock.oem4f (.text:SockListen)
                  00013690    00000068               : rtable.oem4f (.text:_RtNodeInsert)
                  000136f8    00000068     rtsv7M4_T_le_v4SPD16_eabi.lib : sscanf.c.obj (.text:_chkmbc)
                  00013760    00000068                                   : copy_decompress_lzss.c.obj (.text:decompress:lzss:__TI_decompress_lzss)
                  000137c8    00000066     ti.targets.arm.rtsarm.aem4f : Core-mem.oem4f (.text:xdc_runtime_Core_deleteObject__I)
                  0001382e    00000002     --HOLE-- [fill = 0]
                  00013830    00000064     nettool_ipv4.aem4f : config.oem4f (.text:CfgFree)
                  00013894    00000064     drivers_tivaware.aem4f : GPIOTiva.oem4f (.text:GPIO_hwiIntFxn)
                  000138f8    00000064     stk.aem4f : pbm.oem4f (.text:PBMQ_enq)
                  0001395c    00000064               : sockint.oem4f (.text:SockSpawnAbort)
                  000139c0    00000064     rtsv7M4_T_le_v4SPD16_eabi.lib : s_frexp.c.obj (.text:frexp)
                  00013a24    00000064                                   : fseek.c.obj (.text:fseek)
                  00013a88    00000064     hal_timer_bios.aem4f : lltimer.oem4f (.text:llTimerTick)
                  00013aec    00000004     stk.aem4f : listlib.oem4f (.text:list_get_head)
                  00013af0    00000064     sysbios.aem4f : BIOS.obj (.text:ti_sysbios_family_arm_lm4_Timer_Module_startup__E)
                  00013b54    00000064     tcpEcho_pem4f.oem4f (.text:ti_sysbios_family_arm_m3_Hwi_create)
                  00013bb8    00000064     sysbios.aem4f : BIOS.obj (.text:ti_sysbios_family_arm_m3_Hwi_dispatchC__I)
                  00013c1c    00000004     stk.aem4f : listlib.oem4f (.text:list_get_next)
                  00013c20    00000064     sysbios.aem4f : BIOS.obj (.text:ti_sysbios_knl_Semaphore_post__E)
                  00013c84    00000064     stk.aem4f : lliin.oem4f (.text:updateRtTable)
                  00013ce8    00000062               : ipin.oem4f (.text:IPRouteIP)
                  00013d4a    00000002     --HOLE-- [fill = 0]
                  00013d4c    00000062               : sb.oem4f (.text:SBNew)
                  00013dae    00000062     rtsv7M4_T_le_v4SPD16_eabi.lib : _io_perm.c.obj (.text:__TI_wrt_ok)
                  00013e10    00000060     nettool_ipv4.aem4f : config.oem4f (.text:CfgGetEntryCnt)
                  00013e70    00000060     stk.aem4f : file.oem4f (.text:FdWaitEvent)
                  00013ed0    00000060     rtsv7M4_T_le_v4SPD16_eabi.lib : hostopen.c.obj (.text:HOSTopen)
                  00013f30    00000060     stk.aem4f : nimu.oem4f (.text:NIMUUnregister)
                  00013f90    00000060               : node.oem4f (.text:NodeFind)
                  00013ff0    00000060               : rtc.oem4f (.text:RTCMsg)
                  00014050    00000060               : tcp.oem4f (.text:TcpChecksum)
                  000140b0    00000060     nettool_ipv4.aem4f : dhcptags.oem4f (.text:dhcpBuildOptions)
                  00014110    00000060     tcpEcho_pem4f.oem4f (.text:ti_ndk_config_Global_serviceReport)
                  00014170    0000005e     stk.aem4f : route.oem4f (.text:RtRemove)
                  000141ce    0000005e     nettool_ipv4.aem4f : dhcpsm.oem4f (.text:StateSelecting)
                  0001422c    0000005e     stk.aem4f : vlan.oem4f (.text:VLANReceivePacket)
                  0001428a    00000002     --HOLE-- [fill = 0]
                  0001428c    0000005c     nettool_ipv4.aem4f : config.oem4f (.text:CfgSetExecuteOrder)
                  000142e8    0000005c     gpio.obj (.text:GPIODirModeSet)
                  00014344    0000005c     stk.aem4f : nimu.oem4f (.text:NIMUIoctlSpecialCmd)
                  000143a0    0000005c     netctrl_min_ipv4.aem4f : netsrv.oem4f (.text:SPService)
                  000143fc    0000005c     rtsv7M4_T_le_v4SPD16_eabi.lib : close.c.obj (.text:close)
                  00014458    0000005c     old_main.obj (.text:mount)
                  000144b4    0000005c     old_main.obj (.text:send_all)
                  00014510    0000005c     tcpEcho_pem4f.oem4f (.text:ti_sysbios_knl_Swi_create)
                  0001456c    00000004     tcpEcho_pem4f.oem4f (.text:ti_ndk_config_Global_NetworkOpen)
                  00014570    0000005c     sysbios.aem4f : BIOS.obj (.text:ti_sysbios_knl_Swi_run__I)
                  000145cc    00000004     tcpEcho_pem4f.oem4f (.text:ti_sysbios_BIOS_RtsGateProxy_enter__E)
                  000145d0    0000005c     sysbios.aem4f : BIOS.obj (.text:ti_sysbios_knl_Swi_schedule__I)
                  0001462c    0000005c     tcpEcho_pem4f.oem4f (.text:ti_sysbios_knl_Task_create)
                  00014688    0000005c     sysbios.aem4f : BIOS.obj (.text:ti_sysbios_knl_Task_unblockI__E)
                  000146e4    0000005c     old_main.obj (.text:unmount)
                  00014740    0000005b     ti.targets.arm.rtsarm.aem4f : Text.oem4f (.text:xdc_runtime_Text_putLab__E)
                  0001479b    00000001     --HOLE-- [fill = 0]
                  0001479c    0000005a     stk.aem4f : route.oem4f (.text:RtRedirect)
                  000147f6    0000005a               : tcpprot.oem4f (.text:TcpValidateMetrics)
                  00014850    0000005a     nettool_ipv4.aem4f : dhcpbild.oem4f (.text:dhcpBuildDecline)
                  000148aa    0000005a     os.aem4f : mem.oem4f (.text:mmCopy)
                  00014904    0000005a     tcpEcho_pem4f.oem4f (.text:ti_ndk_config_tcp_init)
                  0001495e    00000002     --HOLE-- [fill = 0]
                  00014960    00000058     stk.aem4f : bind.oem4f (.text:BindFree)
                  000149b8    00000058     boot.aem4f : boot.oem4f (.text)
                  00014a10    00000058     driverlib.lib : emac.obj (.text:EMACPHYConfigSet)
                  00014a68    00000058     rtsv7M4_T_le_v4SPD16_eabi.lib : hostread.c.obj (.text:HOSTread)
                  00014ac0    00000058                                   : hostwrite.c.obj (.text:HOSTwrite)
                  00014b18    00000058     stk.aem4f : igmp.oem4f (.text:IGMPTimer)
                  00014b70    00000058     os.aem4f : semaphore.oem4f (.text:SemCreate)
                  00014bc8    00000058     ff.obj (.text:dbc_1st)
                  00014c20    00000058     sysbios.aem4f : m3_Hwi_asm_switch.obj (.text:ti_sysbios_family_arm_m3_Hwi_initStacks__E)
                  00014c78    00000058     user_diskio.obj (.text:user_disk_status)
                  00014cd0    00000058     ff.obj (.text:validate)
                  00014d28    00000056     rtsv7M4_T_le_v4SPD16_eabi.lib : _printfi.c.obj (.text:_pconv_f)
                  00014d7e    00000002     --HOLE-- [fill = 0]
                  00014d80    00000054     nettool_ipv4.aem4f : config.oem4f (.text:CfgEntryDeRef)
                  00014dd4    00000054     stk.aem4f : igmp.oem4f (.text:IGMPLeave)
                  00014e28    00000054               : rawethsock_pcb.oem4f (.text:RawEthSockPcbAttach)
                  00014e7c    00000054               : sockpcb.oem4f (.text:SockCleanPcb)
                  00014ed0    00000054               : tcptime.oem4f (.text:TcpTimeoutPersist)
                  00014f24    00000054     rtsv7M4_T_le_v4SPD16_eabi.lib : _ltoa.c.obj (.text:__TI_ltoa)
                  00014f78    00000054     sysbios.aem4f : BIOS.obj (.text:ti_sysbios_family_arm_lm4_Timer_initDevice__I)
                  00014fcc    00000004     tcpEcho_pem4f.oem4f (.text:ti_sysbios_BIOS_RtsGateProxy_leave__E)
                  00014fd0    00000054     sysbios.aem4f : BIOS.obj (.text:ti_sysbios_knl_Swi_Instance_init__E)
                  00015024    00000054     ti.targets.arm.rtsarm.aem4f : Assert.oem4f (.text:xdc_runtime_Assert_raise__I)
                  00015078    00000052     stk.aem4f : tcpprot.oem4f (.text:TcpPrDetach)
                  000150ca    00000052     rtsv7M4_T_le_v4SPD16_eabi.lib : _printfi.c.obj (.text:_ecpy)
                  0001511c    00000050     drivers_tivaware.aem4f : GPIOTiva.oem4f (.text:GPIO_setCallback)
                  0001516c    00000050     stk.aem4f : socket.oem4f (.text:NDK_bind)
                  000151bc    00000050               : route.oem4f (.text:RtNew)
                  0001520c    00000050     Boot.aem4f : Boot_sysctl.oem4f (.text:_SysCtlFrequencyGet)
                  0001525c    00000050     ff.obj (.text:move_window)
                  000152ac    00000004     sysbios.aem4f : BIOS.obj (.text:ti_sysbios_family_arm_lm4_Timer_masterEnable__I)
                  000152b0    00000050                   : BIOS.obj (.text:ti_sysbios_family_arm_m3_Hwi_Module_startup__E)
                  00015300    00000050                   : BIOS.obj (.text:ti_sysbios_knl_Clock_Instance_init__E)
                  00015350    00000050     ti.targets.arm.rtsarm.aem4f : Startup.oem4f (.text:xdc_runtime_Startup_exec__E)
                  000153a0    00000050                                 : Text.oem4f (.text:xdc_runtime_Text_visitRope2__I)
                  000153f0    0000004e     stk.aem4f : node.oem4f (.text:NodeDeRef)
                  0001543e    0000004e     nettool_ipv4.aem4f : config.oem4f (.text:_CfgEntryScan)
                  0001548c    0000004e     ff.obj (.text:st_dword)
                  000154da    00000002     --HOLE-- [fill = 0]
                  000154dc    0000004c     nettool_ipv4.aem4f : ipaddr.oem4f (.text:NtAddNetwork)
                  00015528    0000004c     stk.aem4f : sockint.oem4f (.text:SockValidateRoute)
                  00015574    0000004c     rtsv7M4_T_le_v4SPD16_eabi.lib : fflush.c.obj (.text:__TI_doflush)
                  000155c0    0000004c                                   : atoi.c.obj (.text:atoi)
                  0001560c    0000004c                                   : cpy_tbl.c.obj (.text:copy_in)
                  00015658    0000004c                                   : snprintf.c.obj (.text:snprintf)
                  000156a4    00000004     tcpEcho_pem4f.oem4f (.text:ti_sysbios_family_arm_m3_Hwi_delete)
                  000156a8    0000004c     sysbios.aem4f : BIOS.obj (.text:ti_sysbios_heaps_HeapMem_getStats__E)
                  000156f4    00000004     tcpEcho_pem4f.oem4f (.text:ti_sysbios_family_arm_m3_TaskSupport_Module__startupDone__S)
                  000156f8    0000004c     sysbios.aem4f : BIOS.obj (.text:ti_sysbios_knl_Swi_runLoop__I)
                  00015744    00000004     tcpEcho_pem4f.oem4f (.text:ti_sysbios_heaps_HeapMem_Module_GateProxy_enter__E)
                  00015748    0000004c     sysbios.aem4f : BIOS.obj (.text:ti_sysbios_knl_Task_allBlockedFunction__I)
                  00015794    0000004b     old_main.obj (.text:send_chunk)
                  000157df    00000001     --HOLE-- [fill = 0]
                  000157e0    0000004a     netctrl_min_ipv4.aem4f : netsrv.oem4f (.text:ServiceKill)
                  0001582a    0000004a     stk.aem4f : sock.oem4f (.text:SockDisconnect)
                  00015874    0000004a               : timer.oem4f (.text:TimerNew)
                  000158be    00000048     nettool_ipv4.aem4f : config.oem4f (.text:CfgNew)
                  00015906    00000002     --HOLE-- [fill = 0]
                  00015908    00000048     stk.aem4f : lli.oem4f (.text:LLIMsg)
                  00015950    00000048               : node.oem4f (.text:NodeWalk)
                  00015998    00000048               : rawethsock_pcb.oem4f (.text:RawEthSockPcbDetach)
                  000159e0    00000048               : sockpcb.oem4f (.text:SockPcbResolveChain)
                  00015a28    00000048               : tcpprot.oem4f (.text:TcpDrop)
                  00015a70    00000048               : lli.oem4f (.text:_LLIExpListInsert)
                  00015ab8    00000048               : rtable.oem4f (.text:_RtExpListInsert)
                  00015b00    00000048     rtsv7M4_T_le_v4SPD16_eabi.lib : exit.c.obj (.text:exit)
                  00015b48    00000048     stk.aem4f : file.oem4f (.text:fdint_lockfd)
                  00015b90    00000048     rtsv7M4_T_le_v4SPD16_eabi.lib : fd_toi_t2.asm.obj (.text)
                  00015bd8    00000048     sysbios.aem4f : BIOS.obj (.text:ti_sysbios_family_arm_lm4_Timer_enableTimers__I)
                  00015c20    00000048                   : BIOS.obj (.text:ti_sysbios_family_arm_m3_Hwi_disableInterrupt__E)
                  00015c68    00000048                   : BIOS.obj (.text:ti_sysbios_family_arm_m3_Hwi_enableInterrupt__E)
                  00015cb0    00000048                   : BIOS.obj (.text:ti_sysbios_family_arm_m3_Hwi_excReserved__I)
                  00015cf8    00000048                   : BIOS.obj (.text:ti_sysbios_knl_Task_deleteTerminatedTasksFunc__I)
                  00015d40    00000046     nettool_ipv4.aem4f : ipaddr.oem4f (.text:NtIfIdx2Ip)
                  00015d86    00000046     stk.aem4f : rawethsock.oem4f (.text:RawEthSockSend)
                  00015dcc    00000046               : tcpprot.oem4f (.text:TcpPrCtlError)
                  00015e12    00000046     os.aem4f : mem.oem4f (.text:mmZeroInit)
                  00015e58    00000046     ti.targets.arm.rtsarm.aem4f : Core-params.oem4f (.text:xdc_runtime_Core_assignParams__I)
                  00015e9e    00000002     --HOLE-- [fill = 0]
                  00015ea0    00000044     drivers_tivaware.aem4f : EMACSnow.oem4f (.text:EMACSnow_processTransmitted)
                  00015ee4    00000044     rtsv7M4_T_le_v4SPD16_eabi.lib : hostclose.c.obj (.text:HOSTclose)
                  00015f28    00000044                                   : hostunlink.c.obj (.text:HOSTunlink)
                  00015f6c    00000044     stk.aem4f : icmp.oem4f (.text:ICMPChecksum)
                  00015fb0    00000044               : ipfrag.oem4f (.text:IPReasmFree)
                  00015ff4    00000044               : lli.oem4f (.text:LLIGetValidTime)
                  00016038    00000044               : rtable.oem4f (.text:RouteMsg)
                  0001607c    00000044               : rtable.oem4f (.text:RtWalkEnd)
                  000160c0    00000044               : sockpcb.oem4f (.text:SockPcbDetach)
                  00016104    00000044     sysctl.obj (.text:SysCtlPeripheralReady)
                  00016148    00000044     stk.aem4f : timer.oem4f (.text:TimerListInsert)
                  0001618c    00000044     sysctl.obj (.text:_SysCtlMemTimingGet)
                  000161d0    00000044     rtsv7M4_T_le_v4SPD16_eabi.lib : getdevice.c.obj (.text:getdevice)
                  00016214    00000044     hal_timer_bios.aem4f : lltimer.oem4f (.text:llTimerGetTime)
                  00016258    00000044     sysbios.aem4f : BIOS.obj (.text:ti_sysbios_family_arm_lm4_Timer_isrStub__E)
                  0001629c    00000004     tcpEcho_pem4f.oem4f (.text:ti_sysbios_heaps_HeapMem_Module_GateProxy_leave__E)
                  000162a0    00000044     sysbios.aem4f : BIOS.obj (.text:ti_sysbios_family_arm_m3_Hwi_getStackInfo__E)
                  000162e4    00000004     tcpEcho_pem4f.oem4f (.text:ti_sysbios_knl_Clock_TimerProxy_getMaxTicks__E)
                  000162e8    00000044     sysbios.aem4f : BIOS.obj (.text:ti_sysbios_knl_Swi_post__E)
                  0001632c    00000044     ti.targets.arm.rtsarm.aem4f : Error.oem4f (.text:xdc_runtime_Error_setX__E)
                  00016370    00000044                                 : SysMin.oem4f (.text:xdc_runtime_SysMin_flush__E)
                  000163b4    00000044                                 : Text.oem4f (.text:xdc_runtime_Text_xprintf__I)
                  000163f8    00000042     stk.aem4f : socket.oem4f (.text:NDK_listen)
                  0001643a    00000042               : tcpprot.oem4f (.text:TcpPrSendOOB)
                  0001647c    00000042     old_main.obj (.text:b64_encoded_size)
                  000164be    00000042     stk.aem4f : fileuser.oem4f (.text:fdCloseSession)
                  00016500    00000040               : lliin.oem4f (.text:LLIValidateRoute)
                  00016540    00000040               : pbm.oem4f (.text:PBM_copy)
                  00016580    00000040     SST26VF032B.obj (.text:ReadConfig)
                  000165c0    00000040     SST26VF032B.obj (.text:ReadStatus)
                  00016600    00000040     stk.aem4f : sockpcb.oem4f (.text:SockPcbRtChange)
                  00016640    00000040     sysctl.obj (.text:SysCtlPeripheralEnable)
                  00016680    00000040     stk.aem4f : tcpprot.oem4f (.text:TcpPrSend)
                  000166c0    00000040     old_main.obj (.text:led_blink)
                  00016700    00000040     rtsv7M4_T_le_v4SPD16_eabi.lib : u_divt2.asm.obj (.text)
                  00016740    00000040     sysbios.aem4f : BIOS.obj (.text:ti_sysbios_family_arm_lm4_Timer_startup__E)
                  00016780    00000040                   : BIOS.obj (.text:ti_sysbios_heaps_HeapMem_Instance_init__E)
                  000167c0    0000003e     nettool_ipv4.aem4f : dhcpmain.oem4f (.text:DHCPClose)
                  000167fe    00000002     --HOLE-- [fill = 0]
                  00016800    0000003e     stk.aem4f : nimu.oem4f (.text:NIMUAllocateName)
                  0001683e    0000003e     os.aem4f : task.oem4f (.text:TaskCreate)
                  0001687c    0000003e     stk.aem4f : tcpprot.oem4f (.text:TcpPrDisconnect)
                  000168ba    0000003e     rtsv7M4_T_le_v4SPD16_eabi.lib : _printfi.c.obj (.text:_fcpy)
                  000168f8    0000003e     stk.aem4f : file.oem4f (.text:fdint_unlockfd)
                  00016936    0000003e     tcpEcho_pem4f.oem4f (.text:realloc)
                  00016974    0000003c     nettool_ipv4.aem4f : config.oem4f (.text:CfgEntryGetData)
                  000169b0    0000003c     driverlib.lib : emac.obj (.text:EMACIntDisable)
                  000169ec    0000003c     stk.aem4f : node.oem4f (.text:NodeUpdatePL)
                  00016a28    0000003c               : rtable.oem4f (.text:RtWalkBegin)
                  00016a64    0000003c               : tcpprot.oem4f (.text:TcpPrConnect)
                  00016aa0    0000003c               : tcptime.oem4f (.text:TcpSetPersist)
                  00016adc    0000003c               : rtc.oem4f (.text:_RTCSendRtAdv)
                  00016b18    0000003c               : rtable.oem4f (.text:_RtNodeRemove)
                  00016b54    0000003c     hal_timer_bios.aem4f : lltimer.oem4f (.text:_llTimerInit)
                  00016b90    0000003c     ff.obj (.text:sum_sfn)
                  00016bcc    00000004     tcpEcho_pem4f.oem4f (.text:ti_sysbios_knl_Queue_destruct)
                  00016bd0    0000003c     sysbios.aem4f : BIOS.obj (.text:ti_sysbios_family_arm_m3_Hwi_excSvCall__I)
                  00016c0c    00000004     tcpEcho_pem4f.oem4f (.text:ti_sysbios_knl_Semaphore_delete)
                  00016c10    0000003c     sysbios.aem4f : BIOS.obj (.text:ti_sysbios_heaps_HeapMem_init__I)
                  00016c4c    00000004     tcpEcho_pem4f.oem4f (.text:ti_sysbios_knl_Semaphore_destruct)
                  00016c50    0000003c     sysbios.aem4f : BIOS.obj (.text:ti_sysbios_knl_Swi_restore__E)
                  00016c8c    0000003a     driverlib.lib : emac.obj (.text:EMACIntEnable)
                  00016cc6    00000002     --HOLE-- [fill = 0]
                  00016cc8    00000038                   : emac.obj (.text:EMACConfigGet)
                  00016d00    00000038     stk.aem4f : ipfrag.oem4f (.text:IPReasmTimeout)
                  00016d38    00000038               : node.oem4f (.text:NodeGetRt)
                  00016d70    00000038               : tcpprot.oem4f (.text:TcpClose)
                  00016da8    00000038               : timer.oem4f (.text:TimerHSTick)
                  00016de0    00000038     SST26VF032B.obj (.text:WriteEnable)
                  00016e18    00000038     rtsv7M4_T_le_v4SPD16_eabi.lib : trgmsg.c.obj (.text:__TI_writemsg)
                  00016e50    00000038     nettool_ipv4.aem4f : dhcpbild.oem4f (.text:dhcpBuildDiscover)
                  00016e88    00000038                        : dhcptags.oem4f (.text:dhcpOptionsClear)
                  00016ec0    00000038     stk.aem4f : file.oem4f (.text:fdint_waitevent)
                  00016ef8    00000038     rtsv7M4_T_le_v4SPD16_eabi.lib : sscanf.c.obj (.text:sscanf)
                  00016f30    00000038     sysbios.aem4f : BIOS.obj (.text:ti_sysbios_family_arm_m3_Hwi_excNoIsr__I)
                  00016f68    00000038     tcpEcho_pem4f.oem4f (.text:ti_sysbios_knl_Clock_create)
                  00016fa0    00000038     sysbios.aem4f : BIOS.obj (.text:ti_sysbios_knl_Task_processVitalTaskFlag__I)
                  00016fd8    00000038     ti.targets.arm.rtsarm.aem4f : SysMin.oem4f (.text:xdc_runtime_SysMin_putch__E)
                  00017010    00000038                                 : System.oem4f (.text:xdc_runtime_System_atexit__E)
                  00017048    00000036     stk.aem4f : ip.oem4f (.text:IPChecksum)
                  0001707e    00000036     ff.obj (.text:ld_dword)
                  000170b4    00000036     rtsv7M4_T_le_v4SPD16_eabi.lib : strncpy.c.obj (.text:strncpy)
                  000170ea    00000002     --HOLE-- [fill = 0]
                  000170ec    00000034     nettool_ipv4.aem4f : config.oem4f (.text:CfgSetService)
                  00017120    00000034     driverlib.lib : emac.obj (.text:EMACConfigSet)
                  00017154    00000034                   : emac.obj (.text:EMACIntClear)
                  00017188    00000034     drivers_tivaware.aem4f : EMACSnow.oem4f (.text:EMACSnow_emacPoll)
                  000171bc    00000034                            : EMACSnow.oem4f (.text:EMACSnow_isLinkUp)
                  000171f0    00000034                            : EMAC.oem4f (.text:EMAC_init)
                  00017224    00000034     stk.aem4f : exec.oem4f (.text:ExecClose)
                  00017258    00000034               : nimu.oem4f (.text:NIMUFindByName)
                  0001728c    00000034               : nimu.oem4f (.text:NIMUInit)
                  000172c0    00000034               : rawethsock.oem4f (.text:RawEthSockNotify)
                  000172f4    00000034               : sockprot.oem4f (.text:SockPrCtlError)
                  00017328    00000034     rtsv7M4_T_le_v4SPD16_eabi.lib : fopen.c.obj (.text:__TI_cleanup)
                  0001735c    00000034                                   : trgmsg.c.obj (.text:__TI_readmsg)
                  00017390    00000034     os.aem4f : mem.oem4f (.text:mmUnInitPage)
                  000173c4    00000034     rtsv7M4_T_le_v4SPD16_eabi.lib : strstr.c.obj (.text:strstr)
                  000173f8    00000034     sysbios.aem4f : BIOS.obj (.text:ti_sysbios_family_arm_m3_Hwi_Instance_finalize__E)
                  0001742c    00000004     tcpEcho_pem4f.oem4f (.text:ti_sysbios_knl_Swi_delete)
                  00017430    00000034     sysbios.aem4f : BIOS.obj (.text:ti_sysbios_family_arm_m3_Hwi_excNmi__I)
                  00017464    00000004     tcpEcho_pem4f.oem4f (.text:ti_sysbios_knl_Task_delete)
                  00017468    00000034     sysbios.aem4f : BIOS.obj (.text:ti_sysbios_hal_Hwi_checkStack)
                  0001749c    00000034     tcpEcho_pem4f.oem4f (.text:ti_sysbios_knl_Semaphore_create)
                  000174d0    00000034     ti.targets.arm.rtsarm.aem4f : Core-label.oem4f (.text:xdc_runtime_Core_assignLabel__I)
                  00017504    00000033                                 : Text.oem4f (.text:xdc_runtime_Text_printVisFxn__I)
                  00017537    00000001     --HOLE-- [fill = 0]
                  00017538    00000032     nettool_ipv4.aem4f : config.oem4f (.text:CfgGetImmediate)
                  0001756a    00000032     stk.aem4f : route.oem4f (.text:RtDeRef)
                  0001759c    00000032               : route.oem4f (.text:RtSetFailure)
                  000175ce    00000032               : sb.oem4f (.text:SBFlush)
                  00017600    00000032               : sb.oem4f (.text:SBSetMax)
                  00017632    00000032               : sock.oem4f (.text:SockIntAbort)
                  00017664    00000032     nettool_ipv4.aem4f : config.oem4f (.text:_CfgAcquire)
                  00017696    00000032                        : dhcpsm.oem4f (.text:dhcpIPRemove)
                  000176c8    00000032     ff.obj (.text:f_close)
                  000176fa    00000006     driverlib.lib : emac.obj (.text:EMACRxDMADescriptorListSet)
                  00017700    00000032     sysbios.aem4f : BIOS.obj (.text:ti_sysbios_hal_Hwi_initStack)
                  00017732    00000006     driverlib.lib : emac.obj (.text:EMACTxDMADescriptorListSet)
                  00017738    00000032     sysbios.aem4f : BIOS.obj (.text:ti_sysbios_knl_Semaphore_pendTimeout__I)
                  0001776a    00000030     driverlib.lib : emac.obj (.text:EMACAddrSet)
                  0001779a    00000002     --HOLE-- [fill = 0]
                  0001779c    00000030     drivers_tivaware.aem4f : EMACSnow.oem4f (.text:EMACSnow_handlePackets)
                  000177cc    00000030     SST26VF032B.obj (.text:GlobalWriteProtectUnlock)
                  000177fc    00000030     SST26VF032B.obj (.text:LockBPR)
                  0001782c    00000030     netctrl_min_ipv4.aem4f : netsrv.oem4f (.text:NS_PreBoot)
                  0001785c    00000030     stk.aem4f : sock.oem4f (.text:SockBind)
                  0001788c    00000030               : sock.oem4f (.text:SockGetName)
                  000178bc    00000030     rtsv7M4_T_le_v4SPD16_eabi.lib : snprintf.c.obj (.text:_outs)
                  000178ec    00000030     ff.obj (.text:clst2sect)
                  0001791c    00000030     nettool_ipv4.aem4f : dhcpsock.oem4f (.text:dhcpPacketSend)
                  0001794c    00000030     rtsv7M4_T_le_v4SPD16_eabi.lib : getdevice.c.obj (.text:finddevice)
                  0001797c    00000030     stk.aem4f : listlib.oem4f (.text:list_remove_node)
                  000179ac    00000030     ff.obj (.text:st_word)
                  000179dc    00000030     tcpEcho_pem4f.oem4f (.text:ti_sysbios_BIOS_atExitFunc__I)
                  00017a0c    00000004     ti.targets.arm.rtsarm.aem4f : Error.oem4f (.text:xdc_runtime_Error_getMsg__E)
                  00017a10    00000030     sysbios.aem4f : BIOS.obj (.text:ti_sysbios_family_arm_lm4_Timer_stop__E)
                  00017a40    00000030                   : BIOS.obj (.text:ti_sysbios_family_arm_m3_TaskSupport_start__E)
                  00017a70    00000030     tcpEcho_pem4f.oem4f (.text:ti_sysbios_gates_GateHwi_Object__create__S)
                  00017aa0    00000030     tcpEcho_pem4f.oem4f (.text:ti_sysbios_gates_GateMutex_Object__create__S)
                  00017ad0    00000030     sysbios.aem4f : BIOS.obj (.text:ti_sysbios_gates_GateMutex_enter__E)
                  00017b00    00000030     tcpEcho_pem4f.oem4f (.text:ti_sysbios_heaps_HeapMem_Object__create__S)
                  00017b30    00000030     tcpEcho_pem4f.oem4f (.text:ti_sysbios_knl_Semaphore_construct)
                  00017b60    00000030     ti.targets.arm.rtsarm.aem4f : SysMin.oem4f (.text:xdc_runtime_SysMin_abort__E)
                  00017b90    00000030                                 : System.oem4f (.text:xdc_runtime_System_processAtExit__E)
                  00017bc0    0000002e     stk.aem4f : sb.oem4f (.text:SBFree)
                  00017bee    0000002e     tcpEcho_pem4f.oem4f (.text:malloc)
                  00017c1c    0000002e     rtsv7M4_T_le_v4SPD16_eabi.lib : i_tofd_t2.asm.obj (.text)
                  00017c4a    0000002c     driverlib.lib : emac.obj (.text:EMACIntStatus)
                  00017c76    0000002c     stk.aem4f : file.oem4f (.text:FdSignalEvent)
                  00017ca2    00000002     --HOLE-- [fill = 0]
                  00017ca4    0000002c               : igmp.oem4f (.text:IGMPTestGroup)
                  00017cd0    0000002c     os.aem4f : task.oem4f (.text:NDK_hookCreate)
                  00017cfc    0000002c     stk.aem4f : nimu.oem4f (.text:NIMUAllocateIndex)
                  00017d28    0000002c               : nimu.oem4f (.text:NIMUPacketServiceCheck)
                  00017d54    0000002c               : pipe.oem4f (.text:PipeClose)
                  00017d80    0000002c               : sockpcb.oem4f (.text:SockPcbAttach)
                  00017dac    0000002c     SST26VF032B.obj (.text:TEST_spi_init)
                  00017dd8    0000002c     stk.aem4f : lli.oem4f (.text:_LLIExpListRemove)
                  00017e04    0000002c               : lli.oem4f (.text:_LLITimeoutFlush)
                  00017e30    0000002c               : rtable.oem4f (.text:_RtExpListRemove)
                  00017e5c    0000002c     ff.obj (.text:ld_clust)
                  00017e88    0000002c     rtsv7M4_T_le_v4SPD16_eabi.lib : strncmp.c.obj (.text:strncmp)
                  00017eb4    0000002c     tcpEcho_pem4f.oem4f (.text:ti_sysbios_knl_Clock_doTick__I)
                  00017ee0    0000002c     tcpEcho_pem4f.oem4f (.text:ti_sysbios_knl_Queue_construct)
                  00017f0c    00000004     ti.targets.arm.rtsarm.aem4f : Error.oem4f (.text:xdc_runtime_Error_getSite__E)
                  00017f10    0000002c     sysbios.aem4f : BIOS.obj (.text:ti_sysbios_knl_Task_restore__E)
                  00017f3c    0000002c     rtsv7M4_T_le_v4SPD16_eabi.lib : unlink.c.obj (.text:unlink)
                  00017f68    0000002c     ti.targets.arm.rtsarm.aem4f : Text.oem4f (.text:xdc_runtime_Text_cordText__E)
                  00017f94    0000002a     stk.aem4f : pbm.oem4f (.text:PBMQ_deq)
                  00017fbe    0000002a     netctrl_min_ipv4.aem4f : netsrv.oem4f (.text:ServiceCallback)
                  00017fe8    0000002a     nettool_ipv4.aem4f : config.oem4f (.text:_CfgRelease)
                  00018012    0000002a     SST26VF032B.obj (.text:receive)
                  0001803c    0000002a     ff.obj (.text:st_clust)
                  00018066    0000002a     ti.targets.arm.rtsarm.aem4f : System.oem4f (.text:xdc_runtime_System_putchar__I)
                  00018090    00000028     stk.aem4f : bind.oem4f (.text:BindFindByNet)
                  000180b8    00000028               : lli.oem4f (.text:LLIFree)
                  000180e0    00000028     netctrl_min_ipv4.aem4f : netctrl.oem4f (.text:NC_SystemClose)
                  00018108    00000028     stk.aem4f : nimu.oem4f (.text:NIMUCreatePacket)
                  00018130    00000028               : nimu.oem4f (.text:NIMUPacketService)
                  00018158    00000028               : tcpin.oem4f (.text:TcpEnterTimeWait)
                  00018180    00000028               : timer.oem4f (.text:TimerListRemove)
                  000181a8    00000028               : vlan.oem4f (.text:VLANFindSourceInterface)
                  000181d0    00000028               : vlan.oem4f (.text:VLANInit)
                  000181f8    00000028     nettool_ipv4.aem4f : dhcpsock.oem4f (.text:dhcpPacketReceive)
                  00018220    00000028     rtsv7M4_T_le_v4SPD16_eabi.lib : lseek.c.obj (.text:lseek)
                  00018248    00000028     drivers_tivaware.aem4f : EMACSnow.oem4f (.text:signalLinkChange)
                  00018270    00000028     sysbios.aem4f : BIOS.obj (.text:ti_sysbios_knl_Clock_addI__E)
                  00018298    00000028                   : BIOS.obj (.text:ti_sysbios_knl_Swi_Module_startup__E)
                  000182c0    00000028     rtsv7M4_T_le_v4SPD16_eabi.lib : write.c.obj (.text:write)
                  000182e8    00000026     nettool_ipv4.aem4f : config.oem4f (.text:CfgEntryInfo)
                  0001830e    00000026     driverlib.lib : emac.obj (.text:EMACPHYRead)
                  00018334    00000026                   : emac.obj (.text:EMACPHYWrite)
                  0001835a    00000026     stk.aem4f : rawethsock.oem4f (.text:RawEthSockClose)
                  00018380    00000026     ff.obj (.text:ld_word)
                  000183a6    00000026     SST26VF032B.obj (.text:send)
                  000183cc    00000026     tcpEcho_pem4f.oem4f (.text:ti_ndk_config_udp_init)
                  000183f2    00000026     sysbios.aem4f : m3_Hwi_asm.obj (.text:ti_sysbios_family_arm_m3_Hwi_pendSV__I)
                  00018418    00000026     ti.targets.arm.rtsarm.aem4f : System.oem4f (.text:xdc_runtime_System_avprintf__E)
                  0001843e    00000002     --HOLE-- [fill = 0]
                  00018440    00000024     stk.aem4f : bind.oem4f (.text:BindFindByHost)
                  00018464    00000024               : bind.oem4f (.text:BindGetIFByDBCast)
                  00018488    00000024     drivers_tivaware.aem4f : EMACSnow.oem4f (.text:EMACSnow_pkt_service)
                  000184ac    00000024                            : EMACSnow.oem4f (.text:EMACSnow_primeRx)
                  000184d0    00000024     stk.aem4f : exec.oem4f (.text:ExecTimer)
                  000184f4    00000024     gpio.obj (.text:GPIOPinTypeEthernetLED)
                  00018518    00000024     gpio.obj (.text:GPIOPinTypeGPIOOutput)
                  0001853c    00000024     gpio.obj (.text:GPIOPinTypeSSI)
                  00018560    00000024     stk.aem4f : nimu.oem4f (.text:NIMUFindByIndex)
                  00018584    00000024               : rtc.oem4f (.text:RTCAddHook)
                  000185a8    00000024               : rawethsock_pcb.oem4f (.text:RawEthSockPcbFind)
                  000185cc    00000024               : route.oem4f (.text:RtFree)
                  000185f0    00000024               : route.oem4f (.text:RtSetTimeout)
                  00018614    00000024               : sockpcb.oem4f (.text:SockPcbCleanup)
                  00018638    00000024               : tcpprot.oem4f (.text:TcpPrListen)
                  0001865c    00000024               : tcptime.oem4f (.text:TcpTimeoutWait2)
                  00018680    00000024     nettool_ipv4.aem4f : config.oem4f (.text:_CfgEntryProcess)
                  000186a4    00000024     rtsv7M4_T_le_v4SPD16_eabi.lib : memcmp.c.obj (.text:memcmp)
                  000186c8    00000024     tcpEcho_pem4f.oem4f (.text:ti_sysbios_BIOS_errorRaiseHook__I)
                  000186ec    00000024     tcpEcho_pem4f.oem4f (.text:ti_sysbios_BIOS_registerRTSLock__I)
                  00018710    00000024     tcpEcho_pem4f.oem4f (.text:ti_sysbios_BIOS_removeRTSLock__I)
                  00018734    00000024     tcpEcho_pem4f.oem4f (.text:ti_sysbios_BIOS_startFunc__I)
                  00018758    00000024     tcpEcho_pem4f.oem4f (.text:ti_sysbios_gates_GateMutex_Object__delete__S)
                  0001877c    00000004     tcpEcho_pem4f.oem4f (.text:xdc_runtime_System_Module_GateProxy_enter__E)
                  00018780    00000024     sysbios.aem4f : BIOS.obj (.text:ti_sysbios_knl_Clock_Module_startup__E)
                  000187a4    00000004     tcpEcho_pem4f.oem4f (.text:xdc_runtime_System_Module_GateProxy_leave__E)
                  000187a8    00000024     sysbios.aem4f : BIOS.obj (.text:ti_sysbios_knl_Semaphore_Instance_init__E)
                  000187cc    00000024     tcpEcho_pem4f.oem4f (.text:ti_sysbios_knl_Semaphore_Object__delete__S)
                  000187f0    00000024     sysbios.aem4f : BIOS.obj (.text:ti_sysbios_knl_Task_restoreHwi__E)
                  00018814    00000024     user_diskio.obj (.text:user_disk_initialize)
                  00018838    00000024     ti.targets.arm.rtsarm.aem4f : System.oem4f (.text:xdc_runtime_System_vprintf__E)
                  0001885c    00000022     nettool_ipv4.aem4f : config.oem4f (.text:CfgEntryRef)
                  0001887e    00000022     gpio.obj (.text:GPIOIntStatus)
                  000188a0    00000022     ssi.obj (.text:SSIDataGetNonBlocking)
                  000188c2    00000022     stk.aem4f : vlan.oem4f (.text:VLANFindNode)
                  000188e4    00000022     old_main.obj (.text:setsockopt)
                  00018906    00000002     --HOLE-- [fill = 0]
                  00018908    00000022     sysbios.aem4f : BIOS.obj (.text:ti_sysbios_family_arm_lm4_Timer_write__I)
                  0001892a    00000022     tcpEcho_pem4f.oem4f (.text:xdc_runtime_SysMin_output__I)
                  0001894c    00000020     gpio.obj (.text:GPIOPinWrite)
                  0001896c    00000020     netctrl_min_ipv4.aem4f : netctrl.oem4f (.text:NC_BootComplete)
                  0001898c    00000020     stk.aem4f : nimu.oem4f (.text:NIMUGetNumOfObject)
                  000189ac    00000020               : rtc.oem4f (.text:RTCRemoveHook)
                  000189cc    00000020               : tcp.oem4f (.text:TcpTimeoutRemove)
                  000189ec    00000020     Boot.aem4f : Boot_sysctl.oem4f (.text:_SysCtlMemTimingGet)
                  00018a0c    00000020     rtsv7M4_T_le_v4SPD16_eabi.lib : memchr.c.obj (.text:memchr)
                  00018a2c    00000020     tcpEcho_pem4f.oem4f (.text:ti_sysbios_BIOS_rtsLock__I)
                  00018a4c    00000020     tcpEcho_pem4f.oem4f (.text:ti_sysbios_family_arm_m3_Hwi_Object__delete__S)
                  00018a6c    00000020     sysbios.aem4f : m3_Hwi_asm.obj (.text:ti_sysbios_family_arm_m3_Hwi_excHandlerAsm__I)
                  00018a8c    00000004     ti.targets.arm.rtsarm.aem4f : System.oem4f (.text:xdc_runtime_System_aprintf_va__F)
                  00018a90    00000020     sysbios.aem4f : BIOS.obj (.text:ti_sysbios_family_arm_m3_Hwi_excHandler__I)
                  00018ab0    00000020     tcpEcho_pem4f.oem4f (.text:ti_sysbios_gates_GateHwi_Object__delete__S)
                  00018ad0    00000020     tcpEcho_pem4f.oem4f (.text:ti_sysbios_heaps_HeapMem_Object__delete__S)
                  00018af0    00000020     sysbios.aem4f : BIOS.obj (.text:ti_sysbios_knl_Idle_run__E)
                  00018b10    00000020     tcpEcho_pem4f.oem4f (.text:ti_sysbios_knl_Semaphore_Object__destruct__S)
                  00018b30    00000020     tcpEcho_pem4f.oem4f (.text:ti_sysbios_knl_Swi_Object__delete__S)
                  00018b50    00000020     tcpEcho_pem4f.oem4f (.text:ti_sysbios_knl_Task_Object__delete__S)
                  00018b70    00000020     ti.targets.arm.rtsarm.aem4f : Registry.oem4f (.text:xdc_runtime_Registry_findById__E)
                  00018b90    00000020                                 : SysMin.oem4f (.text:xdc_runtime_SysMin_Module_startup__E)
                  00018bb0    0000001e     ssi.obj (.text:SSIBusy)
                  00018bce    0000001e     ssi.obj (.text:SSIIntStatus)
                  00018bec    0000001e     stk.aem4f : listlib.oem4f (.text:list_remove)
                  00018c0a    0000001e     old_main.obj (.text:recv)
                  00018c28    0000001e     old_main.obj (.text:send)
                  00018c46    0000001e     sysbios.aem4f : m3_Hwi_asm_switch.obj (.text:ti_sysbios_family_xxx_Hwi_switchAndRunFunc)
                  00018c64    0000001c     stk.aem4f : bind.oem4f (.text:BindFindByIF)
                  00018c80    0000001c     SST26VF032B.obj (.text:Clock_Init)
                  00018c9c    0000001c     stk.aem4f : exec.oem4f (.text:ExecBroadcast)
                  00018cb8    0000001c     SST26VF032B.obj (.text:Led_Init)
                  00018cd4    0000001c     os.aem4f : ossys.oem4f (.text:NDK_sprintf)
                  00018cf0    0000001c     stk.aem4f : nimu.oem4f (.text:NIMUAddHeader)
                  00018d0c    0000001c     ssi.obj (.text:SSIDataGet)
                  00018d28    0000001c     stk.aem4f : sockprot.oem4f (.text:SockPrDetach)
                  00018d44    0000001c     os.aem4f : task.oem4f (.text:TaskDestroy)
                  00018d60    0000001c     drivers_tivaware.aem4f : GPIOTiva.oem4f (.text:getGpioIntIndex)
                  00018d7c    0000001c     rtsv7M4_T_le_v4SPD16_eabi.lib : memccpy.c.obj (.text:memccpy)
                  00018d98    0000001c     tcpEcho_pem4f.oem4f (.text:ti_ndk_config_global_taskCreateHook)
                  00018db4    00000004     ti.targets.arm.rtsarm.aem4f : System.oem4f (.text:xdc_runtime_System_printf_va__F)
                  00018db8    0000001c     sysbios.aem4f : BIOS.obj (.text:ti_sysbios_gates_GateMutex_Instance_init__E)
                  00018dd4    0000001c     tcpEcho_pem4f.oem4f (.text:ti_sysbios_knl_Queue_Object__destruct__S)
                  00018df0    0000001c     sysbios.aem4f : BIOS.obj (.text:ti_sysbios_knl_Queue_put__E)
                  00018e0c    00000004     --HOLE-- [fill = 0]
                  00018e10    0000001c                   : BIOS.obj (.text:ti_sysbios_knl_Task_enter__I)
                  00018e2c    0000001c     ti.targets.arm.rtsarm.aem4f : Error.oem4f (.text:xdc_runtime_Error_raiseX__E)
                  00018e48    0000001c                                 : Memory.oem4f (.text:xdc_runtime_Memory_valloc__E)
                  00018e64    0000001c                                 : SysMin.oem4f (.text:xdc_runtime_SysMin_exit__E)
                  00018e80    0000001c                                 : System.oem4f (.text:xdc_runtime_System_abort__E)
                  00018e9c    0000001a     stk.aem4f : bind.oem4f (.text:BindGetIP)
                  00018eb6    0000001a     ssi.obj (.text:SSIDataPut)
                  00018ed0    0000001a     stk.aem4f : sockint.oem4f (.text:SockSetOOBMark)
                  00018eea    0000001a     rtsv7M4_T_le_v4SPD16_eabi.lib : s_copysign.c.obj (.text:copysign)
                  00018f04    0000001a     stk.aem4f : file.oem4f (.text:fdint_getfdt)
                  00018f1e    0000001a     tcpEcho_pem4f.oem4f (.text:free)
                  00018f38    0000001a     tcpEcho_pem4f.oem4f (.text:ti_sysbios_family_arm_m3_Hwi_Handle__label__S)
                  00018f52    0000001a     tcpEcho_pem4f.oem4f (.text:ti_sysbios_gates_GateHwi_Handle__label__S)
                  00018f6c    0000001a     tcpEcho_pem4f.oem4f (.text:ti_sysbios_gates_GateMutex_Handle__label__S)
                  00018f86    0000001a     tcpEcho_pem4f.oem4f (.text:ti_sysbios_heaps_HeapMem_Handle__label__S)
                  00018fa0    0000001a     tcpEcho_pem4f.oem4f (.text:ti_sysbios_knl_Swi_Handle__label__S)
                  00018fba    0000001a     tcpEcho_pem4f.oem4f (.text:ti_sysbios_knl_Task_Handle__label__S)
                  00018fd4    00000004     --HOLE-- [fill = 0]
                  00018fd8    0000001a     sysbios.aem4f : BIOS.obj (.text:ti_sysbios_knl_Task_sleepTimeout__I)
                  00018ff2    0000001a     tcpEcho_pem4f.oem4f (.text:xdc_runtime_System_aprintf__E)
                  0001900c    0000001a     tcpEcho_pem4f.oem4f (.text:xdc_runtime_System_printf__E)
                  00019026    00000002     --HOLE-- [fill = 0]
                  00019028    00000018     drivers_tivaware.aem4f : EMACSnow.oem4f (.text:EMACSnow_emacSend)
                  00019040    00000018     stk.aem4f : ip.oem4f (.text:IPRtChange)
                  00019058    00000018               : rawethsock_pcb.oem4f (.text:RawEthSockPcbCleanup)
                  00019070    00000018     nettool_ipv4.aem4f : ipaddr.oem4f (.text:RouteHook)
                  00019088    00000018     stk.aem4f : tcpin.oem4f (.text:SEQ_GEQ)
                  000190a0    00000018               : tcpout.oem4f (.text:SEQ_GEQ)
                  000190b8    00000018               : tcpin.oem4f (.text:SEQ_GT)
                  000190d0    00000018               : tcpout.oem4f (.text:SEQ_GT)
                  000190e8    00000018               : tcpin.oem4f (.text:SEQ_LEQ)
                  00019100    00000018               : tcpout.oem4f (.text:SEQ_LEQ)
                  00019118    00000018               : tcpin.oem4f (.text:SEQ_LT)
                  00019130    00000018               : tcpout.oem4f (.text:SEQ_LT)
                  00019148    00000018               : tcp.oem4f (.text:TcpTimeoutAdd)
                  00019160    00000018     rtsv7M4_T_le_v4SPD16_eabi.lib : args_main.c.obj (.text:_args_main)
                  00019178    00000018                                   : snprintf.c.obj (.text:_outc)
                  00019190    00000018     nettool_ipv4.aem4f : dhcpsock.oem4f (.text:dhcpSocketClose)
                  000191a8    00000018     stk.aem4f : listlib.oem4f (.text:list_add)
                  000191c0    00000018     rtsv7M4_T_le_v4SPD16_eabi.lib : ll_mul_t2.asm.obj (.text)
                  000191d8    00000018                                   : strcmp.c.obj (.text:strcmp)
                  000191f0    00000018                                   : strrchr.c.obj (.text:strrchr)
                  00019208    00000018     tcpEcho_pem4f.oem4f (.text:ti_sysbios_BIOS_rtsUnlock__I)
                  00019220    00000018     tcpEcho_pem4f.oem4f (.text:ti_sysbios_family_arm_lm4_Timer_Module__startupDone__F)
                  00019238    00000018     tcpEcho_pem4f.oem4f (.text:ti_sysbios_family_arm_m3_Hwi_Module__startupDone__F)
                  00019250    00000018     sysbios.aem4f : m3_TaskSupport_asm.obj (.text:ti_sysbios_family_arm_m3_TaskSupport_swap__E)
                  00019268    00000018                   : BIOS.obj (.text:ti_sysbios_gates_GateMutex_leave__E)
                  00019280    00000018     ti.targets.arm.rtsarm.aem4f : Error.oem4f (.text:xdc_runtime_Error_check__E)
                  00019298    00000018                                 : System.oem4f (.text:xdc_runtime_System_exit__E)
                  000192b0    00000018                                 : Text.oem4f (.text:xdc_runtime_Text_ropeText__E)
                  000192c8    00000016     driverlib.lib : emac.obj (.text:EMACReset)
                  000192de    00000016                   : emac.obj (.text:EMACRxEnable)
                  000192f4    00000016                   : emac.obj (.text:EMACTxEnable)
                  0001930a    00000016     ssi.obj (.text:SSIEnable)
                  00019320    00000016     stk.aem4f : file.oem4f (.text:fdint_freefdt)
                  00019336    00000016     rtsv7M4_T_le_v4SPD16_eabi.lib : strchr.c.obj (.text:strchr)
                  0001934c    00000016     tcpEcho_pem4f.oem4f (.text:ti_sysbios_BIOS_exitFunc__I)
                  00019362    00000016     old_main.obj (.text:ti_sysbios_knl_Task_Params_init)
                  00019378    00000016     tcpEchoHooks.obj (.text:ti_sysbios_knl_Task_Params_init)
                  0001938e    00000016     ti.targets.arm.rtsarm.aem4f : System.oem4f (.text:xdc_runtime_System_vsprintf__E)
                  000193a4    00000014     stk.aem4f : bind.oem4f (.text:BindIPHost2IF)
                  000193b8    00000014     driverlib.lib : flash.obj (.text:FlashUserGet)
                  000193cc    00000014     gpio.obj (.text:GPIOIntClear)
                  000193e0    00000014     netctrl_min_ipv4.aem4f : netctrl.oem4f (.text:NC_NetStop)
                  000193f4    00000014     os.aem4f : task.oem4f (.text:NDK_hookExit)
                  00019408    00000014     stk.aem4f : nimu.oem4f (.text:NIMUSendPacket)
                  0001941c    00000014     nettool_ipv4.aem4f : ipaddr.oem4f (.text:NtRemoveNetwork)
                  00019430    00000014     stk.aem4f : rawethsock_pcb.oem4f (.text:RawEthSockPcbInit)
                  00019444    00000014               : timer.oem4f (.text:TimerFree)
                  00019458    00000014     old_main.obj (.text:accept)
                  0001946c    00000014     old_main.obj (.text:bind)
                  00019480    00000014     old_main.obj (.text:socket)
                  00019494    00000014     rtsv7M4_T_le_v4SPD16_eabi.lib : strcpy.c.obj (.text:strcpy)
                  000194a8    00000014                                   : strlen.c.obj (.text:strlen)
                  000194bc    00000014     tcpEcho_pem4f.oem4f (.text:ti_ndk_config_global_taskExitHook)
                  000194d0    00000014     tcpEcho_pem4f.oem4f (.text:ti_sysbios_family_arm_m3_Hwi_Object__get__S)
                  000194e4    00000004     --HOLE-- [fill = 0]
                  000194e8    00000014     sysbios.aem4f : BIOS.obj (.text:ti_sysbios_family_arm_m3_Hwi_switchFromBootStack__E)
                  000194fc    00000014     tcpEcho_pem4f.oem4f (.text:ti_sysbios_heaps_HeapMem_Object__get__S)
                  00019510    00000014     tcpEcho_pem4f.oem4f (.text:ti_sysbios_knl_Swi_Object__get__S)
[...]
0002af90  ti_sysbios_knl_Task_Object__DESC__C                                  
0002afb0  xdc_runtime_Startup_sfxnTab__A                                       
0002afd0  EMAC_config                                                          
0002b000  ti_ndk_config_Global_rawPageSize                                     
0002b004  ti_ndk_config_Global_rawPageCount                                    
0002b008  ti_ndk_config_Global_smallest                                        
0002b00c  ti_ndk_config_Global_largest                                         
0002b010  ti_ndk_config_Global_numFrameBuf                                     
0002b014  ti_ndk_config_Global_sizeFrameBuf                                    
0002b018  ti_sysbios_gates_GateHwi_Object__PARAMS__C                           
0002b030  ti_sysbios_gates_GateMutex_Object__PARAMS__C                         
0002b048  ti_sysbios_knl_Queue_Object__PARAMS__C                               
0002b060  ti_sysbios_knl_Task_hooks__A                                         
0002b078  GPIOTiva_config                                                      
0002b08c  xdc_runtime_Startup_firstFxns__A                                     
0002b0b0  emacHWAttrs                                                          
0002b0c0  xdc_runtime_Startup_sfxnRts__A                                       
0002b0f0  EMACSnow_fxnTable                                                    
0002b100  ti_sysbios_family_arm_m3_Hwi_excHookFuncs__A                         
0002b108  ti_sysbios_knl_Idle_funcList__A                                      
0002b110  ti_sysbios_knl_Idle_funcList__C                                      
0002b118  ti_sysbios_knl_Task_hooks__C                                         
0002b120  xdc_runtime_Startup_firstFxns__C                                     
0002b128  xdc_runtime_Startup_lastFxns__C                                      
0002b130  ti_catalog_arm_cortexm4_tiva_ce_Boot_Module__diagsEnabled__C         
0002b134  ti_catalog_arm_cortexm4_tiva_ce_Boot_Module__diagsIncluded__C        
0002b138  ti_catalog_arm_cortexm4_tiva_ce_Boot_Module__diagsMask__C            
0002b13c  ti_sysbios_family_arm_lm4_Timer_enableFunc__C                        
0002b140  ti_sysbios_family_arm_lm4_Timer_numTimerDevices__C                   
0002b144  ti_sysbios_family_arm_lm4_Timer_startupNeeded__C                     
0002b148  ti_sysbios_family_arm_m3_Hwi_E_NMI__C                                
0002b14c  ti_sysbios_family_arm_m3_Hwi_E_alreadyDefined__C                     
0002b150  ti_sysbios_family_arm_m3_Hwi_E_busFault__C                           
0002b154  ti_sysbios_family_arm_m3_Hwi_E_debugMon__C                           
0002b158  ti_sysbios_family_arm_m3_Hwi_E_hardFault__C                          
0002b15c  ti_sysbios_family_arm_m3_Hwi_E_memFault__C                           
0002b160  ti_sysbios_family_arm_m3_Hwi_E_noIsr__C                              
0002b164  ti_sysbios_family_arm_m3_Hwi_E_reserved__C                           
0002b168  ti_sysbios_family_arm_m3_Hwi_E_svCall__C                             
0002b16c  ti_sysbios_family_arm_m3_Hwi_E_usageFault__C                         
0002b170  ti_sysbios_family_arm_m3_Hwi_NUM_INTERRUPTS__C                       
0002b174  ti_sysbios_family_arm_m3_Hwi_Object__count__C                        
0002b178  ti_sysbios_family_arm_m3_Hwi_ccr__C                                  
0002b17c  ti_sysbios_family_arm_m3_Hwi_excHandlerFunc__C                       
0002b180  ti_sysbios_family_arm_m3_Hwi_excHookFuncs__C                         
0002b184  ti_sysbios_family_arm_m3_Hwi_nullIsrFunc__C                          
0002b188  ti_sysbios_family_arm_m3_Hwi_priGroup__C                             
0002b18c  ti_sysbios_family_arm_m3_TaskSupport_stackAlignment__C               
0002b190  ti_sysbios_gates_GateMutex_Instance_State_sem__O                     
0002b194  ti_sysbios_hal_Hwi_E_stackOverflow__C                                
0002b198  ti_sysbios_heaps_HeapMem_E_memory__C                                 
0002b19c  ti_sysbios_heaps_HeapMem_Module__gateObj__C                          
0002b1a0  ti_sysbios_heaps_HeapMem_Object__count__C                            
0002b1a4  ti_sysbios_heaps_HeapMem_reqAlign__C                                 
0002b1a8  ti_sysbios_knl_Clock_Module_State_clockQ__O                          
0002b1ac  ti_sysbios_knl_Clock_tickPeriod__C                                   
0002b1b0  ti_sysbios_knl_Semaphore_Instance_State_pendQ__O                     
0002b1b4  ti_sysbios_knl_Swi_Object__count__C                                  
0002b1b8  ti_sysbios_knl_Task_E_deleteNotAllowed__C                            
0002b1bc  ti_sysbios_knl_Task_E_spOutOfBounds__C                               
0002b1c0  ti_sysbios_knl_Task_E_stackOverflow__C                               
0002b1c4  ti_sysbios_knl_Task_Module_State_inactiveQ__O                        
0002b1c8  ti_sysbios_knl_Task_Module_State_terminatedQ__O                      
0002b1cc  ti_sysbios_knl_Task_Object__count__C                                 
0002b1d0  ti_sysbios_knl_Task_Object__heap__C                                  
0002b1d4  ti_sysbios_knl_Task_allBlockedFunc__C                                
0002b1d8  ti_sysbios_knl_Task_defaultStackHeap__C                              
0002b1dc  ti_sysbios_knl_Task_defaultStackSize__C                              
0002b1e0  ti_sysbios_knl_Task_numConstructedTasks__C                           
0002b1e4  xdc_runtime_Assert_E_assertFailed__C                                 
0002b1e8  xdc_runtime_Core_A_initializedParams__C                              
0002b1ec  xdc_runtime_Core_Module__diagsEnabled__C                             
0002b1f0  xdc_runtime_Core_Module__diagsIncluded__C                            
0002b1f4  xdc_runtime_Core_Module__diagsMask__C                                
0002b1f8  xdc_runtime_Error_E_memory__C                                        
0002b1fc  xdc_runtime_Error_Module__diagsEnabled__C                            
0002b200  xdc_runtime_Error_Module__diagsIncluded__C                           
0002b204  xdc_runtime_Error_Module__diagsMask__C                               
0002b208  xdc_runtime_Error_Module__loggerFxn8__C                              
0002b20c  xdc_runtime_Error_Module__loggerObj__C                               
0002b210  xdc_runtime_Error_policyFxn__C                                       
0002b214  xdc_runtime_Error_raiseHook__C                                       
0002b218  xdc_runtime_IGateProvider_Interface__BASE__C                         
0002b21c  xdc_runtime_IHeap_Interface__BASE__C                                 
0002b220  xdc_runtime_IModule_Interface__BASE__C                               
0002b224  xdc_runtime_Log_L_error__C                                           
0002b228  xdc_runtime_Memory_defaultHeapInstance__C                            
0002b22c  xdc_runtime_Startup_execImpl__C                                      
0002b230  xdc_runtime_Startup_maxPasses__C                                     
0002b234  xdc_runtime_Startup_sfxnRts__C                                       
0002b238  xdc_runtime_Startup_sfxnTab__C                                       
0002b23c  xdc_runtime_SysMin_bufSize__C                                        
0002b240  xdc_runtime_SysMin_outputFunc__C                                     
0002b244  xdc_runtime_System_Module__gateObj__C                                
0002b248  xdc_runtime_System_abortFxn__C                                       
0002b24c  xdc_runtime_System_exitFxn__C                                        
0002b250  xdc_runtime_System_extendFxn__C                                      
0002b254  xdc_runtime_System_maxAtexitHandlers__C                              
0002b258  xdc_runtime_Text_charTab__C                                          
0002b25c  xdc_runtime_Text_nameEmpty__C                                        
0002b260  xdc_runtime_Text_nameStatic__C                                       
0002b264  xdc_runtime_Text_nameUnknown__C                                      
0002b268  xdc_runtime_Text_nodeTab__C                                          
0002b26c  xdc_runtime_Text_visitRopeFxn__C                                     
0002b270  xdc_runtime_Core_Module__id__C                                       
0002b272  xdc_runtime_Error_Module__loggerDefined__C                           
0002b274  xdc_runtime_Error_maxDepth__C                                        
0002b276  xdc_runtime_Memory_Module__id__C                                     
0002b278  xdc_runtime_SysMin_flushAtExit__C                                    
0002b27a  xdc_runtime_Text_charCnt__C                                          
0002b27c  xdc_runtime_Text_isLoaded__C                                         
0002b27e  xdc_runtime_Text_registryModsLastId__C                               
0002b280  xdc_runtime_Text_unnamedModsLastId__C                                
0002b288  __TI_static_base__                                                   
0002b664  __TI_Handler_Table_Base                                              
0002b670  __TI_Handler_Table_Limit                                             
0002b680  __TI_CINIT_Base                                                      
0002b698  __TI_CINIT_Limit                                                     
20000000  __start___llvm_prf_cnts                                              
20000000  __stop___llvm_prf_cnts                                               
20000000  ti_sysbios_family_arm_m3_Hwi_ramVectors                              
20000380  ti_sysbios_heaps_HeapMem_Instance_State_0_buf__A                     
2000cb80  ti_ndk_config_Global_pit                                             
2000cc28  ti_ndk_config_Global_pitBuffer                                       
20011428  _ICMPIn                                                              
20011474  PBMQ_free                                                            
20011480  ti_ndk_config_Global_pBufMem                                         
20015080  ti_ndk_config_Global_pHdrMem                                         
20015378  fs                                                                   
200163ac  file                                                                 
200173d8  ti_sysbios_knl_Task_Instance_State_0_stack__A                        
200179d8  ti_sysbios_knl_Task_Instance_State_1_stack__A                        
20017bd8  ti_sysbios_family_arm_m3_Hwi_dispatchTable                           
20018138  __CIOBUF_                                                            
20018358  tcps                                                                 
200184c4  __TI_tmpnams                                                         
20018714  xdc_runtime_SysMin_Module_State_0_outbuf__A                          
20018794  ips                                                                  
200187fc  nimu_mcb                                                             
20018860  _ICMPOut                                                             
200188ec  vlan_mcb                                                             
20018938  udps                                                                 
2001895c  BlockCount                                                           
20018978  BlockMax                                                             
20018994  PageCount                                                            
200189b0  PageMax                                                              
200189cc  stkEvent                                                             
20018a08  raweths                                                              
20018a18  raws                                                                 
20018a28  tpseudo                                                              
20018a34  upseudo                                                              
20018a40  emacObjects                                                          
20018a48  parmbuf                                                              
20018a74  _IGMPInDiscard                                                       
20018a78  _IGMPInQuery                                                         
20018a7c  _IGMPInQueryGroup                                                    
20018a80  _IGMPInResponse                                                      
20018a84  _IGMPOutResponse                                                     
20018a88  br                                                                   
20018a8c  bw                                                                   
20018a90  g_ulStatus                                                           
20018aa4  raweth_pcb                                                           
20018aa8  ti_sysbios_knl_Task_Instance_State_0_hookEnv__A                      
20018aac  ti_sysbios_knl_Task_Instance_State_1_hookEnv__A                      
20018ab0  ui32SysClock                                                         
20018ab8  _ftable                                                              
20018ba8  _ipcfg                                                               
20018c5c  ti_sysbios_knl_Task_Object__table__V                                 
20018cf4  ti_sysbios_knl_Swi_Module_State_0_readyQ__A                          
20018d74  ti_sysbios_knl_Task_Module_State_0_readyQ__A                         
20018df4  _device                                                              
20018e6c  _stream                                                              
20018f0a  ti_sysbios_family_arm_m3_Hwi_Module_State_0_excActive__A             
20018f0c  ti_sysbios_knl_Task_Module__state__V                                 
20018fd0  ti_sysbios_family_arm_lm4_Timer_Module_State_0_device__A             
20019010  ti_sysbios_family_arm_lm4_Timer_Object__table__V                     
20019050  ti_sysbios_gates_GateMutex_Object__table__V                          
200190bc  ti_sysbios_family_arm_m3_Hwi_Module__state__V                        
200190f0  enablePrefetch                                                       
200190f4  phyCounter                                                           
20019122  xdc_runtime_Error_Module__state__V                                   
20019154  ti_sysbios_knl_Swi_Object__table__V                                  
20019184  ti_sysbios_knl_Clock_Module__state__V                                
200191b0  pstrMsgName                                                          
200191d8  _oscfg                                                               
200191fc  PITCount                                                             
20019200  PITUsed                                                              
20019204  PITHigh                                                              
20019220  ti_sysbios_BIOS_Module__state__V                                     
20019244  ti_sysbios_family_arm_lm4_Timer_Module_State_0_handles__A            
20019280  ti_ndk_config_Global_Id2Size                                         
2001929c  ti_sysbios_knl_Swi_Module__state__V                                  
20019300  ti_sysbios_family_arm_m3_Hwi_Object__table__V                        
20019318  ti_sysbios_heaps_HeapMem_Object__table__V                            
2001936c  gpioPinConfigs                                                       
2001937c  __TI_ft_end                                                          
20019380  __aeabi_stdin                                                        
20019384  __aeabi_stdout                                                       
20019388  __aeabi_stderr                                                       
20019394  _IGMPForceVersion1                                                   
2001939c  __TI_cleanup_ptr                                                     
200193a0  __TI_dtors_ptr                                                       
200193a4  __TI_enable_exit_profile_output                                      
200193a8  ti_sysbios_family_arm_lm4_Timer_Module__state__V                     
200193b4  xdc_runtime_SysMin_Module__state__V                                  
200193cc  _lock                                                                
200193d0  _unlock                                                              
200193d4  NIMUDeviceTable                                                      
200193dc  gpioCallbackFunctions                                                
200193f4  _ICMPInErrors                                                        
200193f8  _ICMPOutErrors                                                       
200193fc  _IPExecuting                                                         
20019414  tcp_iss                                                              
20019418  ptTimeFirst                                                          
20019424  ti_ndk_config_Global_HostName                                        
20019428  __xdc__init__addr                                                    
2001942c  ti_sysbios_family_arm_m3_Hwi_Module__root__V                         
20019434  ti_sysbios_gates_GateHwi_Module__root__V                             
2001943c  ti_sysbios_gates_GateMutex_Module__root__V                           
20019444  ti_sysbios_heaps_HeapMem_Module__root__V                             
2001944c  ti_sysbios_knl_Clock_Module__root__V                                 
20019454  ti_sysbios_knl_Queue_Module__root__V                                 
2001945c  ti_sysbios_knl_Semaphore_Module__root__V                             
20019464  ti_sysbios_knl_Swi_Module__root__V                                   
2001946c  ti_sysbios_knl_Task_Module__root__V                                  
20019474  xdc_runtime_Registry_Module__state__V                                
2001947c  xdc_runtime_Startup_Module__state__V                                 
20019484  xdc_runtime_System_Module_State_0_atexitHandlers__A                  
2001948c  xdc_runtime_System_Module__state__V                                  
20019494  macAddress                                                           
200194b4  errno                                                                
200194b8  main_func_sp                                                         
200194c4  _IPReasmPtr                                                          
200194d4  ti_sysbios_family_arm_m3_Hwi_Module_State_0_excContext__A            
200194d8  ti_sysbios_family_arm_m3_Hwi_Module_State_0_excStack__A              
200194dc  ti_sysbios_gates_GateHwi_Object__table__V                            
200194e0  ti_sysbios_knl_Task_Module_State_0_idleTask__A                       
200194e4  xdc_runtime_Memory_Module__state__V                                  
200194e8  __stack                                                              
20019ce8  __STACK_END                                                          
e000e000  ti_sysbios_family_arm_m3_Hwi_nvic                                    
ffffffff  __TI_pprof_out_hndl                                                  
ffffffff  __TI_prof_data_size                                                  
ffffffff  __TI_prof_data_start                                                 
ffffffff  __binit__                                                            
ffffffff  __c_args__                                                           
ffffffff  binit                                                                
UNDEFED   SHT$$INIT_ARRAY$$Base                                                
UNDEFED   SHT$$INIT_ARRAY$$Limit                                               

[1117 symbols]
