<?xml version="1.0" encoding="ISO-8859-1" ?>
<link_info>
   <banner>TI ARM Linker PC v18.12.2.LTS</banner>
   <copyright>Copyright (c) 1996-2018 Texas Instruments Incorporated</copyright>
   <link_time>0x67b5c65a</link_time>
   <link_errors>0x0</link_errors>
   <output_file>boot_demo_emac_flash.out</output_file>
   <entry_point>
      <name>_c_int00_noargs</name>
      <address>0x9fd1</address>
   </entry_point>
   <input_file_list>
      <input_file id="fl-2">
         <path>.\</path>
         <kind>object</kind>
         <file>boot_demo_emac_flash.obj</file>
         <name>boot_demo_emac_flash.obj</name>
      </input_file>
      <input_file id="fl-3">
         <path>.\</path>
         <kind>object</kind>
         <file>startup_ccs.obj</file>
         <name>startup_ccs.obj</name>
      </input_file>
      <input_file id="fl-4">
         <path>.\utils\</path>
         <kind>object</kind>
         <file>lwiplib.obj</file>
         <name>lwiplib.obj</name>
      </input_file>
      <input_file id="fl-5">
         <path>.\utils\</path>
         <kind>object</kind>
         <file>swupdate.obj</file>
         <name>swupdate.obj</name>
      </input_file>
      <input_file id="fl-6">
         <path>.\utils\</path>
         <kind>object</kind>
         <file>ustdlib.obj</file>
         <name>ustdlib.obj</name>
      </input_file>
      <input_file id="fl-b">
         <kind>object</kind>
         <file>&lt;internal&gt;</file>
         <name>&lt;internal&gt;</name>
      </input_file>
      <input_file id="fl-c">
         <path>D:\tivaware\driverlib\ccs\Debug\</path>
         <kind>archive</kind>
         <file>driverlib.lib</file>
         <name>emac.obj</name>
      </input_file>
      <input_file id="fl-d">
         <path>D:\tivaware\driverlib\ccs\Debug\</path>
         <kind>archive</kind>
         <file>driverlib.lib</file>
         <name>flash.obj</name>
      </input_file>
      <input_file id="fl-e">
         <path>D:\tivaware\driverlib\ccs\Debug\</path>
         <kind>archive</kind>
         <file>driverlib.lib</file>
         <name>interrupt.obj</name>
      </input_file>
      <input_file id="fl-f">
         <path>D:\tivaware\driverlib\ccs\Debug\</path>
         <kind>archive</kind>
         <file>driverlib.lib</file>
         <name>sw_crc.obj</name>
      </input_file>
      <input_file id="fl-10">
         <path>D:\tivaware\driverlib\ccs\Debug\</path>
         <kind>archive</kind>
         <file>driverlib.lib</file>
         <name>sysctl.obj</name>
      </input_file>
      <input_file id="fl-11">
         <path>D:\tivaware\driverlib\ccs\Debug\</path>
         <kind>archive</kind>
         <file>driverlib.lib</file>
         <name>systick.obj</name>
      </input_file>
      <input_file id="fl-12">
         <path>D:\tivaware\driverlib\ccs\Debug\</path>
         <kind>archive</kind>
         <file>driverlib.lib</file>
         <name>cpu.obj</name>
      </input_file>
      <input_file id="fl-c8">
         <path>C:\ti\ccs1031\ccs\tools\compiler\ti-cgt-arm_18.12.2.LTS\lib\</path>
         <kind>archive</kind>
         <file>rtsv7M4_T_le_v4SPD16_eabi.lib</file>
         <name>memset_t2.asm.obj</name>
      </input_file>
      <input_file id="fl-c9">
         <path>C:\ti\ccs1031\ccs\tools\compiler\ti-cgt-arm_18.12.2.LTS\lib\</path>
         <kind>archive</kind>
         <file>rtsv7M4_T_le_v4SPD16_eabi.lib</file>
         <name>memcpy_t2.asm.obj</name>
      </input_file>
      <input_file id="fl-ca">
         <path>C:\ti\ccs1031\ccs\tools\compiler\ti-cgt-arm_18.12.2.LTS\lib\</path>
         <kind>archive</kind>
         <file>rtsv7M4_T_le_v4SPD16_eabi.lib</file>
         <name>u_divt2.asm.obj</name>
      </input_file>
      <input_file id="fl-cb">
         <path>C:\ti\ccs1031\ccs\tools\compiler\ti-cgt-arm_18.12.2.LTS\lib\</path>
         <kind>archive</kind>
         <file>rtsv7M4_T_le_v4SPD16_eabi.lib</file>
         <name>copy_zero_init.c.obj</name>
      </input_file>
      <input_file id="fl-cc">
         <path>C:\ti\ccs1031\ccs\tools\compiler\ti-cgt-arm_18.12.2.LTS\lib\</path>
         <kind>archive</kind>
         <file>rtsv7M4_T_le_v4SPD16_eabi.lib</file>
         <name>copy_decompress_none.c.obj</name>
      </input_file>
      <input_file id="fl-cd">
         <path>C:\ti\ccs1031\ccs\tools\compiler\ti-cgt-arm_18.12.2.LTS\lib\</path>
         <kind>archive</kind>
         <file>rtsv7M4_T_le_v4SPD16_eabi.lib</file>
         <name>copy_decompress_lzss.c.obj</name>
      </input_file>
      <input_file id="fl-ce">
         <path>C:\ti\ccs1031\ccs\tools\compiler\ti-cgt-arm_18.12.2.LTS\lib\</path>
         <kind>archive</kind>
         <file>rtsv7M4_T_le_v4SPD16_eabi.lib</file>
         <name>memcmp.c.obj</name>
      </input_file>
      <input_file id="fl-cf">
         <path>C:\ti\ccs1031\ccs\tools\compiler\ti-cgt-arm_18.12.2.LTS\lib\</path>
         <kind>archive</kind>
         <file>rtsv7M4_T_le_v4SPD16_eabi.lib</file>
         <name>strlen.c.obj</name>
      </input_file>
      <input_file id="fl-d0">
         <path>C:\ti\ccs1031\ccs\tools\compiler\ti-cgt-arm_18.12.2.LTS\lib\</path>
         <kind>archive</kind>
         <file>rtsv7M4_T_le_v4SPD16_eabi.lib</file>
         <name>boot_cortex_m.c.obj</name>
      </input_file>
      <input_file id="fl-d1">
         <path>C:\ti\ccs1031\ccs\tools\compiler\ti-cgt-arm_18.12.2.LTS\lib\</path>
         <kind>archive</kind>
         <file>rtsv7M4_T_le_v4SPD16_eabi.lib</file>
         <name>div0.asm.obj</name>
      </input_file>
      <input_file id="fl-d2">
         <path>C:\ti\ccs1031\ccs\tools\compiler\ti-cgt-arm_18.12.2.LTS\lib\</path>
         <kind>archive</kind>
         <file>rtsv7M4_T_le_v4SPD16_eabi.lib</file>
         <name>autoinit.c.obj</name>
      </input_file>
      <input_file id="fl-d3">
         <path>C:\ti\ccs1031\ccs\tools\compiler\ti-cgt-arm_18.12.2.LTS\lib\</path>
         <kind>archive</kind>
         <file>rtsv7M4_T_le_v4SPD16_eabi.lib</file>
         <name>pre_init.c.obj</name>
      </input_file>
      <input_file id="fl-d4">
         <path>C:\ti\ccs1031\ccs\tools\compiler\ti-cgt-arm_18.12.2.LTS\lib\</path>
         <kind>archive</kind>
         <file>rtsv7M4_T_le_v4SPD16_eabi.lib</file>
         <name>cpy_tbl.c.obj</name>
      </input_file>
      <input_file id="fl-d5">
         <path>C:\ti\ccs1031\ccs\tools\compiler\ti-cgt-arm_18.12.2.LTS\lib\</path>
         <kind>archive</kind>
         <file>rtsv7M4_T_le_v4SPD16_eabi.lib</file>
         <name>exit.c.obj</name>
      </input_file>
      <input_file id="fl-d6">
         <path>C:\ti\ccs1031\ccs\tools\compiler\ti-cgt-arm_18.12.2.LTS\lib\</path>
         <kind>archive</kind>
         <file>rtsv7M4_T_le_v4SPD16_eabi.lib</file>
         <name>_lock.c.obj</name>
      </input_file>
      <input_file id="fl-d7">
         <path>C:\ti\ccs1031\ccs\tools\compiler\ti-cgt-arm_18.12.2.LTS\lib\</path>
         <kind>archive</kind>
         <file>rtsv7M4_T_le_v4SPD16_eabi.lib</file>
         <name>args_main.c.obj</name>
      </input_file>
   </input_file_list>
   <object_component_list>
      <object_component id="oc-10">
         <name>.intvecs</name>
         <load_address>0x4000</load_address>
         <run_address>0x4000</run_address>
         <size>0x200</size>
         <input_file_ref idref="fl-3"/>
      </object_component>
      <object_component id="oc-78c">
         <name>.text:tcp_receive</name>
         <load_address>0x4200</load_address>
         <run_address>0x4200</run_address>
         <size>0x79c</size>
         <input_file_ref idref="fl-4"/>
      </object_component>
      <object_component id="oc-546">
         <name>.text:tcp_input</name>
         <load_address>0x499c</load_address>
         <run_address>0x499c</run_address>
         <size>0x3e4</size>
         <input_file_ref idref="fl-4"/>
      </object_component>
      <object_component id="oc-6c4">
         <name>.text:tcp_process</name>
         <load_address>0x4d80</load_address>
         <run_address>0x4d80</run_address>
         <size>0x3b4</size>
         <input_file_ref idref="fl-4"/>
      </object_component>
      <object_component id="oc-289">
         <name>.text:tcp_slowtmr</name>
         <load_address>0x5134</load_address>
         <run_address>0x5134</run_address>
         <size>0x2c8</size>
         <input_file_ref idref="fl-4"/>
      </object_component>
      <object_component id="oc-4a4">
         <name>.text:uvsnprintf</name>
         <load_address>0x53fc</load_address>
         <run_address>0x53fc</run_address>
         <size>0x251</size>
         <input_file_ref idref="fl-6"/>
      </object_component>
      <object_component id="oc-31">
         <name>.text:FaultISR</name>
         <load_address>0x564e</load_address>
         <run_address>0x564e</run_address>
         <size>0x2</size>
         <input_file_ref idref="fl-3"/>
      </object_component>
      <object_component id="oc-601">
         <name>.text:dhcp_parse_reply</name>
         <load_address>0x5650</load_address>
         <run_address>0x5650</run_address>
         <size>0x228</size>
         <input_file_ref idref="fl-4"/>
      </object_component>
      <object_component id="oc-1d8">
         <name>.text:SysCtlClockFreqSet</name>
         <load_address>0x5878</load_address>
         <run_address>0x5878</run_address>
         <size>0x200</size>
         <input_file_ref idref="fl-10"/>
      </object_component>
      <object_component id="oc-395">
         <name>.text:ip_input</name>
         <load_address>0x5a78</load_address>
         <run_address>0x5a78</run_address>
         <size>0x1f0</size>
         <input_file_ref idref="fl-4"/>
      </object_component>
      <object_component id="oc-540">
         <name>.text:udp_input</name>
         <load_address>0x5c68</load_address>
         <run_address>0x5c68</run_address>
         <size>0x1f0</size>
         <input_file_ref idref="fl-4"/>
      </object_component>
      <object_component id="oc-54c">
         <name>.text:icmp_input</name>
         <load_address>0x5e58</load_address>
         <run_address>0x5e58</run_address>
         <size>0x1a4</size>
         <input_file_ref idref="fl-4"/>
      </object_component>
      <object_component id="oc-3b5">
         <name>.text:tcp_output</name>
         <load_address>0x5ffc</load_address>
         <run_address>0x5ffc</run_address>
         <size>0x18c</size>
         <input_file_ref idref="fl-4"/>
      </object_component>
      <object_component id="oc-389">
         <name>.text:etharp_arp_input</name>
         <load_address>0x6188</load_address>
         <run_address>0x6188</run_address>
         <size>0x150</size>
         <input_file_ref idref="fl-4"/>
      </object_component>
      <object_component id="oc-7a3">
         <name>.text:tcp_close_shutdown</name>
         <load_address>0x62d8</load_address>
         <run_address>0x62d8</run_address>
         <size>0x148</size>
         <input_file_ref idref="fl-4"/>
      </object_component>
      <object_component id="oc-11a">
         <name>.text:tivaif_receive</name>
         <load_address>0x6420</load_address>
         <run_address>0x6420</run_address>
         <size>0x140</size>
         <input_file_ref idref="fl-4"/>
      </object_component>
      <object_component id="oc-272">
         <name>.text:pbuf_alloc</name>
         <load_address>0x6560</load_address>
         <run_address>0x6560</run_address>
         <size>0x13c</size>
         <input_file_ref idref="fl-4"/>
      </object_component>
      <object_component id="oc-5b0">
         <name>.text:dhcp_create_msg</name>
         <load_address>0x669c</load_address>
         <run_address>0x669c</run_address>
         <size>0x124</size>
         <input_file_ref idref="fl-4"/>
      </object_component>
      <object_component id="oc-75a">
         <name>.text:etharp_output</name>
         <load_address>0x67c0</load_address>
         <run_address>0x67c0</run_address>
         <size>0x11c</size>
         <input_file_ref idref="fl-4"/>
      </object_component>
      <object_component id="oc-5dd">
         <name>.text:etharp_query</name>
         <load_address>0x68dc</load_address>
         <run_address>0x68dc</run_address>
         <size>0x114</size>
         <input_file_ref idref="fl-4"/>
      </object_component>
      <object_component id="oc-6b8">
         <name>.text:tcp_listen_input</name>
         <load_address>0x69f0</load_address>
         <run_address>0x69f0</run_address>
         <size>0x114</size>
         <input_file_ref idref="fl-4"/>
      </object_component>
      <object_component id="oc-3ab">
         <name>.text:mem_malloc</name>
         <load_address>0x6b04</load_address>
         <run_address>0x6b04</run_address>
         <size>0x10c</size>
         <input_file_ref idref="fl-4"/>
      </object_component>
      <object_component id="oc-6a1">
         <name>.text:mem_trim</name>
         <load_address>0x6c10</load_address>
         <run_address>0x6c10</run_address>
         <size>0x104</size>
         <input_file_ref idref="fl-4"/>
      </object_component>
      <object_component id="oc-760">
         <name>.text:tivaif_transmit</name>
         <load_address>0x6d14</load_address>
         <run_address>0x6d14</run_address>
         <size>0x100</size>
         <input_file_ref idref="fl-4"/>
      </object_component>
      <object_component id="oc-1e4">
         <name>.text:SetupForEthernet</name>
         <load_address>0x6e14</load_address>
         <run_address>0x6e14</run_address>
         <size>0xf0</size>
         <input_file_ref idref="fl-2"/>
      </object_component>
      <object_component id="oc-30e">
         <name>.text:lwIPInit</name>
         <load_address>0x6f04</load_address>
         <run_address>0x6f04</run_address>
         <size>0xec</size>
         <input_file_ref idref="fl-4"/>
      </object_component>
      <object_component id="oc-6e6">
         <name>.text:ip_output_if</name>
         <load_address>0x6ff0</load_address>
         <run_address>0x6ff0</run_address>
         <size>0xe8</size>
         <input_file_ref idref="fl-4"/>
      </object_component>
      <object_component id="oc-5c4">
         <name>.text:udp_sendto_if</name>
         <load_address>0x70d8</load_address>
         <run_address>0x70d8</run_address>
         <size>0xe8</size>
         <input_file_ref idref="fl-4"/>
      </object_component>
      <object_component id="oc-685">
         <name>.text:etharp_find_entry</name>
         <load_address>0x71c0</load_address>
         <run_address>0x71c0</run_address>
         <size>0xe0</size>
         <input_file_ref idref="fl-4"/>
      </object_component>
      <object_component id="oc-40c">
         <name>.text:etharp_raw</name>
         <load_address>0x72a0</load_address>
         <run_address>0x72a0</run_address>
         <size>0xdc</size>
         <input_file_ref idref="fl-4"/>
      </object_component>
      <object_component id="oc-569">
         <name>.text:tcp_output_segment</name>
         <load_address>0x737c</load_address>
         <run_address>0x737c</run_address>
         <size>0xd8</size>
         <input_file_ref idref="fl-4"/>
      </object_component>
      <object_component id="oc-12c">
         <name>.text:autoip_tmr</name>
         <load_address>0x7454</load_address>
         <run_address>0x7454</run_address>
         <size>0xd4</size>
         <input_file_ref idref="fl-4"/>
      </object_component>
      <object_component id="oc-440">
         <name>.text:dhcp_select</name>
         <load_address>0x7528</load_address>
         <run_address>0x7528</run_address>
         <size>0xd4</size>
         <input_file_ref idref="fl-4"/>
      </object_component>
      <object_component id="oc-772">
         <name>.text:tcp_alloc</name>
         <load_address>0x75fc</load_address>
         <run_address>0x75fc</run_address>
         <size>0xd0</size>
         <input_file_ref idref="fl-4"/>
      </object_component>
      <object_component id="oc-47a">
         <name>.text:dhcp_recv</name>
         <load_address>0x76cc</load_address>
         <run_address>0x76cc</run_address>
         <size>0xcc</size>
         <input_file_ref idref="fl-4"/>
      </object_component>
      <object_component id="oc-42e">
         <name>.text:dhcp_bind</name>
         <load_address>0x7798</load_address>
         <run_address>0x7798</run_address>
         <size>0xc8</size>
         <input_file_ref idref="fl-4"/>
      </object_component>
      <object_component id="oc-e6">
         <name>.text:main</name>
         <load_address>0x7860</load_address>
         <run_address>0x7860</run_address>
         <size>0xc8</size>
         <input_file_ref idref="fl-2"/>
      </object_component>
      <object_component id="oc-7ec">
         <name>.text:InitDMADescriptors</name>
         <load_address>0x7928</load_address>
         <run_address>0x7928</run_address>
         <size>0xc4</size>
         <input_file_ref idref="fl-4"/>
      </object_component>
      <object_component id="oc-446">
         <name>.text:dhcp_discover</name>
         <load_address>0x79ec</load_address>
         <run_address>0x79ec</run_address>
         <size>0xc4</size>
         <input_file_ref idref="fl-4"/>
      </object_component>
      <object_component id="oc-751">
         <name>.text:tivaif_hwinit</name>
         <load_address>0x7ab0</load_address>
         <run_address>0x7ab0</run_address>
         <size>0xbc</size>
         <input_file_ref idref="fl-4"/>
      </object_component>
      <object_component id="oc-85c">
         <name>.text:tcp_create_segment</name>
         <load_address>0x7b6c</load_address>
         <run_address>0x7b6c</run_address>
         <size>0xb8</size>
         <input_file_ref idref="fl-4"/>
      </object_component>
      <object_component id="oc-26c">
         <name>.text:ethernet_input</name>
         <load_address>0x7c24</load_address>
         <run_address>0x7c24</run_address>
         <size>0xac</size>
         <input_file_ref idref="fl-4"/>
      </object_component>
      <object_component id="oc-784">
         <name>.text:tcp_enqueue_flags</name>
         <load_address>0x7cd0</load_address>
         <run_address>0x7cd0</run_address>
         <size>0xac</size>
         <input_file_ref idref="fl-4"/>
      </object_component>
      <object_component id="oc-3ca">
         <name>.text:tcp_zero_window_probe</name>
         <load_address>0x7d7c</load_address>
         <run_address>0x7d7c</run_address>
         <size>0xac</size>
         <input_file_ref idref="fl-4"/>
      </object_component>
      <object_component id="oc-43a">
         <name>.text:dhcp_release</name>
         <load_address>0x7e28</load_address>
         <run_address>0x7e28</run_address>
         <size>0xa8</size>
         <input_file_ref idref="fl-4"/>
      </object_component>
      <object_component id="oc-2cd">
         <name>.text:dhcp_start</name>
         <load_address>0x7ed0</load_address>
         <run_address>0x7ed0</run_address>
         <size>0xa8</size>
         <input_file_ref idref="fl-4"/>
      </object_component>
      <object_component id="oc-58b">
         <name>.text:inet_chksum_pseudo</name>
         <load_address>0x7f78</load_address>
         <run_address>0x7f78</run_address>
         <size>0xa0</size>
         <input_file_ref idref="fl-4"/>
      </object_component>
      <object_component id="oc-ac">
         <name>.text:lwIPServiceTimers</name>
         <load_address>0x8018</load_address>
         <run_address>0x8018</run_address>
         <size>0x9c</size>
         <input_file_ref idref="fl-4"/>
      </object_component>
      <object_component id="oc-57">
         <name>.text</name>
         <load_address>0x80b4</load_address>
         <run_address>0x80b4</run_address>
         <size>0x9c</size>
         <input_file_ref idref="fl-c9"/>
      </object_component>
      <object_component id="oc-428">
         <name>.text:dhcp_reboot</name>
         <load_address>0x8150</load_address>
         <run_address>0x8150</run_address>
         <size>0x98</size>
         <input_file_ref idref="fl-4"/>
      </object_component>
      <object_component id="oc-6e0">
         <name>.text:pbuf_copy</name>
         <load_address>0x81e8</load_address>
         <run_address>0x81e8</run_address>
         <size>0x92</size>
         <input_file_ref idref="fl-4"/>
      </object_component>
      <object_component id="oc-37">
         <name>.text:IntDefaultHandler</name>
         <load_address>0x827a</load_address>
         <run_address>0x827a</run_address>
         <size>0x2</size>
         <input_file_ref idref="fl-3"/>
      </object_component>
      <object_component id="oc-70e">
         <name>.text:tcp_abandon</name>
         <load_address>0x827c</load_address>
         <run_address>0x827c</run_address>
         <size>0x90</size>
         <input_file_ref idref="fl-4"/>
      </object_component>
      <object_component id="oc-3e2">
         <name>.text:tcp_rst</name>
         <load_address>0x830c</load_address>
         <run_address>0x830c</run_address>
         <size>0x90</size>
         <input_file_ref idref="fl-4"/>
      </object_component>
      <object_component id="oc-13e">
         <name>.text:lwIPLinkDetect</name>
         <load_address>0x839c</load_address>
         <run_address>0x839c</run_address>
         <size>0x84</size>
         <input_file_ref idref="fl-4"/>
      </object_component>
      <object_component id="oc-6be">
         <name>.text:tcp_timewait_input</name>
         <load_address>0x8420</load_address>
         <run_address>0x8420</run_address>
         <size>0x84</size>
         <input_file_ref idref="fl-4"/>
      </object_component>
      <object_component id="oc-421">
         <name>.text:dhcp_rebind</name>
         <load_address>0x84a4</load_address>
         <run_address>0x84a4</run_address>
         <size>0x80</size>
         <input_file_ref idref="fl-4"/>
      </object_component>
      <object_component id="oc-41a">
         <name>.text:dhcp_renew</name>
         <load_address>0x8524</load_address>
         <run_address>0x8524</run_address>
         <size>0x80</size>
         <input_file_ref idref="fl-4"/>
      </object_component>
      <object_component id="oc-43">
         <name>.text:lwIPEthernetIntHandler</name>
         <load_address>0x85a4</load_address>
         <run_address>0x85a4</run_address>
         <size>0x80</size>
         <input_file_ref idref="fl-4"/>
      </object_component>
      <object_component id="oc-4b7">
         <name>.text:lwIPPrivateInit</name>
         <load_address>0x8624</load_address>
         <run_address>0x8624</run_address>
         <size>0x80</size>
         <input_file_ref idref="fl-4"/>
      </object_component>
      <object_component id="oc-77e">
         <name>.text:tcp_parseopt</name>
         <load_address>0x86a4</load_address>
         <run_address>0x86a4</run_address>
         <size>0x80</size>
         <input_file_ref idref="fl-4"/>
      </object_component>
      <object_component id="oc-508">
         <name>.text:autoip_arp_reply</name>
         <load_address>0x8724</load_address>
         <run_address>0x8724</run_address>
         <size>0x7e</size>
         <input_file_ref idref="fl-4"/>
      </object_component>
      <object_component id="oc-2b">
         <name>.text:NmiSR</name>
         <load_address>0x87a2</load_address>
         <run_address>0x87a2</run_address>
         <size>0x2</size>
         <input_file_ref idref="fl-3"/>
      </object_component>
      <object_component id="oc-613">
         <name>.text:dhcp_handle_ack</name>
         <load_address>0x87a4</load_address>
         <run_address>0x87a4</run_address>
         <size>0x7c</size>
         <input_file_ref idref="fl-4"/>
      </object_component>
      <object_component id="oc-2b4">
         <name>.text:dhcp_timeout</name>
         <load_address>0x8820</load_address>
         <run_address>0x8820</run_address>
         <size>0x7c</size>
         <input_file_ref idref="fl-4"/>
      </object_component>
      <object_component id="oc-86f">
         <name>.text:tcp_oos_insert_segment</name>
         <load_address>0x889c</load_address>
         <run_address>0x889c</run_address>
         <size>0x7c</size>
         <input_file_ref idref="fl-4"/>
      </object_component>
      <object_component id="oc-10e">
         <name>.text:tivaif_process_phy_interrupt</name>
         <load_address>0x8918</load_address>
         <run_address>0x8918</run_address>
         <size>0x7c</size>
         <input_file_ref idref="fl-4"/>
      </object_component>
      <object_component id="oc-da">
         <name>.text</name>
         <load_address>0x8994</load_address>
         <run_address>0x8994</run_address>
         <size>0x7a</size>
         <input_file_ref idref="fl-c8"/>
      </object_component>
      <object_component id="oc-732">
         <name>.text</name>
         <load_address>0x8a0e</load_address>
         <run_address>0x8a0e</run_address>
         <size>0x2</size>
         <input_file_ref idref="fl-d1"/>
      </object_component>
      <object_component id="oc-50e">
         <name>.text:etharp_update_arp_entry</name>
         <load_address>0x8a10</load_address>
         <run_address>0x8a10</run_address>
         <size>0x74</size>
         <input_file_ref idref="fl-4"/>
      </object_component>
      <object_component id="oc-534">
         <name>.text:raw_input</name>
         <load_address>0x8a84</load_address>
         <run_address>0x8a84</run_address>
         <size>0x74</size>
         <input_file_ref idref="fl-4"/>
      </object_component>
      <object_component id="oc-1de">
         <name>.text:SetupForUART</name>
         <load_address>0x8af8</load_address>
         <run_address>0x8af8</run_address>
         <size>0x70</size>
         <input_file_ref idref="fl-2"/>
      </object_component>
      <object_component id="oc-375">
         <name>.text:mem_free</name>
         <load_address>0x8b68</load_address>
         <run_address>0x8b68</run_address>
         <size>0x70</size>
         <input_file_ref idref="fl-4"/>
      </object_component>
      <object_component id="oc-283">
         <name>.text:tcp_fasttmr</name>
         <load_address>0x8bd8</load_address>
         <run_address>0x8bd8</run_address>
         <size>0x70</size>
         <input_file_ref idref="fl-4"/>
      </object_component>
      <object_component id="oc-6aa">
         <name>.text:icmp_send_response</name>
         <load_address>0x8c48</load_address>
         <run_address>0x8c48</run_address>
         <size>0x6c</size>
         <input_file_ref idref="fl-4"/>
      </object_component>
      <object_component id="oc-741">
         <name>.text:memp_init</name>
         <load_address>0x8cb4</load_address>
         <run_address>0x8cb4</run_address>
         <size>0x6c</size>
         <input_file_ref idref="fl-4"/>
      </object_component>
      <object_component id="oc-816">
         <name>.text:IntEnable</name>
         <load_address>0x8d20</load_address>
         <run_address>0x8d20</run_address>
         <size>0x68</size>
         <input_file_ref idref="fl-e"/>
      </object_component>
      <object_component id="oc-13">
         <name>.text:decompress:lzss:__TI_decompress_lzss</name>
         <load_address>0x8d88</load_address>
         <run_address>0x8d88</run_address>
         <size>0x68</size>
         <input_file_ref idref="fl-cd"/>
      </object_component>
      <object_component id="oc-693">
         <name>.text:dhcp_decline</name>
         <load_address>0x8df0</load_address>
         <run_address>0x8df0</run_address>
         <size>0x68</size>
         <input_file_ref idref="fl-4"/>
      </object_component>
      <object_component id="oc-69a">
         <name>.text:lwip_standard_chksum</name>
         <load_address>0x8e58</load_address>
         <run_address>0x8e58</run_address>
         <size>0x68</size>
         <input_file_ref idref="fl-4"/>
      </object_component>
      <object_component id="oc-3f3">
         <name>.text:netif_set_ipaddr</name>
         <load_address>0x8ec0</load_address>
         <run_address>0x8ec0</run_address>
         <size>0x68</size>
         <input_file_ref idref="fl-4"/>
      </object_component>
      <object_component id="oc-7c1">
         <name>.text:sys_timeout</name>
         <load_address>0x8f28</load_address>
         <run_address>0x8f28</run_address>
         <size>0x68</size>
         <input_file_ref idref="fl-4"/>
      </object_component>
      <object_component id="oc-57f">
         <name>.text:tcp_output_alloc_header</name>
         <load_address>0x8f90</load_address>
         <run_address>0x8f90</run_address>
         <size>0x68</size>
         <input_file_ref idref="fl-4"/>
      </object_component>
      <object_component id="oc-3bb">
         <name>.text:tcp_process_refused_data</name>
         <load_address>0x8ff8</load_address>
         <run_address>0x8ff8</run_address>
         <size>0x68</size>
         <input_file_ref idref="fl-4"/>
      </object_component>
      <object_component id="oc-468">
         <name>.text:udp_bind</name>
         <load_address>0x9060</load_address>
         <run_address>0x9060</run_address>
         <size>0x68</size>
         <input_file_ref idref="fl-4"/>
      </object_component>
      <object_component id="oc-585">
         <name>.text:pbuf_copy_partial</name>
         <load_address>0x90c8</load_address>
         <run_address>0x90c8</run_address>
         <size>0x66</size>
         <input_file_ref idref="fl-4"/>
      </object_component>
      <object_component id="oc-6b2">
         <name>.text:tcp_debug_print</name>
         <load_address>0x912e</load_address>
         <run_address>0x912e</run_address>
         <size>0x2</size>
         <input_file_ref idref="fl-4"/>
      </object_component>
      <object_component id="oc-314">
         <name>.text:SoftwareUpdateInit</name>
         <load_address>0x9130</load_address>
         <run_address>0x9130</run_address>
         <size>0x64</size>
         <input_file_ref idref="fl-5"/>
      </object_component>
      <object_component id="oc-4c7">
         <name>.text:SoftwareUpdateUDPReceive</name>
         <load_address>0x9194</load_address>
         <run_address>0x9194</run_address>
         <size>0x64</size>
         <input_file_ref idref="fl-5"/>
      </object_component>
      <object_component id="oc-38f">
         <name>.text:pbuf_header</name>
         <load_address>0x91f8</load_address>
         <run_address>0x91f8</run_address>
         <size>0x64</size>
         <input_file_ref idref="fl-4"/>
      </object_component>
      <object_component id="oc-39f">
         <name>.text:memp_malloc</name>
         <load_address>0x925c</load_address>
         <run_address>0x925c</run_address>
         <size>0x60</size>
         <input_file_ref idref="fl-4"/>
      </object_component>
      <object_component id="oc-4fb">
         <name>.text:plug_holes</name>
         <load_address>0x92bc</load_address>
         <run_address>0x92bc</run_address>
         <size>0x60</size>
         <input_file_ref idref="fl-4"/>
      </object_component>
      <object_component id="oc-6ca">
         <name>.text:tcp_pcb_remove</name>
         <load_address>0x931c</load_address>
         <run_address>0x931c</run_address>
         <size>0x60</size>
         <input_file_ref idref="fl-4"/>
      </object_component>
      <object_component id="oc-3d0">
         <name>.text:tcp_keepalive</name>
         <load_address>0x937c</load_address>
         <run_address>0x937c</run_address>
         <size>0x5c</size>
         <input_file_ref idref="fl-4"/>
      </object_component>
      <object_component id="oc-563">
         <name>.text:tcp_send_empty_ack</name>
         <load_address>0x93d8</load_address>
         <run_address>0x93d8</run_address>
         <size>0x5c</size>
         <input_file_ref idref="fl-4"/>
      </object_component>
      <object_component id="oc-528">
         <name>.text:pbuf_realloc</name>
         <load_address>0x9434</load_address>
         <run_address>0x9434</run_address>
         <size>0x5a</size>
         <input_file_ref idref="fl-4"/>
      </object_component>
      <object_component id="oc-4b1">
         <name>.text:EMACPHYConfigSet</name>
         <load_address>0x9490</load_address>
         <run_address>0x9490</run_address>
         <size>0x58</size>
         <input_file_ref idref="fl-c"/>
      </object_component>
      <object_component id="oc-481">
         <name>.text:autoip_create_addr</name>
         <load_address>0x94e8</load_address>
         <run_address>0x94e8</run_address>
         <size>0x58</size>
         <input_file_ref idref="fl-4"/>
      </object_component>
      <object_component id="oc-2d3">
         <name>.text:autoip_start</name>
         <load_address>0x9540</load_address>
         <run_address>0x9540</run_address>
         <size>0x58</size>
         <input_file_ref idref="fl-4"/>
      </object_component>
      <object_component id="oc-73b">
         <name>.text:mem_init</name>
         <load_address>0x9598</load_address>
         <run_address>0x9598</run_address>
         <size>0x58</size>
         <input_file_ref idref="fl-4"/>
      </object_component>
      <object_component id="oc-792">
         <name>.text:tcp_rexmit</name>
         <load_address>0x95f0</load_address>
         <run_address>0x95f0</run_address>
         <size>0x56</size>
         <input_file_ref idref="fl-4"/>
      </object_component>
      <object_component id="oc-114">
         <name>.text:tivaif_process_transmit</name>
         <load_address>0x9646</load_address>
         <run_address>0x9646</run_address>
         <size>0x52</size>
         <input_file_ref idref="fl-4"/>
      </object_component>
      <object_component id="oc-62e">
         <name>.text:SysCtlPeripheralReset</name>
         <load_address>0x9698</load_address>
         <run_address>0x9698</run_address>
         <size>0x50</size>
         <input_file_ref idref="fl-10"/>
      </object_component>
      <object_component id="oc-648">
         <name>.text:netif_add</name>
         <load_address>0x96e8</load_address>
         <run_address>0x96e8</run_address>
         <size>0x50</size>
         <input_file_ref idref="fl-4"/>
      </object_component>
      <object_component id="oc-747">
         <name>.text:sys_timeouts_init</name>
         <load_address>0x9738</load_address>
         <run_address>0x9738</run_address>
         <size>0x50</size>
         <input_file_ref idref="fl-4"/>
      </object_component>
      <object_component id="oc-487">
         <name>.text:autoip_start_probing</name>
         <load_address>0x9788</load_address>
         <run_address>0x9788</run_address>
         <size>0x4e</size>
         <input_file_ref idref="fl-4"/>
      </object_component>
      <object_component id="oc-6da">
         <name>.text:inet_chksum_pbuf</name>
         <load_address>0x97d6</load_address>
         <run_address>0x97d6</run_address>
         <size>0x4e</size>
         <input_file_ref idref="fl-4"/>
      </object_component>
      <object_component id="oc-25f">
         <name>.text:pbuf_free</name>
         <load_address>0x9824</load_address>
         <run_address>0x9824</run_address>
         <size>0x4e</size>
         <input_file_ref idref="fl-4"/>
      </object_component>
      <object_component id="oc-6f5">
         <name>.text:ip_route</name>
         <load_address>0x9874</load_address>
         <run_address>0x9874</run_address>
         <size>0x4c</size>
         <input_file_ref idref="fl-4"/>
      </object_component>
      <object_component id="oc-a6">
         <name>.text:tivaif_interrupt</name>
         <load_address>0x98c0</load_address>
         <run_address>0x98c0</run_address>
         <size>0x4c</size>
         <input_file_ref idref="fl-4"/>
      </object_component>
      <object_component id="oc-46e">
         <name>.text:udp_connect</name>
         <load_address>0x990c</load_address>
         <run_address>0x990c</run_address>
         <size>0x4c</size>
         <input_file_ref idref="fl-4"/>
      </object_component>
      <object_component id="oc-5f8">
         <name>.text:udp_new_port</name>
         <load_address>0x9958</load_address>
         <run_address>0x9958</run_address>
         <size>0x4c</size>
         <input_file_ref idref="fl-4"/>
      </object_component>
      <object_component id="oc-2f6">
         <name>.text:_SysCtlFrequencyGet</name>
         <load_address>0x99a4</load_address>
         <run_address>0x99a4</run_address>
         <size>0x48</size>
         <input_file_ref idref="fl-10"/>
      </object_component>
      <object_component id="oc-82b">
         <name>.text:etharp_output_to_arp_index</name>
         <load_address>0x99ec</load_address>
         <run_address>0x99ec</run_address>
         <size>0x48</size>
         <input_file_ref idref="fl-4"/>
      </object_component>
      <object_component id="oc-591">
         <name>.text:ip_output</name>
         <load_address>0x9a34</load_address>
         <run_address>0x9a34</run_address>
         <size>0x48</size>
         <input_file_ref idref="fl-4"/>
      </object_component>
      <object_component id="oc-84b">
         <name>.text:tcp_kill_prio</name>
         <load_address>0x9a7c</load_address>
         <run_address>0x9a7c</run_address>
         <size>0x48</size>
         <input_file_ref idref="fl-4"/>
      </object_component>
      <object_component id="oc-863">
         <name>.text:tcp_rexmit_fast</name>
         <load_address>0x9ac4</load_address>
         <run_address>0x9ac4</run_address>
         <size>0x48</size>
         <input_file_ref idref="fl-4"/>
      </object_component>
      <object_component id="oc-832">
         <name>.text:tivaif_check_pbuf</name>
         <load_address>0x9b0c</load_address>
         <run_address>0x9b0c</run_address>
         <size>0x48</size>
         <input_file_ref idref="fl-4"/>
      </object_component>
      <object_component id="oc-877">
         <name>.text:tcp_send_fin</name>
         <load_address>0x9b54</load_address>
         <run_address>0x9b54</run_address>
         <size>0x46</size>
         <input_file_ref idref="fl-4"/>
      </object_component>
      <object_component id="oc-201">
         <name>.text:__TI_auto_init_nobinit_nopinit:__TI_auto_init_nobinit_nopinit</name>
         <load_address>0x9b9c</load_address>
         <run_address>0x9b9c</run_address>
         <size>0x44</size>
         <input_file_ref idref="fl-d2"/>
      </object_component>
      <object_component id="oc-354">
         <name>.text:dhcp_network_changed</name>
         <load_address>0x9be0</load_address>
         <run_address>0x9be0</run_address>
         <size>0x42</size>
         <input_file_ref idref="fl-4"/>
      </object_component>
      <object_component id="oc-5d5">
         <name>.text:dhcp_option_long</name>
         <load_address>0x9c22</load_address>
         <run_address>0x9c22</run_address>
         <size>0x42</size>
         <input_file_ref idref="fl-4"/>
      </object_component>
      <object_component id="oc-3dc">
         <name>.text:tcp_pcb_purge</name>
         <load_address>0x9c64</load_address>
         <run_address>0x9c64</run_address>
         <size>0x42</size>
         <input_file_ref idref="fl-4"/>
      </object_component>
      <object_component id="oc-120">
         <name>.text:etharp_tmr</name>
         <load_address>0x9ca8</load_address>
         <run_address>0x9ca8</run_address>
         <size>0x40</size>
         <input_file_ref idref="fl-4"/>
      </object_component>
      <object_component id="oc-626">
         <name>.text</name>
         <load_address>0x9ce8</load_address>
         <run_address>0x9ce8</run_address>
         <size>0x40</size>
         <input_file_ref idref="fl-ca"/>
      </object_component>
      <object_component id="oc-24c">
         <name>.text:netif_set_link_up</name>
         <load_address>0x9d28</load_address>
         <run_address>0x9d28</run_address>
         <size>0x3e</size>
         <input_file_ref idref="fl-4"/>
      </object_component>
      <object_component id="oc-132">
         <name>.text:dhcp_coarse_tmr</name>
         <load_address>0x9d68</load_address>
         <run_address>0x9d68</run_address>
         <size>0x3c</size>
         <input_file_ref idref="fl-4"/>
      </object_component>
      <object_component id="oc-810">
         <name>.text:EMACIntEnable</name>
         <load_address>0x9da4</load_address>
         <run_address>0x9da4</run_address>
         <size>0x3a</size>
         <input_file_ref idref="fl-c"/>
      </object_component>
      <object_component id="oc-258">
         <name>.text:EMACConfigSet</name>
         <load_address>0x9de0</load_address>
         <run_address>0x9de0</run_address>
         <size>0x38</size>
         <input_file_ref idref="fl-c"/>
      </object_component>
      <object_component id="oc-634">
         <name>.text:SysCtlPeripheralReady</name>
         <load_address>0x9e18</load_address>
         <run_address>0x9e18</run_address>
         <size>0x38</size>
         <input_file_ref idref="fl-10"/>
      </object_component>
      <object_component id="oc-138">
         <name>.text:dhcp_fine_tmr</name>
         <load_address>0x9e50</load_address>
         <run_address>0x9e50</run_address>
         <size>0x38</size>
         <input_file_ref idref="fl-4"/>
      </object_component>
      <object_component id="oc-60d">
         <name>.text:dhcp_handle_nak</name>
         <load_address>0x9e88</load_address>
         <run_address>0x9e88</run_address>
         <size>0x38</size>
         <input_file_ref idref="fl-4"/>
      </object_component>
      <object_component id="oc-2c1">
         <name>.text:dhcp_stop</name>
         <load_address>0x9ec0</load_address>
         <run_address>0x9ec0</run_address>
         <size>0x38</size>
         <input_file_ref idref="fl-4"/>
      </object_component>
      <object_component id="oc-37b">
         <name>.text:memp_free</name>
         <load_address>0x9ef8</load_address>
         <run_address>0x9ef8</run_address>
         <size>0x38</size>
         <input_file_ref idref="fl-4"/>
      </object_component>
      <object_component id="oc-854">
         <name>.text:tcpip_tcp_timer</name>
         <load_address>0x9f30</load_address>
         <run_address>0x9f30</run_address>
         <size>0x38</size>
         <input_file_ref idref="fl-4"/>
      </object_component>
      <object_component id="oc-252">
         <name>.text:EMACConfigGet</name>
         <load_address>0x9f68</load_address>
         <run_address>0x9f68</run_address>
         <size>0x34</size>
         <input_file_ref idref="fl-c"/>
      </object_component>
      <object_component id="oc-7fe">
         <name>.text:EMACIntClear</name>
         <load_address>0x9f9c</load_address>
         <run_address>0x9f9c</run_address>
         <size>0x34</size>
         <input_file_ref idref="fl-c"/>
      </object_component>
      <object_component id="oc-75">
         <name>.text:_c_int00_noargs:_c_int00_noargs</name>
         <load_address>0x9fd0</load_address>
         <run_address>0x9fd0</run_address>
         <size>0x34</size>
         <input_file_ref idref="fl-d0"/>
      </object_component>
      <object_component id="oc-29f">
         <name>.text:autoip_arp_probe</name>
         <load_address>0xa004</load_address>
         <run_address>0xa004</run_address>
         <size>0x34</size>
         <input_file_ref idref="fl-4"/>
      </object_component>
      <object_component id="oc-845">
         <name>.text:tcp_kill_timewait</name>
         <load_address>0xa038</load_address>
         <run_address>0xa038</run_address>
         <size>0x34</size>
         <input_file_ref idref="fl-4"/>
      </object_component>
      <object_component id="oc-778">
         <name>.text:tcp_timer_needed</name>
         <load_address>0xa06c</load_address>
         <run_address>0xa06c</run_address>
         <size>0x34</size>
         <input_file_ref idref="fl-4"/>
      </object_component>
      <object_component id="oc-654">
         <name>.text:tivaif_init</name>
         <load_address>0xa0a0</load_address>
         <run_address>0xa0a0</run_address>
         <size>0x34</size>
         <input_file_ref idref="fl-4"/>
      </object_component>
      <object_component id="oc-52e">
         <name>.text:ip4_addr_isbroadcast</name>
         <load_address>0xa0d4</load_address>
         <run_address>0xa0d4</run_address>
         <size>0x32</size>
         <input_file_ref idref="fl-4"/>
      </object_component>
      <object_component id="oc-703">
         <name>.text:tcp_recved</name>
         <load_address>0xa106</load_address>
         <run_address>0xa106</run_address>
         <size>0x32</size>
         <input_file_ref idref="fl-4"/>
      </object_component>
      <object_component id="oc-5be">
         <name>.text:dhcp_option_trailer</name>
         <load_address>0xa138</load_address>
         <run_address>0xa138</run_address>
         <size>0x30</size>
         <input_file_ref idref="fl-4"/>
      </object_component>
      <object_component id="oc-7aa">
         <name>.text:tcp_update_rcv_ann_wnd</name>
         <load_address>0xa168</load_address>
         <run_address>0xa168</run_address>
         <size>0x30</size>
         <input_file_ref idref="fl-4"/>
      </object_component>
      <object_component id="oc-44e">
         <name>.text:udp_remove</name>
         <load_address>0xa198</load_address>
         <run_address>0xa198</run_address>
         <size>0x30</size>
         <input_file_ref idref="fl-4"/>
      </object_component>
      <object_component id="oc-3c4">
         <name>.text:tcp_rexmit_rto</name>
         <load_address>0xa1c8</load_address>
         <run_address>0xa1c8</run_address>
         <size>0x2e</size>
         <input_file_ref idref="fl-4"/>
      </object_component>
      <object_component id="oc-94">
         <name>.text:EMACIntStatus</name>
         <load_address>0xa1f6</load_address>
         <run_address>0xa1f6</run_address>
         <size>0x2c</size>
         <input_file_ref idref="fl-c"/>
      </object_component>
      <object_component id="oc-299">
         <name>.text:autoip_arp_announce</name>
         <load_address>0xa224</load_address>
         <run_address>0xa224</run_address>
         <size>0x2c</size>
         <input_file_ref idref="fl-4"/>
      </object_component>
      <object_component id="oc-607">
         <name>.text:dhcp_handle_offer</name>
         <load_address>0xa250</load_address>
         <run_address>0xa250</run_address>
         <size>0x2c</size>
         <input_file_ref idref="fl-4"/>
      </object_component>
      <object_component id="oc-360">
         <name>.text:etharp_request</name>
         <load_address>0xa27c</load_address>
         <run_address>0xa27c</run_address>
         <size>0x2c</size>
         <input_file_ref idref="fl-4"/>
      </object_component>
      <object_component id="oc-293">
         <name>.text:autoip_bind</name>
         <load_address>0xa2a8</load_address>
         <run_address>0xa2a8</run_address>
         <size>0x2a</size>
         <input_file_ref idref="fl-4"/>
      </object_component>
      <object_component id="oc-266">
         <name>.text:pbuf_cat</name>
         <load_address>0xa2d2</load_address>
         <run_address>0xa2d2</run_address>
         <size>0x2a</size>
         <input_file_ref idref="fl-4"/>
      </object_component>
      <object_component id="oc-620">
         <name>.text:ustrncpy</name>
         <load_address>0xa2fc</load_address>
         <run_address>0xa2fc</run_address>
         <size>0x2a</size>
         <input_file_ref idref="fl-6"/>
      </object_component>
      <object_component id="oc-1ea">
         <name>.text:SoftwareUpdateBegin</name>
         <load_address>0xa328</load_address>
         <run_address>0xa328</run_address>
         <size>0x28</size>
         <input_file_ref idref="fl-5"/>
      </object_component>
      <object_component id="oc-5f0">
         <name>.text:etharp_cleanup_netif</name>
         <load_address>0xa350</load_address>
         <run_address>0xa350</run_address>
         <size>0x28</size>
         <input_file_ref idref="fl-4"/>
      </object_component>
      <object_component id="oc-240">
         <name>.text:EMACPHYRead</name>
         <load_address>0xa378</load_address>
         <run_address>0xa378</run_address>
         <size>0x26</size>
         <input_file_ref idref="fl-c"/>
      </object_component>
      <object_component id="oc-7f2">
         <name>.text:EMACPHYWrite</name>
         <load_address>0xa39e</load_address>
         <run_address>0xa39e</run_address>
         <size>0x26</size>
         <input_file_ref idref="fl-c"/>
      </object_component>
      <object_component id="oc-434">
         <name>.text:dhcp_check</name>
         <load_address>0xa3c4</load_address>
         <run_address>0xa3c4</run_address>
         <size>0x26</size>
         <input_file_ref idref="fl-4"/>
      </object_component>
      <object_component id="oc-577">
         <name>.text:tcp_recv_null</name>
         <load_address>0xa3ea</load_address>
         <run_address>0xa3ea</run_address>
         <size>0x26</size>
         <input_file_ref idref="fl-4"/>
      </object_component>
      <object_component id="oc-279">
         <name>.text:etharp_free_entry</name>
         <load_address>0xa410</load_address>
         <run_address>0xa410</run_address>
         <size>0x24</size>
         <input_file_ref idref="fl-4"/>
      </object_component>
      <object_component id="oc-383">
         <name>.text:memcmp</name>
         <load_address>0xa434</load_address>
         <run_address>0xa434</run_address>
         <size>0x24</size>
         <input_file_ref idref="fl-ce"/>
      </object_component>
      <object_component id="oc-405">
         <name>.text:netif_set_up</name>
         <load_address>0xa458</load_address>
         <run_address>0xa458</run_address>
         <size>0x24</size>
         <input_file_ref idref="fl-4"/>
      </object_component>
      <object_component id="oc-6d0">
         <name>.text:tcp_pcbs_sane</name>
         <load_address>0xa47c</load_address>
         <run_address>0xa47c</run_address>
         <size>0x24</size>
         <input_file_ref idref="fl-4"/>
      </object_component>
      <object_component id="oc-869">
         <name>.text:tcp_seg_copy</name>
         <load_address>0xa4a0</load_address>
         <run_address>0xa4a0</run_address>
         <size>0x24</size>
         <input_file_ref idref="fl-4"/>
      </object_component>
      <object_component id="oc-5b8">
         <name>.text:dhcp_option_short</name>
         <load_address>0xa4c4</load_address>
         <run_address>0xa4c4</run_address>
         <size>0x22</size>
         <input_file_ref idref="fl-4"/>
      </object_component>
      <object_component id="oc-2f0">
         <name>.text:_SysCtlMemTimingGet</name>
         <load_address>0xa4e8</load_address>
         <run_address>0xa4e8</run_address>
         <size>0x20</size>
         <input_file_ref idref="fl-10"/>
      </object_component>
      <object_component id="oc-678">
         <name>.text:autoip_handle_arp_conflict</name>
         <load_address>0xa508</load_address>
         <run_address>0xa508</run_address>
         <size>0x20</size>
         <input_file_ref idref="fl-4"/>
      </object_component>
      <object_component id="oc-5b2">
         <name>.text:dhcp_option</name>
         <load_address>0xa528</load_address>
         <run_address>0xa528</run_address>
         <size>0x20</size>
         <input_file_ref idref="fl-4"/>
      </object_component>
      <object_component id="oc-68b">
         <name>.text:etharp_send_ip</name>
         <load_address>0xa548</load_address>
         <run_address>0xa548</run_address>
         <size>0x20</size>
         <input_file_ref idref="fl-4"/>
      </object_component>
      <object_component id="oc-8d">
         <name>.text:lwIPTimer</name>
         <load_address>0xa568</load_address>
         <run_address>0xa568</run_address>
         <size>0x20</size>
         <input_file_ref idref="fl-4"/>
      </object_component>
      <object_component id="oc-6ef">
         <name>.text:tcp_eff_send_mss</name>
         <load_address>0xa588</load_address>
         <run_address>0xa588</run_address>
         <size>0x20</size>
         <input_file_ref idref="fl-4"/>
      </object_component>
      <object_component id="oc-126">
         <name>.text:tcp_tmr</name>
         <load_address>0xa5a8</load_address>
         <run_address>0xa5a8</run_address>
         <size>0x20</size>
         <input_file_ref idref="fl-4"/>
      </object_component>
      <object_component id="oc-7e6">
         <name>.text:EMACAddrGet</name>
         <load_address>0xa5c8</load_address>
         <run_address>0xa5c8</run_address>
         <size>0x1e</size>
         <input_file_ref idref="fl-c"/>
      </object_component>
      <object_component id="oc-45b">
         <name>.text:netif_set_down</name>
         <load_address>0xa5e6</load_address>
         <run_address>0xa5e6</run_address>
         <size>0x1e</size>
         <input_file_ref idref="fl-4"/>
      </object_component>
      <object_component id="oc-2bb">
         <name>.text:netif_set_addr</name>
         <load_address>0xa604</load_address>
         <run_address>0xa604</run_address>
         <size>0x1c</size>
         <input_file_ref idref="fl-4"/>
      </object_component>
      <object_component id="oc-462">
         <name>.text:udp_new</name>
         <load_address>0xa620</load_address>
         <run_address>0xa620</run_address>
         <size>0x1c</size>
         <input_file_ref idref="fl-4"/>
      </object_component>
      <object_component id="oc-35a">
         <name>.text:autoip_network_changed</name>
         <load_address>0xa63c</load_address>
         <run_address>0xa63c</run_address>
         <size>0x1a</size>
         <input_file_ref idref="fl-4"/>
      </object_component>
      <object_component id="oc-51a">
         <name>.text:dhcp_arp_reply</name>
         <load_address>0xa656</load_address>
         <run_address>0xa656</run_address>
         <size>0x1a</size>
         <input_file_ref idref="fl-4"/>
      </object_component>
      <object_component id="oc-55d">
         <name>.text:lwip_htonl</name>
         <load_address>0xa670</load_address>
         <run_address>0xa670</run_address>
         <size>0x1a</size>
         <input_file_ref idref="fl-4"/>
      </object_component>
      <object_component id="oc-308">
         <name>.text:usnprintf</name>
         <load_address>0xa68a</load_address>
         <run_address>0xa68a</run_address>
         <size>0x1a</size>
         <input_file_ref idref="fl-6"/>
      </object_component>
      <object_component id="oc-7cd">
         <name>.text:arp_timer</name>
         <load_address>0xa6a4</load_address>
         <run_address>0xa6a4</run_address>
         <size>0x18</size>
         <input_file_ref idref="fl-4"/>
      </object_component>
      <object_component id="oc-7df">
         <name>.text:autoip_timer</name>
         <load_address>0xa6bc</load_address>
         <run_address>0xa6bc</run_address>
         <size>0x18</size>
         <input_file_ref idref="fl-4"/>
      </object_component>
      <object_component id="oc-7d3">
         <name>.text:dhcp_timer_coarse</name>
         <load_address>0xa6d4</load_address>
         <run_address>0xa6d4</run_address>
         <size>0x18</size>
         <input_file_ref idref="fl-4"/>
      </object_component>
      <object_component id="oc-7d9">
         <name>.text:dhcp_timer_fine</name>
         <load_address>0xa6ec</load_address>
         <run_address>0xa6ec</run_address>
         <size>0x18</size>
         <input_file_ref idref="fl-4"/>
      </object_component>
      <object_component id="oc-3a5">
         <name>.text:pbuf_pool_is_empty</name>
         <load_address>0xa704</load_address>
         <run_address>0xa704</run_address>
         <size>0x18</size>
         <input_file_ref idref="fl-4"/>
      </object_component>
      <object_component id="oc-851">
         <name>.text:tcp_next_iss</name>
         <load_address>0xa71c</load_address>
         <run_address>0xa71c</run_address>
         <size>0x18</size>
         <input_file_ref idref="fl-4"/>
      </object_component>
      <object_component id="oc-56f">
         <name>.text:tcp_seg_free</name>
         <load_address>0xa734</load_address>
         <run_address>0xa734</run_address>
         <size>0x18</size>
         <input_file_ref idref="fl-4"/>
      </object_component>
      <object_component id="oc-63b">
         <name>.text:EMACReset</name>
         <load_address>0xa74c</load_address>
         <run_address>0xa74c</run_address>
         <size>0x16</size>
         <input_file_ref idref="fl-c"/>
      </object_component>
      <object_component id="oc-80a">
         <name>.text:EMACRxEnable</name>
         <load_address>0xa762</load_address>
         <run_address>0xa762</run_address>
         <size>0x16</size>
         <input_file_ref idref="fl-c"/>
      </object_component>
      <object_component id="oc-804">
         <name>.text:EMACTxEnable</name>
         <load_address>0xa778</load_address>
         <run_address>0xa778</run_address>
         <size>0x16</size>
         <input_file_ref idref="fl-c"/>
      </object_component>
      <object_component id="oc-5ca">
         <name>.text:dhcp_delete_msg</name>
         <load_address>0xa78e</load_address>
         <run_address>0xa78e</run_address>
         <size>0x16</size>
         <input_file_ref idref="fl-4"/>
      </object_component>
      <object_component id="oc-2a7">
         <name>.text:dhcp_t1_timeout</name>
         <load_address>0xa7a4</load_address>
         <run_address>0xa7a4</run_address>
         <size>0x16</size>
         <input_file_ref idref="fl-4"/>
      </object_component>
      <object_component id="oc-2ad">
         <name>.text:dhcp_t2_timeout</name>
         <load_address>0xa7ba</load_address>
         <run_address>0xa7ba</run_address>
         <size>0x16</size>
         <input_file_ref idref="fl-4"/>
      </object_component>
      <object_component id="oc-723">
         <name>.text:pbuf_ref</name>
         <load_address>0xa7d0</load_address>
         <run_address>0xa7d0</run_address>
         <size>0x16</size>
         <input_file_ref idref="fl-4"/>
      </object_component>
      <object_component id="oc-4be">
         <name>.text:FlashUserGet</name>
         <load_address>0xa7e8</load_address>
         <run_address>0xa7e8</run_address>
         <size>0x14</size>
         <input_file_ref idref="fl-d"/>
      </object_component>
      <object_component id="oc-329">
         <name>.text:SysTickDisable</name>
         <load_address>0xa7fc</load_address>
         <run_address>0xa7fc</run_address>
         <size>0x14</size>
         <input_file_ref idref="fl-11"/>
      </object_component>
      <object_component id="oc-323">
         <name>.text:SysTickIntDisable</name>
         <load_address>0xa810</load_address>
         <run_address>0xa810</run_address>
         <size>0x14</size>
         <input_file_ref idref="fl-11"/>
      </object_component>
      <object_component id="oc-36f">
         <name>.text:sys_arch_unprotect</name>
         <load_address>0xa824</load_address>
         <run_address>0xa824</run_address>
         <size>0x14</size>
         <input_file_ref idref="fl-4"/>
      </object_component>
      <object_component id="oc-6fd">
         <name>.text:tcp_close</name>
         <load_address>0xa838</load_address>
         <run_address>0xa838</run_address>
         <size>0x14</size>
         <input_file_ref idref="fl-4"/>
      </object_component>
      <object_component id="oc-5e5">
         <name>.text:dhcp_option_byte</name>
         <load_address>0xa84c</load_address>
         <run_address>0xa84c</run_address>
         <size>0x12</size>
         <input_file_ref idref="fl-4"/>
      </object_component>
      <object_component id="oc-246">
         <name>.text:netif_set_link_down</name>
         <load_address>0xa85e</load_address>
         <run_address>0xa85e</run_address>
         <size>0x12</size>
         <input_file_ref idref="fl-4"/>
      </object_component>
      <object_component id="oc-838">
         <name>.text:pbuf_clen</name>
         <load_address>0xa870</load_address>
         <run_address>0xa870</run_address>
         <size>0x12</size>
         <input_file_ref idref="fl-4"/>
      </object_component>
      <object_component id="oc-7f8">
         <name>.text:EMACFrameFilterSet</name>
         <load_address>0xa884</load_address>
         <run_address>0xa884</run_address>
         <size>0x10</size>
         <input_file_ref idref="fl-c"/>
      </object_component>
      <object_component id="oc-81c">
         <name>.text:IntMasterEnable</name>
         <load_address>0xa894</load_address>
         <run_address>0xa894</run_address>
         <size>0x10</size>
         <input_file_ref idref="fl-e"/>
      </object_component>
      <object_component id="oc-2c7">
         <name>.text:autoip_stop</name>
         <load_address>0xa8a4</load_address>
         <run_address>0xa8a4</run_address>
         <size>0x10</size>
         <input_file_ref idref="fl-4"/>
      </object_component>
      <object_component id="oc-454">
         <name>.text:dhcp_set_state</name>
         <load_address>0xa8b4</load_address>
         <run_address>0xa8b4</run_address>
         <size>0x10</size>
         <input_file_ref idref="fl-4"/>
      </object_component>
      <object_component id="oc-522">
         <name>.text:inet_chksum</name>
         <load_address>0xa8c4</load_address>
         <run_address>0xa8c4</run_address>
         <size>0x10</size>
         <input_file_ref idref="fl-4"/>
      </object_component>
      <object_component id="oc-642">
         <name>.text:lwip_init</name>
         <load_address>0xa8d4</load_address>
         <run_address>0xa8d4</run_address>
         <size>0x10</size>
         <input_file_ref idref="fl-4"/>
      </object_component>
      <object_component id="oc-718">
         <name>.text:pbuf_chain</name>
         <load_address>0xa8e4</load_address>
         <run_address>0xa8e4</run_address>
         <size>0x10</size>
         <input_file_ref idref="fl-4"/>
      </object_component>
      <object_component id="oc-369">
         <name>.text:sys_arch_protect</name>
         <load_address>0xa8f4</load_address>
         <run_address>0xa8f4</run_address>
         <size>0x10</size>
         <input_file_ref idref="fl-4"/>
      </object_component>
      <object_component id="oc-3d6">
         <name>.text:tcp_segs_free</name>
         <load_address>0xa904</load_address>
         <run_address>0xa904</run_address>
         <size>0x10</size>
         <input_file_ref idref="fl-4"/>
      </object_component>
      <object_component id="oc-19">
         <name>.text:decompress:none:__TI_decompress_none</name>
         <load_address>0xa914</load_address>
         <run_address>0xa914</run_address>
         <size>0xe</size>
         <input_file_ref idref="fl-cc"/>
      </object_component>
      <object_component id="oc-8a7">
         <name>.text:CPUcpsie</name>
         <load_address>0xa922</load_address>
         <run_address>0xa922</run_address>
         <size>0xc</size>
         <input_file_ref idref="fl-12"/>
      </object_component>
      <object_component id="oc-31c">
         <name>.text:SoftwareUpdateRequestCallback</name>
         <load_address>0xa930</load_address>
         <run_address>0xa930</run_address>
         <size>0xc</size>
         <input_file_ref idref="fl-2"/>
      </object_component>
      <object_component id="oc-67e">
         <name>.text:autoip_restart</name>
         <load_address>0xa93c</load_address>
         <run_address>0xa93c</run_address>
         <size>0xc</size>
         <input_file_ref idref="fl-4"/>
      </object_component>
      <object_component id="oc-69">
         <name>.text:decompress:ZI:__TI_zero_init</name>
         <load_address>0xa948</load_address>
         <run_address>0xa948</run_address>
         <size>0xc</size>
         <input_file_ref idref="fl-cb"/>
      </object_component>
      <object_component id="oc-514">
         <name>.text:lwip_htons</name>
         <load_address>0xa954</load_address>
         <run_address>0xa954</run_address>
         <size>0xc</size>
         <input_file_ref idref="fl-4"/>
      </object_component>
      <object_component id="oc-64e">
         <name>.text:netif_set_default</name>
         <load_address>0xa960</load_address>
         <run_address>0xa960</run_address>
         <size>0xc</size>
         <input_file_ref idref="fl-4"/>
      </object_component>
      <object_component id="oc-3ff">
         <name>.text:netif_set_gw</name>
         <load_address>0xa96c</load_address>
         <run_address>0xa96c</run_address>
         <size>0xc</size>
         <input_file_ref idref="fl-4"/>
      </object_component>
      <object_component id="oc-3f9">
         <name>.text:netif_set_netmask</name>
         <load_address>0xa978</load_address>
         <run_address>0xa978</run_address>
         <size>0xc</size>
         <input_file_ref idref="fl-4"/>
      </object_component>
      <object_component id="oc-7c7">
         <name>.text:sys_now</name>
         <load_address>0xa984</load_address>
         <run_address>0xa984</run_address>
         <size>0xc</size>
         <input_file_ref idref="fl-4"/>
      </object_component>
      <object_component id="oc-9a">
         <name>.text:EMACPowerManagementStatusGet</name>
         <load_address>0xa990</load_address>
         <run_address>0xa990</run_address>
         <size>0x8</size>
         <input_file_ref idref="fl-c"/>
      </object_component>
      <object_component id="oc-83e">
         <name>.text:EMACTxDMAPollDemand</name>
         <load_address>0xa998</load_address>
         <run_address>0xa998</run_address>
         <size>0x8</size>
         <input_file_ref idref="fl-c"/>
      </object_component>
      <object_component id="oc-53a">
         <name>.text:icmp_dest_unreach</name>
         <load_address>0xa9a0</load_address>
         <run_address>0xa9a0</run_address>
         <size>0x8</size>
         <input_file_ref idref="fl-4"/>
      </object_component>
      <object_component id="oc-88d">
         <name>.text:EMACRxDMADescriptorListSet</name>
         <load_address>0xa9a8</load_address>
         <run_address>0xa9a8</run_address>
         <size>0x6</size>
         <input_file_ref idref="fl-c"/>
      </object_component>
      <object_component id="oc-a0">
         <name>.text:EMACTimestampIntStatus</name>
         <load_address>0xa9ae</load_address>
         <run_address>0xa9ae</run_address>
         <size>0x6</size>
         <input_file_ref idref="fl-c"/>
      </object_component>
      <object_component id="oc-893">
         <name>.text:EMACTxDMADescriptorListSet</name>
         <load_address>0xa9b4</load_address>
         <run_address>0xa9b4</run_address>
         <size>0x6</size>
         <input_file_ref idref="fl-c"/>
      </object_component>
      <object_component id="oc-25">
         <name>.text:ResetISR</name>
         <load_address>0xa9ba</load_address>
         <run_address>0xa9ba</run_address>
         <size>0x6</size>
         <input_file_ref idref="fl-3"/>
      </object_component>
      <object_component id="oc-63a">
         <name>.text:SysCtlDelay</name>
         <load_address>0xa9c0</load_address>
         <run_address>0xa9c0</run_address>
         <size>0x6</size>
         <input_file_ref idref="fl-10"/>
      </object_component>
      <object_component id="oc-3d">
         <name>.text:SysTickIntHandler</name>
         <load_address>0xa9c6</load_address>
         <run_address>0xa9c6</run_address>
         <size>0x6</size>
         <input_file_ref idref="fl-2"/>
      </object_component>
      <object_component id="oc-5a0">
         <name>.text:tcp_abort</name>
         <load_address>0xa9cc</load_address>
         <run_address>0xa9cc</run_address>
         <size>0x6</size>
         <input_file_ref idref="fl-4"/>
      </object_component>
      <object_component id="oc-474">
         <name>.text:udp_recv</name>
         <load_address>0xa9d2</load_address>
         <run_address>0xa9d2</run_address>
         <size>0x6</size>
         <input_file_ref idref="fl-4"/>
      </object_component>
      <object_component id="oc-e0">
         <name>.text:_system_pre_init</name>
         <load_address>0xa9d8</load_address>
         <run_address>0xa9d8</run_address>
         <size>0x4</size>
         <input_file_ref idref="fl-d3"/>
      </object_component>
      <object_component id="oc-1f5">
         <name>.text:abort:abort</name>
         <load_address>0xa9dc</load_address>
         <run_address>0xa9dc</run_address>
         <size>0x4</size>
         <input_file_ref idref="fl-d5"/>
      </object_component>
      <object_component id="oc-2ff">
         <name>.const:g_pppui32XTALtoVCO</name>
         <load_address>0xa9e0</load_address>
         <run_address>0xa9e0</run_address>
         <size>0x1b0</size>
         <input_file_ref idref="fl-10"/>
      </object_component>
      <object_component id="oc-2fc">
         <name>.const:g_pui32Xtals</name>
         <load_address>0xab90</load_address>
         <run_address>0xab90</run_address>
         <size>0x6c</size>
         <input_file_ref idref="fl-10"/>
      </object_component>
      <object_component id="oc-48e">
         <name>.const:g_sXTALtoMEMTIM</name>
         <load_address>0xabfc</load_address>
         <run_address>0xabfc</run_address>
         <size>0x30</size>
         <input_file_ref idref="fl-10"/>
      </object_component>
      <object_component id="oc-8a2">
         <name>.const:g_pui32EnRegs</name>
         <load_address>0xac2c</load_address>
         <run_address>0xac2c</run_address>
         <size>0x14</size>
         <input_file_ref idref="fl-e"/>
      </object_component>
      <object_component id="oc-7b7">
         <name>.const:memp_num</name>
         <load_address>0xac40</load_address>
         <run_address>0xac40</run_address>
         <size>0x10</size>
         <input_file_ref idref="fl-4"/>
      </object_component>
      <object_component id="oc-7bd">
         <name>.const:memp_sizes</name>
         <load_address>0xac50</load_address>
         <run_address>0xac50</run_address>
         <size>0x10</size>
         <input_file_ref idref="fl-4"/>
      </object_component>
      <object_component id="oc-3e9">
         <name>.const:.string:tcp_backoff</name>
         <load_address>0xac60</load_address>
         <run_address>0xac60</run_address>
         <size>0xd</size>
         <input_file_ref idref="fl-4"/>
      </object_component>
      <object_component id="oc-302">
         <name>.const:g_pui32VCOFrequencies</name>
         <load_address>0xac70</load_address>
         <run_address>0xac70</run_address>
         <size>0x8</size>
         <input_file_ref idref="fl-10"/>
      </object_component>
      <object_component id="oc-3ec">
         <name>.const:.string:tcp_persist_backoff</name>
         <load_address>0xac78</load_address>
         <run_address>0xac78</run_address>
         <size>0x7</size>
         <input_file_ref idref="fl-4"/>
      </object_component>
      <object_component id="oc-39b">
         <name>.const:ethbroadcast</name>
         <load_address>0xac7f</load_address>
         <run_address>0xac7f</run_address>
         <size>0x6</size>
         <input_file_ref idref="fl-4"/>
      </object_component>
      <object_component id="oc-412">
         <name>.const:ethzero</name>
         <load_address>0xac85</load_address>
         <run_address>0xac85</run_address>
         <size>0x6</size>
         <input_file_ref idref="fl-4"/>
      </object_component>
      <object_component id="oc-416">
         <name>.const:ip_addr_any</name>
         <load_address>0xac8c</load_address>
         <run_address>0xac8c</run_address>
         <size>0x4</size>
         <input_file_ref idref="fl-4"/>
      </object_component>
      <object_component id="oc-5d1">
         <name>.const:ip_addr_broadcast</name>
         <load_address>0xac90</load_address>
         <run_address>0xac90</run_address>
         <size>0x4</size>
         <input_file_ref idref="fl-4"/>
      </object_component>
      <object_component id="oc-8f2">
         <name>.cinit..data.load</name>
         <load_address>0xac98</load_address>
         <run_address>0xac98</run_address>
         <size>0x2f</size>
      </object_component>
      <object_component id="oc-8f0">
         <name>__TI_handler_table</name>
         <load_address>0xacc8</load_address>
         <run_address>0xacc8</run_address>
         <size>0xc</size>
      </object_component>
      <object_component id="oc-8f3">
         <name>.cinit..bss.load</name>
         <load_address>0xacd8</load_address>
         <run_address>0xacd8</run_address>
         <size>0x8</size>
      </object_component>
      <object_component id="oc-8f1">
         <name>__TI_cinit_table</name>
         <load_address>0xace0</load_address>
         <run_address>0xace0</run_address>
         <size>0x10</size>
      </object_component>
      <object_component id="oc-1f1">
         <name>.data</name>
         <load_address>0x2000a3c0</load_address>
         <run_address>0x2000a3c0</run_address>
         <size>0x1</size>
         <input_file_ref idref="fl-2"/>
      </object_component>
      <object_component id="oc-f8">
         <name>.data</name>
         <load_address>0x2000a358</load_address>
         <run_address>0x2000a358</run_address>
         <size>0x34</size>
         <input_file_ref idref="fl-4"/>
      </object_component>
      <object_component id="oc-823">
         <name>.data:g_TxDescList</name>
         <load_address>0x2000a39c</load_address>
         <run_address>0x2000a39c</run_address>
         <size>0x10</size>
         <input_file_ref idref="fl-4"/>
      </object_component>
      <object_component id="oc-826">
         <name>.data:g_RxDescList</name>
         <load_address>0x2000a38c</load_address>
         <run_address>0x2000a38c</run_address>
         <size>0x10</size>
         <input_file_ref idref="fl-4"/>
      </object_component>
      <object_component id="oc-757">
         <name>.data:g_StellarisIFData</name>
         <load_address>0x2000a3ac</load_address>
         <run_address>0x2000a3ac</run_address>
         <size>0xc</size>
         <input_file_ref idref="fl-4"/>
      </object_component>
      <object_component id="oc-4c4">
         <name>.data</name>
         <load_address>0x2000a3b8</load_address>
         <run_address>0x2000a3b8</run_address>
         <size>0x8</size>
         <input_file_ref idref="fl-5"/>
      </object_component>
      <object_component id="oc-28f">
         <name>.bss</name>
         <uninitialized>true</uninitialized>
         <run_address>0x200081dc</run_address>
         <size>0x50</size>
         <input_file_ref idref="fl-4"/>
      </object_component>
      <object_component id="oc-502">
         <name>.bss:memp_tab</name>
         <uninitialized>true</uninitialized>
         <run_address>0x2000828c</run_address>
         <size>0x20</size>
         <input_file_ref idref="fl-4"/>
      </object_component>
      <object_component id="oc-7ba">
         <name>.bss:memp_memory</name>
         <uninitialized>true</uninitialized>
         <run_address>0x20006014</run_address>
         <size>0x1e64</size>
         <input_file_ref idref="fl-4"/>
      </object_component>
      <object_component id="oc-6d6">
         <name>.bss:inseg</name>
         <uninitialized>true</uninitialized>
         <run_address>0x200082ec</run_address>
         <size>0x10</size>
         <input_file_ref idref="fl-4"/>
      </object_component>
      <object_component id="oc-27f">
         <name>.bss:arp_table</name>
         <uninitialized>true</uninitialized>
         <run_address>0x20008084</run_address>
         <size>0xc8</size>
         <input_file_ref idref="fl-4"/>
      </object_component>
      <object_component id="oc-b5">
         <name>.bss:g_sNetIF</name>
         <uninitialized>true</uninitialized>
         <run_address>0x2000822c</run_address>
         <size>0x38</size>
         <input_file_ref idref="fl-4"/>
      </object_component>
      <object_component id="oc-4cd">
         <name>.bss:g_pui8MACAddr</name>
         <uninitialized>true</uninitialized>
         <run_address>0x20008308</run_address>
         <size>0x8</size>
         <input_file_ref idref="fl-5"/>
      </object_component>
      <object_component id="oc-31a">
         <name>.common:g_pcMACAddr</name>
         <uninitialized>true</uninitialized>
         <run_address>0x200082cc</run_address>
         <size>0x20</size>
      </object_component>
      <object_component id="oc-31b">
         <name>.common:g_pcIPAddr</name>
         <uninitialized>true</uninitialized>
         <run_address>0x200082ac</run_address>
         <size>0x20</size>
      </object_component>
      <object_component id="oc-1f0">
         <name>.common:g_ui32SysClock</name>
         <uninitialized>true</uninitialized>
         <run_address>0x2000832c</run_address>
         <size>0x4</size>
      </object_component>
      <object_component id="oc-61a">
         <name>.common:dhcp_rx_options_val</name>
         <uninitialized>true</uninitialized>
         <run_address>0x20008264</run_address>
         <size>0x28</size>
      </object_component>
      <object_component id="oc-619">
         <name>.common:dhcp_rx_options_given</name>
         <uninitialized>true</uninitialized>
         <run_address>0x200082fc</run_address>
         <size>0xc</size>
      </object_component>
      <object_component id="oc-7b5">
         <name>.common:ram_heap</name>
         <uninitialized>true</uninitialized>
         <run_address>0x20000000</run_address>
         <size>0x6014</size>
      </object_component>
      <object_component id="oc-2a5">
         <name>.common:netif_list</name>
         <uninitialized>true</uninitialized>
         <run_address>0x20008334</run_address>
         <size>0x4</size>
      </object_component>
      <object_component id="oc-74f">
         <name>.common:netif_default</name>
         <uninitialized>true</uninitialized>
         <run_address>0x20008330</run_address>
         <size>0x4</size>
      </object_component>
      <object_component id="oc-55a">
         <name>.common:pbuf_free_ooseq_pending</name>
         <uninitialized>true</uninitialized>
         <run_address>0x20008082</run_address>
         <size>0x1</size>
      </object_component>
      <object_component id="oc-278">
         <name>.common:lwip_stats</name>
         <uninitialized>true</uninitialized>
         <run_address>0x20007f98</run_address>
         <size>0xea</size>
      </object_component>
      <object_component id="oc-3e8">
         <name>.common:tcp_ticks</name>
         <uninitialized>true</uninitialized>
         <run_address>0x20008348</run_address>
         <size>0x4</size>
      </object_component>
      <object_component id="oc-87d">
         <name>.common:tcp_bound_pcbs</name>
         <uninitialized>true</uninitialized>
         <run_address>0x2000833c</run_address>
         <size>0x4</size>
      </object_component>
      <object_component id="oc-5a6">
         <name>.common:tcp_listen_pcbs</name>
         <uninitialized>true</uninitialized>
         <run_address>0x20008344</run_address>
         <size>0x4</size>
      </object_component>
      <object_component id="oc-3c1">
         <name>.common:tcp_active_pcbs</name>
         <uninitialized>true</uninitialized>
         <run_address>0x20008338</run_address>
         <size>0x4</size>
      </object_component>
      <object_component id="oc-3ef">
         <name>.common:tcp_tw_pcbs</name>
         <uninitialized>true</uninitialized>
         <run_address>0x20008350</run_address>
         <size>0x4</size>
      </object_component>
      <object_component id="oc-798">
         <name>.common:tcp_tmp_pcb</name>
         <uninitialized>true</uninitialized>
         <run_address>0x2000834c</run_address>
         <size>0x4</size>
      </object_component>
      <object_component id="oc-3c2">
[...]
         <value>0x9061</value>
         <object_component_ref idref="oc-468"/>
      </symbol>
      <symbol id="sm-d03">
         <name>tcp_send_empty_ack</name>
         <value>0x93d9</value>
         <object_component_ref idref="oc-563"/>
      </symbol>
      <symbol id="sm-d04">
         <name>ip_output_if</name>
         <value>0x6ff1</value>
         <object_component_ref idref="oc-6e6"/>
      </symbol>
      <symbol id="sm-d05">
         <name>pbuf_cat</name>
         <value>0xa2d3</value>
         <object_component_ref idref="oc-266"/>
      </symbol>
      <symbol id="sm-d06">
         <name>dhcp_stop</name>
         <value>0x9ec1</value>
         <object_component_ref idref="oc-2c1"/>
      </symbol>
      <symbol id="sm-d07">
         <name>lwip_ntohs</name>
         <value>0xa955</value>
         <object_component_ref idref="oc-514"/>
      </symbol>
      <symbol id="sm-d08">
         <name>ip4_addr_isbroadcast</name>
         <value>0xa0d5</value>
         <object_component_ref idref="oc-52e"/>
      </symbol>
      <symbol id="sm-d09">
         <name>lwip_ntohl</name>
         <value>0xa671</value>
         <object_component_ref idref="oc-55d"/>
      </symbol>
      <symbol id="sm-d0a">
         <name>memp_malloc</name>
         <value>0x925d</value>
         <object_component_ref idref="oc-39f"/>
      </symbol>
      <symbol id="sm-d0b">
         <name>autoip_start</name>
         <value>0x9541</value>
         <object_component_ref idref="oc-2d3"/>
      </symbol>
      <symbol id="sm-d0c">
         <name>ip_addr_any</name>
         <value>0xac8c</value>
         <object_component_ref idref="oc-416"/>
      </symbol>
      <symbol id="sm-d0d">
         <name>ip_input</name>
         <value>0x5a79</value>
         <object_component_ref idref="oc-395"/>
      </symbol>
      <symbol id="sm-d0e">
         <name>tcp_enqueue_flags</name>
         <value>0x7cd1</value>
         <object_component_ref idref="oc-784"/>
      </symbol>
      <symbol id="sm-d0f">
         <name>ip_addr_broadcast</name>
         <value>0xac90</value>
         <object_component_ref idref="oc-5d1"/>
      </symbol>
      <symbol id="sm-d10">
         <name>tcp_input</name>
         <value>0x499d</value>
         <object_component_ref idref="oc-546"/>
      </symbol>
      <symbol id="sm-d11">
         <name>sys_timeouts_init</name>
         <value>0x9739</value>
         <object_component_ref idref="oc-747"/>
      </symbol>
      <symbol id="sm-d12">
         <name>netif_set_down</name>
         <value>0xa5e7</value>
         <object_component_ref idref="oc-45b"/>
      </symbol>
      <symbol id="sm-d13">
         <name>netif_set_addr</name>
         <value>0xa605</value>
         <object_component_ref idref="oc-2bb"/>
      </symbol>
      <symbol id="sm-d14">
         <name>udp_input</name>
         <value>0x5c69</value>
         <object_component_ref idref="oc-540"/>
      </symbol>
      <symbol id="sm-d15">
         <name>tcp_send_fin</name>
         <value>0x9b55</value>
         <object_component_ref idref="oc-877"/>
      </symbol>
      <symbol id="sm-d16">
         <name>lwIPInit</name>
         <value>0x6f05</value>
         <object_component_ref idref="oc-30e"/>
      </symbol>
      <symbol id="sm-d17">
         <name>raw_input</name>
         <value>0x8a85</value>
         <object_component_ref idref="oc-534"/>
      </symbol>
      <symbol id="sm-d18">
         <name>udp_new</name>
         <value>0xa621</value>
         <object_component_ref idref="oc-462"/>
      </symbol>
      <symbol id="sm-d19">
         <name>udp_recv</name>
         <value>0xa9d3</value>
         <object_component_ref idref="oc-474"/>
      </symbol>
      <symbol id="sm-d1a">
         <name>tcp_next_iss</name>
         <value>0xa71d</value>
         <object_component_ref idref="oc-851"/>
      </symbol>
      <symbol id="sm-d1b">
         <name>tcp_zero_window_probe</name>
         <value>0x7d7d</value>
         <object_component_ref idref="oc-3ca"/>
      </symbol>
      <symbol id="sm-d1c">
         <name>pbuf_copy_partial</name>
         <value>0x90c9</value>
         <object_component_ref idref="oc-585"/>
      </symbol>
      <symbol id="sm-d1d">
         <name>pbuf_alloc</name>
         <value>0x6561</value>
         <object_component_ref idref="oc-272"/>
      </symbol>
      <symbol id="sm-d1e">
         <name>icmp_input</name>
         <value>0x5e59</value>
         <object_component_ref idref="oc-54c"/>
      </symbol>
      <symbol id="sm-d1f">
         <name>netif_set_gw</name>
         <value>0xa96d</value>
         <object_component_ref idref="oc-3ff"/>
      </symbol>
      <symbol id="sm-d20">
         <name>inet_chksum_pbuf</name>
         <value>0x97d7</value>
         <object_component_ref idref="oc-6da"/>
      </symbol>
      <symbol id="sm-d21">
         <name>ip_output</name>
         <value>0x9a35</value>
         <object_component_ref idref="oc-591"/>
      </symbol>
      <symbol id="sm-d22">
         <name>autoip_network_changed</name>
         <value>0xa63d</value>
         <object_component_ref idref="oc-35a"/>
      </symbol>
      <symbol id="sm-d23">
         <name>pbuf_copy</name>
         <value>0x81e9</value>
         <object_component_ref idref="oc-6e0"/>
      </symbol>
      <symbol id="sm-d24">
         <name>tcp_segs_free</name>
         <value>0xa905</value>
         <object_component_ref idref="oc-3d6"/>
      </symbol>
      <symbol id="sm-d25">
         <name>tcp_close</name>
         <value>0xa839</value>
         <object_component_ref idref="oc-6fd"/>
      </symbol>
      <symbol id="sm-d26">
         <name>tivaif_interrupt</name>
         <value>0x98c1</value>
         <object_component_ref idref="oc-a6"/>
      </symbol>
      <symbol id="sm-d27">
         <name>ethzero</name>
         <value>0xac85</value>
         <object_component_ref idref="oc-412"/>
      </symbol>
      <symbol id="sm-d28">
         <name>tcp_pcbs_sane</name>
         <value>0xa47d</value>
         <object_component_ref idref="oc-6d0"/>
      </symbol>
      <symbol id="sm-d29">
         <name>lwIPTimer</name>
         <value>0xa569</value>
         <object_component_ref idref="oc-8d"/>
      </symbol>
      <symbol id="sm-d2a">
         <name>tcp_update_rcv_ann_wnd</name>
         <value>0xa169</value>
         <object_component_ref idref="oc-7aa"/>
      </symbol>
      <symbol id="sm-d2b">
         <name>ethbroadcast</name>
         <value>0xac7f</value>
         <object_component_ref idref="oc-39b"/>
      </symbol>
      <symbol id="sm-d2c">
         <name>lwip_init</name>
         <value>0xa8d5</value>
         <object_component_ref idref="oc-642"/>
      </symbol>
      <symbol id="sm-d2d">
         <name>inet_chksum_pseudo</name>
         <value>0x7f79</value>
         <object_component_ref idref="oc-58b"/>
      </symbol>
      <symbol id="sm-d2e">
         <name>lwIPEthernetIntHandler</name>
         <value>0x85a5</value>
         <object_component_ref idref="oc-43"/>
      </symbol>
      <symbol id="sm-d2f">
         <name>tcp_tmr</name>
         <value>0xa5a9</value>
         <object_component_ref idref="oc-126"/>
      </symbol>
      <symbol id="sm-d30">
         <name>autoip_tmr</name>
         <value>0x7455</value>
         <object_component_ref idref="oc-12c"/>
      </symbol>
      <symbol id="sm-d31">
         <name>tcp_eff_send_mss</name>
         <value>0xa589</value>
         <object_component_ref idref="oc-6ef"/>
      </symbol>
      <symbol id="sm-d32">
         <name>tcp_process_refused_data</name>
         <value>0x8ff9</value>
         <object_component_ref idref="oc-3bb"/>
      </symbol>
      <symbol id="sm-d33">
         <name>udp_remove</name>
         <value>0xa199</value>
         <object_component_ref idref="oc-44e"/>
      </symbol>
      <symbol id="sm-d34">
         <name>udp_connect</name>
         <value>0x990d</value>
         <object_component_ref idref="oc-46e"/>
      </symbol>
      <symbol id="sm-d35">
         <name>dhcp_arp_reply</name>
         <value>0xa657</value>
         <object_component_ref idref="oc-51a"/>
      </symbol>
      <symbol id="sm-d36">
         <name>netif_add</name>
         <value>0x96e9</value>
         <object_component_ref idref="oc-648"/>
      </symbol>
      <symbol id="sm-d37">
         <name>tcp_seg_copy</name>
         <value>0xa4a1</value>
         <object_component_ref idref="oc-869"/>
      </symbol>
      <symbol id="sm-d38">
         <name>netif_set_default</name>
         <value>0xa961</value>
         <object_component_ref idref="oc-64e"/>
      </symbol>
      <symbol id="sm-d39">
         <name>sys_now</name>
         <value>0xa985</value>
         <object_component_ref idref="oc-7c7"/>
      </symbol>
      <symbol id="sm-d3a">
         <name>ip_route</name>
         <value>0x9875</value>
         <object_component_ref idref="oc-6f5"/>
      </symbol>
      <symbol id="sm-d3b">
         <name>tcp_pcb_remove</name>
         <value>0x931d</value>
         <object_component_ref idref="oc-6ca"/>
      </symbol>
      <symbol id="sm-d3c">
         <name>g_RxDescList</name>
         <value>0x2000a38c</value>
         <object_component_ref idref="oc-826"/>
      </symbol>
      <symbol id="sm-d3d">
         <name>g_TxDescList</name>
         <value>0x2000a39c</value>
         <object_component_ref idref="oc-823"/>
      </symbol>
      <symbol id="sm-d3e">
         <name>sys_timeout</name>
         <value>0x8f29</value>
         <object_component_ref idref="oc-7c1"/>
      </symbol>
      <symbol id="sm-d3f">
         <name>etharp_tmr</name>
         <value>0x9ca9</value>
         <object_component_ref idref="oc-120"/>
      </symbol>
      <symbol id="sm-d40">
         <name>tcp_abort</name>
         <value>0xa9cd</value>
         <object_component_ref idref="oc-5a0"/>
      </symbol>
      <symbol id="sm-d41">
         <name>mem_trim</name>
         <value>0x6c11</value>
         <object_component_ref idref="oc-6a1"/>
      </symbol>
      <symbol id="sm-d42">
         <name>dhcp_renew</name>
         <value>0x8525</value>
         <object_component_ref idref="oc-41a"/>
      </symbol>
      <symbol id="sm-d7e">
         <name>g_pfnUpdateCallback</name>
         <value>0x2000a3b8</value>
         <object_component_ref idref="oc-4c4"/>
      </symbol>
      <symbol id="sm-d7f">
         <name>SoftwareUpdateBegin</name>
         <value>0xa329</value>
         <object_component_ref idref="oc-1ea"/>
      </symbol>
      <symbol id="sm-d80">
         <name>SoftwareUpdateInit</name>
         <value>0x9131</value>
         <object_component_ref idref="oc-314"/>
      </symbol>
      <symbol id="sm-dc8">
         <name>uvsnprintf</name>
         <value>0x53fd</value>
         <object_component_ref idref="oc-4a4"/>
      </symbol>
      <symbol id="sm-dc9">
         <name>ustrncpy</name>
         <value>0xa2fd</value>
         <object_component_ref idref="oc-620"/>
      </symbol>
      <symbol id="sm-dca">
         <name>usnprintf</name>
         <value>0xa68b</value>
         <object_component_ref idref="oc-308"/>
      </symbol>
      <symbol id="sm-e7a">
         <name>EMACConfigSet</name>
         <value>0x9de1</value>
         <object_component_ref idref="oc-258"/>
      </symbol>
      <symbol id="sm-e7b">
         <name>EMACTxEnable</name>
         <value>0xa779</value>
         <object_component_ref idref="oc-804"/>
      </symbol>
      <symbol id="sm-e7c">
         <name>EMACRxDMADescriptorListSet</name>
         <value>0xa9a9</value>
         <object_component_ref idref="oc-88d"/>
      </symbol>
      <symbol id="sm-e7d">
         <name>EMACPHYConfigSet</name>
         <value>0x9491</value>
         <object_component_ref idref="oc-4b1"/>
      </symbol>
      <symbol id="sm-e7e">
         <name>EMACPHYRead</name>
         <value>0xa379</value>
         <object_component_ref idref="oc-240"/>
      </symbol>
      <symbol id="sm-e7f">
         <name>EMACTimestampIntStatus</name>
         <value>0xa9af</value>
         <object_component_ref idref="oc-a0"/>
      </symbol>
      <symbol id="sm-e80">
         <name>EMACRxEnable</name>
         <value>0xa763</value>
         <object_component_ref idref="oc-80a"/>
      </symbol>
      <symbol id="sm-e81">
         <name>EMACPowerManagementStatusGet</name>
         <value>0xa991</value>
         <object_component_ref idref="oc-9a"/>
      </symbol>
      <symbol id="sm-e82">
         <name>EMACIntClear</name>
         <value>0x9f9d</value>
         <object_component_ref idref="oc-7fe"/>
      </symbol>
      <symbol id="sm-e83">
         <name>EMACConfigGet</name>
         <value>0x9f69</value>
         <object_component_ref idref="oc-252"/>
      </symbol>
      <symbol id="sm-e84">
         <name>EMACIntEnable</name>
         <value>0x9da5</value>
         <object_component_ref idref="oc-810"/>
      </symbol>
      <symbol id="sm-e85">
         <name>EMACPHYWrite</name>
         <value>0xa39f</value>
         <object_component_ref idref="oc-7f2"/>
      </symbol>
      <symbol id="sm-e86">
         <name>EMACReset</name>
         <value>0xa74d</value>
         <object_component_ref idref="oc-63b"/>
      </symbol>
      <symbol id="sm-e87">
         <name>EMACFrameFilterSet</name>
         <value>0xa885</value>
         <object_component_ref idref="oc-7f8"/>
      </symbol>
      <symbol id="sm-e88">
         <name>EMACTxDMAPollDemand</name>
         <value>0xa999</value>
         <object_component_ref idref="oc-83e"/>
      </symbol>
      <symbol id="sm-e89">
         <name>EMACAddrGet</name>
         <value>0xa5c9</value>
         <object_component_ref idref="oc-7e6"/>
      </symbol>
      <symbol id="sm-e8a">
         <name>EMACTxDMADescriptorListSet</name>
         <value>0xa9b5</value>
         <object_component_ref idref="oc-893"/>
      </symbol>
      <symbol id="sm-e8b">
         <name>EMACIntStatus</name>
         <value>0xa1f7</value>
         <object_component_ref idref="oc-94"/>
      </symbol>
      <symbol id="sm-e9a">
         <name>FlashUserGet</name>
         <value>0xa7e9</value>
         <object_component_ref idref="oc-4be"/>
      </symbol>
      <symbol id="sm-ec2">
         <name>IntEnable</name>
         <value>0x8d21</value>
         <object_component_ref idref="oc-816"/>
      </symbol>
      <symbol id="sm-ec3">
         <name>IntMasterEnable</name>
         <value>0xa895</value>
         <object_component_ref idref="oc-81c"/>
      </symbol>
      <symbol id="sm-f41">
         <name>SysCtlDelay</name>
         <value>0xa9c1</value>
         <object_component_ref idref="oc-63a"/>
      </symbol>
      <symbol id="sm-f42">
         <name>SysCtlPeripheralReady</name>
         <value>0x9e19</value>
         <object_component_ref idref="oc-634"/>
      </symbol>
      <symbol id="sm-f43">
         <name>SysCtlClockFreqSet</name>
         <value>0x5879</value>
         <object_component_ref idref="oc-1d8"/>
      </symbol>
      <symbol id="sm-f44">
         <name>SysCtlPeripheralReset</name>
         <value>0x9699</value>
         <object_component_ref idref="oc-62e"/>
      </symbol>
      <symbol id="sm-f5a">
         <name>SysTickIntDisable</name>
         <value>0xa811</value>
         <object_component_ref idref="oc-323"/>
      </symbol>
      <symbol id="sm-f5b">
         <name>SysTickDisable</name>
         <value>0xa7fd</value>
         <object_component_ref idref="oc-329"/>
      </symbol>
      <symbol id="sm-f65">
         <name>CPUcpsie</name>
         <value>0xa923</value>
         <object_component_ref idref="oc-8a7"/>
      </symbol>
      <symbol id="sm-f74">
         <name>__aeabi_memset</name>
         <value>0x8997</value>
         <object_component_ref idref="oc-da"/>
      </symbol>
      <symbol id="sm-f75">
         <name>memset</name>
         <value>0x899d</value>
         <object_component_ref idref="oc-da"/>
      </symbol>
      <symbol id="sm-f76">
         <name>__aeabi_memset8</name>
         <value>0x8997</value>
         <object_component_ref idref="oc-da"/>
      </symbol>
      <symbol id="sm-f77">
         <name>__aeabi_memset4</name>
         <value>0x8997</value>
         <object_component_ref idref="oc-da"/>
      </symbol>
      <symbol id="sm-f78">
         <name>__aeabi_memclr8</name>
         <value>0x8995</value>
         <object_component_ref idref="oc-da"/>
      </symbol>
      <symbol id="sm-f79">
         <name>__aeabi_memclr4</name>
         <value>0x8995</value>
         <object_component_ref idref="oc-da"/>
      </symbol>
      <symbol id="sm-f7a">
         <name>__aeabi_memclr</name>
         <value>0x8995</value>
         <object_component_ref idref="oc-da"/>
      </symbol>
      <symbol id="sm-f95">
         <name>memcpy</name>
         <value>0x80b5</value>
         <object_component_ref idref="oc-57"/>
      </symbol>
      <symbol id="sm-f96">
         <name>__aeabi_memcpy</name>
         <value>0x80b5</value>
         <object_component_ref idref="oc-57"/>
      </symbol>
      <symbol id="sm-f97">
         <name>__aeabi_memcpy8</name>
         <value>0x80b5</value>
         <object_component_ref idref="oc-57"/>
      </symbol>
      <symbol id="sm-f98">
         <name>__aeabi_memcpy4</name>
         <value>0x80b5</value>
         <object_component_ref idref="oc-57"/>
      </symbol>
      <symbol id="sm-fa7">
         <name>__aeabi_uidivmod</name>
         <value>0x9ce9</value>
         <object_component_ref idref="oc-626"/>
      </symbol>
      <symbol id="sm-fa8">
         <name>__aeabi_uidiv</name>
         <value>0x9ce9</value>
         <object_component_ref idref="oc-626"/>
      </symbol>
      <symbol id="sm-fba">
         <name>__TI_zero_init</name>
         <value>0xa949</value>
         <object_component_ref idref="oc-69"/>
      </symbol>
      <symbol id="sm-fd1">
         <name>__TI_decompress_none</name>
         <value>0xa915</value>
         <object_component_ref idref="oc-19"/>
      </symbol>
      <symbol id="sm-ff4">
         <name>__TI_decompress_lzss</name>
         <value>0x8d89</value>
         <object_component_ref idref="oc-13"/>
      </symbol>
      <symbol id="sm-1004">
         <name>memcmp</name>
         <value>0xa435</value>
         <object_component_ref idref="oc-383"/>
      </symbol>
      <symbol id="sm-1018">
         <name>__stack</name>
         <value>0x20008358</value>
         <object_component_ref idref="oc-22"/>
      </symbol>
      <symbol id="sm-1019">
         <name>_c_int00_noargs</name>
         <value>0x9fd1</value>
         <object_component_ref idref="oc-75"/>
      </symbol>
      <symbol id="sm-1023">
         <name>__aeabi_idiv0</name>
         <value>0x8a0f</value>
         <object_component_ref idref="oc-732"/>
      </symbol>
      <symbol id="sm-1024">
         <name>__aeabi_ldiv0</name>
         <value>0x8a0f</value>
         <object_component_ref idref="oc-732"/>
      </symbol>
      <symbol id="sm-104c">
         <name>__TI_auto_init_nobinit_nopinit</name>
         <value>0x9b9d</value>
         <object_component_ref idref="oc-201"/>
      </symbol>
      <symbol id="sm-1056">
         <name>_system_pre_init</name>
         <value>0xa9d9</value>
         <object_component_ref idref="oc-e0"/>
      </symbol>
      <symbol id="sm-1062">
         <name>C$$EXIT</name>
         <value>0xa9dd</value>
         <object_component_ref idref="oc-1f5"/>
      </symbol>
      <symbol id="sm-1063">
         <name>abort</name>
         <value>0xa9dd</value>
         <object_component_ref idref="oc-1f5"/>
      </symbol>
      <symbol id="sm-1066">
         <name>__TI_static_base__</name>
         <value>0xac98</value>
      </symbol>
      <symbol id="sm-1069">
         <name>__mpu_init</name>
         <value>0x0</value>
      </symbol>
      <symbol id="sm-106a">
         <name>_system_post_cinit</name>
         <value>0x0</value>
      </symbol>
   </symbol_table>
   <title>Link successful</title>
</link_info>
