******************************************************************************
                  TI ARM Linker PC v20.2.4                     
******************************************************************************
>> Linked Thu Dec 12 18:06:00 2024

OUTPUT FILE NAME:   <enet_httpServer_tirtos.out>
ENTRY POINT SYMBOL: "_c_int00"  address: 000119c5


MEMORY CONFIGURATION

         name            origin    length      used     unused   attr    fill
----------------------  --------  ---------  --------  --------  ----  --------
  FLASH                 00000000   00100000  0001a99b  000e5665  R  X
  SRAM                  20000000   00040000  00014d78  0002b288  RW X


SEGMENT ALLOCATION MAP

run origin  load origin   length   init length attrs members
----------  ----------- ---------- ----------- ----- -------
00000000    00000000    0001a9a8   0001a9a8    r-x
  00000000    00000000    0000003c   0000003c    r-- .resetVecs
  00000040    00000040    000162da   000162da    r-x .text
  0001631c    0001631c    0000420d   0000420d    r-- .const
  0001a530    0001a530    00000478   00000478    r-- .cinit
20000000    20000000    00000360   00000000    rw-
  20000000    20000000    00000360   00000000    rw- .vecs
20000380    20000380    00014a18   00000000    rw-
  20000380    20000380    000138ec   00000000    rw- .bss
  20013c6c    20013c6c    0000092c   00000000    rw- .data
  20014598    20014598    00000800   00000000    rw- .stack


SECTION ALLOCATION MAP

 output                                  attributes/
section   page    origin      length       input sections
--------  ----  ----------  ----------   ----------------
.text      0    00000040    000162da     
                  00000040    00000c68     stk.aem4f : tcpin.oem4f (.text:TcpInput)
                  00000ca8    00000a4e     rtsv7M4_T_le_v4SPD16_eabi.lib : _printfi.c.obj (.text:__TI_printfi)
                  000016f6    00000002     hal_userled_stub.aem4f : llled.oem4f (.text:LED_TOGGLE)
                  000016f8    000008b8     stk.aem4f : tcpout.oem4f (.text:TcpOutput)
                  00001fb0    00000430     sysbios.aem4f : BIOS.obj (.text:ti_sysbios_family_arm_m3_Hwi_excDumpRegs__I)
                  000023e0    00000408     stk.aem4f : ipout.oem4f (.text:IPTxPacket)
                  000027e8    00000384               : ipin.oem4f (.text:IPRxPacket)
                  00002b6c    00000350     nettool_ipv4.aem4f : httpclie.oem4f (.text:httpClientProcess)
                  00002ebc    0000034c     ti.targets.arm.rtsarm.aem4f : System.oem4f (.text:xdc_runtime_System_doPrint__I)
                  00003208    000002d0     sysbios.aem4f : BIOS.obj (.text:ti_sysbios_knl_Semaphore_pend__E)
                  000034d8    000002cc     nettool_ipv4.aem4f : httpsend.oem4f (.text:httpSendStatusLine)
                  000037a4    00000004     stk.aem4f : bind.oem4f (.text:BindGetIF)
                  000037a8    000002c8     sysbios.aem4f : BIOS.obj (.text:ti_sysbios_knl_Task_Instance_finalize__E)
                  00003a70    00000284     stk.aem4f : sock.oem4f (.text:SockSet)
                  00003cf4    00000270     rtsv7M4_T_le_v4SPD16_eabi.lib : _printfi.c.obj (.text:_pconv_a)
                  00003f64    00000004     stk.aem4f : bind.oem4f (.text:BindGetNext)
                  00003f68    0000026c     sysbios.aem4f : BIOS.obj (.text:ti_sysbios_heaps_HeapMem_free__E)
                  000041d4    0000025e     stk.aem4f : fileuser.oem4f (.text:fdPoll)
                  00004432    00000006     driverlib.lib : emac.obj (.text:EMACRxDMADescriptorListSet)
                  00004438    00000250     sysbios.aem4f : BIOS.obj (.text:ti_sysbios_heaps_HeapMem_alloc__E)
                  00004688    0000024c     stk.aem4f : ipfrag.oem4f (.text:IPReasm)
                  000048d4    0000023c               : icmpin.oem4f (.text:ICMPInput)
                  00004b10    00000238               : udp.oem4f (.text:UdpInput)
                  00004d48    00000204     Boot.aem4f : Boot_sysctl.oem4f (.text:ti_catalog_arm_cortexm4_tiva_ce_Boot_sysCtlClockFreqSetI__I)
                  00004f4c    000001f4     stk.aem4f : sock.oem4f (.text:SockRecv)
                  00005140    000001f4     sysbios.aem4f : BIOS.obj (.text:ti_sysbios_family_arm_m3_Hwi_excHandlerMax__I)
                  00005334    000001f0     websock.obj (.text:tcpHandler)
                  00005524    00000004     os.aem4f : ossys.oem4f (.text:NDK_vsprintf)
                  00005528    000001f0     sysbios.aem4f : BIOS.obj (.text:ti_sysbios_knl_Task_sleep__E)
                  00005718    000001ec                   : BIOS.obj (.text:ti_sysbios_knl_Task_Instance_init__E)
                  00005904    000001e8     nettool_ipv4.aem4f : telnetd.oem4f (.text:telnet_netdata)
                  00005aec    000001d0     rtsv7M4_T_le_v4SPD16_eabi.lib : _printfi.c.obj (.text:_pconv_g)
                  00005cbc    000001c0     nettool_ipv4.aem4f : daemon.oem4f (.text:daemon)
                  00005e7c    000001b8     drivers_tivaware.aem4f : EMACSnow.oem4f (.text:EMACSnow_NIMUInit)
                  00006034    000001b6     rtsv7M4_T_le_v4SPD16_eabi.lib : fd_add_t2.asm.obj (.text)
                  000061ea    00000002     stk.aem4f : nat.oem4f (.text:NatMsg)
                  000061ec    000001b0               : lliout.oem4f (.text:LLITxIpPacket)
                  0000639c    000001ac               : lliin.oem4f (.text:LLIRxPacket)
                  00006548    0000019c     os.aem4f : mem.oem4f (.text:mmAlloc)
                  000066e4    00000198     stk.aem4f : igmp.oem4f (.text:IGMPInput)
                  0000687c    00000190               : sock.oem4f (.text:SockNew)
                  00006a0c    00000186               : fileuser.oem4f (.text:fdSelect)
                  00006b92    00000002     os.aem4f : task.oem4f (.text:_TaskInit)
                  00006b94    00000174     netctrl_ipv4.aem4f : netctrl.oem4f (.text:NC_NetStart)
                  00006d08    00000174     sysbios.aem4f : BIOS.obj (.text:ti_sysbios_family_arm_m3_Hwi_excBusFault__I)
                  00006e7c    00000170     stk.aem4f : rtc.oem4f (.text:RTCReport)
                  00006fec    0000016c     nettool_ipv4.aem4f : httpsend.oem4f (.text:SetContentType)
                  00007158    0000016a     stk.aem4f : sb.oem4f (.text:SBRead)
                  000072c2    00000006     driverlib.lib : emac.obj (.text:EMACTxDMADescriptorListSet)
                  000072c8    00000164     sysbios.aem4f : BIOS.obj (.text:ti_sysbios_family_arm_m3_Hwi_excUsageFault__I)
                  0000742c    00000160     stk.aem4f : sock.oem4f (.text:SockConnect)
                  0000758c    00000158     nettool_ipv4.aem4f : dhcpmain.oem4f (.text:DHCPOpen)
                  000076e4    00000150     drivers_tivaware.aem4f : GPIOTiva.oem4f (.text:GPIO_setConfig)
                  00007834    00000150     nettool_ipv4.aem4f : httpsend.oem4f (.text:httpSendErrorHTML)
                  00007984    00000148     os.aem4f : efs.oem4f (.text:efs_filecheck)
                  00007acc    00000004     stk.aem4f : node.oem4f (.text:NodeSetRt)
                  00007ad0    00000148     sysbios.aem4f : BIOS.obj (.text:ti_sysbios_family_arm_m3_Hwi_excMemFault__I)
                  00007c18    00000147     websock.obj (.text:processWebSocketHandshake)
                  00007d5f    00000001     --HOLE-- [fill = 0]
                  00007d60    00000145     websock.obj (.text:handleWebSocketFrame)
                  00007ea5    00000001     --HOLE-- [fill = 0]
                  00007ea6    00000002     os.aem4f : task.oem4f (.text:_TaskShutdown)
                  00007ea8    00000144     stk.aem4f : bind.oem4f (.text:BindNew)
                  00007fec    00000144     websock.obj (.text:sha1_transform)
                  00008130    00000140     stk.aem4f : tcp.oem4f (.text:TcpTimeoutCheck)
                  00008270    0000013c     nettool_ipv4.aem4f : config.oem4f (.text:CfgAddEntry)
                  000083ac    0000013c     stk.aem4f : sockint.oem4f (.text:SockNotify)
                  000084e8    0000013c               : sock.oem4f (.text:SockSend)
                  00008624    0000013c     rtsv7M4_T_le_v4SPD16_eabi.lib : _printfi.c.obj (.text:_pconv_e)
                  00008760    0000013c     sysbios.aem4f : BIOS.obj (.text:ti_sysbios_heaps_HeapMem_Instance_init__E)
                  0000889c    00000138     nettool_ipv4.aem4f : daemon.oem4f (.text:DaemonNew)
                  000089d4    00000136     rtsv7M4_T_le_v4SPD16_eabi.lib : fd_div_t2.asm.obj (.text)
                  00008b0a    00000002     hal_ser_stub.aem4f : llserstb.oem4f (.text:_llSerialServiceCheck)
                  00008b0c    00000134     stk.aem4f : icmp.oem4f (.text:ICMPGenPacket)
                  00008c40    00000134     httpServer_pem4f.oem4f (.text:ti_ndk_config_Global_stackThread)
                  00008d74    00000004     stk.aem4f : rawethsock_prot.oem4f (.text:RawEthSockPrAttach)
                  00008d78    00000134     sysbios.aem4f : BIOS.obj (.text:ti_sysbios_knl_Task_setPri__E)
                  00008eac    00000130     driverlib.lib : gpio.obj (.text:GPIOPadConfigSet)
                  00008fdc    00000124     stk.aem4f : sockpcb.oem4f (.text:SockPcbResolve)
                  00009100    00000124               : udp.oem4f (.text:UdpOutput)
                  00009224    00000124     rtsv7M4_T_le_v4SPD16_eabi.lib : _printfi.c.obj (.text:fcvt)
                  00009348    00000120     sysbios.aem4f : BIOS.obj (.text:ti_sysbios_family_arm_lm4_Timer_start__E)
                  00009468    0000011c                   : BIOS.obj (.text:ti_sysbios_knl_Clock_Instance_init__E)
                  00009584    00000118     stk.aem4f : tcpout.oem4f (.text:TcpGenPacket)
                  0000969c    00000118     nettool_ipv4.aem4f : telnetd.oem4f (.text:telnet_engine)
                  000097b4    00000118     ti.targets.arm.rtsarm.aem4f : Error.oem4f (.text:xdc_runtime_Error_policyDefault__E)
                  000098cc    00000114     stk.aem4f : nimu.oem4f (.text:NIMUIoctl)
                  000099e0    00000110               : node.oem4f (.text:NodeTreeFree)
                  00009af0    00000110               : raw.oem4f (.text:RawInput)
                  00009c00    00000110     rtsv7M4_T_le_v4SPD16_eabi.lib : s_scalbn.c.obj (.text:scalbn)
                  00009d10    0000010c     stk.aem4f : rtable.oem4f (.text:RtFind)
                  00009e1c    0000010a               : route.oem4f (.text:RtCreate)
                  00009f26    00000002     hal_ser_stub.aem4f : llserstb.oem4f (.text:_llSerialShutdown)
                  00009f28    00000108     drivers_tivaware.aem4f : EMACSnow.oem4f (.text:EMACSnow_emacStart)
                  0000a030    00000104     nettool_ipv4.aem4f : httppars.oem4f (.text:httpParseRecv)
                  0000a134    00000104     os.aem4f : task.oem4f (.text:llEnter)
                  0000a238    00000104     websock.obj (.text:webWorker)
                  0000a33c    00000102     nettool_ipv4.aem4f : dhcppkt.oem4f (.text:dhcpPacketProcess)
                  0000a43e    00000102                        : inetaddr.oem4f (.text:inet_aton)
                  0000a540    00000100     stk.aem4f : igmp.oem4f (.text:IGMPSendReply)
                  0000a640    00000100     ti.targets.arm.rtsarm.aem4f : Core-mem.oem4f (.text:xdc_runtime_Core_createObject__I)
                  0000a740    000000fc     EK_TM4C1294XL.obj (.text:EK_TM4C1294XL_initEMAC)
                  0000a83c    000000fc     netctrl_ipv4.aem4f : netctrl.oem4f (.text:NetScheduler)
                  0000a938    000000fc     rtsv7M4_T_le_v4SPD16_eabi.lib : fd_mul_t2.asm.obj (.text)
                  0000aa34    00000004     stk.aem4f : rawethsock_prot.oem4f (.text:RawEthSockPrDetach)
                  0000aa38    000000fc     sysbios.aem4f : BIOS.obj (.text:ti_sysbios_knl_Task_postInit__I)
                  0000ab34    000000f8     stk.aem4f : pipe.oem4f (.text:PipeRecv)
                  0000ac2c    000000f8     ti.targets.arm.rtsarm.aem4f : Startup.oem4f (.text:xdc_runtime_Startup_startMods__I)
                  0000ad24    000000f8     httpServer_pem4f.oem4f (.text:xdc_runtime_System_printfExtend__I)
                  0000ae1c    000000f4     os.aem4f : task.oem4f (.text:TaskGetEnv)
                  0000af10    000000f4     sysbios.aem4f : m3_Hwi_asm.obj (.text:ti_sysbios_family_arm_m3_Hwi_dispatch__I)
                  0000b004    000000f0     stk.aem4f : lliout.oem4f (.text:LLIGenArpPacket)
                  0000b0f4    000000f0               : sock.oem4f (.text:SockClose)
                  0000b1e4    00000004     os.aem4f : semaphore.oem4f (.text:SemPend)
                  0000b1e8    000000ec     sysbios.aem4f : BIOS.obj (.text:ti_sysbios_knl_Semaphore_post__E)
                  0000b2d4    000000ea     websock.obj (.text:SHA1_Final)
                  0000b3be    00000002     hal_userled_stub.aem4f : llled.oem4f (.text:_llUserLedInit)
                  0000b3c0    000000e8     os.aem4f : task.oem4f (.text:TaskSetEnv)
                  0000b4a8    000000e8     base64.obj (.text:base64_encode)
                  0000b590    000000e2     nettool_ipv4.aem4f : httpclie.oem4f (.text:httpGetAuthParams)
                  0000b672    00000002     hal_userled_stub.aem4f : llled.oem4f (.text:_llUserLedShutdown)
                  0000b674    000000e0     stk.aem4f : tcptime.oem4f (.text:TcpTimeoutRexmt)
                  0000b754    000000dc               : sb.oem4f (.text:SBWrite)
                  0000b830    000000dc     nettool_ipv4.aem4f : dhcpsock.oem4f (.text:dhcpSocketOpen)
                  0000b90c    000000dc                        : dhcpsm.oem4f (.text:dhcpState)
                  0000b9e8    000000d8     stk.aem4f : node.oem4f (.text:NodeAdd)
                  0000bac0    000000d8               : tcpprot.oem4f (.text:TcpPrSetOption)
                  0000bb98    000000d4     drivers_tivaware.aem4f : EMACSnow.oem4f (.text:EMACSnow_handleRx)
                  0000bc6c    000000d4     stk.aem4f : sockpcb.oem4f (.text:SockPcbBind)
                  0000bd40    000000d4     nettool_ipv4.aem4f : httpsend.oem4f (.text:httpAuthenticationReq)
                  0000be14    00000004     os.aem4f : semaphore.oem4f (.text:SemPost)
                  0000be18    000000d4     sysbios.aem4f : BIOS.obj (.text:ti_sysbios_knl_Swi_Instance_init__E)
                  0000beec    00000004     os.aem4f : semaphore.oem4f (.text:SemReset)
                  0000bef0    000000d4     sysbios.aem4f : BIOS.obj (.text:ti_sysbios_knl_Task_exit__E)
                  0000bfc4    000000d1     stk.aem4f : nimu.oem4f (.text:NIMUReceivePacket)
                  0000c095    00000001     --HOLE-- [fill = 0]
                  0000c096    00000002     rtsv7M4_T_le_v4SPD16_eabi.lib : _lock.c.obj (.text:_nop)
                  0000c098    000000cc     stk.aem4f : icmp.oem4f (.text:ICMPSendRtAdv)
                  0000c164    000000cc     nettool_ipv4.aem4f : dhcpbild.oem4f (.text:dhcpBuildHeader)
                  0000c230    000000cc                        : dhcpsm.oem4f (.text:dhcpIPAdd)
                  0000c2fc    000000cc                        : dhcppkt.oem4f (.text:dhcpVerifyMessage)
                  0000c3c8    000000cc     ti.targets.arm.rtsarm.aem4f : Core-smem.oem4f (.text:xdc_runtime_Core_constructObject__I)
                  0000c494    000000c8     stk.aem4f : rawethsock.oem4f (.text:RawEthSockNew)
                  0000c55c    000000c8     netctrl_ipv4.aem4f : netsrv.oem4f (.text:SPIpNet)
                  0000c624    000000c4     drivers_tivaware.aem4f : EMACSnow.oem4f (.text:EMACSnow_InitDMADescriptors)
                  0000c6e8    000000c4     stk.aem4f : igmp.oem4f (.text:IGMPJoinHostGroup)
                  0000c7ac    000000c4     nettool_ipv4.aem4f : dhcpsm.oem4f (.text:StateBound)
                  0000c870    000000bc     stk.aem4f : sockpcb.oem4f (.text:SockPcbFind)
                  0000c92c    000000bc               : vlan.oem4f (.text:VLANDeinit)
                  0000c9e8    000000bc     sysbios.aem4f : BIOS.obj (.text:ti_sysbios_family_arm_m3_Hwi_excDebugMon__I)
                  0000caa4    00000004     os.aem4f : task.oem4f (.text:TaskSelf)
                  0000caa8    000000bc     sysbios.aem4f : BIOS.obj (.text:ti_sysbios_family_arm_m3_Hwi_excHardFault__I)
                  0000cb64    000000b8     stk.aem4f : icmpin.oem4f (.text:ICMPRevSrcRoute)
                  0000cc1c    000000b8               : lli.oem4f (.text:_LLITimeoutCheck)
                  0000ccd4    000000b4               : tcptime.oem4f (.text:TcpTimeoutKeep)
                  0000cd88    000000b4     sysbios.aem4f : BIOS.obj (.text:ti_sysbios_gates_GateMutex_enter__E)
                  0000ce3c    00000004     os.aem4f : task.oem4f (.text:TaskSetPri)
                  0000ce40    000000b4     sysbios.aem4f : BIOS.obj (.text:ti_sysbios_knl_Task_checkStacks__E)
                  0000cef4    000000b1     rtsv7M4_T_le_v4SPD16_eabi.lib : _printfi.c.obj (.text:_ltostr)
                  0000cfa5    00000001     --HOLE-- [fill = 0]
                  0000cfa6    000000b0     stk.aem4f : rawethsock.oem4f (.text:RawEthSockSet)
                  0000d056    00000002     hal_ser_stub.aem4f : llserstb.oem4f (.text:llSerialService)
                  0000d058    000000ac     stk.aem4f : rtable.oem4f (.text:RtTimeoutCheck)
                  0000d104    00000004     hal_ser_stub.aem4f : llserstb.oem4f (.text:_llSerialInit)
                  0000d108    000000ac     sysbios.aem4f : BIOS.obj (.text:ti_sysbios_family_arm_lm4_Timer_enableTiva__I)
                  0000d1b4    000000a8     stk.aem4f : sockint.oem4f (.text:SockCreatePacket)
                  0000d25c    00000004     rtsv7M4_T_le_v4SPD16_eabi.lib : exit.c.obj (.text:abort:abort)
                  0000d260    000000a8     sysbios.aem4f : BIOS.obj (.text:ti_sysbios_family_arm_lm4_Timer_enableTimers__I)
                  0000d308    000000a4     netctrl_ipv4.aem4f : netsrv.oem4f (.text:ServiceSpawn)
                  0000d3ac    000000a2     nettool_ipv4.aem4f : httpclie.oem4f (.text:httpExtractTag)
                  0000d44e    00000002     rtsv7M4_T_le_v4SPD16_eabi.lib : div0.asm.obj (.text)
                  0000d450    000000a0     stk.aem4f : ip.oem4f (.text:IPGetRoute)
                  0000d4f0    000000a0     auto_init.aem4f : auto_init.oem4f (.text)
                  0000d590    000000a0     ti.targets.arm.rtsarm.aem4f : Text.oem4f (.text:xdc_runtime_Text_putMod__E)
                  0000d630    0000009e     stk.aem4f : nimu.oem4f (.text:NIMUAddEthernetHeader)
                  0000d6ce    0000009e     nettool_ipv4.aem4f : dhcpbild.oem4f (.text:dhcpBuildRequest)
                  0000d76c    0000009c     stk.aem4f : exec.oem4f (.text:ExecOpen)
                  0000d808    0000009c     rtsv7M4_T_le_v4SPD16_eabi.lib : memcpy_t2.asm.obj (.text)
                  0000d8a4    00000004     stk.aem4f : listlib.oem4f (.text:list_get_head)
                  0000d8a8    0000009c     sysbios.aem4f : BIOS.obj (.text:ti_sysbios_knl_Semaphore_Instance_init__E)
                  0000d944    0000009a     ti.targets.arm.rtsarm.aem4f : Text.oem4f (.text:xdc_runtime_Text_putSite__E)
                  0000d9de    00000002     httpServer_pem4f.oem4f (.text:ti_ndk_config_Global_NetworkClose)
                  0000d9e0    00000098     EK_TM4C1294XL.obj (.text:EK_TM4C1294XL_initGeneral)
                  0000da78    00000098     netctrl_ipv4.aem4f : netctrl.oem4f (.text:NC_SystemOpen)
                  0000db10    00000098                        : netsrv.oem4f (.text:ServiceScan)
                  0000dba8    00000098     websock.obj (.text:main)
                  0000dc40    00000098     Boot.aem4f : Boot.oem4f (.text:ti_catalog_arm_cortexm4_tiva_ce_Boot_sysCtlClockFreqSet__E)
                  0000dcd8    00000098     sysbios.aem4f : BIOS.obj (.text:ti_sysbios_knl_Task_schedule__I)
                  0000dd70    00000096     rtsv7M4_T_le_v4SPD16_eabi.lib : ull_div_t2.asm.obj (.text)
                  0000de06    00000096     nettool_ipv4.aem4f : telnetd.oem4f (.text:telnet_termdata)
                  0000de9c    00000094                        : config.oem4f (.text:CfgRemoveEntry)
                  0000df30    00000094     sysbios.aem4f : BIOS.obj (.text:ti_sysbios_family_arm_m3_Hwi_Instance_init__E)
                  0000dfc4    00000004     stk.aem4f : listlib.oem4f (.text:list_get_next)
                  0000dfc8    00000094     sysbios.aem4f : BIOS.obj (.text:ti_sysbios_family_arm_m3_Hwi_initNVIC__E)
                  0000e05c    00000090     nettool_ipv4.aem4f : config.oem4f (.text:CfgExecute)
                  0000e0ec    00000090     stk.aem4f : igmp.oem4f (.text:IGMPMsg)
                  0000e17c    00000090     os.aem4f : mem.oem4f (.text:mmBulkAlloc)
                  0000e20c    00000004     httpServer_pem4f.oem4f (.text:ti_ndk_config_Global_NetworkOpen)
                  0000e210    00000090     sysbios.aem4f : BIOS.obj (.text:ti_sysbios_knl_Task_Module_startup__E)
                  0000e2a0    00000090                   : BIOS.obj (.text:ti_sysbios_knl_Task_startCore__E)
                  0000e330    0000008c     drivers_tivaware.aem4f : GPIOTiva.oem4f (.text:GPIO_init)
                  0000e3bc    0000008c     stk.aem4f : ip.oem4f (.text:IPMsg)
                  0000e448    0000008c     os.aem4f : mem.oem4f (.text:_mmInit)
                  0000e4d4    0000008c              : mem.oem4f (.text:mmInitPage)
                  0000e560    0000008c     nettool_ipv4.aem4f : telnetd.oem4f (.text:telnetClientProcess)
                  0000e5ec    0000008c     sysbios.aem4f : m3_TaskSupport_asm.obj (.text:ti_sysbios_family_arm_m3_TaskSupport_buildTaskStack)
                  0000e678    0000008a     netctrl_ipv4.aem4f : netsrv.oem4f (.text:SPRoute)
                  0000e702    00000002     httpServer_pem4f.oem4f (.text:ti_ndk_config_global_taskCreateHook)
                  0000e704    00000088     stk.aem4f : sockpcb.oem4f (.text:SockPcbCtlError)
                  0000e78c    00000086               : sock.oem4f (.text:SockCheck)
                  0000e812    00000086     nettool_ipv4.aem4f : dhcpsm.oem4f (.text:StateRequesting)
                  0000e898    00000086     rtsv7M4_T_le_v4SPD16_eabi.lib : fd_cmp_t2.asm.obj (.text:__aeabi_cdcmple)
                  0000e91e    00000086                                   : fd_cmp_t2.asm.obj (.text:__aeabi_cdrcmple)
                  0000e9a4    00000084     nettool_ipv4.aem4f : config.oem4f (.text:CfgGetEntry)
                  0000ea28    00000084     drivers_tivaware.aem4f : EMACSnow.oem4f (.text:EMACSnow_processPhyInterrupt)
                  0000eaac    00000084     stk.aem4f : tcpprot.oem4f (.text:TcpPrAttach)
                  0000eb30    00000084     os.aem4f : mem.oem4f (.text:mmBulkFree)
                  0000ebb4    00000084              : mem.oem4f (.text:mmFree)
                  0000ec38    00000084     sysbios.aem4f : BIOS.obj (.text:ti_sysbios_family_arm_m3_Hwi_postInit__I)
                  0000ecbc    00000082     nettool_ipv4.aem4f : dhcpsm.oem4f (.text:StateRenewRebind)
                  0000ed3e    00000002     httpServer_pem4f.oem4f (.text:ti_ndk_config_global_taskExitHook)
                  0000ed40    00000080     nettool_ipv4.aem4f : daemon.oem4f (.text:DaemonFree)
                  0000edc0    00000080     drivers_tivaware.aem4f : EMACSnow.oem4f (.text:EMACSnow_emacStop)
                  0000ee40    00000080                            : EMACSnow.oem4f (.text:EMACSnow_processPendingTx)
                  0000eec0    00000080     stk.aem4f : lli.oem4f (.text:LLINew)
                  0000ef40    00000080     netctrl_ipv4.aem4f : netsrv.oem4f (.text:NS_BootTask)
                  0000efc0    00000080     stk.aem4f : pbm.oem4f (.text:PBM_alloc)
                  0000f040    00000080               : raw.oem4f (.text:RawOutput)
                  0000f0c0    0000007f     httpServer_pem4f.oem4f (.text:ti_ndk_config_Global_NetworkIPAddr)
                  0000f13f    00000001     --HOLE-- [fill = 0]
                  0000f140    0000007e     stk.aem4f : fileuser.oem4f (.text:fdClose)
                  0000f1be    00000002     httpServer_pem4f.oem4f (.text:ti_sysbios_BIOS_nullFunc__I)
                  0000f1c0    0000007c     nettool_ipv4.aem4f : config.oem4f (.text:CfgGetNextEntry)
                  0000f23c    0000007c     drivers_tivaware.aem4f : EMACSnow.oem4f (.text:EMACSnow_hwiIntFxn)
                  0000f2b8    0000007c     stk.aem4f : igmp.oem4f (.text:IGMPDoMCast)
                  0000f334    0000007c               : igmp.oem4f (.text:IGMPJoin)
                  0000f3b0    0000007c               : socket.oem4f (.text:NDK_setsockopt)
                  0000f42c    0000007c               : nimu.oem4f (.text:NIMURegister)
                  0000f4a8    0000007c               : pbm.oem4f (.text:PBM_free)
                  0000f524    0000007c     nettool_ipv4.aem4f : daemon.oem4f (.text:dchild)
                  0000f5a0    0000007a     stk.aem4f : sock.oem4f (.text:SockAccept)
                  0000f61a    0000007a     rtsv7M4_T_le_v4SPD16_eabi.lib : memset_t2.asm.obj (.text)
                  0000f694    00000078     driverlib.lib : emac.obj (.text:EMACInit)
                  0000f70c    00000078     stk.aem4f : socket.oem4f (.text:NDK_sendto)
                  0000f784    00000078               : tcptime.oem4f (.text:TcpXmitTimer)
                  0000f7fc    00000078               : fileuser.oem4f (.text:fdOpenSession)
                  0000f874    00000078     os.aem4f : task.oem4f (.text:llExit)
                  0000f8ec    00000078     tcpEchoHooks.obj (.text:netOpenHook)
                  0000f964    00000076     stk.aem4f : pipe.oem4f (.text:PipeSend)
                  0000f9da    00000002     httpServer_pem4f.oem4f (.text:xdc_runtime_Startup_reset__I)
                  0000f9dc    00000075     stk.aem4f : tcptime.oem4f (.text:TcpTimeoutSackRexmt)
                  0000fa51    00000003     --HOLE-- [fill = 0]
                  0000fa54    00000074               : igmp.oem4f (.text:IGMPLeaveHostGroup)
                  0000fac8    00000074               : nimu.oem4f (.text:NIMUShutdown)
                  0000fb3c    00000074               : raweth.oem4f (.text:RawEthRxPacket)
                  0000fbb0    00000074               : sockpcb.oem4f (.text:SockPcbConnect)
                  0000fc24    00000004     httpServer_pem4f.oem4f (.text:ti_sysbios_BIOS_RtsGateProxy_enter__E)
                  0000fc28    00000074     sysbios.aem4f : BIOS.obj (.text:ti_sysbios_knl_Clock_start__E)
                  0000fc9c    00000072     os.aem4f : semaphore.oem4f (.text:SemCreateBinary)
                  0000fd0e    00000070     stk.aem4f : socket.oem4f (.text:NDK_accept)
                  0000fd7e    00000070               : socket.oem4f (.text:NDK_send)
                  0000fdee    00000002     --HOLE-- [fill = 0]
                  0000fdf0    00000070               : rtable.oem4f (.text:RtFlush)
                  0000fe60    00000070     netctrl_ipv4.aem4f : netsrv.oem4f (.text:SPConfig)
                  0000fed0    00000070     stk.aem4f : sock.oem4f (.text:SockShutdown)
                  0000ff40    00000070     nettool_ipv4.aem4f : dhcptags.oem4f (.text:dhcpDecodeType)
                  0000ffb0    00000070     sysbios.aem4f : BIOS.obj (.text:ti_sysbios_knl_Clock_workFunc__E)
                  00010020    0000006e     stk.aem4f : socket.oem4f (.text:NDK_recv)
                  0001008e    00000002     --HOLE-- [fill = 0]
                  00010090    0000006e               : rtable.oem4f (.text:RtWalkNext)
                  000100fe    0000006e               : sockpcb.oem4f (.text:SockPcbFindRaw)
                  0001016c    0000006e     rtsv7M4_T_le_v4SPD16_eabi.lib : _printfi.c.obj (.text:_mcpy)
                  000101da    00000002     --HOLE-- [fill = 0]
                  000101dc    0000006d     stk.aem4f : node.oem4f (.text:NodeNew)
                  00010249    00000003     --HOLE-- [fill = 0]
                  0001024c    0000006d     ti.targets.arm.rtsarm.aem4f : System.oem4f (.text:xdc_runtime_System_formatNum__I)
                  000102b9    00000003     --HOLE-- [fill = 0]
                  000102bc    0000006c     os.aem4f : ossys.oem4f (.text:DbgPrintf)
                  00010328    0000006c     stk.aem4f : node.oem4f (.text:NodeTreeNew)
                  00010394    0000006c               : raweth.oem4f (.text:RawEthTxPacket)
                  00010400    0000006c               : udp.oem4f (.text:UdpChecksum)
                  0001046c    0000006c     httpServer_pem4f.oem4f (.text:ti_ndk_config_ip_init)
                  000104d8    0000006c     sysbios.aem4f : BIOS.obj (.text:ti_sysbios_knl_Swi_restoreHwi__E)
                  00010544    0000006c     ti.targets.arm.rtsarm.aem4f : Error.oem4f (.text:xdc_runtime_Error_print__E)
                  000105b0    0000006c                                 : Memory.oem4f (.text:xdc_runtime_Memory_alloc__E)
                  0001061c    0000006a     stk.aem4f : tcpprot.oem4f (.text:TcpPrInherit)
                  00010686    00000068               : socket.oem4f (.text:NDK_socket)
                  000106ee    00000002     --HOLE-- [fill = 0]
                  000106f0    00000068               : pbm.oem4f (.text:PBM_open)
                  00010758    00000068               : sock.oem4f (.text:SockListen)
                  000107c0    00000068               : rtable.oem4f (.text:_RtNodeInsert)
                  00010828    00000068     rtsv7M4_T_le_v4SPD16_eabi.lib : copy_decompress_lzss.c.obj (.text:decompress:lzss:__TI_decompress_lzss)
                  00010890    00000066     ti.targets.arm.rtsarm.aem4f : Core-mem.oem4f (.text:xdc_runtime_Core_deleteObject__I)
                  000108f6    00000002     --HOLE-- [fill = 0]
                  000108f8    00000064     nettool_ipv4.aem4f : config.oem4f (.text:CfgFree)
                  0001095c    00000064     drivers_tivaware.aem4f : GPIOTiva.oem4f (.text:GPIO_hwiIntFxn)
                  000109c0    00000064     stk.aem4f : pbm.oem4f (.text:PBMQ_enq)
                  00010a24    00000064               : sockint.oem4f (.text:SockSpawnAbort)
                  00010a88    00000064     nettool_ipv4.aem4f : telnetd.oem4f (.text:TelnetOpen)
                  00010aec    00000064     rtsv7M4_T_le_v4SPD16_eabi.lib : s_frexp.c.obj (.text:frexp)
                  00010b50    00000064     hal_timer_bios.aem4f : lltimer.oem4f (.text:llTimerTick)
                  00010bb4    00000004     httpServer_pem4f.oem4f (.text:ti_sysbios_BIOS_RtsGateProxy_leave__E)
                  00010bb8    00000064     sysbios.aem4f : BIOS.obj (.text:ti_sysbios_family_arm_lm4_Timer_Module_startup__E)
                  00010c1c    00000064     httpServer_pem4f.oem4f (.text:ti_sysbios_family_arm_m3_Hwi_create)
                  00010c80    00000064     sysbios.aem4f : BIOS.obj (.text:ti_sysbios_family_arm_m3_Hwi_dispatchC__I)
                  00010ce4    00000064     stk.aem4f : lliin.oem4f (.text:updateRtTable)
                  00010d48    00000062               : ipin.oem4f (.text:IPRouteIP)
                  00010daa    00000002     --HOLE-- [fill = 0]
                  00010dac    00000062               : sb.oem4f (.text:SBNew)
                  00010e0e    00000002     --HOLE-- [fill = 0]
                  00010e10    00000060     nettool_ipv4.aem4f : config.oem4f (.text:CfgGetEntryCnt)
                  00010e70    00000060     stk.aem4f : file.oem4f (.text:FdWaitEvent)
                  00010ed0    00000060               : socket.oem4f (.text:NDK_getpeername)
                  00010f30    00000060               : nimu.oem4f (.text:NIMUUnregister)
                  00010f90    00000060               : node.oem4f (.text:NodeFind)
                  00010ff0    00000060               : rtc.oem4f (.text:RTCMsg)
                  00011050    00000060     netctrl_ipv4.aem4f : netsrv.oem4f (.text:ServiceKill)
                  000110b0    00000060     stk.aem4f : tcp.oem4f (.text:TcpChecksum)
                  00011110    00000060     nettool_ipv4.aem4f : dhcptags.oem4f (.text:dhcpBuildOptions)
                  00011170    00000060                        : http.oem4f (.text:httpOpen)
                  000111d0    00000060     httpServer_pem4f.oem4f (.text:ti_ndk_config_Global_serviceReport)
                  00011230    00000060     sysbios.aem4f : BIOS.obj (.text:ti_sysbios_family_arm_lm4_Timer_isrStub__E)
                  00011290    0000005f     nettool_ipv4.aem4f : httpsend.oem4f (.text:httpSendFullResponse)
                  000112ef    00000001     --HOLE-- [fill = 0]
                  000112f0    0000005e     stk.aem4f : route.oem4f (.text:RtRemove)
                  0001134e    0000005e     nettool_ipv4.aem4f : dhcpsm.oem4f (.text:StateSelecting)
                  000113ac    0000005e     stk.aem4f : vlan.oem4f (.text:VLANReceivePacket)
                  0001140a    00000002     --HOLE-- [fill = 0]
                  0001140c    0000005c     websock.obj (.text:AddWebFiles)
                  00011468    0000005c     nettool_ipv4.aem4f : config.oem4f (.text:CfgSetExecuteOrder)
                  000114c4    0000005c     stk.aem4f : nimu.oem4f (.text:NIMUIoctlSpecialCmd)
                  00011520    0000005c     netctrl_ipv4.aem4f : netsrv.oem4f (.text:SPService)
                  0001157c    0000005c     httpServer_pem4f.oem4f (.text:ti_sysbios_knl_Swi_create)
                  000115d8    0000005c     sysbios.aem4f : BIOS.obj (.text:ti_sysbios_knl_Swi_run__I)
                  00011634    00000004                   : BIOS.obj (.text:ti_sysbios_family_arm_lm4_Timer_masterEnable__I)
                  00011638    0000005c                   : BIOS.obj (.text:ti_sysbios_knl_Swi_schedule__I)
                  00011694    0000005c     httpServer_pem4f.oem4f (.text:ti_sysbios_knl_Task_create)
                  000116f0    0000005c     sysbios.aem4f : BIOS.obj (.text:ti_sysbios_knl_Task_unblockI__E)
                  0001174c    0000005b     ti.targets.arm.rtsarm.aem4f : Text.oem4f (.text:xdc_runtime_Text_putLab__E)
                  000117a7    00000001     --HOLE-- [fill = 0]
                  000117a8    0000005a     stk.aem4f : rawethsock.oem4f (.text:RawEthSockCheck)
                  00011802    0000005a               : route.oem4f (.text:RtRedirect)
                  0001185c    0000005a               : tcpprot.oem4f (.text:TcpValidateMetrics)
                  000118b6    0000005a     nettool_ipv4.aem4f : dhcpbild.oem4f (.text:dhcpBuildDecline)
                  00011910    0000005a     os.aem4f : mem.oem4f (.text:mmCopy)
                  0001196a    00000002     --HOLE-- [fill = 0]
                  0001196c    00000058     stk.aem4f : bind.oem4f (.text:BindFree)
                  000119c4    00000058     boot.aem4f : boot.oem4f (.text)
                  00011a1c    00000058     driverlib.lib : emac.obj (.text:EMACPHYConfigSet)
                  00011a74    00000058     rtsv7M4_T_le_v4SPD16_eabi.lib : hostwrite.c.obj (.text:HOSTwrite)
                  00011acc    00000058     stk.aem4f : igmp.oem4f (.text:IGMPTimer)
                  00011b24    00000058     websock.obj (.text:SHA1_Init)
                  00011b7c    00000058     os.aem4f : semaphore.oem4f (.text:SemCreate)
                  00011bd4    00000058     sysbios.aem4f : m3_Hwi_asm_switch.obj (.text:ti_sysbios_family_arm_m3_Hwi_initStacks__E)
                  00011c2c    00000056     driverlib.lib : gpio.obj (.text:GPIOIntTypeSet)
                  00011c82    00000056     rtsv7M4_T_le_v4SPD16_eabi.lib : _printfi.c.obj (.text:_pconv_f)
                  00011cd8    00000056     httpServer_pem4f.oem4f (.text:ti_ndk_config_tcp_init)
                  00011d2e    00000002     --HOLE-- [fill = 0]
                  00011d30    00000054     nettool_ipv4.aem4f : config.oem4f (.text:CfgEntryDeRef)
                  00011d84    00000054     stk.aem4f : igmp.oem4f (.text:IGMPLeave)
                  00011dd8    00000054               : rawethsock_pcb.oem4f (.text:RawEthSockPcbAttach)
                  00011e2c    00000054               : sockpcb.oem4f (.text:SockCleanPcb)
                  00011e80    00000054               : tcptime.oem4f (.text:TcpTimeoutPersist)
                  00011ed4    00000054     rtsv7M4_T_le_v4SPD16_eabi.lib : _ltoa.c.obj (.text:__TI_ltoa)
                  00011f28    00000054     os.aem4f : efs.oem4f (.text:efs_createfilecb)
                  00011f7c    00000054     httpServer_pem4f.oem4f (.text:ti_ndk_config_http_init)
                  00011fd0    00000054     sysbios.aem4f : BIOS.obj (.text:ti_sysbios_knl_Swi_Instance_finalize__E)
                  00012024    00000054     httpServer_pem4f.oem4f (.text:ti_sysbios_knl_Task_construct)
                  00012078    00000054     ti.targets.arm.rtsarm.aem4f : Assert.oem4f (.text:xdc_runtime_Assert_raise__I)
                  000120cc    00000052     stk.aem4f : tcpprot.oem4f (.text:TcpPrDetach)
                  0001211e    00000052     rtsv7M4_T_le_v4SPD16_eabi.lib : _printfi.c.obj (.text:_ecpy)
                  00012170    00000050     drivers_tivaware.aem4f : GPIOTiva.oem4f (.text:GPIO_setCallback)
                  000121c0    00000050                            : GPIOTiva.oem4f (.text:GPIO_toggle)
                  00012210    00000050                            : GPIOTiva.oem4f (.text:GPIO_write)
                  00012260    00000050     stk.aem4f : socket.oem4f (.text:NDK_bind)
                  000122b0    00000050               : route.oem4f (.text:RtNew)
                  00012300    00000050     driverlib.lib : sysctl.obj (.text:SysCtlPeripheralReset)
                  00012350    00000050     Boot.aem4f : Boot_sysctl.oem4f (.text:_SysCtlFrequencyGet)
                  000123a0    00000050     sysbios.aem4f : BIOS.obj (.text:ti_sysbios_family_arm_m3_Hwi_Module_startup__E)
                  000123f0    00000050     ti.targets.arm.rtsarm.aem4f : Startup.oem4f (.text:xdc_runtime_Startup_exec__E)
                  00012440    00000050                                 : Text.oem4f (.text:xdc_runtime_Text_visitRope2__I)
                  00012490    0000004f     os.aem4f : efs.oem4f (.text:efs_fopen)
                  000124df    00000001     --HOLE-- [fill = 0]
                  000124e0    0000004e     stk.aem4f : node.oem4f (.text:NodeDeRef)
                  0001252e    0000004e     websock.obj (.text:SHA1_Update)
                  0001257c    0000004e     nettool_ipv4.aem4f : config.oem4f (.text:_CfgEntryScan)
                  000125ca    00000002     --HOLE-- [fill = 0]
                  000125cc    0000004c                        : ipaddr.oem4f (.text:NtAddNetwork)
                  00012618    0000004c     stk.aem4f : sockint.oem4f (.text:SockValidateRoute)
                  00012664    0000004c     rtsv7M4_T_le_v4SPD16_eabi.lib : atoi.c.obj (.text:atoi)
                  000126b0    0000004c                                   : cpy_tbl.c.obj (.text:copy_in)
                  000126fc    0000004c                                   : snprintf.c.obj (.text:snprintf)
                  00012748    0000004c     sysbios.aem4f : BIOS.obj (.text:ti_sysbios_heaps_HeapMem_getStats__E)
                  00012794    00000004     httpServer_pem4f.oem4f (.text:ti_sysbios_family_arm_m3_Hwi_delete)
                  00012798    0000004c     sysbios.aem4f : BIOS.obj (.text:ti_sysbios_knl_Swi_runLoop__I)
                  000127e4    00000004     httpServer_pem4f.oem4f (.text:ti_sysbios_family_arm_m3_TaskSupport_Module__startupDone__S)
                  000127e8    0000004c     sysbios.aem4f : BIOS.obj (.text:ti_sysbios_knl_Task_allBlockedFunction__I)
                  00012834    0000004a     stk.aem4f : sock.oem4f (.text:SockDisconnect)
                  0001287e    00000002     --HOLE-- [fill = 0]
                  00012880    0000004a               : timer.oem4f (.text:TimerNew)
                  000128ca    00000048     nettool_ipv4.aem4f : config.oem4f (.text:CfgNew)
                  00012912    00000002     --HOLE-- [fill = 0]
                  00012914    00000048     driverlib.lib : gpio.obj (.text:GPIOPinConfigure)
                  0001295c    00000048     stk.aem4f : lli.oem4f (.text:LLIMsg)
                  000129a4    00000048               : node.oem4f (.text:NodeWalk)
                  000129ec    00000048               : rawethsock_pcb.oem4f (.text:RawEthSockPcbDetach)
                  00012a34    00000048               : sockpcb.oem4f (.text:SockPcbResolveChain)
                  00012a7c    00000048               : tcpprot.oem4f (.text:TcpDrop)
                  00012ac4    00000048               : lli.oem4f (.text:_LLIExpListInsert)
                  00012b0c    00000048               : rtable.oem4f (.text:_RtExpListInsert)
                  00012b54    00000048               : file.oem4f (.text:fdint_lockfd)
                  00012b9c    00000048     rtsv7M4_T_le_v4SPD16_eabi.lib : fd_toi_t2.asm.obj (.text)
                  00012be4    00000004     httpServer_pem4f.oem4f (.text:ti_sysbios_heaps_HeapMem_Module_GateProxy_enter__E)
                  00012be8    00000048     sysbios.aem4f : BIOS.obj (.text:ti_sysbios_family_arm_m3_Hwi_disableInterrupt__E)
                  00012c30    00000048                   : BIOS.obj (.text:ti_sysbios_family_arm_m3_Hwi_enableInterrupt__E)
                  00012c78    00000048                   : BIOS.obj (.text:ti_sysbios_family_arm_m3_Hwi_excReserved__I)
                  00012cc0    00000048                   : BIOS.obj (.text:ti_sysbios_knl_Task_deleteTerminatedTasksFunc__I)
                  00012d08    00000046     nettool_ipv4.aem4f : ipaddr.oem4f (.text:NtIfIdx2Ip)
                  00012d4e    00000046     stk.aem4f : rawethsock.oem4f (.text:RawEthSockSend)
                  00012d94    00000046               : tcpprot.oem4f (.text:TcpPrCtlError)
                  00012dda    00000046     os.aem4f : mem.oem4f (.text:mmZeroInit)
                  00012e20    00000046     ti.targets.arm.rtsarm.aem4f : Core-params.oem4f (.text:xdc_runtime_Core_assignParams__I)
                  00012e66    00000002     --HOLE-- [fill = 0]
                  00012e68    00000044     drivers_tivaware.aem4f : EMACSnow.oem4f (.text:EMACSnow_processTransmitted)
                  00012eac    00000044     stk.aem4f : icmp.oem4f (.text:ICMPChecksum)
                  00012ef0    00000044               : ipfrag.oem4f (.text:IPReasmFree)
                  00012f34    00000044               : lli.oem4f (.text:LLIGetValidTime)
                  00012f78    00000044               : rtable.oem4f (.text:RouteMsg)
                  00012fbc    00000044               : rtable.oem4f (.text:RtWalkEnd)
                  00013000    00000044               : sockpcb.oem4f (.text:SockPcbDetach)
                  00013044    00000044               : timer.oem4f (.text:TimerListInsert)
                  00013088    00000044     os.aem4f : efs.oem4f (.text:efs_internal_remove)
                  000130cc    00000044     nettool_ipv4.aem4f : httpclie.oem4f (.text:httpGetMimeBits)
                  00013110    00000044     hal_timer_bios.aem4f : lltimer.oem4f (.text:llTimerGetTime)
                  00013154    00000004     httpServer_pem4f.oem4f (.text:ti_sysbios_heaps_HeapMem_Module_GateProxy_leave__E)
                  00013158    00000044     sysbios.aem4f : BIOS.obj (.text:ti_sysbios_family_arm_m3_Hwi_getStackInfo__E)
                  0001319c    00000004     httpServer_pem4f.oem4f (.text:ti_sysbios_knl_Clock_TimerProxy_getMaxTicks__E)
                  000131a0    00000044     sysbios.aem4f : BIOS.obj (.text:ti_sysbios_knl_Swi_post__E)
                  000131e4    00000044     ti.targets.arm.rtsarm.aem4f : Error.oem4f (.text:xdc_runtime_Error_setX__E)
                  00013228    00000044                                 : SysMin.oem4f (.text:xdc_runtime_SysMin_flush__E)
                  0001326c    00000044                                 : Text.oem4f (.text:xdc_runtime_Text_xprintf__I)
                  000132b0    00000042     nettool_ipv4.aem4f : telnetd.oem4f (.text:CmdWriteCmd)
                  000132f2    00000042     stk.aem4f : socket.oem4f (.text:NDK_listen)
                  00013334    00000042               : tcpprot.oem4f (.text:TcpPrSendOOB)
                  00013376    00000042               : fileuser.oem4f (.text:fdCloseSession)
                  000133b8    00000040               : lliin.oem4f (.text:LLIValidateRoute)
                  000133f8    00000040               : pbm.oem4f (.text:PBM_copy)
                  00013438    00000040               : sockpcb.oem4f (.text:SockPcbRtChange)
                  00013478    00000040               : tcpprot.oem4f (.text:TcpPrSend)
                  000134b8    00000040     nettool_ipv4.aem4f : httpsend.oem4f (.text:httpSendErrorResponse)
                  000134f8    00000040     rtsv7M4_T_le_v4SPD16_eabi.lib : u_divt2.asm.obj (.text)
                  00013538    00000040     sysbios.aem4f : BIOS.obj (.text:ti_sysbios_family_arm_lm4_Timer_startup__E)
                  00013578    0000003f     websock.obj (.text:RemoveWebFiles)
                  000135b7    00000001     --HOLE-- [fill = 0]
                  000135b8    0000003e     nettool_ipv4.aem4f : dhcpmain.oem4f (.text:DHCPClose)
                  000135f6    00000002     --HOLE-- [fill = 0]
                  000135f8    0000003e     stk.aem4f : nimu.oem4f (.text:NIMUAllocateName)
                  00013636    0000003e     os.aem4f : task.oem4f (.text:TaskCreate)
                  00013674    0000003e     stk.aem4f : tcpprot.oem4f (.text:TcpPrDisconnect)
                  000136b2    0000003e     rtsv7M4_T_le_v4SPD16_eabi.lib : _printfi.c.obj (.text:_fcpy)
                  000136f0    0000003e     stk.aem4f : file.oem4f (.text:fdint_unlockfd)
                  0001372e    0000003c     nettool_ipv4.aem4f : config.oem4f (.text:CfgEntryGetData)
                  0001376a    0000003c     driverlib.lib : emac.obj (.text:EMACIntDisable)
                  000137a6    0000003c     stk.aem4f : node.oem4f (.text:NodeUpdatePL)
                  000137e2    00000002     --HOLE-- [fill = 0]
                  000137e4    0000003c               : rtable.oem4f (.text:RtWalkBegin)
                  00013820    0000003c               : tcpprot.oem4f (.text:TcpPrConnect)
                  0001385c    0000003c               : tcptime.oem4f (.text:TcpSetPersist)
                  00013898    0000003c               : rtc.oem4f (.text:_RTCSendRtAdv)
                  000138d4    0000003c               : rtable.oem4f (.text:_RtNodeRemove)
                  00013910    0000003c     hal_timer_bios.aem4f : lltimer.oem4f (.text:_llTimerInit)
                  0001394c    00000004     httpServer_pem4f.oem4f (.text:ti_sysbios_knl_Queue_destruct)
                  00013950    0000003c     sysbios.aem4f : BIOS.obj (.text:ti_sysbios_family_arm_m3_Hwi_excSvCall__I)
                  0001398c    00000004     httpServer_pem4f.oem4f (.text:ti_sysbios_knl_Semaphore_delete)
                  00013990    0000003c     sysbios.aem4f : BIOS.obj (.text:ti_sysbios_heaps_HeapMem_init__I)
                  000139cc    00000004     httpServer_pem4f.oem4f (.text:ti_sysbios_knl_Semaphore_destruct)
                  000139d0    0000003c     sysbios.aem4f : BIOS.obj (.text:ti_sysbios_knl_Swi_restore__E)
                  00013a0c    0000003a     driverlib.lib : emac.obj (.text:EMACIntEnable)
                  00013a46    0000003a     os.aem4f : efs.oem4f (.text:efs_filesend)
                  00013a80    00000038     driverlib.lib : emac.obj (.text:EMACConfigGet)
                  00013ab8    00000038     stk.aem4f : ipfrag.oem4f (.text:IPReasmTimeout)
                  00013af0    00000038               : node.oem4f (.text:NodeGetRt)
                  00013b28    00000038     driverlib.lib : sysctl.obj (.text:SysCtlPeripheralReady)
                  00013b60    00000038     stk.aem4f : tcpprot.oem4f (.text:TcpClose)
                  00013b98    00000038               : timer.oem4f (.text:TimerHSTick)
                  00013bd0    00000038     rtsv7M4_T_le_v4SPD16_eabi.lib : trgmsg.c.obj (.text:__TI_writemsg)
                  00013c08    00000038     nettool_ipv4.aem4f : dhcpbild.oem4f (.text:dhcpBuildDiscover)
                  00013c40    00000038                        : dhcptags.oem4f (.text:dhcpOptionsClear)
                  00013c78    00000038     stk.aem4f : file.oem4f (.text:fdint_waitevent)
                  00013cb0    00000038     sysbios.aem4f : BIOS.obj (.text:ti_sysbios_family_arm_m3_Hwi_excNoIsr__I)
                  00013ce8    00000038     httpServer_pem4f.oem4f (.text:ti_sysbios_knl_Clock_create)
                  00013d20    00000038     sysbios.aem4f : BIOS.obj (.text:ti_sysbios_knl_Task_processVitalTaskFlag__I)
                  00013d58    00000038     ti.targets.arm.rtsarm.aem4f : SysMin.oem4f (.text:xdc_runtime_SysMin_putch__E)
                  00013d90    00000038                                 : System.oem4f (.text:xdc_runtime_System_atexit__E)
                  00013dc8    00000036     nettool_ipv4.aem4f : telnetd.oem4f (.text:CmdWriteBytes)
                  00013dfe    00000036     stk.aem4f : ip.oem4f (.text:IPChecksum)
                  00013e34    00000036     rtsv7M4_T_le_v4SPD16_eabi.lib : strncpy.c.obj (.text:strncpy)
                  00013e6a    00000002     --HOLE-- [fill = 0]
                  00013e6c    00000034     nettool_ipv4.aem4f : config.oem4f (.text:CfgSetService)
                  00013ea0    00000034     driverlib.lib : emac.obj (.text:EMACConfigSet)
                  00013ed4    00000034                   : emac.obj (.text:EMACIntClear)
                  00013f08    00000034     drivers_tivaware.aem4f : EMACSnow.oem4f (.text:EMACSnow_emacPoll)
                  00013f3c    00000034                            : EMACSnow.oem4f (.text:EMACSnow_isLinkUp)
                  00013f70    00000034                            : EMAC.oem4f (.text:EMAC_init)
                  00013fa4    00000034     stk.aem4f : exec.oem4f (.text:ExecClose)
                  00013fd8    00000034               : nimu.oem4f (.text:NIMUFindByName)
                  0001400c    00000034               : nimu.oem4f (.text:NIMUInit)
                  00014040    00000034               : rawethsock.oem4f (.text:RawEthSockNotify)
                  00014074    00000034               : sockprot.oem4f (.text:SockPrCtlError)
                  000140a8    00000034     driverlib.lib : sysctl.obj (.text:SysCtlPeripheralEnable)
                  000140dc    00000034     rtsv7M4_T_le_v4SPD16_eabi.lib : trgmsg.c.obj (.text:__TI_readmsg)
                  00014110    00000034     nettool_ipv4.aem4f : httpsend.oem4f (.text:httpSendEntityLength)
                  00014144    00000034     os.aem4f : mem.oem4f (.text:mmUnInitPage)
                  00014178    00000034              : ossys.oem4f (.text:stricmp)
                  000141ac    00000034     rtsv7M4_T_le_v4SPD16_eabi.lib : strstr.c.obj (.text:strstr)
                  000141e0    00000034     sysbios.aem4f : BIOS.obj (.text:ti_sysbios_family_arm_m3_Hwi_Instance_finalize__E)
                  00014214    00000004     httpServer_pem4f.oem4f (.text:ti_sysbios_knl_Swi_delete)
                  00014218    00000034     sysbios.aem4f : BIOS.obj (.text:ti_sysbios_family_arm_m3_Hwi_excNmi__I)
                  0001424c    00000004     httpServer_pem4f.oem4f (.text:ti_sysbios_knl_Task_delete)
                  00014250    00000034     sysbios.aem4f : BIOS.obj (.text:ti_sysbios_hal_Hwi_checkStack)
                  00014284    00000034     httpServer_pem4f.oem4f (.text:ti_sysbios_knl_Semaphore_create)
                  000142b8    00000034     ti.targets.arm.rtsarm.aem4f : Core-label.oem4f (.text:xdc_runtime_Core_assignLabel__I)
                  000142ec    00000033                                 : Text.oem4f (.text:xdc_runtime_Text_printVisFxn__I)
                  0001431f    00000001     --HOLE-- [fill = 0]
                  00014320    00000032     nettool_ipv4.aem4f : config.oem4f (.text:CfgGetImmediate)
                  00014352    00000032     stk.aem4f : pipe.oem4f (.text:PipeCheck)
                  00014384    00000032               : route.oem4f (.text:RtDeRef)
                  000143b6    00000032               : route.oem4f (.text:RtSetFailure)
                  000143e8    00000032               : sb.oem4f (.text:SBFlush)
                  0001441a    00000032               : sb.oem4f (.text:SBSetMax)
                  0001444c    00000032               : sock.oem4f (.text:SockIntAbort)
                  0001447e    00000032     nettool_ipv4.aem4f : config.oem4f (.text:_CfgAcquire)
                  000144b0    00000032                        : dhcpsm.oem4f (.text:dhcpIPRemove)
                  000144e2    00000032     os.aem4f : efs.oem4f (.text:efs_fclose)
                  00014514    00000004     ti.targets.arm.rtsarm.aem4f : Error.oem4f (.text:xdc_runtime_Error_getMsg__E)
                  00014518    00000032     sysbios.aem4f : BIOS.obj (.text:ti_sysbios_hal_Hwi_initStack)
                  0001454a    00000006     driverlib.lib : gpio.obj (.text:GPIOIntClear)
                  00014550    00000032     sysbios.aem4f : BIOS.obj (.text:ti_sysbios_knl_Semaphore_pendTimeout__I)
                  00014582    00000030     driverlib.lib : emac.obj (.text:EMACAddrSet)
                  000145b2    00000002     --HOLE-- [fill = 0]
                  000145b4    00000030     drivers_tivaware.aem4f : EMACSnow.oem4f (.text:EMACSnow_handlePackets)
                  000145e4    00000030     netctrl_ipv4.aem4f : netsrv.oem4f (.text:NS_PreBoot)
                  00014614    00000030     stk.aem4f : sock.oem4f (.text:SockBind)
                  00014644    00000030               : sock.oem4f (.text:SockGetName)
                  00014674    00000030     rtsv7M4_T_le_v4SPD16_eabi.lib : snprintf.c.obj (.text:_outs)
                  000146a4    00000030     nettool_ipv4.aem4f : dhcpsock.oem4f (.text:dhcpPacketSend)
                  000146d4    00000030     stk.aem4f : listlib.oem4f (.text:list_remove_node)
                  00014704    00000030     httpServer_pem4f.oem4f (.text:ti_sysbios_BIOS_atExitFunc__I)
                  00014734    00000004     ti.targets.arm.rtsarm.aem4f : Error.oem4f (.text:xdc_runtime_Error_getSite__E)
                  00014738    00000030     sysbios.aem4f : BIOS.obj (.text:ti_sysbios_family_arm_lm4_Timer_stop__E)
                  00014768    00000030                   : BIOS.obj (.text:ti_sysbios_family_arm_m3_TaskSupport_start__E)
                  00014798    00000030     httpServer_pem4f.oem4f (.text:ti_sysbios_gates_GateHwi_Object__create__S)
                  000147c8    00000030     httpServer_pem4f.oem4f (.text:ti_sysbios_gates_GateMutex_Object__create__S)
                  000147f8    00000030     httpServer_pem4f.oem4f (.text:ti_sysbios_heaps_HeapMem_Object__create__S)
                  00014828    00000030     httpServer_pem4f.oem4f (.text:ti_sysbios_knl_Semaphore_construct)
                  00014858    00000030     ti.targets.arm.rtsarm.aem4f : SysMin.oem4f (.text:xdc_runtime_SysMin_abort__E)
                  00014888    00000030                                 : System.oem4f (.text:xdc_runtime_System_processAtExit__E)
                  000148b8    0000002e     stk.aem4f : sb.oem4f (.text:SBFree)
                  000148e6    0000002e     httpServer_pem4f.oem4f (.text:malloc)
                  00014914    0000002e     rtsv7M4_T_le_v4SPD16_eabi.lib : i_tofd_t2.asm.obj (.text)
                  00014942    0000002c     driverlib.lib : emac.obj (.text:EMACIntStatus)
                  0001496e    0000002c     stk.aem4f : file.oem4f (.text:FdSignalEvent)
                  0001499a    00000002     --HOLE-- [fill = 0]
                  0001499c    0000002c               : igmp.oem4f (.text:IGMPTestGroup)
                  000149c8    0000002c     os.aem4f : task.oem4f (.text:NDK_hookCreate)
                  000149f4    0000002c     stk.aem4f : nimu.oem4f (.text:NIMUAllocateIndex)
                  00014a20    0000002c               : nimu.oem4f (.text:NIMUPacketServiceCheck)
                  00014a4c    0000002c               : pipe.oem4f (.text:PipeClose)
                  00014a78    0000002c               : sockpcb.oem4f (.text:SockPcbAttach)
                  00014aa4    0000002c               : lli.oem4f (.text:_LLIExpListRemove)
                  00014ad0    0000002c               : lli.oem4f (.text:_LLITimeoutFlush)
                  00014afc    0000002c               : rtable.oem4f (.text:_RtExpListRemove)
                  00014b28    0000002c     os.aem4f : efs.oem4f (.text:efs_findfile)
                  00014b54    0000002c     stk.aem4f : file.oem4f (.text:fdint_setevent)
                  00014b80    0000002c     rtsv7M4_T_le_v4SPD16_eabi.lib : strncmp.c.obj (.text:strncmp)
                  00014bac    0000002c     httpServer_pem4f.oem4f (.text:ti_sysbios_knl_Clock_doTick__I)
                  00014bd8    0000002c     httpServer_pem4f.oem4f (.text:ti_sysbios_knl_Queue_construct)
                  00014c04    00000004     httpServer_pem4f.oem4f (.text:xdc_runtime_System_Module_GateProxy_enter__E)
                  00014c08    0000002c     sysbios.aem4f : BIOS.obj (.text:ti_sysbios_knl_Task_restore__E)
                  00014c34    0000002c     ti.targets.arm.rtsarm.aem4f : Text.oem4f (.text:xdc_runtime_Text_cordText__E)
                  00014c60    0000002a     driverlib.lib : gpio.obj (.text:GPIODirModeSet)
                  00014c8a    0000002a     stk.aem4f : pbm.oem4f (.text:PBMQ_deq)
                  00014cb4    0000002a     netctrl_ipv4.aem4f : netsrv.oem4f (.text:ServiceCallback)
                  00014cde    0000002a     nettool_ipv4.aem4f : config.oem4f (.text:_CfgRelease)
                  00014d08    0000002a     ti.targets.arm.rtsarm.aem4f : System.oem4f (.text:xdc_runtime_System_putchar__I)
                  00014d32    00000002     --HOLE-- [fill = 0]
                  00014d34    00000028     stk.aem4f : bind.oem4f (.text:BindFindByNet)
                  00014d5c    00000028               : lli.oem4f (.text:LLIFree)
                  00014d84    00000028     netctrl_ipv4.aem4f : netctrl.oem4f (.text:NC_SystemClose)
                  00014dac    00000028     stk.aem4f : nimu.oem4f (.text:NIMUCreatePacket)
                  00014dd4    00000028               : nimu.oem4f (.text:NIMUPacketService)
                  00014dfc    00000028               : tcpin.oem4f (.text:TcpEnterTimeWait)
                  00014e24    00000028               : timer.oem4f (.text:TimerListRemove)
                  00014e4c    00000028               : vlan.oem4f (.text:VLANFindSourceInterface)
                  00014e74    00000028               : vlan.oem4f (.text:VLANInit)
                  00014e9c    00000028     nettool_ipv4.aem4f : dhcpsock.oem4f (.text:dhcpPacketReceive)
                  00014ec4    00000028     os.aem4f : efs.oem4f (.text:efs_destroyfile)
                  00014eec    00000028     drivers_tivaware.aem4f : EMACSnow.oem4f (.text:signalLinkChange)
                  00014f14    00000004     httpServer_pem4f.oem4f (.text:xdc_runtime_System_Module_GateProxy_leave__E)
                  00014f18    00000028     sysbios.aem4f : BIOS.obj (.text:ti_sysbios_knl_Swi_Module_startup__E)
                  00014f40    00000026     nettool_ipv4.aem4f : config.oem4f (.text:CfgEntryInfo)
                  00014f66    00000026     driverlib.lib : emac.obj (.text:EMACPHYRead)
                  00014f8c    00000026                   : emac.obj (.text:EMACPHYWrite)
                  00014fb2    00000026     stk.aem4f : rawethsock.oem4f (.text:RawEthSockClose)
                  00014fd8    00000026     sysbios.aem4f : m3_Hwi_asm.obj (.text:ti_sysbios_family_arm_m3_Hwi_pendSV__I)
                  00014ffe    00000026     ti.targets.arm.rtsarm.aem4f : System.oem4f (.text:xdc_runtime_System_avprintf__E)
                  00015024    00000024     stk.aem4f : bind.oem4f (.text:BindFindByHost)
                  00015048    00000024               : bind.oem4f (.text:BindGetIFByDBCast)
                  0001506c    00000024     drivers_tivaware.aem4f : EMACSnow.oem4f (.text:EMACSnow_pkt_service)
                  00015090    00000024                            : EMACSnow.oem4f (.text:EMACSnow_primeRx)
                  000150b4    00000024     stk.aem4f : exec.oem4f (.text:ExecTimer)
                  000150d8    00000024               : nimu.oem4f (.text:NIMUFindByIndex)
                  000150fc    00000024               : rtc.oem4f (.text:RTCAddHook)
                  00015120    00000024               : rawethsock_pcb.oem4f (.text:RawEthSockPcbFind)
                  00015144    00000024               : route.oem4f (.text:RtFree)
                  00015168    00000024               : route.oem4f (.text:RtSetTimeout)
                  0001518c    00000024     websock.obj (.text:SHA1)
                  000151b0    00000024     stk.aem4f : sockpcb.oem4f (.text:SockPcbCleanup)
                  000151d4    00000024               : tcpprot.oem4f (.text:TcpPrListen)
                  000151f8    00000024               : tcptime.oem4f (.text:TcpTimeoutWait2)
                  0001521c    00000024     nettool_ipv4.aem4f : config.oem4f (.text:_CfgEntryProcess)
                  00015240    00000024     httpServer_pem4f.oem4f (.text:ti_sysbios_BIOS_errorRaiseHook__I)
                  00015264    00000024     httpServer_pem4f.oem4f (.text:ti_sysbios_BIOS_registerRTSLock__I)
                  00015288    00000024     httpServer_pem4f.oem4f (.text:ti_sysbios_BIOS_removeRTSLock__I)
                  000152ac    00000024     httpServer_pem4f.oem4f (.text:ti_sysbios_BIOS_startFunc__I)
                  000152d0    00000024     httpServer_pem4f.oem4f (.text:ti_sysbios_gates_GateMutex_Object__delete__S)
                  000152f4    00000004     ti.targets.arm.rtsarm.aem4f : System.oem4f (.text:xdc_runtime_System_aprintf_va__F)
                  000152f8    00000024     sysbios.aem4f : BIOS.obj (.text:ti_sysbios_knl_Clock_Module_startup__E)
                  0001531c    00000024     httpServer_pem4f.oem4f (.text:ti_sysbios_knl_Semaphore_Object__delete__S)
                  00015340    00000024     sysbios.aem4f : BIOS.obj (.text:ti_sysbios_knl_Task_restoreHwi__E)
                  00015364    00000024     ti.targets.arm.rtsarm.aem4f : System.oem4f (.text:xdc_runtime_System_vprintf__E)
                  00015388    00000022     nettool_ipv4.aem4f : config.oem4f (.text:CfgEntryRef)
                  000153aa    00000022     stk.aem4f : vlan.oem4f (.text:VLANFindNode)
                  000153cc    00000004     ti.targets.arm.rtsarm.aem4f : System.oem4f (.text:xdc_runtime_System_printf_va__F)
                  000153d0    00000022     sysbios.aem4f : BIOS.obj (.text:ti_sysbios_family_arm_lm4_Timer_write__I)
                  000153f2    00000022     httpServer_pem4f.oem4f (.text:xdc_runtime_SysMin_output__I)
                  00015414    00000020     netctrl_ipv4.aem4f : netctrl.oem4f (.text:NC_BootComplete)
                  00015434    00000020     stk.aem4f : nimu.oem4f (.text:NIMUGetNumOfObject)
                  00015454    00000020               : rtc.oem4f (.text:RTCRemoveHook)
                  00015474    00000020               : tcp.oem4f (.text:TcpTimeoutRemove)
                  00015494    00000020     Boot.aem4f : Boot_sysctl.oem4f (.text:_SysCtlMemTimingGet)
                  000154b4    00000020     stk.aem4f : fileuser.oem4f (.text:fdsetTestEntry)
                  000154d4    00000020     httpServer_pem4f.oem4f (.text:ti_sysbios_BIOS_rtsLock__I)
                  000154f4    00000020     httpServer_pem4f.oem4f (.text:ti_sysbios_family_arm_m3_Hwi_Object__delete__S)
                  00015514    00000020     sysbios.aem4f : m3_Hwi_asm.obj (.text:ti_sysbios_family_arm_m3_Hwi_excHandlerAsm__I)
                  00015534    00000004     --HOLE-- [fill = 0]
                  00015538    00000020                   : BIOS.obj (.text:ti_sysbios_family_arm_m3_Hwi_excHandler__I)
                  00015558    00000020     httpServer_pem4f.oem4f (.text:ti_sysbios_gates_GateHwi_Object__delete__S)
                  00015578    00000020     httpServer_pem4f.oem4f (.text:ti_sysbios_heaps_HeapMem_Object__delete__S)
                  00015598    00000020     sysbios.aem4f : BIOS.obj (.text:ti_sysbios_knl_Idle_run__E)
                  000155b8    00000020     httpServer_pem4f.oem4f (.text:ti_sysbios_knl_Semaphore_Object__destruct__S)
                  000155d8    00000020     httpServer_pem4f.oem4f (.text:ti_sysbios_knl_Swi_Object__delete__S)
                  000155f8    00000020     httpServer_pem4f.oem4f (.text:ti_sysbios_knl_Task_Object__delete__S)
                  00015618    00000020     ti.targets.arm.rtsarm.aem4f : Registry.oem4f (.text:xdc_runtime_Registry_findById__E)
                  00015638    00000020                                 : SysMin.oem4f (.text:xdc_runtime_SysMin_Module_startup__E)
                  00015658    0000001e     os.aem4f : efs.oem4f (.text:efs_loadfunction)
                  00015676    0000001e     stk.aem4f : fileuser.oem4f (.text:fdSelectAbort)
                  00015694    0000001e               : listlib.oem4f (.text:list_remove)
                  000156b2    0000001e     rtsv7M4_T_le_v4SPD16_eabi.lib : strcat.c.obj (.text:strcat)
                  000156d0    0000001e     sysbios.aem4f : m3_Hwi_asm_switch.obj (.text:ti_sysbios_family_xxx_Hwi_switchAndRunFunc)
                  000156ee    00000002     --HOLE-- [fill = 0]
                  000156f0    0000001c     stk.aem4f : bind.oem4f (.text:BindFindByIF)
                  0001570c    0000001c               : exec.oem4f (.text:ExecBroadcast)
                  00015728    0000001c     os.aem4f : ossys.oem4f (.text:NDK_sprintf)
                  00015744    0000001c     stk.aem4f : nimu.oem4f (.text:NIMUAddHeader)
                  00015760    0000001c               : sockprot.oem4f (.text:SockPrDetach)
                  0001577c    0000001c     os.aem4f : task.oem4f (.text:TaskDestroy)
                  00015798    0000001c     drivers_tivaware.aem4f : GPIOTiva.oem4f (.text:getGpioIntIndex)
                  000157b4    0000001c     rtsv7M4_T_le_v4SPD16_eabi.lib : memccpy.c.obj (.text:memccpy)
                  000157d0    0000001c     sysbios.aem4f : BIOS.obj (.text:ti_sysbios_gates_GateMutex_Instance_init__E)
                  000157ec    0000001c     httpServer_pem4f.oem4f (.text:ti_sysbios_knl_Queue_Object__destruct__S)
                  00015808    0000001c     sysbios.aem4f : BIOS.obj (.text:ti_sysbios_knl_Task_enter__I)
                  00015824    0000001c     ti.targets.arm.rtsarm.aem4f : Error.oem4f (.text:xdc_runtime_Error_raiseX__E)
                  00015840    0000001c                                 : Memory.oem4f (.text:xdc_runtime_Memory_valloc__E)
                  0001585c    0000001c                                 : SysMin.oem4f (.text:xdc_runtime_SysMin_exit__E)
                  00015878    0000001c                                 : System.oem4f (.text:xdc_runtime_System_abort__E)
                  00015894    0000001a     stk.aem4f : bind.oem4f (.text:BindGetIP)
                  000158ae    0000001a               : sockint.oem4f (.text:SockSetOOBMark)
                  000158c8    0000001a     rtsv7M4_T_le_v4SPD16_eabi.lib : s_copysign.c.obj (.text:copysign)
                  000158e2    0000001a     stk.aem4f : file.oem4f (.text:fdint_getfdt)
                  000158fc    0000001a     nettool_ipv4.aem4f : httpsend.oem4f (.text:httpSendClientStr)
                  00015916    0000001a     httpServer_pem4f.oem4f (.text:ti_sysbios_family_arm_m3_Hwi_Handle__label__S)
                  00015930    0000001a     httpServer_pem4f.oem4f (.text:ti_sysbios_gates_GateHwi_Handle__label__S)
                  0001594a    0000001a     httpServer_pem4f.oem4f (.text:ti_sysbios_gates_GateMutex_Handle__label__S)
                  00015964    0000001a     httpServer_pem4f.oem4f (.text:ti_sysbios_heaps_HeapMem_Handle__label__S)
                  0001597e    0000001a     httpServer_pem4f.oem4f (.text:ti_sysbios_knl_Swi_Handle__label__S)
                  00015998    0000001a     httpServer_pem4f.oem4f (.text:ti_sysbios_knl_Task_Handle__label__S)
                  000159b2    00000006     driverlib.lib : gpio.obj (.text:GPIOPinRead)
                  000159b8    0000001a     sysbios.aem4f : BIOS.obj (.text:ti_sysbios_knl_Task_sleepTimeout__I)
                  000159d2    0000001a     httpServer_pem4f.oem4f (.text:xdc_runtime_System_aprintf__E)
                  000159ec    0000001a     httpServer_pem4f.oem4f (.text:xdc_runtime_System_printf__E)
                  00015a06    00000002     --HOLE-- [fill = 0]
                  00015a08    00000018     drivers_tivaware.aem4f : EMACSnow.oem4f (.text:EMACSnow_emacSend)
                  00015a20    00000018     stk.aem4f : ip.oem4f (.text:IPRtChange)
                  00015a38    00000018               : rawethsock_pcb.oem4f (.text:RawEthSockPcbCleanup)
                  00015a50    00000018     nettool_ipv4.aem4f : ipaddr.oem4f (.text:RouteHook)
                  00015a68    00000018     stk.aem4f : tcpin.oem4f (.text:SEQ_GEQ)
                  00015a80    00000018               : tcpout.oem4f (.text:SEQ_GEQ)
                  00015a98    00000018               : tcpin.oem4f (.text:SEQ_GT)
                  00015ab0    00000018               : tcpout.oem4f (.text:SEQ_GT)
                  00015ac8    00000018               : tcpin.oem4f (.text:SEQ_LEQ)
                  00015ae0    00000018               : tcpout.oem4f (.text:SEQ_LEQ)
                  00015af8    00000018               : tcpin.oem4f (.text:SEQ_LT)
                  00015b10    00000018               : tcpout.oem4f (.text:SEQ_LT)
                  00015b28    00000018               : tcp.oem4f (.text:TcpTimeoutAdd)
                  00015b40    00000018     rtsv7M4_T_le_v4SPD16_eabi.lib : args_main.c.obj (.text:_args_main)
                  00015b58    00000018                                   : snprintf.c.obj (.text:_outc)
                  00015b70    00000018     nettool_ipv4.aem4f : dhcpsock.oem4f (.text:dhcpSocketClose)
                  00015b88    00000018     stk.aem4f : file.oem4f (.text:fdint_clearevent)
                  00015ba0    00000018               : listlib.oem4f (.text:list_add)
                  00015bb8    00000018     rtsv7M4_T_le_v4SPD16_eabi.lib : strcmp.c.obj (.text:strcmp)
                  00015bd0    00000018     httpServer_pem4f.oem4f (.text:ti_sysbios_BIOS_rtsUnlock__I)
                  00015be8    00000018     httpServer_pem4f.oem4f (.text:ti_sysbios_family_arm_lm4_Timer_Module__startupDone__F)
                  00015c00    00000018     httpServer_pem4f.oem4f (.text:ti_sysbios_family_arm_m3_Hwi_Module__startupDone__F)
                  00015c18    00000018     sysbios.aem4f : m3_TaskSupport_asm.obj (.text:ti_sysbios_family_arm_m3_TaskSupport_swap__E)
                  00015c30    00000018                   : BIOS.obj (.text:ti_sysbios_gates_GateMutex_leave__E)
                  00015c48    00000018     ti.targets.arm.rtsarm.aem4f : Error.oem4f (.text:xdc_runtime_Error_check__E)
                  00015c60    00000018                                 : System.oem4f (.text:xdc_runtime_System_exit__E)
                  00015c78    00000018                                 : Text.oem4f (.text:xdc_runtime_Text_ropeText__E)
                  00015c90    00000016     driverlib.lib : emac.obj (.text:EMACReset)
                  00015ca6    00000016                   : emac.obj (.text:EMACRxEnable)
                  00015cbc    00000016                   : emac.obj (.text:EMACTxEnable)
                  00015cd2    00000016     stk.aem4f : file.oem4f (.text:fdint_freefdt)
                  00015ce8    00000016     rtsv7M4_T_le_v4SPD16_eabi.lib : strchr.c.obj (.text:strchr)
                  00015cfe    00000016     httpServer_pem4f.oem4f (.text:ti_sysbios_BIOS_exitFunc__I)
                  00015d14    00000016     ti.targets.arm.rtsarm.aem4f : System.oem4f (.text:xdc_runtime_System_vsprintf__E)
                  00015d2a    00000014     stk.aem4f : bind.oem4f (.text:BindIPHost2IF)
                  00015d3e    00000002     --HOLE-- [fill = 0]
                  00015d40    00000014     driverlib.lib : flash.obj (.text:FlashUserGet)
                  00015d54    00000014     netctrl_ipv4.aem4f : netctrl.oem4f (.text:NC_NetStop)
                  00015d68    00000014     os.aem4f : task.oem4f (.text:NDK_hookExit)
                  00015d7c    00000014     stk.aem4f : nimu.oem4f (.text:NIMUSendPacket)
                  00015d90    00000014     nettool_ipv4.aem4f : ipaddr.oem4f (.text:NtRemoveNetwork)
                  00015da4    00000014     stk.aem4f : rawethsock_pcb.oem4f (.text:RawEthSockPcbInit)
                  00015db8    00000014               : timer.oem4f (.text:TimerFree)
                  00015dcc    00000014     rtsv7M4_T_le_v4SPD16_eabi.lib : strcpy.c.obj (.text:strcpy)
                  00015de0    00000014                                   : strlen.c.obj (.text:strlen)
                  00015df4    00000014     httpServer_pem4f.oem4f (.text:ti_sysbios_family_arm_m3_Hwi_Object__get__S)
                  00015e08    00000014     sysbios.aem4f : BIOS.obj (.text:ti_sysbios_family_arm_m3_Hwi_switchFromBootStack__E)
                  00015e1c    00000014     httpServer_pem4f.oem4f (.text:ti_sysbios_heaps_HeapMem_Object__get__S)
                  00015e30    00000014     httpServer_pem4f.oem4f (.text:ti_sysbios_knl_Swi_Object__get__S)
                  00015e44    00000014     httpServer_pem4f.oem4f (.text:ti_sysbios_knl_Task_Object__first__S)
                  00015e58    00000014     httpServer_pem4f.oem4f (.text:ti_sysbios_knl_Task_Object__next__S)
                  00015e6c    00000012     driverlib.lib : gpio.obj (.text:GPIOPinTypeEthernetLED)
                  00015e7e    00000012     stk.aem4f : sockprot.oem4f (.text:SockPrAttach)
                  00015e90    00000012               : sockint.oem4f (.text:SockSetOOBData)
                  00015ea2    00000012     websock.obj (.text:heartBeatFxn)
                  00015eb4    00000012     nettool_ipv4.aem4f : inetaddr.oem4f (.text:inet_addr)
                  00015ec6    00000002     --HOLE-- [fill = 0]
                  00015ec8    00000012     sysbios.aem4f : BIOS.obj (.text:ti_sysbios_hal_Hwi_Module_startup__E)
                  00015eda    00000006     driverlib.lib : gpio.obj (.text:GPIOPinWrite)
                  00015ee0    00000012     sysbios.aem4f : BIOS.obj (.text:ti_sysbios_knl_Semaphore_reset__E)
                  00015ef2    00000012     rtsv7M4_T_le_v4SPD16_eabi.lib : wcslen.c.obj (.text:wcslen)
                  00015f04    00000012     httpServer_pem4f.oem4f (.text:xdc_runtime_Startup_exec__I)
                  00015f16    00000002     --HOLE-- [fill = 0]
                  00015f18    00000010     httpServer_pem4f.oem4f (.text:.bootCodeSection:ti_catalog_arm_cortexm4_tiva_ce_Boot_init__I)
                  00015f28    00000010     stk.aem4f : bind.oem4f (.text:BindIF2IPHost)
                  00015f38    00000010               : bind.oem4f (.text:BindIFNet2IPHost)
                  00015f48    00000010     driverlib.lib : emac.obj (.text:EMACFrameFilterSet)
                  00015f58    00000010     stk.aem4f : exec.oem4f (.text:ExecHRef)
                  00015f68    00000010     netctrl_ipv4.aem4f : netctrl.oem4f (.text:NC_IPUpdate)
                  00015f78    00000010     stk.aem4f : nimu.oem4f (.text:NIMUGetRsvdSizeInfo)
                  00015f88    00000010     sysbios.aem4f : BIOS.obj (.text:ti_sysbios_BIOS_getCpuFreq__E)
                  00015f98    00000010                   : BIOS.obj (.text:ti_sysbios_BIOS_setThreadType__E)
                  00015fa8    00000010                   : BIOS.obj (.text:ti_sysbios_BIOS_start__E)
                  00015fb8    00000010                   : m3_TaskSupport_asm.obj (.text:ti_sysbios_family_arm_m3_TaskSupport_glue)
                  00015fc8    00000010                   : BIOS.obj (.text:ti_sysbios_gates_GateMutex_Instance_finalize__E)
                  00015fd8    00000010                   : BIOS.obj (.text:ti_sysbios_knl_Semaphore_Instance_finalize__E)
                  00015fe8    00000010                   : BIOS.obj (.text:ti_sysbios_knl_Swi_disable__E)
                  00015ff8    00000010     httpServer_pem4f.oem4f (.text:ti_sysbios_knl_Task_Object__get__S)
                  00016008    00000010     sysbios.aem4f : BIOS.obj (.text:ti_sysbios_knl_Task_disable__E)
                  00016018    00000010     ti.targets.arm.rtsarm.aem4f : Gate.oem4f (.text:xdc_runtime_Gate_leaveSystem__E)
                  00016028    00000010                                 : Memory.oem4f (.text:xdc_runtime_Memory_free__E)
                  00016038    00000010                                 : SysMin.oem4f (.text:xdc_runtime_SysMin_ready__E)
                  00016048    00000010                                 : System.oem4f (.text:xdc_runtime_System_vsnprintf__E)
                  00016058    00000010     httpServer_pem4f.oem4f (.text:xdc_runtime_Text_visitRope__I)
                  00016068    0000000e     drivers_tivaware.aem4f : EMACSnow.oem4f (.text:EMACSnow_emacioctl)
                  00016076    0000000e     stk.aem4f : exec.oem4f (.text:ExecLowResource)
                  00016084    0000000e     driverlib.lib : gpio.obj (.text:GPIOIntStatus)
                  00016092    0000000e     rtsv7M4_T_le_v4SPD16_eabi.lib : copy_decompress_none.c.obj (.text:decompress:none:__TI_decompress_none)
                  000160a0    0000000e     sysbios.aem4f : BIOS.obj (.text:ti_sysbios_knl_Idle_loop__E)
                  000160ae    00000002     --HOLE-- [fill = 0]
                  000160b0    0000000e                   : BIOS.obj (.text:ti_sysbios_knl_Queue_empty__E)
                  000160be    00000002     --HOLE-- [fill = 0]
                  000160c0    0000000c     stk.aem4f : bind.oem4f (.text:BindGetFirst)
                  000160cc    0000000c     nettool_ipv4.aem4f : config.oem4f (.text:CfgSetDefault)
                  000160d8    0000000c     drivers_tivaware.aem4f : EMACSnow.oem4f (.text:EMACSnow_init)
                  000160e4    0000000c     os.aem4f : task.oem4f (.text:NDK_hookInit)
                  000160f0    0000000c     stk.aem4f : nimu.oem4f (.text:NIMUSetRsvdSizeInfo)
                  000160fc    0000000c     os.aem4f : task.oem4f (.text:NotifyLowResource)
                  00016108    0000000c     stk.aem4f : pbm.oem4f (.text:PBM_close)
                  00016114    0000000c     os.aem4f : semaphore.oem4f (.text:SemDelete)
                  00016120    0000000c     hal_timer_bios.aem4f : lltimer.oem4f (.text:_llTimerShutdown)
                  0001612c    0000000c     rtsv7M4_T_le_v4SPD16_eabi.lib : _lock.c.obj (.text:_register_lock)
                  00016138    0000000c                                   : _lock.c.obj (.text:_register_unlock)
                  00016144    0000000c                                   : copy_zero_init.c.obj (.text:decompress:ZI:__TI_zero_init)
                  00016150    0000000c     os.aem4f : efs.oem4f (.text:efs_createfile)
                  0001615c    0000000c     hal_timer_bios.aem4f : lltimer.oem4f (.text:llTimerGetStartTime)
                  00016168    0000000c     sysbios.aem4f : BIOS.obj (.text:ti_sysbios_family_arm_lm4_Timer_getMaxTicks__E)
                  00016174    0000000c     httpServer_pem4f.oem4f (.text:ti_sysbios_family_arm_m3_Hwi_Params__init__S)
[...]
0001a398  ti_sysbios_family_arm_m3_Hwi_nullIsrFunc__C                          
0001a39c  ti_sysbios_family_arm_m3_Hwi_priGroup__C                             
0001a3a0  ti_sysbios_family_arm_m3_TaskSupport_stackAlignment__C               
0001a3a4  ti_sysbios_gates_GateMutex_A_badContext__C                           
0001a3a8  ti_sysbios_gates_GateMutex_Instance_State_sem__O                     
0001a3ac  ti_sysbios_gates_GateMutex_Module__diagsEnabled__C                   
0001a3b0  ti_sysbios_gates_GateMutex_Module__diagsIncluded__C                  
0001a3b4  ti_sysbios_gates_GateMutex_Module__diagsMask__C                      
0001a3b8  ti_sysbios_hal_Hwi_E_stackOverflow__C                                
0001a3bc  ti_sysbios_heaps_HeapMem_A_align__C                                  
0001a3c0  ti_sysbios_heaps_HeapMem_A_heapSize__C                               
0001a3c4  ti_sysbios_heaps_HeapMem_A_invalidFree__C                            
0001a3c8  ti_sysbios_heaps_HeapMem_A_zeroBlock__C                              
0001a3cc  ti_sysbios_heaps_HeapMem_E_memory__C                                 
0001a3d0  ti_sysbios_heaps_HeapMem_Module__diagsEnabled__C                     
0001a3d4  ti_sysbios_heaps_HeapMem_Module__diagsIncluded__C                    
0001a3d8  ti_sysbios_heaps_HeapMem_Module__diagsMask__C                        
0001a3dc  ti_sysbios_heaps_HeapMem_Module__gateObj__C                          
0001a3e0  ti_sysbios_heaps_HeapMem_Object__count__C                            
0001a3e4  ti_sysbios_heaps_HeapMem_reqAlign__C                                 
0001a3e8  ti_sysbios_knl_Clock_A_badThreadType__C                              
0001a3ec  ti_sysbios_knl_Clock_Module_State_clockQ__O                          
0001a3f0  ti_sysbios_knl_Clock_Module__diagsEnabled__C                         
0001a3f4  ti_sysbios_knl_Clock_Module__diagsIncluded__C                        
0001a3f8  ti_sysbios_knl_Clock_Module__diagsMask__C                            
0001a3fc  ti_sysbios_knl_Semaphore_A_badContext__C                             
0001a400  ti_sysbios_knl_Semaphore_A_noEvents__C                               
0001a404  ti_sysbios_knl_Semaphore_A_overflow__C                               
0001a408  ti_sysbios_knl_Semaphore_A_pendTaskDisabled__C                       
0001a40c  ti_sysbios_knl_Semaphore_Instance_State_pendQ__O                     
0001a410  ti_sysbios_knl_Semaphore_Module__diagsEnabled__C                     
0001a414  ti_sysbios_knl_Semaphore_Module__diagsIncluded__C                    
0001a418  ti_sysbios_knl_Semaphore_Module__diagsMask__C                        
0001a41c  ti_sysbios_knl_Swi_A_badPriority__C                                  
0001a420  ti_sysbios_knl_Swi_Module__diagsEnabled__C                           
0001a424  ti_sysbios_knl_Swi_Module__diagsIncluded__C                          
0001a428  ti_sysbios_knl_Swi_Module__diagsMask__C                              
0001a42c  ti_sysbios_knl_Swi_Object__count__C                                  
0001a430  ti_sysbios_knl_Task_A_badPriority__C                                 
0001a434  ti_sysbios_knl_Task_A_badTaskState__C                                
0001a438  ti_sysbios_knl_Task_A_badThreadType__C                               
0001a43c  ti_sysbios_knl_Task_A_badTimeout__C                                  
0001a440  ti_sysbios_knl_Task_A_noPendElem__C                                  
0001a444  ti_sysbios_knl_Task_A_sleepTaskDisabled__C                           
0001a448  ti_sysbios_knl_Task_E_deleteNotAllowed__C                            
0001a44c  ti_sysbios_knl_Task_E_spOutOfBounds__C                               
0001a450  ti_sysbios_knl_Task_E_stackOverflow__C                               
0001a454  ti_sysbios_knl_Task_Module_State_inactiveQ__O                        
0001a458  ti_sysbios_knl_Task_Module_State_terminatedQ__O                      
0001a45c  ti_sysbios_knl_Task_Module__diagsEnabled__C                          
0001a460  ti_sysbios_knl_Task_Module__diagsIncluded__C                         
0001a464  ti_sysbios_knl_Task_Module__diagsMask__C                             
0001a468  ti_sysbios_knl_Task_Object__count__C                                 
0001a46c  ti_sysbios_knl_Task_Object__heap__C                                  
0001a470  ti_sysbios_knl_Task_allBlockedFunc__C                                
0001a474  ti_sysbios_knl_Task_defaultStackHeap__C                              
0001a478  ti_sysbios_knl_Task_defaultStackSize__C                              
0001a47c  ti_sysbios_knl_Task_numConstructedTasks__C                           
0001a480  xdc_runtime_Assert_E_assertFailed__C                                 
0001a484  xdc_runtime_Core_A_initializedParams__C                              
0001a488  xdc_runtime_Core_Module__diagsEnabled__C                             
0001a48c  xdc_runtime_Core_Module__diagsIncluded__C                            
0001a490  xdc_runtime_Core_Module__diagsMask__C                                
0001a494  xdc_runtime_Error_E_memory__C                                        
0001a498  xdc_runtime_Error_Module__diagsEnabled__C                            
0001a49c  xdc_runtime_Error_Module__diagsIncluded__C                           
0001a4a0  xdc_runtime_Error_Module__diagsMask__C                               
0001a4a4  xdc_runtime_Error_Module__loggerFxn8__C                              
0001a4a8  xdc_runtime_Error_Module__loggerObj__C                               
0001a4ac  xdc_runtime_Error_policyFxn__C                                       
0001a4b0  xdc_runtime_Error_raiseHook__C                                       
0001a4b4  xdc_runtime_IGateProvider_Interface__BASE__C                         
0001a4b8  xdc_runtime_IHeap_Interface__BASE__C                                 
0001a4bc  xdc_runtime_IModule_Interface__BASE__C                               
0001a4c0  xdc_runtime_Log_L_error__C                                           
0001a4c4  xdc_runtime_Memory_defaultHeapInstance__C                            
0001a4c8  xdc_runtime_Startup_execImpl__C                                      
0001a4cc  xdc_runtime_Startup_maxPasses__C                                     
0001a4d0  xdc_runtime_Startup_sfxnRts__C                                       
0001a4d4  xdc_runtime_Startup_sfxnTab__C                                       
0001a4d8  xdc_runtime_SysMin_bufSize__C                                        
0001a4dc  xdc_runtime_SysMin_outputFunc__C                                     
0001a4e0  xdc_runtime_System_Module__gateObj__C                                
0001a4e4  xdc_runtime_System_abortFxn__C                                       
0001a4e8  xdc_runtime_System_exitFxn__C                                        
0001a4ec  xdc_runtime_System_extendFxn__C                                      
0001a4f0  xdc_runtime_System_maxAtexitHandlers__C                              
0001a4f4  xdc_runtime_Text_charTab__C                                          
0001a4f8  xdc_runtime_Text_nameEmpty__C                                        
0001a4fc  xdc_runtime_Text_nameStatic__C                                       
0001a500  xdc_runtime_Text_nameUnknown__C                                      
0001a504  xdc_runtime_Text_nodeTab__C                                          
0001a508  xdc_runtime_Text_visitRopeFxn__C                                     
0001a50c  ti_sysbios_heaps_HeapMem_Module__id__C                               
0001a50e  ti_sysbios_knl_Clock_Module__id__C                                   
0001a510  ti_sysbios_knl_Semaphore_Module__id__C                               
0001a512  ti_sysbios_knl_Swi_Module__id__C                                     
0001a514  ti_sysbios_knl_Task_Module__id__C                                    
0001a516  xdc_runtime_Core_Module__id__C                                       
0001a518  xdc_runtime_Error_Module__loggerDefined__C                           
0001a51a  xdc_runtime_Error_maxDepth__C                                        
0001a51c  xdc_runtime_Memory_Module__id__C                                     
0001a51e  xdc_runtime_SysMin_flushAtExit__C                                    
0001a520  xdc_runtime_Text_charCnt__C                                          
0001a522  xdc_runtime_Text_isLoaded__C                                         
0001a524  xdc_runtime_Text_registryModsLastId__C                               
0001a526  xdc_runtime_Text_unnamedModsLastId__C                                
0001a528  xdc_runtime_Error_policy__C                                          
0001a530  __TI_static_base__                                                   
0001a970  __TI_Handler_Table_Base                                              
0001a97c  __TI_Handler_Table_Limit                                             
0001a990  __TI_CINIT_Base                                                      
0001a9a8  __TI_CINIT_Limit                                                     
20000000  __start___llvm_prf_cnts                                              
20000000  __stop___llvm_prf_cnts                                               
20000000  ti_sysbios_family_arm_m3_Hwi_ramVectors                              
20000380  ti_ndk_config_Global_pBufMem                                         
20006380  ti_ndk_config_Global_pHdrMem                                         
20006840  ti_ndk_config_Global_pit                                             
20006920  ti_ndk_config_Global_pitBuffer                                       
2000c920  ti_sysbios_heaps_HeapMem_Instance_State_0_buf__A                     
20012120  ti_sysbios_knl_Task_Instance_State_0_stack__A                        
20012920  ti_sysbios_knl_Task_Instance_State_1_stack__A                        
20012b20  ti_sysbios_family_arm_m3_Hwi_dispatchTable                           
20013090  task0Stack                                                           
20013290  __CIOBUF_                                                            
200134b0  tcps                                                                 
200137cc  xdc_runtime_SysMin_Module_State_0_outbuf__A                          
2001384c  ips                                                                  
200138b4  nimu_mcb                                                             
20013978  task0Struct                                                          
200139c8  _ICMPIn                                                              
20013a14  _ICMPOut                                                             
20013aa0  vlan_mcb                                                             
20013aec  udps                                                                 
20013b10  BlockCount                                                           
20013b2c  BlockMax                                                             
20013b48  PageCount                                                            
20013b64  PageMax                                                              
20013b80  stkEvent                                                             
20013bbc  raweths                                                              
20013bcc  raws                                                                 
20013bdc  PBMQ_free                                                            
20013be8  tpseudo                                                              
20013bf4  upseudo                                                              
20013c00  emacObjects                                                          
20013c08  parmbuf                                                              
20013c38  _IGMPInDiscard                                                       
20013c3c  _IGMPInQuery                                                         
20013c40  _IGMPInQueryGroup                                                    
20013c44  _IGMPInResponse                                                      
20013c48  _IGMPOutResponse                                                     
20013c4c  g_ulStatus                                                           
20013c60  raweth_pcb                                                           
20013c64  ti_sysbios_knl_Task_Instance_State_0_hookEnv__A                      
20013c68  ti_sysbios_knl_Task_Instance_State_1_hookEnv__A                      
20013c6c  _ipcfg                                                               
20013d20  ti_sysbios_knl_Task_Object__table__V                                 
20013db8  ti_sysbios_knl_Swi_Module_State_0_readyQ__A                          
20013e38  ti_sysbios_knl_Task_Module_State_0_readyQ__A                         
20013f06  ti_sysbios_family_arm_m3_Hwi_Module_State_0_excActive__A             
20013f08  CONTENT_TYPE_APPLET                                                  
20013f0c  CONTENT_TYPE_AU                                                      
20013f10  CONTENT_TYPE_CSS                                                     
20013f14  CONTENT_TYPE_DOC                                                     
20013f18  CONTENT_TYPE_GIF                                                     
20013f1c  CONTENT_TYPE_HTML                                                    
20013f20  CONTENT_TYPE_JPG                                                     
20013f24  CONTENT_TYPE_MPEG                                                    
20013f28  CONTENT_TYPE_PDF                                                     
20013f2c  CONTENT_TYPE_WAV                                                     
20013f30  CONTENT_TYPE_ZIP                                                     
20013f34  CONTENT_TYPE                                                         
20013f38  CONTENT_LENGTH                                                       
20013f3c  CRLF                                                                 
20013f40  DEFAULT_NAME                                                         
20013f44  HTTP_VER                                                             
20013f48  SPACE                                                                
20013f4c  ti_sysbios_knl_Task_Module__state__V                                 
20014010  base46_map                                                           
20014090  ti_sysbios_family_arm_lm4_Timer_Module_State_0_device__A             
200140d0  ti_sysbios_family_arm_lm4_Timer_Object__table__V                     
20014110  ti_sysbios_gates_GateMutex_Object__table__V                          
2001417c  ti_sysbios_family_arm_m3_Hwi_Module__state__V                        
200141b0  enablePrefetch                                                       
200141b4  phyCounter                                                           
200141e2  xdc_runtime_Error_Module__state__V                                   
20014214  ti_sysbios_knl_Swi_Object__table__V                                  
20014244  ti_sysbios_knl_Clock_Module__state__V                                
20014270  pstrMsgName                                                          
20014298  _oscfg                                                               
200142bc  PITCount                                                             
200142c0  PITUsed                                                              
200142c4  PITHigh                                                              
200142e0  ti_sysbios_BIOS_Module__state__V                                     
20014304  ti_sysbios_family_arm_lm4_Timer_Module_State_0_handles__A            
20014340  ti_ndk_config_Global_Id2Size                                         
2001435c  ti_sysbios_knl_Swi_Module__state__V                                  
200143c0  ti_sysbios_family_arm_m3_Hwi_Object__table__V                        
200143d8  ti_sysbios_heaps_HeapMem_Object__table__V                            
2001442c  gpioPinConfigs                                                       
20014444  _IGMPForceVersion1                                                   
2001444c  ti_sysbios_family_arm_lm4_Timer_Module__state__V                     
20014458  xdc_runtime_SysMin_Module__state__V                                  
20014470  _lock                                                                
20014474  _unlock                                                              
20014478  NIMUDeviceTable                                                      
20014480  gpioCallbackFunctions                                                
20014488  ti_ndk_config_Global_HostName                                        
2001448c  __xdc__init__addr                                                    
200144a8  _ICMPInErrors                                                        
200144ac  _ICMPOutErrors                                                       
200144b0  _IPExecuting                                                         
200144c8  tcp_iss                                                              
200144cc  ptTimeFirst                                                          
200144d8  ti_sysbios_family_arm_m3_Hwi_Module__root__V                         
200144e0  ti_sysbios_gates_GateHwi_Module__root__V                             
200144e8  ti_sysbios_gates_GateMutex_Module__root__V                           
200144f0  ti_sysbios_heaps_HeapMem_Module__root__V                             
200144f8  ti_sysbios_knl_Clock_Module__root__V                                 
20014500  ti_sysbios_knl_Queue_Module__root__V                                 
20014508  ti_sysbios_knl_Semaphore_Module__root__V                             
20014510  ti_sysbios_knl_Swi_Module__root__V                                   
20014518  ti_sysbios_knl_Task_Module__root__V                                  
20014520  xdc_runtime_Registry_Module__state__V                                
20014528  xdc_runtime_Startup_Module__state__V                                 
20014530  xdc_runtime_System_Module_State_0_atexitHandlers__A                  
20014538  xdc_runtime_System_Module__state__V                                  
20014540  macAddress                                                           
20014560  httpErrorResponseHook                                                
20014568  errno                                                                
2001456c  main_func_sp                                                         
20014574  _IPReasmPtr                                                          
20014584  ti_sysbios_family_arm_m3_Hwi_Module_State_0_excContext__A            
20014588  ti_sysbios_family_arm_m3_Hwi_Module_State_0_excStack__A              
2001458c  ti_sysbios_gates_GateHwi_Object__table__V                            
20014590  ti_sysbios_knl_Task_Module_State_0_idleTask__A                       
20014594  xdc_runtime_Memory_Module__state__V                                  
20014598  __stack                                                              
20014d98  __STACK_END                                                          
e000e000  ti_sysbios_family_arm_m3_Hwi_nvic                                    
ffffffff  __TI_pprof_out_hndl                                                  
ffffffff  __TI_prof_data_size                                                  
ffffffff  __TI_prof_data_start                                                 
ffffffff  __binit__                                                            
ffffffff  __c_args__                                                           
ffffffff  binit                                                                
UNDEFED   SHT$$INIT_ARRAY$$Base                                                
UNDEFED   SHT$$INIT_ARRAY$$Limit                                               

[1115 symbols]
