******************************************************************************
                  TI ARM Linker PC v20.2.4                     
******************************************************************************
>> Linked Mon Jan 20 09:55:22 2025

OUTPUT FILE NAME:   <SPIflash_new.out>
ENTRY POINT SYMBOL: "_c_int00_noargs"  address: 00002e45


MEMORY CONFIGURATION

         name            origin    length      used     unused   attr    fill
----------------------  --------  ---------  --------  --------  ----  --------
  FLASH                 00000000   00100000  000034ec  000fcb14  R  X
  SRAM                  20000000   00040000  0000438b  0003bc75  RW X


SEGMENT ALLOCATION MAP

run origin  load origin   length   init length attrs members
----------  ----------- ---------- ----------- ----- -------
00000000    00000000    000034f0   000034f0    r-x
  00000000    00000000    00000208   00000208    r-- .intvecs
  00000208    00000208    00002cdc   00002cdc    r-x .text
  00002ee4    00002ee4    000005c8   000005c8    r-- .const
  000034b0    000034b0    00000040   00000040    r-- .cinit
20000000    20000000    0000438f   00000000    rw-
  20000000    20000000    0000026c   00000000    rw- .vtable
  20000270    20000270    00004100   00000000    rw- .stack
  20004370    20004370    00000019   00000000    rw- .bss
  20004389    20004389    00000006   00000000    rw- .data


SECTION ALLOCATION MAP

 output                                  attributes/
section   page    origin      length       input sections
--------  ----  ----------  ----------   ----------------
.intvecs   0    00000000    00000208     
                  00000000    00000208     tm4c1294ncpdt_startup_ccs.obj (.intvecs)

.text      0    00000208    00002cdc     
                  00000208    00000f80     sysctl.obj (.text)
                  00001188    00000c14     gpio.obj (.text)
                  00001d9c    00000634     SST26VF032B_new.obj (.text)
                  000023d0    000003c0     interrupt.obj (.text)
                  00002790    00000362     ssi.obj (.text)
                  00002af2    00000002     --HOLE-- [fill = 0]
                  00002af4    000001c8     SSI_main_new.obj (.text)
                  00002cbc    0000009c     rtsv7M4_T_le_v4SPD16_eabi.lib : memcpy_t2.asm.obj (.text)
                  00002d58    00000068                                   : copy_decompress_lzss.c.obj (.text:decompress:lzss:__TI_decompress_lzss)
                  00002dc0    00000044                                   : autoinit.c.obj (.text:__TI_auto_init_nobinit_nopinit:__TI_auto_init_nobinit_nopinit)
                  00002e04    0000003e     cpu.obj (.text)
                  00002e42    00000002     --HOLE-- [fill = 0]
                  00002e44    00000034     rtsv7M4_T_le_v4SPD16_eabi.lib : boot_cortex_m.c.obj (.text:_c_int00_noargs:_c_int00_noargs)
                  00002e78    0000001c                                   : copy_zero_init.c.obj (.text:decompress:ZI:__TI_zero_init_nomemset:__TI_zero_init_nomemset)
                  00002e94    00000014                                   : strlen.c.obj (.text:strlen)
                  00002ea8    00000014     SST26VF032B_new.obj (.text:wait)
                  00002ebc    0000000e     rtsv7M4_T_le_v4SPD16_eabi.lib : copy_decompress_none.c.obj (.text:decompress:none:__TI_decompress_none)
                  00002eca    0000000c     tm4c1294ncpdt_startup_ccs.obj (.text)
                  00002ed6    00000006     sysctl.obj (.text:SysCtlDelay)
                  00002edc    00000004     rtsv7M4_T_le_v4SPD16_eabi.lib : pre_init.c.obj (.text:_system_pre_init)
                  00002ee0    00000004                                   : exit.c.obj (.text:abort:abort)

.const     0    00002ee4    000005c8     
                  00002ee4    000001b0     sysctl.obj (.const:g_pppui32XTALtoVCO)
                  00003094    000000d8     gpio.obj (.const:g_ppui32GPIOIntMapSnowflake)
                  0000316c    000000c0     gpio.obj (.const:g_ppui32GPIOIntMapBlizzard)
                  0000322c    0000009c     interrupt.obj (.const:g_pui32Regs)
                  000032c8    00000090     gpio.obj (.const:g_pui32GPIOBaseAddrs)
                  00003358    0000006c     sysctl.obj (.const:g_pui32Xtals)
                  000033c4    00000030     sysctl.obj (.const:g_sXTALtoMEMTIM)
                  000033f4    00000020     ssi.obj (.const:g_ppui32SSIIntMap)
                  00003414    00000020     ssi.obj (.const:g_ppui32SSIIntMapSnowflake)
                  00003434    00000020     interrupt.obj (.const:g_pui32Priority)
                  00003454    00000014     interrupt.obj (.const:g_pui32Dii16Regs)
                  00003468    00000014     interrupt.obj (.const:g_pui32EnRegs)
                  0000347c    00000014     interrupt.obj (.const:g_pui32PendRegs)
                  00003490    00000014     interrupt.obj (.const:g_pui32UnpendRegs)
                  000034a4    00000008     sysctl.obj (.const:g_pui32VCOFrequencies)

.cinit     0    000034b0    00000040     
                  000034b0    0000000c     (__TI_handler_table)
                  000034bc    00000004     --HOLE-- [fill = 0]
                  000034c0    00000008     (.cinit..bss.load) [load image, compression = zero_init]
                  000034c8    00000008     (.cinit..vtable.load) [load image, compression = zero_init]
                  000034d0    00000007     (.cinit..data.load) [load image, compression = lzss]
                  000034d7    00000001     --HOLE-- [fill = 0]
                  000034d8    00000018     (__TI_cinit_table)

.init_array 
*          0    00000000    00000000     UNINITIALIZED

.vtable    0    20000000    0000026c     UNINITIALIZED
                  20000000    0000026c     interrupt.obj (.vtable)

.bss       0    20004370    00000019     UNINITIALIZED
                  20004370    00000014     SSI_main_new.obj (.bss:buffers$2)
                  20004384    00000004     (.common:ui32SysClock)
                  20004388    00000001     SSI_main_new.obj (.bss)

.data      0    20004389    00000006     UNINITIALIZED
                  20004389    00000006     SSI_main_new.obj (.data:flag)

.stack     0    20000270    00004100     UNINITIALIZED
                  20000270    00000004     rtsv7M4_T_le_v4SPD16_eabi.lib : boot_cortex_m.c.obj (.stack)
                  20000274    000040fc     --HOLE--

__llvm_prf_cnts 
*          0    20000000    00000000     UNINITIALIZED

MODULE SUMMARY

       Module                          code    ro data   rw data
       ------                          ----    -------   -------
    .\
       sysctl.obj                      3974    596       0      
       gpio.obj                        3092    552       0      
       interrupt.obj                   960     268       620    
       SST26VF032B_new.obj             1608    0         0      
       ssi.obj                         866     64        0      
       tm4c1294ncpdt_startup_ccs.obj   12      520       0      
       SSI_main_new.obj                456     0         31     
       cpu.obj                         62      0         0      
    +--+-------------------------------+-------+---------+---------+
       Total:                          11030   2000      651    
                                                                
    C:\ti\ccs1031\ccs\tools\compiler\ti-cgt-arm_20.2.4.LTS\lib\rtsv7M4_T_le_v4SPD16_eabi.lib
       memcpy_t2.asm.obj               156     0         0      
       copy_decompress_lzss.c.obj      104     0         0      
       autoinit.c.obj                  68      0         0      
       boot_cortex_m.c.obj             52      0         0      
       copy_zero_init.c.obj            28      0         0      
       strlen.c.obj                    20      0         0      
       copy_decompress_none.c.obj      14      0         0      
       exit.c.obj                      4       0         0      
       pre_init.c.obj                  4       0         0      
    +--+-------------------------------+-------+---------+---------+
       Total:                          450     0         0      
                                                                
       Stack:                          0       0         16640  
       Linker Generated:               0       59        0      
    +--+-------------------------------+-------+---------+---------+
       Grand Total:                    11480   2059      17291  


LINKER GENERATED COPY TABLES

__TI_cinit_table @ 000034d8 records: 3, size/record: 8, table size: 24
	.bss: load addr=000034c0, load size=00000008 bytes, run addr=20004370, run size=00000019 bytes, compression=zero_init
	.vtable: load addr=000034c8, load size=00000008 bytes, run addr=20000000, run size=0000026c bytes, compression=zero_init
	.data: load addr=000034d0, load size=00000007 bytes, run addr=20004389, run size=00000006 bytes, compression=lzss


LINKER GENERATED HANDLER TABLE

__TI_handler_table @ 000034b0 records: 3, size/record: 4, table size: 12
	index: 0, handler: __TI_zero_init
	index: 1, handler: __TI_decompress_lzss
	index: 2, handler: __TI_decompress_none


GLOBAL SYMBOLS: SORTED ALPHABETICALLY BY Name 

address   name                            
-------   ----                            
00002281  BlockErase                      
00002ee1  C$$EXIT                         
00002e39  CPUbasepriGet                   
00002e2b  CPUbasepriSet                   
00002e05  CPUcpsid                        
00002e1b  CPUcpsie                        
00002e11  CPUprimask                      
00002e27  CPUwfi                          
000022db  ChipErase                       
00002af5  Clock_Init                      
00001d4d  GPIOADCTriggerDisable           
00001d2f  GPIOADCTriggerEnable            
00001d11  GPIODMATriggerDisable           
00001cf3  GPIODMATriggerEnable            
00001243  GPIODirModeGet                  
000011e7  GPIODirModeSet                  
000017fd  GPIOIntClear                    
000017c1  GPIOIntDisable                  
0000179d  GPIOIntEnable                   
00001811  GPIOIntRegister                 
00001849  GPIOIntRegisterPin              
000017db  GPIOIntStatus                   
00001333  GPIOIntTypeGet                  
0000128f  GPIOIntTypeSet                  
0000182f  GPIOIntUnregister               
00001877  GPIOIntUnregisterPin            
0000162b  GPIOPadConfigGet                
000013bd  GPIOPadConfigSet                
00001c95  GPIOPinConfigure                
0000189b  GPIOPinRead                     
000018d3  GPIOPinTypeADC                  
000018f7  GPIOPinTypeCAN                  
0000191b  GPIOPinTypeComparator           
0000193f  GPIOPinTypeComparatorOutput     
00001963  GPIOPinTypeDIVSCLK              
00001987  GPIOPinTypeEPI                  
000019ab  GPIOPinTypeEthernetLED          
000019cf  GPIOPinTypeEthernetMII          
000019f3  GPIOPinTypeGPIOInput            
00001a17  GPIOPinTypeGPIOOutput           
00001a41  GPIOPinTypeGPIOOutputOD         
00001a65  GPIOPinTypeHibernateRTCCLK      
00001a89  GPIOPinTypeI2C                  
00001aad  GPIOPinTypeI2CSCL               
00001ad1  GPIOPinTypeLCD                  
00001af5  GPIOPinTypeOneWire              
00001b19  GPIOPinTypePWM                  
00001b3d  GPIOPinTypeQEI                  
00001b61  GPIOPinTypeSSI                  
00001b85  GPIOPinTypeTimer                
00001ba9  GPIOPinTypeTrace                
00001bcd  GPIOPinTypeUART                 
00001bf1  GPIOPinTypeUSBAnalog            
00001c15  GPIOPinTypeUSBDigital           
00001c39  GPIOPinTypeWakeHigh             
00001c5f  GPIOPinTypeWakeLow              
00001c85  GPIOPinWakeStatus               
000018b3  GPIOPinWrite                    
00001d6b  GPIOUnlockPin                   
000021c7  GlobalWriteProtectUnlock        
00002591  IntDisable                      
0000251f  IntEnable                       
00002603  IntIsEnabled                    
000023e3  IntMasterDisable                
000023d3  IntMasterEnable                 
000026f9  IntPendClear                    
00002689  IntPendSet                      
000024fb  IntPriorityGet                  
00002473  IntPriorityGroupingGet          
00002459  IntPriorityGroupingSet          
00002753  IntPriorityMaskGet              
00002747  IntPriorityMaskSet              
000024ab  IntPrioritySet                  
000023f3  IntRegister                     
0000275b  IntTrigger                      
00002445  IntUnregister                   
00002b05  Led_Init                        
000021ed  LockBPR                         
000020bd  PageProgram                     
00001f81  ReadBPR                         
00002083  ReadBurst                       
00001e91  ReadConfig                      
00001ec9  ReadFlash                       
00001ded  ReadJEDECID                     
00001e59  ReadStatus                      
00001fd1  ResetFlash                      
00002ecb  ResetISR                        
00002b17  SPI_Init                        
00002a49  SSIAdvDataPutFrameEnd           
00002a6f  SSIAdvDataPutFrameEndNonBlocking
00002ab1  SSIAdvFrameHoldDisable          
00002a9b  SSIAdvFrameHoldEnable           
00002a17  SSIAdvModeSet                   
000029d5  SSIBusy                         
00002a07  SSIClockSourceGet               
000029f3  SSIClockSourceSet               
000027ef  SSIConfigSetExpClk              
000029bd  SSIDMADisable                   
000029a5  SSIDMAEnable                    
00002967  SSIDataGet                      
00002983  SSIDataGetNonBlocking           
0000292d  SSIDataPut                      
00002947  SSIDataPutNonBlocking           
0000287f  SSIDisable                      
00002869  SSIEnable                       
0000291b  SSIIntClear                     
000028e5  SSIIntDisable                   
000028cd  SSIIntEnable                    
00002895  SSIIntRegister                  
000028fd  SSIIntStatus                    
000028b3  SSIIntUnregister                
00002add  SSILoopbackDisable              
00002ac7  SSILoopbackEnable               
00002213  SectorErase                     
00002021  SetBurst                        
00001145  SysCtlAltClkConfig              
0000086d  SysCtlClockFreqSet              
00000d35  SysCtlClockGet                  
00001129  SysCtlClockOutConfig            
00000b65  SysCtlClockSet                  
00000771  SysCtlDeepSleep                 
00000ef9  SysCtlDeepSleepClockConfigSet   
00000edb  SysCtlDeepSleepClockSet         
00000751  SysCtlDeepSleepPowerSet         
00002ed7  SysCtlDelay                     
000002ff  SysCtlFlashSectorSizeGet        
000002d3  SysCtlFlashSizeGet              
00000fcf  SysCtlGPIOAHBDisable            
00000fb3  SysCtlGPIOAHBEnable             
000006e5  SysCtlIntClear                  
000006cd  SysCtlIntDisable                
000006b9  SysCtlIntEnable                 
00000691  SysCtlIntRegister               
000006f5  SysCtlIntStatus                 
000006a9  SysCtlIntUnregister             
00000737  SysCtlLDODeepSleepGet           
00000727  SysCtlLDODeepSleepSet           
00000721  SysCtlLDOSleepGet               
00000711  SysCtlLDOSleepSet               
000007a7  SysCtlMOSCConfigSet             
0000110d  SysCtlNMIClear                  
000010f9  SysCtlNMIStatus                 
000007bd  SysCtlPIOSCCalibrate            
00000f9d  SysCtlPWMClockGet               
00000f83  SysCtlPWMClockSet               
0000063d  SysCtlPeripheralClockGating     
000005f5  SysCtlPeripheralDeepSleepDisable
000005a5  SysCtlPeripheralDeepSleepEnable 
000004e1  SysCtlPeripheralDisable         
000004a5  SysCtlPeripheralEnable          
000003e1  SysCtlPeripheralPowerOff        
000003a5  SysCtlPeripheralPowerOn         
00000325  SysCtlPeripheralPresent         
00000365  SysCtlPeripheralReady           
0000041d  SysCtlPeripheralReset           
00000569  SysCtlPeripheralSleepDisable    
00000525  SysCtlPeripheralSleepEnable     
00000761  SysCtlReset                     
0000081d  SysCtlResetBehaviorGet          
0000080d  SysCtlResetBehaviorSet          
00000793  SysCtlResetCauseClear           
0000078d  SysCtlResetCauseGet             
000002c9  SysCtlSRAMSizeGet               
00000769  SysCtlSleep                     
0000073d  SysCtlSleepPowerSet             
00000ff7  SysCtlUSBPLLDisable             
00000feb  SysCtlUSBPLLEnable              
0000103d  SysCtlVCOGet                    
00001025  SysCtlVoltageEventClear         
00001009  SysCtlVoltageEventConfig        
00001019  SysCtlVoltageEventStatus        
00002bcb  TEST_MultiByte_WriteRead        
00002b89  TEST_SingleByte_WriteRead       
0000230f  TEST_spi_init                   
0000208f  WriteEnable                     
00002181  WriteStatus                     
20004370  __STACK_END                     
00004100  __STACK_SIZE                    
20000470  __STACK_TOP                     
000034d8  __TI_CINIT_Base                 
000034f0  __TI_CINIT_Limit                
000034b0  __TI_Handler_Table_Base         
000034bc  __TI_Handler_Table_Limit        
00002dc1  __TI_auto_init_nobinit_nopinit  
00002d59  __TI_decompress_lzss            
00002ebd  __TI_decompress_none            
ffffffff  __TI_pprof_out_hndl             
ffffffff  __TI_prof_data_size             
ffffffff  __TI_prof_data_start            
00000000  __TI_static_base__              
00002e79  __TI_zero_init_nomemset         
00002cbd  __aeabi_memcpy                  
00002cbd  __aeabi_memcpy4                 
00002cbd  __aeabi_memcpy8                 
ffffffff  __binit__                       
ffffffff  __c_args__                      
UNDEFED   __mpu_init                      
20000270  __stack                         
20000000  __start___llvm_prf_cnts         
20000000  __stop___llvm_prf_cnts          
00002e45  _c_int00_noargs                 
UNDEFED   _system_post_cinit              
00002edd  _system_pre_init                
00002ee1  abort                           
ffffffff  binit                           
20004389  flag                            
20000000  g_pfnRAMVectors                 
00000000  g_pfnVectors                    
00002bff  main                            
00002cbd  memcpy                          
00001dc3  receive                         
00002377  resume                          
00001d9d  send                            
00002e95  strlen                          
0000232f  suspend                         
20004384  ui32SysClock                    
00002ea9  wait                            


GLOBAL SYMBOLS: SORTED BY Symbol Address 

address   name                            
-------   ----                            
00000000  __TI_static_base__              
00000000  g_pfnVectors                    
000002c9  SysCtlSRAMSizeGet               
000002d3  SysCtlFlashSizeGet              
000002ff  SysCtlFlashSectorSizeGet        
00000325  SysCtlPeripheralPresent         
00000365  SysCtlPeripheralReady           
000003a5  SysCtlPeripheralPowerOn         
000003e1  SysCtlPeripheralPowerOff        
0000041d  SysCtlPeripheralReset           
000004a5  SysCtlPeripheralEnable          
000004e1  SysCtlPeripheralDisable         
00000525  SysCtlPeripheralSleepEnable     
00000569  SysCtlPeripheralSleepDisable    
000005a5  SysCtlPeripheralDeepSleepEnable 
000005f5  SysCtlPeripheralDeepSleepDisable
0000063d  SysCtlPeripheralClockGating     
00000691  SysCtlIntRegister               
000006a9  SysCtlIntUnregister             
000006b9  SysCtlIntEnable                 
000006cd  SysCtlIntDisable                
000006e5  SysCtlIntClear                  
000006f5  SysCtlIntStatus                 
00000711  SysCtlLDOSleepSet               
00000721  SysCtlLDOSleepGet               
00000727  SysCtlLDODeepSleepSet           
00000737  SysCtlLDODeepSleepGet           
0000073d  SysCtlSleepPowerSet             
00000751  SysCtlDeepSleepPowerSet         
00000761  SysCtlReset                     
00000769  SysCtlSleep                     
00000771  SysCtlDeepSleep                 
0000078d  SysCtlResetCauseGet             
00000793  SysCtlResetCauseClear           
000007a7  SysCtlMOSCConfigSet             
000007bd  SysCtlPIOSCCalibrate            
0000080d  SysCtlResetBehaviorSet          
0000081d  SysCtlResetBehaviorGet          
0000086d  SysCtlClockFreqSet              
00000b65  SysCtlClockSet                  
00000d35  SysCtlClockGet                  
00000edb  SysCtlDeepSleepClockSet         
00000ef9  SysCtlDeepSleepClockConfigSet   
00000f83  SysCtlPWMClockSet               
00000f9d  SysCtlPWMClockGet               
00000fb3  SysCtlGPIOAHBEnable             
00000fcf  SysCtlGPIOAHBDisable            
00000feb  SysCtlUSBPLLEnable              
00000ff7  SysCtlUSBPLLDisable             
00001009  SysCtlVoltageEventConfig        
00001019  SysCtlVoltageEventStatus        
00001025  SysCtlVoltageEventClear         
0000103d  SysCtlVCOGet                    
000010f9  SysCtlNMIStatus                 
0000110d  SysCtlNMIClear                  
00001129  SysCtlClockOutConfig            
00001145  SysCtlAltClkConfig              
000011e7  GPIODirModeSet                  
00001243  GPIODirModeGet                  
0000128f  GPIOIntTypeSet                  
00001333  GPIOIntTypeGet                  
000013bd  GPIOPadConfigSet                
0000162b  GPIOPadConfigGet                
0000179d  GPIOIntEnable                   
000017c1  GPIOIntDisable                  
000017db  GPIOIntStatus                   
000017fd  GPIOIntClear                    
00001811  GPIOIntRegister                 
0000182f  GPIOIntUnregister               
00001849  GPIOIntRegisterPin              
00001877  GPIOIntUnregisterPin            
0000189b  GPIOPinRead                     
000018b3  GPIOPinWrite                    
000018d3  GPIOPinTypeADC                  
000018f7  GPIOPinTypeCAN                  
0000191b  GPIOPinTypeComparator           
0000193f  GPIOPinTypeComparatorOutput     
00001963  GPIOPinTypeDIVSCLK              
00001987  GPIOPinTypeEPI                  
000019ab  GPIOPinTypeEthernetLED          
000019cf  GPIOPinTypeEthernetMII          
000019f3  GPIOPinTypeGPIOInput            
00001a17  GPIOPinTypeGPIOOutput           
00001a41  GPIOPinTypeGPIOOutputOD         
00001a65  GPIOPinTypeHibernateRTCCLK      
00001a89  GPIOPinTypeI2C                  
00001aad  GPIOPinTypeI2CSCL               
00001ad1  GPIOPinTypeLCD                  
00001af5  GPIOPinTypeOneWire              
00001b19  GPIOPinTypePWM                  
00001b3d  GPIOPinTypeQEI                  
00001b61  GPIOPinTypeSSI                  
00001b85  GPIOPinTypeTimer                
00001ba9  GPIOPinTypeTrace                
00001bcd  GPIOPinTypeUART                 
00001bf1  GPIOPinTypeUSBAnalog            
00001c15  GPIOPinTypeUSBDigital           
00001c39  GPIOPinTypeWakeHigh             
00001c5f  GPIOPinTypeWakeLow              
00001c85  GPIOPinWakeStatus               
00001c95  GPIOPinConfigure                
00001cf3  GPIODMATriggerEnable            
00001d11  GPIODMATriggerDisable           
00001d2f  GPIOADCTriggerEnable            
00001d4d  GPIOADCTriggerDisable           
00001d6b  GPIOUnlockPin                   
00001d9d  send                            
00001dc3  receive                         
00001ded  ReadJEDECID                     
00001e59  ReadStatus                      
00001e91  ReadConfig                      
00001ec9  ReadFlash                       
00001f81  ReadBPR                         
00001fd1  ResetFlash                      
00002021  SetBurst                        
00002083  ReadBurst                       
0000208f  WriteEnable                     
000020bd  PageProgram                     
00002181  WriteStatus                     
000021c7  GlobalWriteProtectUnlock        
000021ed  LockBPR                         
00002213  SectorErase                     
00002281  BlockErase                      
000022db  ChipErase                       
0000230f  TEST_spi_init                   
0000232f  suspend                         
00002377  resume                          
000023d3  IntMasterEnable                 
000023e3  IntMasterDisable                
000023f3  IntRegister                     
00002445  IntUnregister                   
00002459  IntPriorityGroupingSet          
00002473  IntPriorityGroupingGet          
000024ab  IntPrioritySet                  
000024fb  IntPriorityGet                  
0000251f  IntEnable                       
00002591  IntDisable                      
00002603  IntIsEnabled                    
00002689  IntPendSet                      
000026f9  IntPendClear                    
00002747  IntPriorityMaskSet              
00002753  IntPriorityMaskGet              
0000275b  IntTrigger                      
000027ef  SSIConfigSetExpClk              
00002869  SSIEnable                       
0000287f  SSIDisable                      
00002895  SSIIntRegister                  
000028b3  SSIIntUnregister                
000028cd  SSIIntEnable                    
000028e5  SSIIntDisable                   
000028fd  SSIIntStatus                    
0000291b  SSIIntClear                     
0000292d  SSIDataPut                      
00002947  SSIDataPutNonBlocking           
00002967  SSIDataGet                      
00002983  SSIDataGetNonBlocking           
000029a5  SSIDMAEnable                    
000029bd  SSIDMADisable                   
000029d5  SSIBusy                         
000029f3  SSIClockSourceSet               
00002a07  SSIClockSourceGet               
00002a17  SSIAdvModeSet                   
00002a49  SSIAdvDataPutFrameEnd           
00002a6f  SSIAdvDataPutFrameEndNonBlocking
00002a9b  SSIAdvFrameHoldEnable           
00002ab1  SSIAdvFrameHoldDisable          
00002ac7  SSILoopbackEnable               
00002add  SSILoopbackDisable              
00002af5  Clock_Init                      
00002b05  Led_Init                        
00002b17  SPI_Init                        
00002b89  TEST_SingleByte_WriteRead       
00002bcb  TEST_MultiByte_WriteRead        
00002bff  main                            
00002cbd  __aeabi_memcpy                  
00002cbd  __aeabi_memcpy4                 
00002cbd  __aeabi_memcpy8                 
00002cbd  memcpy                          
00002d59  __TI_decompress_lzss            
00002dc1  __TI_auto_init_nobinit_nopinit  
00002e05  CPUcpsid                        
00002e11  CPUprimask                      
00002e1b  CPUcpsie                        
00002e27  CPUwfi                          
00002e2b  CPUbasepriSet                   
00002e39  CPUbasepriGet                   
00002e45  _c_int00_noargs                 
00002e79  __TI_zero_init_nomemset         
00002e95  strlen                          
00002ea9  wait                            
00002ebd  __TI_decompress_none            
00002ecb  ResetISR                        
00002ed7  SysCtlDelay                     
00002edd  _system_pre_init                
00002ee1  C$$EXIT                         
00002ee1  abort                           
000034b0  __TI_Handler_Table_Base         
000034bc  __TI_Handler_Table_Limit        
000034d8  __TI_CINIT_Base                 
000034f0  __TI_CINIT_Limit                
00004100  __STACK_SIZE                    
20000000  __start___llvm_prf_cnts         
20000000  __stop___llvm_prf_cnts          
20000000  g_pfnRAMVectors                 
20000270  __stack                         
20000470  __STACK_TOP                     
20004370  __STACK_END                     
20004384  ui32SysClock                    
20004389  flag                            
ffffffff  __TI_pprof_out_hndl             
ffffffff  __TI_prof_data_size             
ffffffff  __TI_prof_data_start            
ffffffff  __binit__                       
ffffffff  __c_args__                      
ffffffff  binit                           
UNDEFED   __mpu_init                      
UNDEFED   _system_post_cinit              

[217 symbols]
