******************************************************************************
                  TI ARM Linker PC v20.2.4                     
******************************************************************************
>> Linked Thu Nov 28 15:49:33 2024

OUTPUT FILE NAME:   <CAN.out>
ENTRY POINT SYMBOL: "_c_int00_noargs"  address: 000039fd


MEMORY CONFIGURATION

         name            origin    length      used     unused   attr    fill
----------------------  --------  ---------  --------  --------  ----  --------
  FLASH                 00000000   00100000  000040fc  000fbf04  R  X
  SRAM                  20000000   00040000  00000479  0003fb87  RW X


SEGMENT ALLOCATION MAP

run origin  load origin   length   init length attrs members
----------  ----------- ---------- ----------- ----- -------
00000000    00000000    00004100   00004100    r-x
  00000000    00000000    00000208   00000208    r-- .intvecs
  00000208    00000208    0000386c   0000386c    r-x .text
  00003a74    00003a74    00000658   00000658    r-- .const
  000040d0    000040d0    00000030   00000030    r-- .cinit
20000000    20000000    0000047d   00000000    rw-
  20000000    20000000    0000026c   00000000    rw- .vtable
  20000270    20000270    00000200   00000000    rw- .stack
  20000470    20000470    0000000d   00000000    rw- .data


SECTION ALLOCATION MAP

 output                                  attributes/
section   page    origin      length       input sections
--------  ----  ----------  ----------   ----------------
.intvecs   0    00000000    00000208     
                  00000000    00000208     tm4c1294ncpdt_startup_ccs.obj (.intvecs)

.text      0    00000208    0000386c     
                  00000208    00000f80     sysctl.obj (.text)
                  00001188    00000c14     gpio.obj (.text)
                  00001d9c    00000a28     can.obj (.text)
                  000027c4    0000062e     uart.obj (.text)
                  00002df2    00000002     rtsv7M4_T_le_v4SPD16_eabi.lib : div0.asm.obj (.text)
                  00002df4    000004a8     uartstdio.obj (.text)
                  0000329c    000003c0     interrupt.obj (.text)
                  0000365c    000001d8     can_tx.obj (.text)
                  00003834    0000009c     rtsv7M4_T_le_v4SPD16_eabi.lib : memcpy_t2.asm.obj (.text)
                  000038d0    00000068                                   : copy_decompress_lzss.c.obj (.text:decompress:lzss:__TI_decompress_lzss)
                  00003938    00000044                                   : autoinit.c.obj (.text:__TI_auto_init_nobinit_nopinit:__TI_auto_init_nobinit_nopinit)
                  0000397c    00000040                                   : u_divt2.asm.obj (.text)
                  000039bc    0000003e     cpu.obj (.text)
                  000039fa    00000002     --HOLE-- [fill = 0]
                  000039fc    00000034     rtsv7M4_T_le_v4SPD16_eabi.lib : boot_cortex_m.c.obj (.text:_c_int00_noargs:_c_int00_noargs)
                  00003a30    0000001c                                   : copy_zero_init.c.obj (.text:decompress:ZI:__TI_zero_init_nomemset:__TI_zero_init_nomemset)
                  00003a4c    0000000e                                   : copy_decompress_none.c.obj (.text:decompress:none:__TI_decompress_none)
                  00003a5a    0000000c     tm4c1294ncpdt_startup_ccs.obj (.text)
                  00003a66    00000006     sysctl.obj (.text:SysCtlDelay)
                  00003a6c    00000004     rtsv7M4_T_le_v4SPD16_eabi.lib : pre_init.c.obj (.text:_system_pre_init)
                  00003a70    00000004                                   : exit.c.obj (.text:abort:abort)

.const     0    00003a74    00000658     
                  00003a74    000001b0     sysctl.obj (.const:g_pppui32XTALtoVCO)
                  00003c24    000000d8     gpio.obj (.const:g_ppui32GPIOIntMapSnowflake)
                  00003cfc    000000c0     gpio.obj (.const:g_ppui32GPIOIntMapBlizzard)
                  00003dbc    0000009c     interrupt.obj (.const:g_pui32Regs)
                  00003e58    00000090     gpio.obj (.const:g_pui32GPIOBaseAddrs)
                  00003ee8    0000006c     sysctl.obj (.const:g_pui32Xtals)
                  00003f54    00000040     uart.obj (.const:g_ppui32UARTIntMap)
                  00003f94    00000040     uart.obj (.const:g_ppui32UARTIntMapSnowflake)
                  00003fd4    00000030     sysctl.obj (.const:g_sXTALtoMEMTIM)
                  00004004    00000020     interrupt.obj (.const:g_pui32Priority)
                  00004024    00000020     can.obj (.const:g_ui16CANBitValues)
                  00004044    00000014     interrupt.obj (.const:g_pui32Dii16Regs)
                  00004058    00000014     interrupt.obj (.const:g_pui32EnRegs)
                  0000406c    00000014     interrupt.obj (.const:g_pui32PendRegs)
                  00004080    00000014     interrupt.obj (.const:g_pui32UnpendRegs)
                  00004094    00000012     uartstdio.obj (.const:.string)
                  000040a6    00000002     --HOLE-- [fill = 0]
                  000040a8    0000000c     uartstdio.obj (.const:g_ui32UARTBase)
                  000040b4    0000000c     uartstdio.obj (.const:g_ui32UARTPeriph)
                  000040c0    00000008     sysctl.obj (.const:g_pui32VCOFrequencies)
                  000040c8    00000004     uartstdio.obj (.const)

.cinit     0    000040d0    00000030     
                  000040d0    0000000c     (__TI_handler_table)
                  000040dc    00000004     --HOLE-- [fill = 0]
                  000040e0    00000008     (.cinit..vtable.load) [load image, compression = zero_init]
                  000040e8    00000007     (.cinit..data.load) [load image, compression = lzss]
                  000040ef    00000001     --HOLE-- [fill = 0]
                  000040f0    00000010     (__TI_cinit_table)

.init_array 
*          0    00000000    00000000     UNINITIALIZED

.vtable    0    20000000    0000026c     UNINITIALIZED
                  20000000    0000026c     interrupt.obj (.vtable)

.data      0    20000470    0000000d     UNINITIALIZED
                  20000470    00000005     can_tx.obj (.data)
                  20000475    00000003     --HOLE--
                  20000478    00000005     uartstdio.obj (.data)

.stack     0    20000270    00000200     UNINITIALIZED
                  20000270    00000004     rtsv7M4_T_le_v4SPD16_eabi.lib : boot_cortex_m.c.obj (.stack)
                  20000274    000001fc     --HOLE--

__llvm_prf_cnts 
*          0    20000000    00000000     UNINITIALIZED

MODULE SUMMARY

       Module                          code    ro data   rw data
       ------                          ----    -------   -------
    .\
       tm4c1294ncpdt_startup_ccs.obj   12      520       0      
       can_tx.obj                      472     0         5      
    +--+-------------------------------+-------+---------+---------+
       Total:                          484     520       5      
                                                                
    .\driverlib\
       sysctl.obj                      3974    596       0      
       gpio.obj                        3092    552       0      
       can.obj                         2600    32        0      
       interrupt.obj                   960     268       620    
       uart.obj                        1582    128       0      
       cpu.obj                         62      0         0      
    +--+-------------------------------+-------+---------+---------+
       Total:                          12270   1576      620    
                                                                
    .\utils\
       uartstdio.obj                   1192    46        5      
    +--+-------------------------------+-------+---------+---------+
       Total:                          1192    46        5      
                                                                
    C:\ti\ccs1031\ccs\tools\compiler\ti-cgt-arm_20.2.4.LTS\lib\rtsv7M4_T_le_v4SPD16_eabi.lib
       memcpy_t2.asm.obj               156     0         0      
       copy_decompress_lzss.c.obj      104     0         0      
       autoinit.c.obj                  68      0         0      
       u_divt2.asm.obj                 64      0         0      
       boot_cortex_m.c.obj             52      0         0      
       copy_zero_init.c.obj            28      0         0      
       copy_decompress_none.c.obj      14      0         0      
       exit.c.obj                      4       0         0      
       pre_init.c.obj                  4       0         0      
       div0.asm.obj                    2       0         0      
    +--+-------------------------------+-------+---------+---------+
       Total:                          496     0         0      
                                                                
       Stack:                          0       0         512    
       Linker Generated:               0       43        0      
    +--+-------------------------------+-------+---------+---------+
       Grand Total:                    14442   2185      1142   


LINKER GENERATED COPY TABLES

__TI_cinit_table @ 000040f0 records: 2, size/record: 8, table size: 16
	.vtable: load addr=000040e0, load size=00000008 bytes, run addr=20000000, run size=0000026c bytes, compression=zero_init
	.data: load addr=000040e8, load size=00000007 bytes, run addr=20000470, run size=0000000d bytes, compression=lzss


LINKER GENERATED HANDLER TABLE

__TI_handler_table @ 000040d0 records: 3, size/record: 4, table size: 12
	index: 0, handler: __TI_zero_init
	index: 1, handler: __TI_decompress_lzss
	index: 2, handler: __TI_decompress_none


GLOBAL SYMBOLS: SORTED ALPHABETICALLY BY Name 

address   name                            
-------   ----                            
00003a71  C$$EXIT                         
00001fad  CANBitRateSet                   
00001f45  CANBitTimingGet                 
00002079  CANBitTimingSet                 
00001f31  CANDisable                      
00001f1d  CANEnable                       
000022c3  CANErrCntrGet                   
00001ea1  CANInit                         
000021b5  CANIntClear                     
00002155  CANIntDisable                   
0000213f  CANIntEnable                    
000036a3  CANIntHandler                   
00002107  CANIntRegister                  
0000216b  CANIntStatus                    
00002125  CANIntUnregister                
00002795  CANMessageClear                 
0000258b  CANMessageGet                   
000022f9  CANMessageSet                   
00002221  CANRetryGet                     
000021ef  CANRetrySet                     
0000223d  CANStatusGet                    
000039f1  CPUbasepriGet                   
000039e3  CPUbasepriSet                   
000039bd  CPUcpsid                        
000039d3  CPUcpsie                        
000039c9  CPUprimask                      
000039df  CPUwfi                          
00001d4d  GPIOADCTriggerDisable           
00001d2f  GPIOADCTriggerEnable            
00001d11  GPIODMATriggerDisable           
00001cf3  GPIODMATriggerEnable            
00001243  GPIODirModeGet                  
000011e7  GPIODirModeSet                  
000017fd  GPIOIntClear                    
000017c1  GPIOIntDisable                  
0000179d  GPIOIntEnable                   
00001811  GPIOIntRegister                 
00001849  GPIOIntRegisterPin              
000017db  GPIOIntStatus                   
00001333  GPIOIntTypeGet                  
0000128f  GPIOIntTypeSet                  
0000182f  GPIOIntUnregister               
00001877  GPIOIntUnregisterPin            
0000162b  GPIOPadConfigGet                
000013bd  GPIOPadConfigSet                
00001c95  GPIOPinConfigure                
0000189b  GPIOPinRead                     
000018d3  GPIOPinTypeADC                  
000018f7  GPIOPinTypeCAN                  
0000191b  GPIOPinTypeComparator           
0000193f  GPIOPinTypeComparatorOutput     
00001963  GPIOPinTypeDIVSCLK              
00001987  GPIOPinTypeEPI                  
000019ab  GPIOPinTypeEthernetLED          
000019cf  GPIOPinTypeEthernetMII          
000019f3  GPIOPinTypeGPIOInput            
00001a17  GPIOPinTypeGPIOOutput           
00001a41  GPIOPinTypeGPIOOutputOD         
00001a65  GPIOPinTypeHibernateRTCCLK      
00001a89  GPIOPinTypeI2C                  
00001aad  GPIOPinTypeI2CSCL               
00001ad1  GPIOPinTypeLCD                  
00001af5  GPIOPinTypeOneWire              
00001b19  GPIOPinTypePWM                  
00001b3d  GPIOPinTypeQEI                  
00001b61  GPIOPinTypeSSI                  
00001b85  GPIOPinTypeTimer                
00001ba9  GPIOPinTypeTrace                
00001bcd  GPIOPinTypeUART                 
00001bf1  GPIOPinTypeUSBAnalog            
00001c15  GPIOPinTypeUSBDigital           
00001c39  GPIOPinTypeWakeHigh             
00001c5f  GPIOPinTypeWakeLow              
00001c85  GPIOPinWakeStatus               
000018b3  GPIOPinWrite                    
00001d6b  GPIOUnlockPin                   
0000365d  InitConsole                     
0000345d  IntDisable                      
000033eb  IntEnable                       
000034cf  IntIsEnabled                    
000032af  IntMasterDisable                
0000329f  IntMasterEnable                 
000035c5  IntPendClear                    
00003555  IntPendSet                      
000033c7  IntPriorityGet                  
0000333f  IntPriorityGroupingGet          
00003325  IntPriorityGroupingSet          
0000361f  IntPriorityMaskGet              
00003613  IntPriorityMaskSet              
00003377  IntPrioritySet                  
000032bf  IntRegister                     
00003627  IntTrigger                      
00003311  IntUnregister                   
00003a5b  ResetISR                        
00003699  SimpleDelay                     
00001145  SysCtlAltClkConfig              
0000086d  SysCtlClockFreqSet              
00000d35  SysCtlClockGet                  
00001129  SysCtlClockOutConfig            
00000b65  SysCtlClockSet                  
00000771  SysCtlDeepSleep                 
00000ef9  SysCtlDeepSleepClockConfigSet   
00000edb  SysCtlDeepSleepClockSet         
00000751  SysCtlDeepSleepPowerSet         
00003a67  SysCtlDelay                     
000002ff  SysCtlFlashSectorSizeGet        
000002d3  SysCtlFlashSizeGet              
00000fcf  SysCtlGPIOAHBDisable            
00000fb3  SysCtlGPIOAHBEnable             
000006e5  SysCtlIntClear                  
000006cd  SysCtlIntDisable                
000006b9  SysCtlIntEnable                 
00000691  SysCtlIntRegister               
000006f5  SysCtlIntStatus                 
000006a9  SysCtlIntUnregister             
00000737  SysCtlLDODeepSleepGet           
00000727  SysCtlLDODeepSleepSet           
00000721  SysCtlLDOSleepGet               
00000711  SysCtlLDOSleepSet               
000007a7  SysCtlMOSCConfigSet             
0000110d  SysCtlNMIClear                  
000010f9  SysCtlNMIStatus                 
000007bd  SysCtlPIOSCCalibrate            
00000f9d  SysCtlPWMClockGet               
00000f83  SysCtlPWMClockSet               
0000063d  SysCtlPeripheralClockGating     
000005f5  SysCtlPeripheralDeepSleepDisable
000005a5  SysCtlPeripheralDeepSleepEnable 
000004e1  SysCtlPeripheralDisable         
000004a5  SysCtlPeripheralEnable          
000003e1  SysCtlPeripheralPowerOff        
000003a5  SysCtlPeripheralPowerOn         
00000325  SysCtlPeripheralPresent         
00000365  SysCtlPeripheralReady           
0000041d  SysCtlPeripheralReset           
00000569  SysCtlPeripheralSleepDisable    
00000525  SysCtlPeripheralSleepEnable     
00000761  SysCtlReset                     
0000081d  SysCtlResetBehaviorGet          
0000080d  SysCtlResetBehaviorSet          
00000793  SysCtlResetCauseClear           
0000078d  SysCtlResetCauseGet             
000002c9  SysCtlSRAMSizeGet               
00000769  SysCtlSleep                     
0000073d  SysCtlSleepPowerSet             
00000ff7  SysCtlUSBPLLDisable             
00000feb  SysCtlUSBPLLEnable              
0000103d  SysCtlVCOGet                    
00001025  SysCtlVoltageEventClear         
00001009  SysCtlVoltageEventConfig        
00001019  SysCtlVoltageEventStatus        
00002d95  UART9BitAddrSend                
00002d6f  UART9BitAddrSet                 
00002d59  UART9BitDisable                 
00002d43  UART9BitEnable                  
00002be7  UARTBreakCtl                    
00002c11  UARTBusy                        
00002b8f  UARTCharGet                     
00002b73  UARTCharGetNonBlocking          
00002bc9  UARTCharPut                     
00002ba5  UARTCharPutNonBlocking          
00002b37  UARTCharsAvail                  
00002d33  UARTClockSourceGet              
00002d1f  UARTClockSourceSet              
00002907  UARTConfigGetExpClk             
00002891  UARTConfigSetExpClk             
00002ce5  UARTDMADisable                  
00002ccd  UARTDMAEnable                   
00002977  UARTDisable                     
000029fb  UARTDisableSIR                  
00002953  UARTEnable                      
000029cd  UARTEnableSIR                   
000029b7  UARTFIFODisable                 
000029a1  UARTFIFOEnable                  
00002869  UARTFIFOLevelGet                
00002851  UARTFIFOLevelSet                
00002af7  UARTFlowControlGet              
00002adb  UARTFlowControlSet              
00002cbb  UARTIntClear                    
00002c85  UARTIntDisable                  
00002c6d  UARTIntEnable                   
00002c2f  UARTIntRegister                 
00002c9d  UARTIntStatus                   
00002c4d  UARTIntUnregister               
00002ddd  UARTLoopbackEnable              
00002a91  UARTModemControlClear           
00002ab5  UARTModemControlGet             
00002a59  UARTModemControlSet             
00002ac7  UARTModemStatusGet              
0000283f  UARTParityModeGet               
00002823  UARTParityModeSet               
00002d0f  UARTRxErrorClear                
00002cfd  UARTRxErrorGet                  
00002a43  UARTSmartCardDisable            
00002a11  UARTSmartCardEnable             
00002b55  UARTSpaceAvail                  
00002df5  UARTStdioConfig                 
00002b25  UARTTxIntModeGet                
00002b09  UARTTxIntModeSet                
00002f45  UARTgetc                        
00002e8b  UARTgets                        
00003267  UARTprintf                      
00002f6d  UARTvprintf                     
00002e3b  UARTwrite                       
20000470  __STACK_END                     
00000200  __STACK_SIZE                    
20000470  __STACK_TOP                     
000040f0  __TI_CINIT_Base                 
00004100  __TI_CINIT_Limit                
000040d0  __TI_Handler_Table_Base         
000040dc  __TI_Handler_Table_Limit        
00003939  __TI_auto_init_nobinit_nopinit  
000038d1  __TI_decompress_lzss            
00003a4d  __TI_decompress_none            
ffffffff  __TI_pprof_out_hndl             
ffffffff  __TI_prof_data_size             
ffffffff  __TI_prof_data_start            
00000000  __TI_static_base__              
00003a31  __TI_zero_init_nomemset         
00002df3  __aeabi_idiv0                   
00002df3  __aeabi_ldiv0                   
00003835  __aeabi_memcpy                  
00003835  __aeabi_memcpy4                 
00003835  __aeabi_memcpy8                 
0000397d  __aeabi_uidiv                   
0000397d  __aeabi_uidivmod                
ffffffff  __binit__                       
ffffffff  __c_args__                      
UNDEFED   __mpu_init                      
20000270  __stack                         
20000000  __start___llvm_prf_cnts         
20000000  __stop___llvm_prf_cnts          
000039fd  _c_int00_noargs                 
UNDEFED   _system_post_cinit              
00003a6d  _system_pre_init                
00003a71  abort                           
ffffffff  binit                           
20000474  g_bErrFlag                      
20000000  g_pfnRAMVectors                 
00000000  g_pfnVectors                    
20000470  g_ui32MsgCount                  
000036e9  main                            
00003835  memcpy                          


GLOBAL SYMBOLS: SORTED BY Symbol Address 

address   name                            
-------   ----                            
00000000  __TI_static_base__              
00000000  g_pfnVectors                    
00000200  __STACK_SIZE                    
000002c9  SysCtlSRAMSizeGet               
000002d3  SysCtlFlashSizeGet              
000002ff  SysCtlFlashSectorSizeGet        
00000325  SysCtlPeripheralPresent         
00000365  SysCtlPeripheralReady           
000003a5  SysCtlPeripheralPowerOn         
000003e1  SysCtlPeripheralPowerOff        
0000041d  SysCtlPeripheralReset           
000004a5  SysCtlPeripheralEnable          
000004e1  SysCtlPeripheralDisable         
00000525  SysCtlPeripheralSleepEnable     
00000569  SysCtlPeripheralSleepDisable    
000005a5  SysCtlPeripheralDeepSleepEnable 
000005f5  SysCtlPeripheralDeepSleepDisable
0000063d  SysCtlPeripheralClockGating     
00000691  SysCtlIntRegister               
000006a9  SysCtlIntUnregister             
000006b9  SysCtlIntEnable                 
000006cd  SysCtlIntDisable                
000006e5  SysCtlIntClear                  
000006f5  SysCtlIntStatus                 
00000711  SysCtlLDOSleepSet               
00000721  SysCtlLDOSleepGet               
00000727  SysCtlLDODeepSleepSet           
00000737  SysCtlLDODeepSleepGet           
0000073d  SysCtlSleepPowerSet             
00000751  SysCtlDeepSleepPowerSet         
00000761  SysCtlReset                     
00000769  SysCtlSleep                     
00000771  SysCtlDeepSleep                 
0000078d  SysCtlResetCauseGet             
00000793  SysCtlResetCauseClear           
000007a7  SysCtlMOSCConfigSet             
000007bd  SysCtlPIOSCCalibrate            
0000080d  SysCtlResetBehaviorSet          
0000081d  SysCtlResetBehaviorGet          
0000086d  SysCtlClockFreqSet              
00000b65  SysCtlClockSet                  
00000d35  SysCtlClockGet                  
00000edb  SysCtlDeepSleepClockSet         
00000ef9  SysCtlDeepSleepClockConfigSet   
00000f83  SysCtlPWMClockSet               
00000f9d  SysCtlPWMClockGet               
00000fb3  SysCtlGPIOAHBEnable             
00000fcf  SysCtlGPIOAHBDisable            
00000feb  SysCtlUSBPLLEnable              
00000ff7  SysCtlUSBPLLDisable             
00001009  SysCtlVoltageEventConfig        
00001019  SysCtlVoltageEventStatus        
00001025  SysCtlVoltageEventClear         
0000103d  SysCtlVCOGet                    
000010f9  SysCtlNMIStatus                 
0000110d  SysCtlNMIClear                  
00001129  SysCtlClockOutConfig            
00001145  SysCtlAltClkConfig              
000011e7  GPIODirModeSet                  
00001243  GPIODirModeGet                  
0000128f  GPIOIntTypeSet                  
00001333  GPIOIntTypeGet                  
000013bd  GPIOPadConfigSet                
0000162b  GPIOPadConfigGet                
0000179d  GPIOIntEnable                   
000017c1  GPIOIntDisable                  
000017db  GPIOIntStatus                   
000017fd  GPIOIntClear                    
00001811  GPIOIntRegister                 
0000182f  GPIOIntUnregister               
00001849  GPIOIntRegisterPin              
00001877  GPIOIntUnregisterPin            
0000189b  GPIOPinRead                     
000018b3  GPIOPinWrite                    
000018d3  GPIOPinTypeADC                  
000018f7  GPIOPinTypeCAN                  
0000191b  GPIOPinTypeComparator           
0000193f  GPIOPinTypeComparatorOutput     
00001963  GPIOPinTypeDIVSCLK              
00001987  GPIOPinTypeEPI                  
000019ab  GPIOPinTypeEthernetLED          
000019cf  GPIOPinTypeEthernetMII          
000019f3  GPIOPinTypeGPIOInput            
00001a17  GPIOPinTypeGPIOOutput           
00001a41  GPIOPinTypeGPIOOutputOD         
00001a65  GPIOPinTypeHibernateRTCCLK      
00001a89  GPIOPinTypeI2C                  
00001aad  GPIOPinTypeI2CSCL               
00001ad1  GPIOPinTypeLCD                  
00001af5  GPIOPinTypeOneWire              
00001b19  GPIOPinTypePWM                  
00001b3d  GPIOPinTypeQEI                  
00001b61  GPIOPinTypeSSI                  
00001b85  GPIOPinTypeTimer                
00001ba9  GPIOPinTypeTrace                
00001bcd  GPIOPinTypeUART                 
00001bf1  GPIOPinTypeUSBAnalog            
00001c15  GPIOPinTypeUSBDigital           
00001c39  GPIOPinTypeWakeHigh             
00001c5f  GPIOPinTypeWakeLow              
00001c85  GPIOPinWakeStatus               
00001c95  GPIOPinConfigure                
00001cf3  GPIODMATriggerEnable            
00001d11  GPIODMATriggerDisable           
00001d2f  GPIOADCTriggerEnable            
00001d4d  GPIOADCTriggerDisable           
00001d6b  GPIOUnlockPin                   
00001ea1  CANInit                         
00001f1d  CANEnable                       
00001f31  CANDisable                      
00001f45  CANBitTimingGet                 
00001fad  CANBitRateSet                   
00002079  CANBitTimingSet                 
00002107  CANIntRegister                  
00002125  CANIntUnregister                
0000213f  CANIntEnable                    
00002155  CANIntDisable                   
0000216b  CANIntStatus                    
000021b5  CANIntClear                     
000021ef  CANRetrySet                     
00002221  CANRetryGet                     
0000223d  CANStatusGet                    
000022c3  CANErrCntrGet                   
000022f9  CANMessageSet                   
0000258b  CANMessageGet                   
00002795  CANMessageClear                 
00002823  UARTParityModeSet               
0000283f  UARTParityModeGet               
00002851  UARTFIFOLevelSet                
00002869  UARTFIFOLevelGet                
00002891  UARTConfigSetExpClk             
00002907  UARTConfigGetExpClk             
00002953  UARTEnable                      
00002977  UARTDisable                     
000029a1  UARTFIFOEnable                  
000029b7  UARTFIFODisable                 
000029cd  UARTEnableSIR                   
000029fb  UARTDisableSIR                  
00002a11  UARTSmartCardEnable             
00002a43  UARTSmartCardDisable            
00002a59  UARTModemControlSet             
00002a91  UARTModemControlClear           
00002ab5  UARTModemControlGet             
00002ac7  UARTModemStatusGet              
00002adb  UARTFlowControlSet              
00002af7  UARTFlowControlGet              
00002b09  UARTTxIntModeSet                
00002b25  UARTTxIntModeGet                
00002b37  UARTCharsAvail                  
00002b55  UARTSpaceAvail                  
00002b73  UARTCharGetNonBlocking          
00002b8f  UARTCharGet                     
00002ba5  UARTCharPutNonBlocking          
00002bc9  UARTCharPut                     
00002be7  UARTBreakCtl                    
00002c11  UARTBusy                        
00002c2f  UARTIntRegister                 
00002c4d  UARTIntUnregister               
00002c6d  UARTIntEnable                   
00002c85  UARTIntDisable                  
00002c9d  UARTIntStatus                   
00002cbb  UARTIntClear                    
00002ccd  UARTDMAEnable                   
00002ce5  UARTDMADisable                  
00002cfd  UARTRxErrorGet                  
00002d0f  UARTRxErrorClear                
00002d1f  UARTClockSourceSet              
00002d33  UARTClockSourceGet              
00002d43  UART9BitEnable                  
00002d59  UART9BitDisable                 
00002d6f  UART9BitAddrSet                 
00002d95  UART9BitAddrSend                
00002ddd  UARTLoopbackEnable              
00002df3  __aeabi_idiv0                   
00002df3  __aeabi_ldiv0                   
00002df5  UARTStdioConfig                 
00002e3b  UARTwrite                       
00002e8b  UARTgets                        
00002f45  UARTgetc                        
00002f6d  UARTvprintf                     
00003267  UARTprintf                      
0000329f  IntMasterEnable                 
000032af  IntMasterDisable                
000032bf  IntRegister                     
00003311  IntUnregister                   
00003325  IntPriorityGroupingSet          
0000333f  IntPriorityGroupingGet          
00003377  IntPrioritySet                  
000033c7  IntPriorityGet                  
000033eb  IntEnable                       
0000345d  IntDisable                      
000034cf  IntIsEnabled                    
00003555  IntPendSet                      
000035c5  IntPendClear                    
00003613  IntPriorityMaskSet              
0000361f  IntPriorityMaskGet              
00003627  IntTrigger                      
0000365d  InitConsole                     
00003699  SimpleDelay                     
000036a3  CANIntHandler                   
000036e9  main                            
00003835  __aeabi_memcpy                  
00003835  __aeabi_memcpy4                 
00003835  __aeabi_memcpy8                 
00003835  memcpy                          
000038d1  __TI_decompress_lzss            
00003939  __TI_auto_init_nobinit_nopinit  
0000397d  __aeabi_uidiv                   
0000397d  __aeabi_uidivmod                
000039bd  CPUcpsid                        
000039c9  CPUprimask                      
000039d3  CPUcpsie                        
000039df  CPUwfi                          
000039e3  CPUbasepriSet                   
000039f1  CPUbasepriGet                   
000039fd  _c_int00_noargs                 
00003a31  __TI_zero_init_nomemset         
00003a4d  __TI_decompress_none            
00003a5b  ResetISR                        
00003a67  SysCtlDelay                     
00003a6d  _system_pre_init                
00003a71  C$$EXIT                         
00003a71  abort                           
000040d0  __TI_Handler_Table_Base         
000040dc  __TI_Handler_Table_Limit        
000040f0  __TI_CINIT_Base                 
00004100  __TI_CINIT_Limit                
20000000  __start___llvm_prf_cnts         
20000000  __stop___llvm_prf_cnts          
20000000  g_pfnRAMVectors                 
20000270  __stack                         
20000470  __STACK_END                     
20000470  __STACK_TOP                     
20000470  g_ui32MsgCount                  
20000474  g_bErrFlag                      
ffffffff  __TI_pprof_out_hndl             
ffffffff  __TI_prof_data_size             
ffffffff  __TI_prof_data_start            
ffffffff  __binit__                       
ffffffff  __c_args__                      
ffffffff  binit                           
UNDEFED   __mpu_init                      
UNDEFED   _system_post_cinit              

[243 symbols]
